post_art	Set up job	Ôªø2026-02-21T15:52:22.3040702Z Current runner version: '2.331.0'
post_art	Set up job	2026-02-21T15:52:22.3064561Z ##[group]Runner Image Provisioner
post_art	Set up job	2026-02-21T15:52:22.3065453Z Hosted Compute Agent
post_art	Set up job	2026-02-21T15:52:22.3066199Z Version: 20260123.484
post_art	Set up job	2026-02-21T15:52:22.3066881Z Commit: 6bd6555ca37d84114959e1c76d2c01448ff61c5d
post_art	Set up job	2026-02-21T15:52:22.3067686Z Build Date: 2026-01-23T19:41:17Z
post_art	Set up job	2026-02-21T15:52:22.3068529Z Worker ID: {8d1fb6a4-2ea6-4b00-9f9c-0774de17c39b}
post_art	Set up job	2026-02-21T15:52:22.3069275Z Azure Region: westus3
post_art	Set up job	2026-02-21T15:52:22.3069947Z ##[endgroup]
post_art	Set up job	2026-02-21T15:52:22.3071716Z ##[group]Operating System
post_art	Set up job	2026-02-21T15:52:22.3072535Z Ubuntu
post_art	Set up job	2026-02-21T15:52:22.3073082Z 24.04.3
post_art	Set up job	2026-02-21T15:52:22.3073688Z LTS
post_art	Set up job	2026-02-21T15:52:22.3074308Z ##[endgroup]
post_art	Set up job	2026-02-21T15:52:22.3074887Z ##[group]Runner Image
post_art	Set up job	2026-02-21T15:52:22.3075634Z Image: ubuntu-24.04
post_art	Set up job	2026-02-21T15:52:22.3076232Z Version: 20260201.15.1
post_art	Set up job	2026-02-21T15:52:22.3077370Z Included Software: https://github.com/actions/runner-images/blob/ubuntu24/20260201.15/images/ubuntu/Ubuntu2404-Readme.md
post_art	Set up job	2026-02-21T15:52:22.3079118Z Image Release: https://github.com/actions/runner-images/releases/tag/ubuntu24%2F20260201.15
post_art	Set up job	2026-02-21T15:52:22.3080255Z ##[endgroup]
post_art	Set up job	2026-02-21T15:52:22.3082019Z ##[group]GITHUB_TOKEN Permissions
post_art	Set up job	2026-02-21T15:52:22.3084150Z Contents: read
post_art	Set up job	2026-02-21T15:52:22.3084862Z Metadata: read
post_art	Set up job	2026-02-21T15:52:22.3085511Z Packages: read
post_art	Set up job	2026-02-21T15:52:22.3086083Z ##[endgroup]
post_art	Set up job	2026-02-21T15:52:22.3088309Z Secret source: Actions
post_art	Set up job	2026-02-21T15:52:22.3089191Z Prepare workflow directory
post_art	Set up job	2026-02-21T15:52:22.3411954Z Prepare all required actions
post_art	Set up job	2026-02-21T15:52:22.3450492Z Getting action download info
post_art	Set up job	2026-02-21T15:52:22.7487813Z Download action repository 'actions/checkout@v3' (SHA:f43a0e5ff2bd294095638e18286ca9a3d1956744)
post_art	Set up job	2026-02-21T15:52:22.8631400Z Download action repository 'actions/setup-python@v4' (SHA:7f4fc3e22c37d6ff65e88745f38bd3157c663f7c)
post_art	Set up job	2026-02-21T15:52:23.0447088Z Complete job name: post_art
post_art	Checkout code	Ôªø2026-02-21T15:52:23.1145673Z ##[group]Run actions/checkout@v3
post_art	Checkout code	2026-02-21T15:52:23.1146583Z with:
post_art	Checkout code	2026-02-21T15:52:23.1147135Z   repository: ksahis0900-dot/friendlee-ai-art-bot
post_art	Checkout code	2026-02-21T15:52:23.1147922Z   token: ***
post_art	Checkout code	2026-02-21T15:52:23.1148369Z   ssh-strict: true
post_art	Checkout code	2026-02-21T15:52:23.1148862Z   persist-credentials: true
post_art	Checkout code	2026-02-21T15:52:23.1149369Z   clean: true
post_art	Checkout code	2026-02-21T15:52:23.1149824Z   sparse-checkout-cone-mode: true
post_art	Checkout code	2026-02-21T15:52:23.1150376Z   fetch-depth: 1
post_art	Checkout code	2026-02-21T15:52:23.1150828Z   fetch-tags: false
post_art	Checkout code	2026-02-21T15:52:23.1151437Z   lfs: false
post_art	Checkout code	2026-02-21T15:52:23.1151874Z   submodules: false
post_art	Checkout code	2026-02-21T15:52:23.1152333Z   set-safe-directory: true
post_art	Checkout code	2026-02-21T15:52:23.1153094Z ##[endgroup]
post_art	Checkout code	2026-02-21T15:52:23.1998277Z Syncing repository: ksahis0900-dot/friendlee-ai-art-bot
post_art	Checkout code	2026-02-21T15:52:23.2000179Z ##[group]Getting Git version info
post_art	Checkout code	2026-02-21T15:52:23.2001075Z Working directory is '/home/runner/work/friendlee-ai-art-bot/friendlee-ai-art-bot'
post_art	Checkout code	2026-02-21T15:52:23.2002551Z [command]/usr/bin/git version
post_art	Checkout code	2026-02-21T15:52:23.2089077Z git version 2.52.0
post_art	Checkout code	2026-02-21T15:52:23.2116046Z ##[endgroup]
post_art	Checkout code	2026-02-21T15:52:23.2129938Z Temporarily overriding HOME='/home/runner/work/_temp/9cef2485-72f3-4cc6-82ae-ad366890e1ec' before making global git config changes
post_art	Checkout code	2026-02-21T15:52:23.2131613Z Adding repository directory to the temporary git global config as a safe directory
post_art	Checkout code	2026-02-21T15:52:23.2133592Z [command]/usr/bin/git config --global --add safe.directory /home/runner/work/friendlee-ai-art-bot/friendlee-ai-art-bot
post_art	Checkout code	2026-02-21T15:52:23.2175199Z Deleting the contents of '/home/runner/work/friendlee-ai-art-bot/friendlee-ai-art-bot'
post_art	Checkout code	2026-02-21T15:52:23.2178634Z ##[group]Initializing the repository
post_art	Checkout code	2026-02-21T15:52:23.2182234Z [command]/usr/bin/git init /home/runner/work/friendlee-ai-art-bot/friendlee-ai-art-bot
post_art	Checkout code	2026-02-21T15:52:23.2285935Z hint: Using 'master' as the name for the initial branch. This default branch name
post_art	Checkout code	2026-02-21T15:52:23.2287063Z hint: will change to "main" in Git 3.0. To configure the initial branch name
post_art	Checkout code	2026-02-21T15:52:23.2288125Z hint: to use in all of your new repositories, which will suppress this warning,
post_art	Checkout code	2026-02-21T15:52:23.2289176Z hint: call:
post_art	Checkout code	2026-02-21T15:52:23.2289615Z hint:
post_art	Checkout code	2026-02-21T15:52:23.2290212Z hint: 	git config --global init.defaultBranch <name>
post_art	Checkout code	2026-02-21T15:52:23.2291376Z hint:
post_art	Checkout code	2026-02-21T15:52:23.2292295Z hint: Names commonly chosen instead of 'master' are 'main', 'trunk' and
post_art	Checkout code	2026-02-21T15:52:23.2293342Z hint: 'development'. The just-created branch can be renamed via this command:
post_art	Checkout code	2026-02-21T15:52:23.2294161Z hint:
post_art	Checkout code	2026-02-21T15:52:23.2294616Z hint: 	git branch -m <name>
post_art	Checkout code	2026-02-21T15:52:23.2295153Z hint:
post_art	Checkout code	2026-02-21T15:52:23.2295861Z hint: Disable this message with "git config set advice.defaultBranchName false"
post_art	Checkout code	2026-02-21T15:52:23.2297652Z Initialized empty Git repository in /home/runner/work/friendlee-ai-art-bot/friendlee-ai-art-bot/.git/
post_art	Checkout code	2026-02-21T15:52:23.2300088Z [command]/usr/bin/git remote add origin https://github.com/ksahis0900-dot/friendlee-ai-art-bot
post_art	Checkout code	2026-02-21T15:52:23.2330838Z ##[endgroup]
post_art	Checkout code	2026-02-21T15:52:23.2331994Z ##[group]Disabling automatic garbage collection
post_art	Checkout code	2026-02-21T15:52:23.2333608Z [command]/usr/bin/git config --local gc.auto 0
post_art	Checkout code	2026-02-21T15:52:23.2359024Z ##[endgroup]
post_art	Checkout code	2026-02-21T15:52:23.2359797Z ##[group]Setting up auth
post_art	Checkout code	2026-02-21T15:52:23.2364180Z [command]/usr/bin/git config --local --name-only --get-regexp core\.sshCommand
post_art	Checkout code	2026-02-21T15:52:23.2389670Z [command]/usr/bin/git submodule foreach --recursive sh -c "git config --local --name-only --get-regexp 'core\.sshCommand' && git config --local --unset-all 'core.sshCommand' || :"
post_art	Checkout code	2026-02-21T15:52:23.2737583Z [command]/usr/bin/git config --local --name-only --get-regexp http\.https\:\/\/github\.com\/\.extraheader
post_art	Checkout code	2026-02-21T15:52:23.2769112Z [command]/usr/bin/git submodule foreach --recursive sh -c "git config --local --name-only --get-regexp 'http\.https\:\/\/github\.com\/\.extraheader' && git config --local --unset-all 'http.https://github.com/.extraheader' || :"
post_art	Checkout code	2026-02-21T15:52:23.2996265Z [command]/usr/bin/git config --local http.https://github.com/.extraheader AUTHORIZATION: basic ***
post_art	Checkout code	2026-02-21T15:52:23.3028515Z ##[endgroup]
post_art	Checkout code	2026-02-21T15:52:23.3029939Z ##[group]Fetching the repository
post_art	Checkout code	2026-02-21T15:52:23.3038647Z [command]/usr/bin/git -c protocol.version=2 fetch --no-tags --prune --progress --no-recurse-submodules --depth=1 origin +e1206f9e8d7942f753c685ae6db865436cbd09ac:refs/remotes/origin/master
post_art	Checkout code	2026-02-21T15:52:23.6506109Z remote: Enumerating objects: 17, done.        
post_art	Checkout code	2026-02-21T15:52:23.6507840Z remote: Counting objects:   5% (1/17)        
post_art	Checkout code	2026-02-21T15:52:23.6509349Z remote: Counting objects:  11% (2/17)        
post_art	Checkout code	2026-02-21T15:52:23.6510491Z remote: Counting objects:  17% (3/17)        
post_art	Checkout code	2026-02-21T15:52:23.6511819Z remote: Counting objects:  23% (4/17)        
post_art	Checkout code	2026-02-21T15:52:23.6512760Z remote: Counting objects:  29% (5/17)        
post_art	Checkout code	2026-02-21T15:52:23.6513657Z remote: Counting objects:  35% (6/17)        
post_art	Checkout code	2026-02-21T15:52:23.6514543Z remote: Counting objects:  41% (7/17)        
post_art	Checkout code	2026-02-21T15:52:23.6515420Z remote: Counting objects:  47% (8/17)        
post_art	Checkout code	2026-02-21T15:52:23.6516334Z remote: Counting objects:  52% (9/17)        
post_art	Checkout code	2026-02-21T15:52:23.6517252Z remote: Counting objects:  58% (10/17)        
post_art	Checkout code	2026-02-21T15:52:23.6518160Z remote: Counting objects:  64% (11/17)        
post_art	Checkout code	2026-02-21T15:52:23.6519057Z remote: Counting objects:  70% (12/17)        
post_art	Checkout code	2026-02-21T15:52:23.6519773Z remote: Counting objects:  76% (13/17)        
post_art	Checkout code	2026-02-21T15:52:23.6520488Z remote: Counting objects:  82% (14/17)        
post_art	Checkout code	2026-02-21T15:52:23.6521419Z remote: Counting objects:  88% (15/17)        
post_art	Checkout code	2026-02-21T15:52:23.6522160Z remote: Counting objects:  94% (16/17)        
post_art	Checkout code	2026-02-21T15:52:23.6522869Z remote: Counting objects: 100% (17/17)        
post_art	Checkout code	2026-02-21T15:52:23.6523616Z remote: Counting objects: 100% (17/17), done.        
post_art	Checkout code	2026-02-21T15:52:23.6524402Z remote: Compressing objects:  10% (1/10)        
post_art	Checkout code	2026-02-21T15:52:23.6525091Z remote: Compressing objects:  20% (2/10)        
post_art	Checkout code	2026-02-21T15:52:23.6525754Z remote: Compressing objects:  30% (3/10)        
post_art	Checkout code	2026-02-21T15:52:23.6526441Z remote: Compressing objects:  40% (4/10)        
post_art	Checkout code	2026-02-21T15:52:23.6527394Z remote: Compressing objects:  50% (5/10)        
post_art	Checkout code	2026-02-21T15:52:23.6528052Z remote: Compressing objects:  60% (6/10)        
post_art	Checkout code	2026-02-21T15:52:23.6528717Z remote: Compressing objects:  70% (7/10)        
post_art	Checkout code	2026-02-21T15:52:23.6529366Z remote: Compressing objects:  80% (8/10)        
post_art	Checkout code	2026-02-21T15:52:23.6530035Z remote: Compressing objects:  90% (9/10)        
post_art	Checkout code	2026-02-21T15:52:23.6530707Z remote: Compressing objects: 100% (10/10)        
post_art	Checkout code	2026-02-21T15:52:23.6531660Z remote: Compressing objects: 100% (10/10), done.        
post_art	Checkout code	2026-02-21T15:52:23.7606425Z remote: Total 17 (delta 5), reused 13 (delta 4), pack-reused 0 (from 0)        
post_art	Checkout code	2026-02-21T15:52:23.7705737Z From https://github.com/ksahis0900-dot/friendlee-ai-art-bot
post_art	Checkout code	2026-02-21T15:52:23.7706919Z  * [new ref]         e1206f9e8d7942f753c685ae6db865436cbd09ac -> origin/master
post_art	Checkout code	2026-02-21T15:52:23.7738126Z ##[endgroup]
post_art	Checkout code	2026-02-21T15:52:23.7738917Z ##[group]Determining the checkout info
post_art	Checkout code	2026-02-21T15:52:23.7740529Z ##[endgroup]
post_art	Checkout code	2026-02-21T15:52:23.7741634Z ##[group]Checking out the ref
post_art	Checkout code	2026-02-21T15:52:23.7746150Z [command]/usr/bin/git checkout --progress --force -B master refs/remotes/origin/master
post_art	Checkout code	2026-02-21T15:52:23.7815366Z Reset branch 'master'
post_art	Checkout code	2026-02-21T15:52:23.7818825Z branch 'master' set up to track 'origin/master'.
post_art	Checkout code	2026-02-21T15:52:23.7825067Z ##[endgroup]
post_art	Checkout code	2026-02-21T15:52:23.7856701Z [command]/usr/bin/git log -1 --format='%H'
post_art	Checkout code	2026-02-21T15:52:23.7877431Z 'e1206f9e8d7942f753c685ae6db865436cbd09ac'
post_art	Set up Python	Ôªø2026-02-21T15:52:23.8109374Z ##[group]Run actions/setup-python@v4
post_art	Set up Python	2026-02-21T15:52:23.8109990Z with:
post_art	Set up Python	2026-02-21T15:52:23.8110412Z   python-version: 3.9
post_art	Set up Python	2026-02-21T15:52:23.8110891Z   check-latest: false
post_art	Set up Python	2026-02-21T15:52:23.8111785Z   token: ***
post_art	Set up Python	2026-02-21T15:52:23.8112244Z   update-environment: true
post_art	Set up Python	2026-02-21T15:52:23.8112766Z   allow-prereleases: false
post_art	Set up Python	2026-02-21T15:52:23.8113283Z ##[endgroup]
post_art	Set up Python	2026-02-21T15:52:23.9772774Z ##[group]Installed versions
post_art	Set up Python	2026-02-21T15:52:23.9879921Z Version 3.9 was not found in the local cache
post_art	Set up Python	2026-02-21T15:52:24.8855209Z Version 3.9 is available for downloading
post_art	Set up Python	2026-02-21T15:52:24.8856473Z Download from "https://github.com/actions/python-versions/releases/download/3.9.25-19039189640/python-3.9.25-linux-24.04-x64.tar.gz"
post_art	Set up Python	2026-02-21T15:52:25.6323894Z Extract downloaded archive
post_art	Set up Python	2026-02-21T15:52:25.6432790Z [command]/usr/bin/tar xz --warning=no-unknown-keyword -C /home/runner/work/_temp/cf956cd7-f448-41d4-99b6-c9b73460d307 -f /home/runner/work/_temp/a438aa7a-b97b-40b0-be86-db1df6dc7469
post_art	Set up Python	2026-02-21T15:52:27.0167801Z Execute installation script
post_art	Set up Python	2026-02-21T15:52:27.0261528Z Check if Python hostedtoolcache folder exist...
post_art	Set up Python	2026-02-21T15:52:27.0262451Z Create Python 3.9.25 folder
post_art	Set up Python	2026-02-21T15:52:27.0276274Z Copy Python binaries to hostedtoolcache folder
post_art	Set up Python	2026-02-21T15:52:27.5228052Z Create additional symlinks (Required for the UsePythonVersion Azure Pipelines task and the setup-python GitHub Action)
post_art	Set up Python	2026-02-21T15:52:27.5269322Z Upgrading pip...
post_art	Set up Python	2026-02-21T15:52:29.8127784Z Looking in links: /tmp/tmptl0jdvw0
post_art	Set up Python	2026-02-21T15:52:29.8132018Z Requirement already satisfied: setuptools in /opt/hostedtoolcache/Python/3.9.25/x64/lib/python3.9/site-packages (79.0.1)
post_art	Set up Python	2026-02-21T15:52:29.8137912Z Requirement already satisfied: pip in /opt/hostedtoolcache/Python/3.9.25/x64/lib/python3.9/site-packages (23.0.1)
post_art	Set up Python	2026-02-21T15:52:31.2367676Z Collecting pip
post_art	Set up Python	2026-02-21T15:52:31.2985071Z Downloading pip-26.0.1-py3-none-any.whl (1.8 MB)
post_art	Set up Python	2026-02-21T15:52:31.3532957Z ‚îÅ‚îÅ‚îÅ‚îÅ‚îÅ‚îÅ‚îÅ‚îÅ‚îÅ‚îÅ‚îÅ‚îÅ‚îÅ‚îÅ‚îÅ‚îÅ‚îÅ‚îÅ‚îÅ‚îÅ‚îÅ‚îÅ‚îÅ‚îÅ‚îÅ‚îÅ‚îÅ‚îÅ‚îÅ‚îÅ‚îÅ‚îÅ‚îÅ‚îÅ‚îÅ‚îÅ‚îÅ‚îÅ‚îÅ‚îÅ 1.8/1.8 MB 34.4 MB/s eta 0:00:00
post_art	Set up Python	2026-02-21T15:52:31.3535170Z 
post_art	Set up Python	2026-02-21T15:52:31.4125047Z Installing collected packages: pip
post_art	Set up Python	2026-02-21T15:52:31.4127141Z Attempting uninstall: pip
post_art	Set up Python	2026-02-21T15:52:31.4133721Z Found existing installation: pip 23.0.1
post_art	Set up Python	2026-02-21T15:52:31.5895688Z Uninstalling pip-23.0.1:
post_art	Set up Python	2026-02-21T15:52:31.5965263Z Successfully uninstalled pip-23.0.1
post_art	Set up Python	2026-02-21T15:52:32.4157623Z Successfully installed pip-26.0.1
post_art	Set up Python	2026-02-21T15:52:32.4652179Z Create complete file
post_art	Set up Python	2026-02-21T15:52:32.4693693Z Successfully set up CPython (3.9.25)
post_art	Set up Python	2026-02-21T15:52:32.4694941Z ##[endgroup]
post_art	Install dependencies	Ôªø2026-02-21T15:52:32.4837518Z ##[group]Run pip install -r requirements.txt
post_art	Install dependencies	2026-02-21T15:52:32.4837997Z [36;1mpip install -r requirements.txt[0m
post_art	Install dependencies	2026-02-21T15:52:32.4875755Z shell: /usr/bin/bash -e {0}
post_art	Install dependencies	2026-02-21T15:52:32.4876075Z env:
post_art	Install dependencies	2026-02-21T15:52:32.4876391Z   pythonLocation: /opt/hostedtoolcache/Python/3.9.25/x64
post_art	Install dependencies	2026-02-21T15:52:32.4876878Z   PKG_CONFIG_PATH: /opt/hostedtoolcache/Python/3.9.25/x64/lib/pkgconfig
post_art	Install dependencies	2026-02-21T15:52:32.4877323Z   Python_ROOT_DIR: /opt/hostedtoolcache/Python/3.9.25/x64
post_art	Install dependencies	2026-02-21T15:52:32.4877710Z   Python2_ROOT_DIR: /opt/hostedtoolcache/Python/3.9.25/x64
post_art	Install dependencies	2026-02-21T15:52:32.4878088Z   Python3_ROOT_DIR: /opt/hostedtoolcache/Python/3.9.25/x64
post_art	Install dependencies	2026-02-21T15:52:32.4878475Z   LD_LIBRARY_PATH: /opt/hostedtoolcache/Python/3.9.25/x64/lib
post_art	Install dependencies	2026-02-21T15:52:32.4878805Z ##[endgroup]
post_art	Install dependencies	2026-02-21T15:52:32.9072446Z Collecting pyTelegramBotAPI (from -r requirements.txt (line 1))
post_art	Install dependencies	2026-02-21T15:52:32.9606817Z   Downloading pytelegrambotapi-4.31.0-py3-none-any.whl.metadata (48 kB)
post_art	Install dependencies	2026-02-21T15:52:33.0138373Z Collecting requests (from -r requirements.txt (line 2))
post_art	Install dependencies	2026-02-21T15:52:33.0246041Z   Downloading requests-2.32.5-py3-none-any.whl.metadata (4.9 kB)
post_art	Install dependencies	2026-02-21T15:52:33.2613436Z Collecting Pillow (from -r requirements.txt (line 3))
post_art	Install dependencies	2026-02-21T15:52:33.2723092Z   Downloading pillow-11.3.0-cp39-cp39-manylinux_2_27_x86_64.manylinux_2_28_x86_64.whl.metadata (9.0 kB)
post_art	Install dependencies	2026-02-21T15:52:33.2967513Z Collecting google-generativeai (from -r requirements.txt (line 4))
post_art	Install dependencies	2026-02-21T15:52:33.3079618Z   Downloading google_generativeai-0.8.6-py3-none-any.whl.metadata (3.9 kB)
post_art	Install dependencies	2026-02-21T15:52:33.3309899Z Collecting feedparser (from -r requirements.txt (line 5))
post_art	Install dependencies	2026-02-21T15:52:33.3414236Z   Downloading feedparser-6.0.12-py3-none-any.whl.metadata (2.7 kB)
post_art	Install dependencies	2026-02-21T15:52:33.4418895Z Collecting charset_normalizer<4,>=2 (from requests->-r requirements.txt (line 2))
post_art	Install dependencies	2026-02-21T15:52:33.4532525Z   Downloading charset_normalizer-3.4.4-cp39-cp39-manylinux2014_x86_64.manylinux_2_17_x86_64.manylinux_2_28_x86_64.whl.metadata (37 kB)
post_art	Install dependencies	2026-02-21T15:52:33.4768422Z Collecting idna<4,>=2.5 (from requests->-r requirements.txt (line 2))
post_art	Install dependencies	2026-02-21T15:52:33.4873850Z   Downloading idna-3.11-py3-none-any.whl.metadata (8.4 kB)
post_art	Install dependencies	2026-02-21T15:52:33.5215217Z Collecting urllib3<3,>=1.21.1 (from requests->-r requirements.txt (line 2))
post_art	Install dependencies	2026-02-21T15:52:33.5320287Z   Downloading urllib3-2.6.3-py3-none-any.whl.metadata (6.9 kB)
post_art	Install dependencies	2026-02-21T15:52:33.5606815Z Collecting certifi>=2017.4.17 (from requests->-r requirements.txt (line 2))
post_art	Install dependencies	2026-02-21T15:52:33.5712418Z   Downloading certifi-2026.1.4-py3-none-any.whl.metadata (2.5 kB)
post_art	Install dependencies	2026-02-21T15:52:33.5934479Z Collecting google-ai-generativelanguage==0.6.15 (from google-generativeai->-r requirements.txt (line 4))
post_art	Install dependencies	2026-02-21T15:52:33.6042793Z   Downloading google_ai_generativelanguage-0.6.15-py3-none-any.whl.metadata (5.7 kB)
post_art	Install dependencies	2026-02-21T15:52:33.6484513Z Collecting google-api-core (from google-generativeai->-r requirements.txt (line 4))
post_art	Install dependencies	2026-02-21T15:52:33.6589598Z   Downloading google_api_core-2.30.0-py3-none-any.whl.metadata (3.1 kB)
post_art	Install dependencies	2026-02-21T15:52:33.7300435Z Collecting google-api-python-client (from google-generativeai->-r requirements.txt (line 4))
post_art	Install dependencies	2026-02-21T15:52:33.7408215Z   Downloading google_api_python_client-2.190.0-py3-none-any.whl.metadata (7.0 kB)
post_art	Install dependencies	2026-02-21T15:52:33.7850588Z Collecting google-auth>=2.15.0 (from google-generativeai->-r requirements.txt (line 4))
post_art	Install dependencies	2026-02-21T15:52:33.7958294Z   Downloading google_auth-2.48.0-py3-none-any.whl.metadata (6.2 kB)
post_art	Install dependencies	2026-02-21T15:52:34.0135278Z Collecting protobuf (from google-generativeai->-r requirements.txt (line 4))
post_art	Install dependencies	2026-02-21T15:52:34.0244582Z   Downloading protobuf-6.33.5-cp39-abi3-manylinux2014_x86_64.whl.metadata (593 bytes)
post_art	Install dependencies	2026-02-21T15:52:34.1711552Z Collecting pydantic (from google-generativeai->-r requirements.txt (line 4))
post_art	Install dependencies	2026-02-21T15:52:34.1819215Z   Downloading pydantic-2.12.5-py3-none-any.whl.metadata (90 kB)
post_art	Install dependencies	2026-02-21T15:52:34.2310482Z Collecting tqdm (from google-generativeai->-r requirements.txt (line 4))
post_art	Install dependencies	2026-02-21T15:52:34.2417086Z   Downloading tqdm-4.67.3-py3-none-any.whl.metadata (57 kB)
post_art	Install dependencies	2026-02-21T15:52:34.2722052Z Collecting typing-extensions (from google-generativeai->-r requirements.txt (line 4))
post_art	Install dependencies	2026-02-21T15:52:34.2829042Z   Downloading typing_extensions-4.15.0-py3-none-any.whl.metadata (3.3 kB)
post_art	Install dependencies	2026-02-21T15:52:34.3586133Z Collecting google-auth>=2.15.0 (from google-generativeai->-r requirements.txt (line 4))
post_art	Install dependencies	2026-02-21T15:52:34.3695327Z   Downloading google_auth-2.49.0.dev0-py3-none-any.whl.metadata (6.0 kB)
post_art	Install dependencies	2026-02-21T15:52:34.4023945Z Collecting proto-plus<2.0.0dev,>=1.22.3 (from google-ai-generativelanguage==0.6.15->google-generativeai->-r requirements.txt (line 4))
post_art	Install dependencies	2026-02-21T15:52:34.4129301Z   Downloading proto_plus-1.27.1-py3-none-any.whl.metadata (2.2 kB)
post_art	Install dependencies	2026-02-21T15:52:34.4552040Z Collecting protobuf (from google-generativeai->-r requirements.txt (line 4))
post_art	Install dependencies	2026-02-21T15:52:34.4658725Z   Downloading protobuf-5.29.6-cp38-abi3-manylinux2014_x86_64.whl.metadata (592 bytes)
post_art	Install dependencies	2026-02-21T15:52:34.4927034Z Collecting googleapis-common-protos<2.0.0,>=1.56.3 (from google-api-core->google-generativeai->-r requirements.txt (line 4))
post_art	Install dependencies	2026-02-21T15:52:34.5035072Z   Downloading googleapis_common_protos-1.72.0-py3-none-any.whl.metadata (9.4 kB)
post_art	Install dependencies	2026-02-21T15:52:35.2540898Z Collecting grpcio<2.0.0,>=1.33.2 (from google-api-core[grpc]!=2.0.*,!=2.1.*,!=2.10.*,!=2.2.*,!=2.3.*,!=2.4.*,!=2.5.*,!=2.6.*,!=2.7.*,!=2.8.*,!=2.9.*,<3.0.0dev,>=1.34.1->google-ai-generativelanguage==0.6.15->google-generativeai->-r requirements.txt (line 4))
post_art	Install dependencies	2026-02-21T15:52:35.2662133Z   Downloading grpcio-1.78.1-cp39-cp39-manylinux2014_x86_64.manylinux_2_17_x86_64.whl.metadata (3.8 kB)
post_art	Install dependencies	2026-02-21T15:52:35.4343802Z Collecting grpcio-status<2.0.0,>=1.33.2 (from google-api-core[grpc]!=2.0.*,!=2.1.*,!=2.10.*,!=2.2.*,!=2.3.*,!=2.4.*,!=2.5.*,!=2.6.*,!=2.7.*,!=2.8.*,!=2.9.*,<3.0.0dev,>=1.34.1->google-ai-generativelanguage==0.6.15->google-generativeai->-r requirements.txt (line 4))
post_art	Install dependencies	2026-02-21T15:52:35.4449661Z   Downloading grpcio_status-1.78.1-py3-none-any.whl.metadata (1.3 kB)
post_art	Install dependencies	2026-02-21T15:52:35.5340567Z Collecting pyasn1-modules>=0.2.1 (from google-auth>=2.15.0->google-generativeai->-r requirements.txt (line 4))
post_art	Install dependencies	2026-02-21T15:52:35.5448498Z   Downloading pyasn1_modules-0.4.2-py3-none-any.whl.metadata (3.5 kB)
post_art	Install dependencies	2026-02-21T15:52:35.8204540Z Collecting cryptography>=38.0.3 (from google-auth>=2.15.0->google-generativeai->-r requirements.txt (line 4))
post_art	Install dependencies	2026-02-21T15:52:35.8316191Z   Downloading cryptography-46.0.5-cp38-abi3-manylinux_2_34_x86_64.whl.metadata (5.7 kB)
post_art	Install dependencies	2026-02-21T15:52:35.8743895Z INFO: pip is looking at multiple versions of grpcio-status to determine which version is compatible with other requirements. This could take a while.
post_art	Install dependencies	2026-02-21T15:52:35.8750776Z Collecting grpcio-status<2.0.0,>=1.33.2 (from google-api-core[grpc]!=2.0.*,!=2.1.*,!=2.10.*,!=2.2.*,!=2.3.*,!=2.4.*,!=2.5.*,!=2.6.*,!=2.7.*,!=2.8.*,!=2.9.*,<3.0.0dev,>=1.34.1->google-ai-generativelanguage==0.6.15->google-generativeai->-r requirements.txt (line 4))
post_art	Install dependencies	2026-02-21T15:52:35.8861335Z   Downloading grpcio_status-1.78.0-py3-none-any.whl.metadata (1.3 kB)
post_art	Install dependencies	2026-02-21T15:52:35.9082209Z   Downloading grpcio_status-1.76.0-py3-none-any.whl.metadata (1.1 kB)
post_art	Install dependencies	2026-02-21T15:52:35.9220819Z   Downloading grpcio_status-1.75.1-py3-none-any.whl.metadata (1.1 kB)
post_art	Install dependencies	2026-02-21T15:52:35.9360905Z   Downloading grpcio_status-1.75.0-py3-none-any.whl.metadata (1.1 kB)
post_art	Install dependencies	2026-02-21T15:52:35.9498646Z   Downloading grpcio_status-1.74.0-py3-none-any.whl.metadata (1.1 kB)
post_art	Install dependencies	2026-02-21T15:52:35.9637734Z   Downloading grpcio_status-1.73.1-py3-none-any.whl.metadata (1.1 kB)
post_art	Install dependencies	2026-02-21T15:52:36.0076514Z   Downloading grpcio_status-1.73.0-py3-none-any.whl.metadata (1.1 kB)
post_art	Install dependencies	2026-02-21T15:52:36.0110392Z INFO: pip is still looking at multiple versions of grpcio-status to determine which version is compatible with other requirements. This could take a while.
post_art	Install dependencies	2026-02-21T15:52:36.0217403Z   Downloading grpcio_status-1.72.2-py3-none-any.whl.metadata (1.1 kB)
post_art	Install dependencies	2026-02-21T15:52:36.0355574Z   Downloading grpcio_status-1.72.1-py3-none-any.whl.metadata (1.1 kB)
post_art	Install dependencies	2026-02-21T15:52:36.0493687Z   Downloading grpcio_status-1.71.2-py3-none-any.whl.metadata (1.1 kB)
post_art	Install dependencies	2026-02-21T15:52:36.1463574Z Collecting sgmllib3k (from feedparser->-r requirements.txt (line 5))
post_art	Install dependencies	2026-02-21T15:52:36.1568071Z   Downloading sgmllib3k-1.0.0.tar.gz (5.8 kB)
post_art	Install dependencies	2026-02-21T15:52:36.1647502Z   Installing build dependencies: started
post_art	Install dependencies	2026-02-21T15:52:36.9722404Z   Installing build dependencies: finished with status 'done'
post_art	Install dependencies	2026-02-21T15:52:36.9731634Z   Getting requirements to build wheel: started
post_art	Install dependencies	2026-02-21T15:52:37.3057693Z   Getting requirements to build wheel: finished with status 'done'
post_art	Install dependencies	2026-02-21T15:52:37.3070466Z   Preparing metadata (pyproject.toml): started
post_art	Install dependencies	2026-02-21T15:52:37.4808291Z   Preparing metadata (pyproject.toml): finished with status 'done'
post_art	Install dependencies	2026-02-21T15:52:37.6111837Z Collecting cffi>=2.0.0 (from cryptography>=38.0.3->google-auth>=2.15.0->google-generativeai->-r requirements.txt (line 4))
post_art	Install dependencies	2026-02-21T15:52:37.6221792Z   Downloading cffi-2.0.0-cp39-cp39-manylinux2014_x86_64.manylinux_2_17_x86_64.whl.metadata (2.6 kB)
post_art	Install dependencies	2026-02-21T15:52:37.6436950Z Collecting pycparser (from cffi>=2.0.0->cryptography>=38.0.3->google-auth>=2.15.0->google-generativeai->-r requirements.txt (line 4))
post_art	Install dependencies	2026-02-21T15:52:37.6540491Z   Downloading pycparser-2.23-py3-none-any.whl.metadata (993 bytes)
post_art	Install dependencies	2026-02-21T15:52:37.6855016Z Collecting pyasn1<0.7.0,>=0.6.1 (from pyasn1-modules>=0.2.1->google-auth>=2.15.0->google-generativeai->-r requirements.txt (line 4))
post_art	Install dependencies	2026-02-21T15:52:37.6962002Z   Downloading pyasn1-0.6.2-py3-none-any.whl.metadata (8.4 kB)
post_art	Install dependencies	2026-02-21T15:52:37.7190930Z Collecting httplib2<1.0.0,>=0.19.0 (from google-api-python-client->google-generativeai->-r requirements.txt (line 4))
post_art	Install dependencies	2026-02-21T15:52:37.7295870Z   Downloading httplib2-0.31.2-py3-none-any.whl.metadata (2.2 kB)
post_art	Install dependencies	2026-02-21T15:52:37.7622320Z Collecting google-auth-httplib2<1.0.0,>=0.2.0 (from google-api-python-client->google-generativeai->-r requirements.txt (line 4))
post_art	Install dependencies	2026-02-21T15:52:37.7735020Z   Downloading google_auth_httplib2-0.3.0-py3-none-any.whl.metadata (3.1 kB)
post_art	Install dependencies	2026-02-21T15:52:37.7920878Z Collecting uritemplate<5,>=3.0.1 (from google-api-python-client->google-generativeai->-r requirements.txt (line 4))
post_art	Install dependencies	2026-02-21T15:52:37.8027817Z   Downloading uritemplate-4.2.0-py3-none-any.whl.metadata (2.6 kB)
post_art	Install dependencies	2026-02-21T15:52:37.8379982Z Collecting pyparsing<4,>=3.1 (from httplib2<1.0.0,>=0.19.0->google-api-python-client->google-generativeai->-r requirements.txt (line 4))
post_art	Install dependencies	2026-02-21T15:52:37.8484710Z   Downloading pyparsing-3.3.2-py3-none-any.whl.metadata (5.8 kB)
post_art	Install dependencies	2026-02-21T15:52:37.8682218Z Collecting annotated-types>=0.6.0 (from pydantic->google-generativeai->-r requirements.txt (line 4))
post_art	Install dependencies	2026-02-21T15:52:37.8788897Z   Downloading annotated_types-0.7.0-py3-none-any.whl.metadata (15 kB)
post_art	Install dependencies	2026-02-21T15:52:38.7778243Z Collecting pydantic-core==2.41.5 (from pydantic->google-generativeai->-r requirements.txt (line 4))
post_art	Install dependencies	2026-02-21T15:52:38.7898682Z   Downloading pydantic_core-2.41.5-cp39-cp39-manylinux_2_17_x86_64.manylinux2014_x86_64.whl.metadata (7.3 kB)
post_art	Install dependencies	2026-02-21T15:52:38.8093618Z Collecting typing-inspection>=0.4.2 (from pydantic->google-generativeai->-r requirements.txt (line 4))
post_art	Install dependencies	2026-02-21T15:52:38.8202901Z   Downloading typing_inspection-0.4.2-py3-none-any.whl.metadata (2.6 kB)
post_art	Install dependencies	2026-02-21T15:52:38.8394640Z Downloading pytelegrambotapi-4.31.0-py3-none-any.whl (304 kB)
post_art	Install dependencies	2026-02-21T15:52:38.8619638Z Downloading requests-2.32.5-py3-none-any.whl (64 kB)
post_art	Install dependencies	2026-02-21T15:52:38.8747861Z Downloading charset_normalizer-3.4.4-cp39-cp39-manylinux2014_x86_64.manylinux_2_17_x86_64.manylinux_2_28_x86_64.whl (153 kB)
post_art	Install dependencies	2026-02-21T15:52:38.8883701Z Downloading idna-3.11-py3-none-any.whl (71 kB)
post_art	Install dependencies	2026-02-21T15:52:38.9012419Z Downloading urllib3-2.6.3-py3-none-any.whl (131 kB)
post_art	Install dependencies	2026-02-21T15:52:38.9143046Z Downloading pillow-11.3.0-cp39-cp39-manylinux_2_27_x86_64.manylinux_2_28_x86_64.whl (6.6 MB)
post_art	Install dependencies	2026-02-21T15:52:38.9704619Z    ‚îÅ‚îÅ‚îÅ‚îÅ‚îÅ‚îÅ‚îÅ‚îÅ‚îÅ‚îÅ‚îÅ‚îÅ‚îÅ‚îÅ‚îÅ‚îÅ‚îÅ‚îÅ‚îÅ‚îÅ‚îÅ‚îÅ‚îÅ‚îÅ‚îÅ‚îÅ‚îÅ‚îÅ‚îÅ‚îÅ‚îÅ‚îÅ‚îÅ‚îÅ‚îÅ‚îÅ‚îÅ‚îÅ‚îÅ‚îÅ 6.6/6.6 MB 122.0 MB/s  0:00:00
post_art	Install dependencies	2026-02-21T15:52:38.9818848Z Downloading google_generativeai-0.8.6-py3-none-any.whl (155 kB)
post_art	Install dependencies	2026-02-21T15:52:38.9952594Z Downloading google_ai_generativelanguage-0.6.15-py3-none-any.whl (1.3 MB)
post_art	Install dependencies	2026-02-21T15:52:39.0068756Z    ‚îÅ‚îÅ‚îÅ‚îÅ‚îÅ‚îÅ‚îÅ‚îÅ‚îÅ‚îÅ‚îÅ‚îÅ‚îÅ‚îÅ‚îÅ‚îÅ‚îÅ‚îÅ‚îÅ‚îÅ‚îÅ‚îÅ‚îÅ‚îÅ‚îÅ‚îÅ‚îÅ‚îÅ‚îÅ‚îÅ‚îÅ‚îÅ‚îÅ‚îÅ‚îÅ‚îÅ‚îÅ‚îÅ‚îÅ‚îÅ 1.3/1.3 MB 125.3 MB/s  0:00:00
post_art	Install dependencies	2026-02-21T15:52:39.0175848Z Downloading google_api_core-2.30.0-py3-none-any.whl (173 kB)
post_art	Install dependencies	2026-02-21T15:52:39.0319197Z Downloading google_auth-2.49.0.dev0-py3-none-any.whl (236 kB)
post_art	Install dependencies	2026-02-21T15:52:39.0456441Z Downloading googleapis_common_protos-1.72.0-py3-none-any.whl (297 kB)
post_art	Install dependencies	2026-02-21T15:52:39.0625775Z Downloading grpcio-1.78.1-cp39-cp39-manylinux2014_x86_64.manylinux_2_17_x86_64.whl (6.7 MB)
post_art	Install dependencies	2026-02-21T15:52:39.0948493Z    ‚îÅ‚îÅ‚îÅ‚îÅ‚îÅ‚îÅ‚îÅ‚îÅ‚îÅ‚îÅ‚îÅ‚îÅ‚îÅ‚îÅ‚îÅ‚îÅ‚îÅ‚îÅ‚îÅ‚îÅ‚îÅ‚îÅ‚îÅ‚îÅ‚îÅ‚îÅ‚îÅ‚îÅ‚îÅ‚îÅ‚îÅ‚îÅ‚îÅ‚îÅ‚îÅ‚îÅ‚îÅ‚îÅ‚îÅ‚îÅ 6.7/6.7 MB 218.6 MB/s  0:00:00
post_art	Install dependencies	2026-02-21T15:52:39.1055869Z Downloading grpcio_status-1.71.2-py3-none-any.whl (14 kB)
post_art	Install dependencies	2026-02-21T15:52:39.1181461Z Downloading proto_plus-1.27.1-py3-none-any.whl (50 kB)
post_art	Install dependencies	2026-02-21T15:52:39.1310864Z Downloading protobuf-5.29.6-cp38-abi3-manylinux2014_x86_64.whl (320 kB)
post_art	Install dependencies	2026-02-21T15:52:39.1548313Z Downloading typing_extensions-4.15.0-py3-none-any.whl (44 kB)
post_art	Install dependencies	2026-02-21T15:52:39.1675866Z Downloading feedparser-6.0.12-py3-none-any.whl (81 kB)
post_art	Install dependencies	2026-02-21T15:52:39.1805716Z Downloading certifi-2026.1.4-py3-none-any.whl (152 kB)
post_art	Install dependencies	2026-02-21T15:52:39.1937903Z Downloading cryptography-46.0.5-cp38-abi3-manylinux_2_34_x86_64.whl (4.5 MB)
post_art	Install dependencies	2026-02-21T15:52:39.2148554Z    ‚îÅ‚îÅ‚îÅ‚îÅ‚îÅ‚îÅ‚îÅ‚îÅ‚îÅ‚îÅ‚îÅ‚îÅ‚îÅ‚îÅ‚îÅ‚îÅ‚îÅ‚îÅ‚îÅ‚îÅ‚îÅ‚îÅ‚îÅ‚îÅ‚îÅ‚îÅ‚îÅ‚îÅ‚îÅ‚îÅ‚îÅ‚îÅ‚îÅ‚îÅ‚îÅ‚îÅ‚îÅ‚îÅ‚îÅ‚îÅ 4.5/4.5 MB 226.1 MB/s  0:00:00
post_art	Install dependencies	2026-02-21T15:52:39.2254899Z Downloading cffi-2.0.0-cp39-cp39-manylinux2014_x86_64.manylinux_2_17_x86_64.whl (216 kB)
post_art	Install dependencies	2026-02-21T15:52:39.2393567Z Downloading pyasn1_modules-0.4.2-py3-none-any.whl (181 kB)
post_art	Install dependencies	2026-02-21T15:52:39.2524979Z Downloading pyasn1-0.6.2-py3-none-any.whl (83 kB)
post_art	Install dependencies	2026-02-21T15:52:39.2653530Z Downloading google_api_python_client-2.190.0-py3-none-any.whl (14.7 MB)
post_art	Install dependencies	2026-02-21T15:52:39.3250275Z    ‚îÅ‚îÅ‚îÅ‚îÅ‚îÅ‚îÅ‚îÅ‚îÅ‚îÅ‚îÅ‚îÅ‚îÅ‚îÅ‚îÅ‚îÅ‚îÅ‚îÅ‚îÅ‚îÅ‚îÅ‚îÅ‚îÅ‚îÅ‚îÅ‚îÅ‚îÅ‚îÅ‚îÅ‚îÅ‚îÅ‚îÅ‚îÅ‚îÅ‚îÅ‚îÅ‚îÅ‚îÅ‚îÅ‚îÅ‚îÅ 14.7/14.7 MB 253.8 MB/s  0:00:00
post_art	Install dependencies	2026-02-21T15:52:39.3358457Z Downloading google_auth_httplib2-0.3.0-py3-none-any.whl (9.5 kB)
post_art	Install dependencies	2026-02-21T15:52:39.3484575Z Downloading httplib2-0.31.2-py3-none-any.whl (91 kB)
post_art	Install dependencies	2026-02-21T15:52:39.3620355Z Downloading pyparsing-3.3.2-py3-none-any.whl (122 kB)
post_art	Install dependencies	2026-02-21T15:52:39.3749276Z Downloading uritemplate-4.2.0-py3-none-any.whl (11 kB)
post_art	Install dependencies	2026-02-21T15:52:39.3875453Z Downloading pycparser-2.23-py3-none-any.whl (118 kB)
post_art	Install dependencies	2026-02-21T15:52:39.4004448Z Downloading pydantic-2.12.5-py3-none-any.whl (463 kB)
post_art	Install dependencies	2026-02-21T15:52:39.4151982Z Downloading pydantic_core-2.41.5-cp39-cp39-manylinux_2_17_x86_64.manylinux2014_x86_64.whl (2.1 MB)
post_art	Install dependencies	2026-02-21T15:52:39.4271545Z    ‚îÅ‚îÅ‚îÅ‚îÅ‚îÅ‚îÅ‚îÅ‚îÅ‚îÅ‚îÅ‚îÅ‚îÅ‚îÅ‚îÅ‚îÅ‚îÅ‚îÅ‚îÅ‚îÅ‚îÅ‚îÅ‚îÅ‚îÅ‚îÅ‚îÅ‚îÅ‚îÅ‚îÅ‚îÅ‚îÅ‚îÅ‚îÅ‚îÅ‚îÅ‚îÅ‚îÅ‚îÅ‚îÅ‚îÅ‚îÅ 2.1/2.1 MB 196.2 MB/s  0:00:00
post_art	Install dependencies	2026-02-21T15:52:39.4377172Z Downloading annotated_types-0.7.0-py3-none-any.whl (13 kB)
post_art	Install dependencies	2026-02-21T15:52:39.4503405Z Downloading typing_inspection-0.4.2-py3-none-any.whl (14 kB)
post_art	Install dependencies	2026-02-21T15:52:39.4629069Z Downloading tqdm-4.67.3-py3-none-any.whl (78 kB)
post_art	Install dependencies	2026-02-21T15:52:39.5268616Z Building wheels for collected packages: sgmllib3k
post_art	Install dependencies	2026-02-21T15:52:39.5278001Z   Building wheel for sgmllib3k (pyproject.toml): started
post_art	Install dependencies	2026-02-21T15:52:39.7320670Z   Building wheel for sgmllib3k (pyproject.toml): finished with status 'done'
post_art	Install dependencies	2026-02-21T15:52:39.7328763Z   Created wheel for sgmllib3k: filename=sgmllib3k-1.0.0-py3-none-any.whl size=6091 sha256=dd6639397e1cd0e6b7b22d553d25fde57adbe6b361a1e5589e27df431659be71
post_art	Install dependencies	2026-02-21T15:52:39.7330418Z   Stored in directory: /home/runner/.cache/pip/wheels/65/7a/a7/78c287f64e401255dff4c13fdbc672fed5efbfd21c530114e1
post_art	Install dependencies	2026-02-21T15:52:39.7348927Z Successfully built sgmllib3k
post_art	Install dependencies	2026-02-21T15:52:39.8124371Z Installing collected packages: sgmllib3k, urllib3, uritemplate, typing-extensions, tqdm, pyparsing, pycparser, pyasn1, protobuf, Pillow, idna, feedparser, charset_normalizer, certifi, annotated-types, typing-inspection, requests, pydantic-core, pyasn1-modules, proto-plus, httplib2, grpcio, googleapis-common-protos, cffi, pyTelegramBotAPI, pydantic, grpcio-status, cryptography, google-auth, google-auth-httplib2, google-api-core, google-api-python-client, google-ai-generativelanguage, google-generativeai
post_art	Install dependencies	2026-02-21T15:52:43.0955754Z 
post_art	Install dependencies	2026-02-21T15:52:43.1015531Z Successfully installed Pillow-11.3.0 annotated-types-0.7.0 certifi-2026.1.4 cffi-2.0.0 charset_normalizer-3.4.4 cryptography-46.0.5 feedparser-6.0.12 google-ai-generativelanguage-0.6.15 google-api-core-2.30.0 google-api-python-client-2.190.0 google-auth-2.49.0.dev0 google-auth-httplib2-0.3.0 google-generativeai-0.8.6 googleapis-common-protos-1.72.0 grpcio-1.78.1 grpcio-status-1.71.2 httplib2-0.31.2 idna-3.11 proto-plus-1.27.1 protobuf-5.29.6 pyTelegramBotAPI-4.31.0 pyasn1-0.6.2 pyasn1-modules-0.4.2 pycparser-2.23 pydantic-2.12.5 pydantic-core-2.41.5 pyparsing-3.3.2 requests-2.32.5 sgmllib3k-1.0.0 tqdm-4.67.3 typing-extensions-4.15.0 typing-inspection-0.4.2 uritemplate-4.2.0 urllib3-2.6.3
post_art	List files	Ôªø2026-02-21T15:52:43.6192893Z ##[group]Run ls -la
post_art	List files	2026-02-21T15:52:43.6193179Z [36;1mls -la[0m
post_art	List files	2026-02-21T15:52:43.6227046Z shell: /usr/bin/bash -e {0}
post_art	List files	2026-02-21T15:52:43.6227330Z env:
post_art	List files	2026-02-21T15:52:43.6227605Z   pythonLocation: /opt/hostedtoolcache/Python/3.9.25/x64
post_art	List files	2026-02-21T15:52:43.6228058Z   PKG_CONFIG_PATH: /opt/hostedtoolcache/Python/3.9.25/x64/lib/pkgconfig
post_art	List files	2026-02-21T15:52:43.6228497Z   Python_ROOT_DIR: /opt/hostedtoolcache/Python/3.9.25/x64
post_art	List files	2026-02-21T15:52:43.6228909Z   Python2_ROOT_DIR: /opt/hostedtoolcache/Python/3.9.25/x64
post_art	List files	2026-02-21T15:52:43.6229324Z   Python3_ROOT_DIR: /opt/hostedtoolcache/Python/3.9.25/x64
post_art	List files	2026-02-21T15:52:43.6229710Z   LD_LIBRARY_PATH: /opt/hostedtoolcache/Python/3.9.25/x64/lib
post_art	List files	2026-02-21T15:52:43.6230039Z ##[endgroup]
post_art	List files	2026-02-21T15:52:43.6298032Z total 464
post_art	List files	2026-02-21T15:52:43.6298506Z drwxr-xr-x 4 runner runner  4096 Feb 21 15:52 .
post_art	List files	2026-02-21T15:52:43.6299101Z drwxr-xr-x 3 runner runner  4096 Feb 21 15:52 ..
post_art	List files	2026-02-21T15:52:43.6299575Z drwxr-xr-x 7 runner runner  4096 Feb 21 15:52 .git
post_art	List files	2026-02-21T15:52:43.6299970Z drwxr-xr-x 3 runner runner  4096 Feb 21 15:52 .github
post_art	List files	2026-02-21T15:52:43.6300385Z -rw-r--r-- 1 runner runner 38980 Feb 21 15:52 Roadmap_RUS.docx
post_art	List files	2026-02-21T15:52:43.6300822Z -rw-r--r-- 1 runner runner 47712 Feb 21 15:52 debug_log.txt
post_art	List files	2026-02-21T15:52:43.6301682Z -rw-r--r-- 1 runner runner 46797 Feb 21 15:52 error_log.txt
post_art	List files	2026-02-21T15:52:43.6302386Z -rw-r--r-- 1 runner runner 48234 Feb 21 15:52 final_debug.log
post_art	List files	2026-02-21T15:52:43.6303042Z -rw-r--r-- 1 runner runner 46797 Feb 21 15:52 full_error.log
post_art	List files	2026-02-21T15:52:43.6303444Z -rw-r--r-- 1 runner runner     0 Feb 21 15:52 full_log.txt
post_art	List files	2026-02-21T15:52:43.6303856Z -rw-r--r-- 1 runner runner  1636 Feb 21 15:52 gen_docx.py
post_art	List files	2026-02-21T15:52:43.6304230Z -rw-r--r-- 1 runner runner  2210 Feb 21 15:52 gen_pdf.py
post_art	List files	2026-02-21T15:52:43.6304584Z -rw-r--r-- 1 runner runner 42500 Feb 21 15:52 main.py
post_art	List files	2026-02-21T15:52:43.6304957Z -rw-r--r-- 1 runner runner    64 Feb 21 15:52 requirements.txt
post_art	List files	2026-02-21T15:52:43.6305338Z -rw-r--r-- 1 runner runner 47713 Feb 21 15:52 run_log.txt
post_art	List files	2026-02-21T15:52:43.6305723Z -rw-r--r-- 1 runner runner 57490 Feb 21 15:52 video2_result.log
post_art	List files	2026-02-21T15:52:43.6306123Z -rw-r--r-- 1 runner runner 51298 Feb 21 15:52 video_result.log
post_art	Run Art Bot	Ôªø2026-02-21T15:52:43.6358393Z ##[group]Run if [ "art" == "video" ]; then
post_art	Run Art Bot	2026-02-21T15:52:43.6358759Z [36;1mif [ "art" == "video" ]; then[0m
post_art	Run Art Bot	2026-02-21T15:52:43.6359145Z [36;1m  python3 -u main.py --video 2>&1 | tee bot_run.log[0m
post_art	Run Art Bot	2026-02-21T15:52:43.6359508Z [36;1melse[0m
post_art	Run Art Bot	2026-02-21T15:52:43.6359760Z [36;1m  python3 -u main.py 2>&1 | tee bot_run.log[0m
post_art	Run Art Bot	2026-02-21T15:52:43.6360057Z [36;1mfi[0m
post_art	Run Art Bot	2026-02-21T15:52:43.6389650Z shell: /usr/bin/bash -e {0}
post_art	Run Art Bot	2026-02-21T15:52:43.6389925Z env:
post_art	Run Art Bot	2026-02-21T15:52:43.6390208Z   pythonLocation: /opt/hostedtoolcache/Python/3.9.25/x64
post_art	Run Art Bot	2026-02-21T15:52:43.6390688Z   PKG_CONFIG_PATH: /opt/hostedtoolcache/Python/3.9.25/x64/lib/pkgconfig
post_art	Run Art Bot	2026-02-21T15:52:43.6391340Z   Python_ROOT_DIR: /opt/hostedtoolcache/Python/3.9.25/x64
post_art	Run Art Bot	2026-02-21T15:52:43.6391772Z   Python2_ROOT_DIR: /opt/hostedtoolcache/Python/3.9.25/x64
post_art	Run Art Bot	2026-02-21T15:52:43.6392157Z   Python3_ROOT_DIR: /opt/hostedtoolcache/Python/3.9.25/x64
post_art	Run Art Bot	2026-02-21T15:52:43.6392727Z   LD_LIBRARY_PATH: /opt/hostedtoolcache/Python/3.9.25/x64/lib
post_art	Run Art Bot	2026-02-21T15:52:43.6393357Z   BOT_TOKEN: ***
post_art	Run Art Bot	2026-02-21T15:52:43.6393613Z   CHANNEL_ID: ***
post_art	Run Art Bot	2026-02-21T15:52:43.6393895Z   GOOGLE_KEY: ***
post_art	Run Art Bot	2026-02-21T15:52:43.6394244Z   SILICONFLOW_KEY: ***
post_art	Run Art Bot	2026-02-21T15:52:43.6394523Z   RUNWARE_KEY: ***
post_art	Run Art Bot	2026-02-21T15:52:43.6394753Z   KIE_KEY: ***
post_art	Run Art Bot	2026-02-21T15:52:43.6394999Z   HF_KEY: ***
post_art	Run Art Bot	2026-02-21T15:52:43.6395229Z   CLOUDFLARE_ID: ***
post_art	Run Art Bot	2026-02-21T15:52:43.6395552Z   CLOUDFLARE_TOKEN: ***
post_art	Run Art Bot	2026-02-21T15:52:43.6395912Z   GROQ_KEY: ***
post_art	Run Art Bot	2026-02-21T15:52:43.6396316Z   OPENROUTER_KEY: ***
post_art	Run Art Bot	2026-02-21T15:52:43.6396658Z   LAOZHANG_KEY: ***
post_art	Run Art Bot	2026-02-21T15:52:43.6396868Z ##[endgroup]
post_art	Run Art Bot	2026-02-21T15:52:43.6701568Z üöÄ BOOTING FRIE-ND-LEE ART BOT...
post_art	Run Art Bot	2026-02-21T15:52:43.7796167Z üõ†Ô∏è DEBUG: sys.version: 3.9.25 (main, Nov  3 2025, 15:16:36) 
post_art	Run Art Bot	2026-02-21T15:52:43.7796925Z [GCC 13.3.0]
post_art	Run Art Bot	2026-02-21T15:52:43.7797416Z üõ†Ô∏è DEBUG: sys.argv: ['main.py']
post_art	Run Art Bot	2026-02-21T15:52:43.7797997Z üõ†Ô∏è DEBUG: TOKEN prefix: 85328...
post_art	Run Art Bot	2026-02-21T15:52:43.7799010Z üõ†Ô∏è DEBUG: CHANNEL_ID: '***' (Type: <class 'str'>)
post_art	Run Art Bot	2026-02-21T15:52:44.3068430Z ü§ñ –ë–æ—Ç –∞–≤—Ç–æ—Ä–∏–∑–æ–≤–∞–Ω: @Avatar2026_bot
post_art	Run Art Bot	2026-02-21T15:52:44.3349430Z --- FrieNDLee_FTP BOT (v2.0) üöÄ ---
post_art	Run Art Bot	2026-02-21T15:52:44.3349919Z üì∞ –ò—â—É —Å–≤–µ–∂–∏–µ –Ω–æ–≤–æ—Å—Ç–∏ –ø—Ä–æ –ò–ò...
post_art	Run Art Bot	2026-02-21T15:52:44.4622382Z üì∞ –¢–ï–ú–ê –ò–ó –ù–û–í–û–°–¢–ï–ô: News: India‚Äôs Sarvam launches Indus AI chat app as competition heats up
post_art	Run Art Bot	2026-02-21T15:52:44.4623089Z üìù –ì–µ–Ω–µ—Ä–∏—Ä—É—é —Ç–µ–∫—Å—Ç –ø–æ–¥ —Ç–µ–º—É...
post_art	Run Art Bot	2026-02-21T15:52:44.4623471Z üß† Groq API –ø–∏—à–µ—Ç —Ç–µ–∫—Å—Ç (Llama 3)...
post_art	Run Art Bot	2026-02-21T15:52:46.0975702Z üé® –ù–∞—á–∏–Ω–∞–µ–º –≥–µ–Ω–µ—Ä–∞—Ü–∏—é. –î–æ—Å—Ç—É–ø–Ω–æ –ø—Ä–æ–≤–∞–π–¥–µ—Ä–æ–≤: 17
post_art	Run Art Bot	2026-02-21T15:52:46.0976428Z üëâ –ü—Ä–æ–±—É–µ–º: Kie.ai (Flux Kontext)...
post_art	Run Art Bot	2026-02-21T15:52:46.3428829Z ‚ö†Ô∏è Kie.ai (Flux Kontext) HTTP 404: {"timestamp":1771689166328,"status":404,"error":"Not Found","message":"No message available","path":"/v1/images/generations"}
post_art	Run Art Bot	2026-02-21T15:52:46.3430474Z üëâ –ü—Ä–æ–±—É–µ–º: Laozhang (DALL-E 3)...
post_art	Run Art Bot	2026-02-21T15:52:46.9321747Z ‚ö†Ô∏è Laozhang (DALL-E 3) HTTP 403: {"error":{"message":"user [41231] quota [5000] preConsumedQuota [20500] is not enough","localized_message":"Áî®Êà∑‰ΩôÈ¢ù‰∏çË∂≥, ËØ∑ÂÖÖÂÄº","type":"shell_api_error","param":"","code":"insufficient_user_quota"}}
post_art	Run Art Bot	2026-02-21T15:52:46.9323741Z üëâ –ü—Ä–æ–±—É–µ–º: SiliconFlow (Flux Schnell)...
post_art	Run Art Bot	2026-02-21T15:52:49.5318625Z ‚ö†Ô∏è SiliconFlow (Flux Schnell) HTTP 403: {"code":30001,"message":"Sorry, your account balance is insufficient","data":null}
post_art	Run Art Bot	2026-02-21T15:52:49.5319499Z üëâ –ü—Ä–æ–±—É–µ–º: Runware (100@1)...
post_art	Run Art Bot	2026-02-21T15:52:49.9557771Z ‚ö†Ô∏è Runware (100@1) HTTP 401: {
post_art	Run Art Bot	2026-02-21T15:52:49.9558167Z     "errors": [
post_art	Run Art Bot	2026-02-21T15:52:49.9558396Z         {
post_art	Run Art Bot	2026-02-21T15:52:49.9558632Z             "code": "missingApiKey",
post_art	Run Art Bot	2026-02-21T15:52:49.9559096Z             "message": "Missing API Key. Get one at https://my.runware.ai/signup",
post_art	Run Art Bot	2026-02-21T15:52:49.9559561Z             "parameter": "apiKey",
post_art	Run Art Bot	2026-02-21T15:52:49.9559848Z             "type
post_art	Run Art Bot	2026-02-21T15:52:49.9560161Z üëâ –ü—Ä–æ–±—É–µ–º: HuggingFace (Flux Schnell)...
post_art	Run Art Bot	2026-02-21T15:52:52.6813861Z ‚úÖ –£–°–ü–ï–•! –ì–µ–Ω–µ—Ä–∞—Ü–∏—è –≤—ã–ø–æ–ª–Ω–µ–Ω–∞ —á–µ—Ä–µ–∑: HuggingFace (Flux Schnell)
post_art	Run Art Bot	2026-02-21T15:52:52.6880683Z ‚úÖ Image Verified: JPEG
post_art	Run Art Bot	2026-02-21T15:52:52.6881777Z üì§ Attempt 1: Sending to ***...
post_art	Run Art Bot	2026-02-21T15:52:53.7555012Z üéâ SUCCESS! Content posted.
post_art	Post Set up Python	Ôªø2026-02-21T15:52:53.7858525Z Post job cleanup.
post_art	Post Checkout code	Ôªø2026-02-21T15:52:53.9488084Z Post job cleanup.
post_art	Post Checkout code	2026-02-21T15:52:54.0198604Z [command]/usr/bin/git version
post_art	Post Checkout code	2026-02-21T15:52:54.0233490Z git version 2.52.0
post_art	Post Checkout code	2026-02-21T15:52:54.0277156Z Temporarily overriding HOME='/home/runner/work/_temp/379030ba-a122-4ff6-85d9-673860dd8bc7' before making global git config changes
post_art	Post Checkout code	2026-02-21T15:52:54.0278537Z Adding repository directory to the temporary git global config as a safe directory
post_art	Post Checkout code	2026-02-21T15:52:54.0282143Z [command]/usr/bin/git config --global --add safe.directory /home/runner/work/friendlee-ai-art-bot/friendlee-ai-art-bot
post_art	Post Checkout code	2026-02-21T15:52:54.0313034Z [command]/usr/bin/git config --local --name-only --get-regexp core\.sshCommand
post_art	Post Checkout code	2026-02-21T15:52:54.0342245Z [command]/usr/bin/git submodule foreach --recursive sh -c "git config --local --name-only --get-regexp 'core\.sshCommand' && git config --local --unset-all 'core.sshCommand' || :"
post_art	Post Checkout code	2026-02-21T15:52:54.0568620Z [command]/usr/bin/git config --local --name-only --get-regexp http\.https\:\/\/github\.com\/\.extraheader
post_art	Post Checkout code	2026-02-21T15:52:54.0588865Z http.https://github.com/.extraheader
post_art	Post Checkout code	2026-02-21T15:52:54.0600812Z [command]/usr/bin/git config --local --unset-all http.https://github.com/.extraheader
post_art	Post Checkout code	2026-02-21T15:52:54.0629821Z [command]/usr/bin/git submodule foreach --recursive sh -c "git config --local --name-only --get-regexp 'http\.https\:\/\/github\.com\/\.extraheader' && git config --local --unset-all 'http.https://github.com/.extraheader' || :"
post_art	Complete job	Ôªø2026-02-21T15:52:54.0966586Z Cleaning up orphan processes
