post_art	Set up job	Ôªø2026-02-19T18:35:48.9838456Z Current runner version: '2.331.0'
post_art	Set up job	2026-02-19T18:35:48.9874981Z ##[group]Runner Image Provisioner
post_art	Set up job	2026-02-19T18:35:48.9876256Z Hosted Compute Agent
post_art	Set up job	2026-02-19T18:35:48.9877277Z Version: 20260123.484
post_art	Set up job	2026-02-19T18:35:48.9878258Z Commit: 6bd6555ca37d84114959e1c76d2c01448ff61c5d
post_art	Set up job	2026-02-19T18:35:48.9879426Z Build Date: 2026-01-23T19:41:17Z
post_art	Set up job	2026-02-19T18:35:48.9880615Z Worker ID: {78840cbb-0e84-43b8-b0d6-bbabf8509d7a}
post_art	Set up job	2026-02-19T18:35:48.9881734Z Azure Region: northcentralus
post_art	Set up job	2026-02-19T18:35:48.9882750Z ##[endgroup]
post_art	Set up job	2026-02-19T18:35:48.9885352Z ##[group]Operating System
post_art	Set up job	2026-02-19T18:35:48.9886403Z Ubuntu
post_art	Set up job	2026-02-19T18:35:48.9887243Z 24.04.3
post_art	Set up job	2026-02-19T18:35:48.9887997Z LTS
post_art	Set up job	2026-02-19T18:35:48.9888865Z ##[endgroup]
post_art	Set up job	2026-02-19T18:35:48.9889644Z ##[group]Runner Image
post_art	Set up job	2026-02-19T18:35:48.9890574Z Image: ubuntu-24.04
post_art	Set up job	2026-02-19T18:35:48.9891499Z Version: 20260201.15.1
post_art	Set up job	2026-02-19T18:35:48.9893168Z Included Software: https://github.com/actions/runner-images/blob/ubuntu24/20260201.15/images/ubuntu/Ubuntu2404-Readme.md
post_art	Set up job	2026-02-19T18:35:48.9896174Z Image Release: https://github.com/actions/runner-images/releases/tag/ubuntu24%2F20260201.15
post_art	Set up job	2026-02-19T18:35:48.9897653Z ##[endgroup]
post_art	Set up job	2026-02-19T18:35:48.9899538Z ##[group]GITHUB_TOKEN Permissions
post_art	Set up job	2026-02-19T18:35:48.9902278Z Contents: read
post_art	Set up job	2026-02-19T18:35:48.9903210Z Metadata: read
post_art	Set up job	2026-02-19T18:35:48.9904021Z Packages: read
post_art	Set up job	2026-02-19T18:35:48.9905152Z ##[endgroup]
post_art	Set up job	2026-02-19T18:35:48.9908473Z Secret source: Actions
post_art	Set up job	2026-02-19T18:35:48.9910309Z Prepare workflow directory
post_art	Set up job	2026-02-19T18:35:49.0370507Z Prepare all required actions
post_art	Set up job	2026-02-19T18:35:49.0428909Z Getting action download info
post_art	Set up job	2026-02-19T18:35:49.2951912Z Download action repository 'actions/checkout@v3' (SHA:f43a0e5ff2bd294095638e18286ca9a3d1956744)
post_art	Set up job	2026-02-19T18:35:49.3940230Z Download action repository 'actions/setup-python@v4' (SHA:7f4fc3e22c37d6ff65e88745f38bd3157c663f7c)
post_art	Set up job	2026-02-19T18:35:49.5832049Z Complete job name: post_art
post_art	Checkout code	Ôªø2026-02-19T18:35:49.6479834Z ##[group]Run actions/checkout@v3
post_art	Checkout code	2026-02-19T18:35:49.6480868Z with:
post_art	Checkout code	2026-02-19T18:35:49.6481470Z   repository: ksahis0900-dot/friendlee-ai-art-bot
post_art	Checkout code	2026-02-19T18:35:49.6482346Z   token: ***
post_art	Checkout code	2026-02-19T18:35:49.6482891Z   ssh-strict: true
post_art	Checkout code	2026-02-19T18:35:49.6483424Z   persist-credentials: true
post_art	Checkout code	2026-02-19T18:35:49.6483975Z   clean: true
post_art	Checkout code	2026-02-19T18:35:49.6484482Z   sparse-checkout-cone-mode: true
post_art	Checkout code	2026-02-19T18:35:49.6485284Z   fetch-depth: 1
post_art	Checkout code	2026-02-19T18:35:49.6485842Z   fetch-tags: false
post_art	Checkout code	2026-02-19T18:35:49.6486326Z   lfs: false
post_art	Checkout code	2026-02-19T18:35:49.6486777Z   submodules: false
post_art	Checkout code	2026-02-19T18:35:49.6487556Z   set-safe-directory: true
post_art	Checkout code	2026-02-19T18:35:49.6488420Z ##[endgroup]
post_art	Checkout code	2026-02-19T18:35:49.7307928Z Syncing repository: ksahis0900-dot/friendlee-ai-art-bot
post_art	Checkout code	2026-02-19T18:35:49.7310190Z ##[group]Getting Git version info
post_art	Checkout code	2026-02-19T18:35:49.7311097Z Working directory is '/home/runner/work/friendlee-ai-art-bot/friendlee-ai-art-bot'
post_art	Checkout code	2026-02-19T18:35:49.7312482Z [command]/usr/bin/git version
post_art	Checkout code	2026-02-19T18:35:49.7355417Z git version 2.52.0
post_art	Checkout code	2026-02-19T18:35:49.7380116Z ##[endgroup]
post_art	Checkout code	2026-02-19T18:35:49.7395606Z Temporarily overriding HOME='/home/runner/work/_temp/2ec8d1c0-39fd-481c-aaa0-366673c51c80' before making global git config changes
post_art	Checkout code	2026-02-19T18:35:49.7398025Z Adding repository directory to the temporary git global config as a safe directory
post_art	Checkout code	2026-02-19T18:35:49.7400202Z [command]/usr/bin/git config --global --add safe.directory /home/runner/work/friendlee-ai-art-bot/friendlee-ai-art-bot
post_art	Checkout code	2026-02-19T18:35:49.7434858Z Deleting the contents of '/home/runner/work/friendlee-ai-art-bot/friendlee-ai-art-bot'
post_art	Checkout code	2026-02-19T18:35:49.7438690Z ##[group]Initializing the repository
post_art	Checkout code	2026-02-19T18:35:49.7442509Z [command]/usr/bin/git init /home/runner/work/friendlee-ai-art-bot/friendlee-ai-art-bot
post_art	Checkout code	2026-02-19T18:35:49.7505308Z hint: Using 'master' as the name for the initial branch. This default branch name
post_art	Checkout code	2026-02-19T18:35:49.7506657Z hint: will change to "main" in Git 3.0. To configure the initial branch name
post_art	Checkout code	2026-02-19T18:35:49.7508247Z hint: to use in all of your new repositories, which will suppress this warning,
post_art	Checkout code	2026-02-19T18:35:49.7510015Z hint: call:
post_art	Checkout code	2026-02-19T18:35:49.7510805Z hint:
post_art	Checkout code	2026-02-19T18:35:49.7637116Z hint: 	git config --global init.defaultBranch <name>
post_art	Checkout code	2026-02-19T18:35:49.7638371Z hint:
post_art	Checkout code	2026-02-19T18:35:49.7639232Z hint: Names commonly chosen instead of 'master' are 'main', 'trunk' and
post_art	Checkout code	2026-02-19T18:35:49.7640643Z hint: 'development'. The just-created branch can be renamed via this command:
post_art	Checkout code	2026-02-19T18:35:49.7641837Z hint:
post_art	Checkout code	2026-02-19T18:35:49.7642512Z hint: 	git branch -m <name>
post_art	Checkout code	2026-02-19T18:35:49.7643321Z hint:
post_art	Checkout code	2026-02-19T18:35:49.7644344Z hint: Disable this message with "git config set advice.defaultBranchName false"
post_art	Checkout code	2026-02-19T18:35:49.7646193Z Initialized empty Git repository in /home/runner/work/friendlee-ai-art-bot/friendlee-ai-art-bot/.git/
post_art	Checkout code	2026-02-19T18:35:49.7649079Z [command]/usr/bin/git remote add origin https://github.com/ksahis0900-dot/friendlee-ai-art-bot
post_art	Checkout code	2026-02-19T18:35:49.7651817Z ##[endgroup]
post_art	Checkout code	2026-02-19T18:35:49.7653116Z ##[group]Disabling automatic garbage collection
post_art	Checkout code	2026-02-19T18:35:49.7654229Z [command]/usr/bin/git config --local gc.auto 0
post_art	Checkout code	2026-02-19T18:35:49.7656560Z ##[endgroup]
post_art	Checkout code	2026-02-19T18:35:49.7657669Z ##[group]Setting up auth
post_art	Checkout code	2026-02-19T18:35:49.7658766Z [command]/usr/bin/git config --local --name-only --get-regexp core\.sshCommand
post_art	Checkout code	2026-02-19T18:35:49.7662303Z [command]/usr/bin/git submodule foreach --recursive sh -c "git config --local --name-only --get-regexp 'core\.sshCommand' && git config --local --unset-all 'core.sshCommand' || :"
post_art	Checkout code	2026-02-19T18:35:49.7907930Z [command]/usr/bin/git config --local --name-only --get-regexp http\.https\:\/\/github\.com\/\.extraheader
post_art	Checkout code	2026-02-19T18:35:49.7931616Z [command]/usr/bin/git submodule foreach --recursive sh -c "git config --local --name-only --get-regexp 'http\.https\:\/\/github\.com\/\.extraheader' && git config --local --unset-all 'http.https://github.com/.extraheader' || :"
post_art	Checkout code	2026-02-19T18:35:49.8115258Z [command]/usr/bin/git config --local http.https://github.com/.extraheader AUTHORIZATION: basic ***
post_art	Checkout code	2026-02-19T18:35:49.8144045Z ##[endgroup]
post_art	Checkout code	2026-02-19T18:35:49.8145240Z ##[group]Fetching the repository
post_art	Checkout code	2026-02-19T18:35:49.8151999Z [command]/usr/bin/git -c protocol.version=2 fetch --no-tags --prune --progress --no-recurse-submodules --depth=1 origin +47b754570b5454b957747ac636ca22257d3cd40e:refs/remotes/origin/master
post_art	Checkout code	2026-02-19T18:35:50.0531744Z remote: Enumerating objects: 17, done.        
post_art	Checkout code	2026-02-19T18:35:50.0532674Z remote: Counting objects:   5% (1/17)        
post_art	Checkout code	2026-02-19T18:35:50.0533368Z remote: Counting objects:  11% (2/17)        
post_art	Checkout code	2026-02-19T18:35:50.0534214Z remote: Counting objects:  17% (3/17)        
post_art	Checkout code	2026-02-19T18:35:50.0535488Z remote: Counting objects:  23% (4/17)        
post_art	Checkout code	2026-02-19T18:35:50.0536704Z remote: Counting objects:  29% (5/17)        
post_art	Checkout code	2026-02-19T18:35:50.0537675Z remote: Counting objects:  35% (6/17)        
post_art	Checkout code	2026-02-19T18:35:50.0538372Z remote: Counting objects:  41% (7/17)        
post_art	Checkout code	2026-02-19T18:35:50.0539051Z remote: Counting objects:  47% (8/17)        
post_art	Checkout code	2026-02-19T18:35:50.0539800Z remote: Counting objects:  52% (9/17)        
post_art	Checkout code	2026-02-19T18:35:50.0540477Z remote: Counting objects:  58% (10/17)        
post_art	Checkout code	2026-02-19T18:35:50.0541187Z remote: Counting objects:  64% (11/17)        
post_art	Checkout code	2026-02-19T18:35:50.0541896Z remote: Counting objects:  70% (12/17)        
post_art	Checkout code	2026-02-19T18:35:50.0542598Z remote: Counting objects:  76% (13/17)        
post_art	Checkout code	2026-02-19T18:35:50.0543306Z remote: Counting objects:  82% (14/17)        
post_art	Checkout code	2026-02-19T18:35:50.0544123Z remote: Counting objects:  88% (15/17)        
post_art	Checkout code	2026-02-19T18:35:50.0545026Z remote: Counting objects:  94% (16/17)        
post_art	Checkout code	2026-02-19T18:35:50.0545900Z remote: Counting objects: 100% (17/17)        
post_art	Checkout code	2026-02-19T18:35:50.0546632Z remote: Counting objects: 100% (17/17), done.        
post_art	Checkout code	2026-02-19T18:35:50.0547358Z remote: Compressing objects:   7% (1/14)        
post_art	Checkout code	2026-02-19T18:35:50.0548076Z remote: Compressing objects:  14% (2/14)        
post_art	Checkout code	2026-02-19T18:35:50.0548790Z remote: Compressing objects:  21% (3/14)        
post_art	Checkout code	2026-02-19T18:35:50.0549526Z remote: Compressing objects:  28% (4/14)        
post_art	Checkout code	2026-02-19T18:35:50.0550609Z remote: Compressing objects:  35% (5/14)        
post_art	Checkout code	2026-02-19T18:35:50.0551364Z remote: Compressing objects:  42% (6/14)        
post_art	Checkout code	2026-02-19T18:35:50.0552063Z remote: Compressing objects:  50% (7/14)        
post_art	Checkout code	2026-02-19T18:35:50.0588905Z remote: Compressing objects:  57% (8/14)        
post_art	Checkout code	2026-02-19T18:35:50.0589845Z remote: Compressing objects:  64% (9/14)        
post_art	Checkout code	2026-02-19T18:35:50.0590564Z remote: Compressing objects:  71% (10/14)        
post_art	Checkout code	2026-02-19T18:35:50.0591363Z remote: Compressing objects:  78% (11/14)        
post_art	Checkout code	2026-02-19T18:35:50.0592126Z remote: Compressing objects:  85% (12/14)        
post_art	Checkout code	2026-02-19T18:35:50.0592848Z remote: Compressing objects:  92% (13/14)        
post_art	Checkout code	2026-02-19T18:35:50.0593569Z remote: Compressing objects: 100% (14/14)        
post_art	Checkout code	2026-02-19T18:35:50.0594325Z remote: Compressing objects: 100% (14/14), done.        
post_art	Checkout code	2026-02-19T18:35:50.0940704Z remote: Total 17 (delta 1), reused 13 (delta 0), pack-reused 0 (from 0)        
post_art	Checkout code	2026-02-19T18:35:50.0993458Z From https://github.com/ksahis0900-dot/friendlee-ai-art-bot
post_art	Checkout code	2026-02-19T18:35:50.0994664Z  * [new ref]         47b754570b5454b957747ac636ca22257d3cd40e -> origin/master
post_art	Checkout code	2026-02-19T18:35:50.1023579Z ##[endgroup]
post_art	Checkout code	2026-02-19T18:35:50.1025479Z ##[group]Determining the checkout info
post_art	Checkout code	2026-02-19T18:35:50.1026516Z ##[endgroup]
post_art	Checkout code	2026-02-19T18:35:50.1027291Z ##[group]Checking out the ref
post_art	Checkout code	2026-02-19T18:35:50.1028971Z [command]/usr/bin/git checkout --progress --force -B master refs/remotes/origin/master
post_art	Checkout code	2026-02-19T18:35:50.1074445Z Reset branch 'master'
post_art	Checkout code	2026-02-19T18:35:50.1076929Z branch 'master' set up to track 'origin/master'.
post_art	Checkout code	2026-02-19T18:35:50.1083217Z ##[endgroup]
post_art	Checkout code	2026-02-19T18:35:50.1117766Z [command]/usr/bin/git log -1 --format='%H'
post_art	Checkout code	2026-02-19T18:35:50.1140747Z '47b754570b5454b957747ac636ca22257d3cd40e'
post_art	Set up Python	Ôªø2026-02-19T18:35:50.1380538Z ##[group]Run actions/setup-python@v4
post_art	Set up Python	2026-02-19T18:35:50.1381208Z with:
post_art	Set up Python	2026-02-19T18:35:50.1381659Z   python-version: 3.9
post_art	Set up Python	2026-02-19T18:35:50.1382187Z   check-latest: false
post_art	Set up Python	2026-02-19T18:35:50.1382921Z   token: ***
post_art	Set up Python	2026-02-19T18:35:50.1383394Z   update-environment: true
post_art	Set up Python	2026-02-19T18:35:50.1383936Z   allow-prereleases: false
post_art	Set up Python	2026-02-19T18:35:50.1384460Z ##[endgroup]
post_art	Set up Python	2026-02-19T18:35:50.3007831Z ##[group]Installed versions
post_art	Set up Python	2026-02-19T18:35:50.3105292Z Version 3.9 was not found in the local cache
post_art	Set up Python	2026-02-19T18:35:50.7898922Z Version 3.9 is available for downloading
post_art	Set up Python	2026-02-19T18:35:50.7901925Z Download from "https://github.com/actions/python-versions/releases/download/3.9.25-19039189640/python-3.9.25-linux-24.04-x64.tar.gz"
post_art	Set up Python	2026-02-19T18:35:51.2948214Z Extract downloaded archive
post_art	Set up Python	2026-02-19T18:35:51.3035851Z [command]/usr/bin/tar xz --warning=no-unknown-keyword -C /home/runner/work/_temp/b9ad2e1a-9393-43eb-846a-2c9d6c49818d -f /home/runner/work/_temp/76126957-c90b-45cc-95f8-96bde4b862d3
post_art	Set up Python	2026-02-19T18:35:52.6668431Z Execute installation script
post_art	Set up Python	2026-02-19T18:35:52.6747601Z Check if Python hostedtoolcache folder exist...
post_art	Set up Python	2026-02-19T18:35:52.6748333Z Create Python 3.9.25 folder
post_art	Set up Python	2026-02-19T18:35:52.6760307Z Copy Python binaries to hostedtoolcache folder
post_art	Set up Python	2026-02-19T18:35:52.9346307Z Create additional symlinks (Required for the UsePythonVersion Azure Pipelines task and the setup-python GitHub Action)
post_art	Set up Python	2026-02-19T18:35:52.9383296Z Upgrading pip...
post_art	Set up Python	2026-02-19T18:35:55.2289269Z Looking in links: /tmp/tmpssrg2z5h
post_art	Set up Python	2026-02-19T18:35:55.2294470Z Requirement already satisfied: setuptools in /opt/hostedtoolcache/Python/3.9.25/x64/lib/python3.9/site-packages (79.0.1)
post_art	Set up Python	2026-02-19T18:35:55.2298930Z Requirement already satisfied: pip in /opt/hostedtoolcache/Python/3.9.25/x64/lib/python3.9/site-packages (23.0.1)
post_art	Set up Python	2026-02-19T18:35:56.7934353Z Collecting pip
post_art	Set up Python	2026-02-19T18:35:56.8342595Z Downloading pip-26.0.1-py3-none-any.whl (1.8 MB)
post_art	Set up Python	2026-02-19T18:35:56.8780562Z ‚îÅ‚îÅ‚îÅ‚îÅ‚îÅ‚îÅ‚îÅ‚îÅ‚îÅ‚îÅ‚îÅ‚îÅ‚îÅ‚îÅ‚îÅ‚îÅ‚îÅ‚îÅ‚îÅ‚îÅ‚îÅ‚îÅ‚îÅ‚îÅ‚îÅ‚îÅ‚îÅ‚îÅ‚îÅ‚îÅ‚îÅ‚îÅ‚îÅ‚îÅ‚îÅ‚îÅ‚îÅ‚îÅ‚îÅ‚îÅ 1.8/1.8 MB 43.3 MB/s eta 0:00:00
post_art	Set up Python	2026-02-19T18:35:56.8781307Z 
post_art	Set up Python	2026-02-19T18:35:56.9359910Z Installing collected packages: pip
post_art	Set up Python	2026-02-19T18:35:56.9369121Z Attempting uninstall: pip
post_art	Set up Python	2026-02-19T18:35:56.9369590Z Found existing installation: pip 23.0.1
post_art	Set up Python	2026-02-19T18:35:57.0724421Z Uninstalling pip-23.0.1:
post_art	Set up Python	2026-02-19T18:35:57.0792081Z Successfully uninstalled pip-23.0.1
post_art	Set up Python	2026-02-19T18:35:57.7694974Z Successfully installed pip-26.0.1
post_art	Set up Python	2026-02-19T18:35:57.8526133Z Create complete file
post_art	Set up Python	2026-02-19T18:35:57.8561260Z Successfully set up CPython (3.9.25)
post_art	Set up Python	2026-02-19T18:35:57.8562123Z ##[endgroup]
post_art	Install dependencies	Ôªø2026-02-19T18:35:57.8686729Z ##[group]Run pip install -r requirements.txt
post_art	Install dependencies	2026-02-19T18:35:57.8687207Z [36;1mpip install -r requirements.txt[0m
post_art	Install dependencies	2026-02-19T18:35:57.8713269Z shell: /usr/bin/bash -e {0}
post_art	Install dependencies	2026-02-19T18:35:57.8713597Z env:
post_art	Install dependencies	2026-02-19T18:35:57.8713890Z   pythonLocation: /opt/hostedtoolcache/Python/3.9.25/x64
post_art	Install dependencies	2026-02-19T18:35:57.8714347Z   PKG_CONFIG_PATH: /opt/hostedtoolcache/Python/3.9.25/x64/lib/pkgconfig
post_art	Install dependencies	2026-02-19T18:35:57.8715028Z   Python_ROOT_DIR: /opt/hostedtoolcache/Python/3.9.25/x64
post_art	Install dependencies	2026-02-19T18:35:57.8715429Z   Python2_ROOT_DIR: /opt/hostedtoolcache/Python/3.9.25/x64
post_art	Install dependencies	2026-02-19T18:35:57.8715791Z   Python3_ROOT_DIR: /opt/hostedtoolcache/Python/3.9.25/x64
post_art	Install dependencies	2026-02-19T18:35:57.8716189Z   LD_LIBRARY_PATH: /opt/hostedtoolcache/Python/3.9.25/x64/lib
post_art	Install dependencies	2026-02-19T18:35:57.8716508Z ##[endgroup]
post_art	Install dependencies	2026-02-19T18:35:58.2957238Z Collecting pyTelegramBotAPI (from -r requirements.txt (line 1))
post_art	Install dependencies	2026-02-19T18:35:58.3296469Z   Downloading pytelegrambotapi-4.31.0-py3-none-any.whl.metadata (48 kB)
post_art	Install dependencies	2026-02-19T18:35:58.3703340Z Collecting requests (from -r requirements.txt (line 2))
post_art	Install dependencies	2026-02-19T18:35:58.3747227Z   Downloading requests-2.32.5-py3-none-any.whl.metadata (4.9 kB)
post_art	Install dependencies	2026-02-19T18:35:58.5766554Z Collecting Pillow (from -r requirements.txt (line 3))
post_art	Install dependencies	2026-02-19T18:35:58.5810356Z   Downloading pillow-11.3.0-cp39-cp39-manylinux_2_27_x86_64.manylinux_2_28_x86_64.whl.metadata (9.0 kB)
post_art	Install dependencies	2026-02-19T18:35:58.5977036Z Collecting google-generativeai (from -r requirements.txt (line 4))
post_art	Install dependencies	2026-02-19T18:35:58.6019345Z   Downloading google_generativeai-0.8.6-py3-none-any.whl.metadata (3.9 kB)
post_art	Install dependencies	2026-02-19T18:35:58.6199725Z Collecting feedparser (from -r requirements.txt (line 5))
post_art	Install dependencies	2026-02-19T18:35:58.6244487Z   Downloading feedparser-6.0.12-py3-none-any.whl.metadata (2.7 kB)
post_art	Install dependencies	2026-02-19T18:35:58.7109878Z Collecting charset_normalizer<4,>=2 (from requests->-r requirements.txt (line 2))
post_art	Install dependencies	2026-02-19T18:35:58.7167372Z   Downloading charset_normalizer-3.4.4-cp39-cp39-manylinux2014_x86_64.manylinux_2_17_x86_64.manylinux_2_28_x86_64.whl.metadata (37 kB)
post_art	Install dependencies	2026-02-19T18:35:58.7335229Z Collecting idna<4,>=2.5 (from requests->-r requirements.txt (line 2))
post_art	Install dependencies	2026-02-19T18:35:58.7377124Z   Downloading idna-3.11-py3-none-any.whl.metadata (8.4 kB)
post_art	Install dependencies	2026-02-19T18:35:58.7653771Z Collecting urllib3<3,>=1.21.1 (from requests->-r requirements.txt (line 2))
post_art	Install dependencies	2026-02-19T18:35:58.7772722Z   Downloading urllib3-2.6.3-py3-none-any.whl.metadata (6.9 kB)
post_art	Install dependencies	2026-02-19T18:35:58.7989961Z Collecting certifi>=2017.4.17 (from requests->-r requirements.txt (line 2))
post_art	Install dependencies	2026-02-19T18:35:58.8032720Z   Downloading certifi-2026.1.4-py3-none-any.whl.metadata (2.5 kB)
post_art	Install dependencies	2026-02-19T18:35:58.8210956Z Collecting google-ai-generativelanguage==0.6.15 (from google-generativeai->-r requirements.txt (line 4))
post_art	Install dependencies	2026-02-19T18:35:58.8254761Z   Downloading google_ai_generativelanguage-0.6.15-py3-none-any.whl.metadata (5.7 kB)
post_art	Install dependencies	2026-02-19T18:35:58.8617045Z Collecting google-api-core (from google-generativeai->-r requirements.txt (line 4))
post_art	Install dependencies	2026-02-19T18:35:58.8660674Z   Downloading google_api_core-2.30.0-py3-none-any.whl.metadata (3.1 kB)
post_art	Install dependencies	2026-02-19T18:35:58.9250926Z Collecting google-api-python-client (from google-generativeai->-r requirements.txt (line 4))
post_art	Install dependencies	2026-02-19T18:35:58.9295734Z   Downloading google_api_python_client-2.190.0-py3-none-any.whl.metadata (7.0 kB)
post_art	Install dependencies	2026-02-19T18:35:58.9661442Z Collecting google-auth>=2.15.0 (from google-generativeai->-r requirements.txt (line 4))
post_art	Install dependencies	2026-02-19T18:35:58.9705369Z   Downloading google_auth-2.48.0-py3-none-any.whl.metadata (6.2 kB)
post_art	Install dependencies	2026-02-19T18:35:59.1827100Z Collecting protobuf (from google-generativeai->-r requirements.txt (line 4))
post_art	Install dependencies	2026-02-19T18:35:59.1868114Z   Downloading protobuf-6.33.5-cp39-abi3-manylinux2014_x86_64.whl.metadata (593 bytes)
post_art	Install dependencies	2026-02-19T18:35:59.3123959Z Collecting pydantic (from google-generativeai->-r requirements.txt (line 4))
post_art	Install dependencies	2026-02-19T18:35:59.3166164Z   Downloading pydantic-2.12.5-py3-none-any.whl.metadata (90 kB)
post_art	Install dependencies	2026-02-19T18:35:59.3551761Z Collecting tqdm (from google-generativeai->-r requirements.txt (line 4))
post_art	Install dependencies	2026-02-19T18:35:59.3605049Z   Downloading tqdm-4.67.3-py3-none-any.whl.metadata (57 kB)
post_art	Install dependencies	2026-02-19T18:35:59.3820370Z Collecting typing-extensions (from google-generativeai->-r requirements.txt (line 4))
post_art	Install dependencies	2026-02-19T18:35:59.3859541Z   Downloading typing_extensions-4.15.0-py3-none-any.whl.metadata (3.3 kB)
post_art	Install dependencies	2026-02-19T18:35:59.4572870Z Collecting google-auth>=2.15.0 (from google-generativeai->-r requirements.txt (line 4))
post_art	Install dependencies	2026-02-19T18:35:59.4614785Z   Downloading google_auth-2.49.0.dev0-py3-none-any.whl.metadata (6.0 kB)
post_art	Install dependencies	2026-02-19T18:35:59.4854197Z Collecting proto-plus<2.0.0dev,>=1.22.3 (from google-ai-generativelanguage==0.6.15->google-generativeai->-r requirements.txt (line 4))
post_art	Install dependencies	2026-02-19T18:35:59.4898979Z   Downloading proto_plus-1.27.1-py3-none-any.whl.metadata (2.2 kB)
post_art	Install dependencies	2026-02-19T18:35:59.5227806Z Collecting protobuf (from google-generativeai->-r requirements.txt (line 4))
post_art	Install dependencies	2026-02-19T18:35:59.5270655Z   Downloading protobuf-5.29.6-cp38-abi3-manylinux2014_x86_64.whl.metadata (592 bytes)
post_art	Install dependencies	2026-02-19T18:35:59.5468508Z Collecting googleapis-common-protos<2.0.0,>=1.56.3 (from google-api-core->google-generativeai->-r requirements.txt (line 4))
post_art	Install dependencies	2026-02-19T18:35:59.5513967Z   Downloading googleapis_common_protos-1.72.0-py3-none-any.whl.metadata (9.4 kB)
post_art	Install dependencies	2026-02-19T18:36:00.1606719Z Collecting grpcio<2.0.0,>=1.33.2 (from google-api-core[grpc]!=2.0.*,!=2.1.*,!=2.10.*,!=2.2.*,!=2.3.*,!=2.4.*,!=2.5.*,!=2.6.*,!=2.7.*,!=2.8.*,!=2.9.*,<3.0.0dev,>=1.34.1->google-ai-generativelanguage==0.6.15->google-generativeai->-r requirements.txt (line 4))
post_art	Install dependencies	2026-02-19T18:36:00.1658149Z   Downloading grpcio-1.78.0-cp39-cp39-manylinux2014_x86_64.manylinux_2_17_x86_64.whl.metadata (3.8 kB)
post_art	Install dependencies	2026-02-19T18:36:00.2407138Z Collecting grpcio-status<2.0.0,>=1.33.2 (from google-api-core[grpc]!=2.0.*,!=2.1.*,!=2.10.*,!=2.2.*,!=2.3.*,!=2.4.*,!=2.5.*,!=2.6.*,!=2.7.*,!=2.8.*,!=2.9.*,<3.0.0dev,>=1.34.1->google-ai-generativelanguage==0.6.15->google-generativeai->-r requirements.txt (line 4))
post_art	Install dependencies	2026-02-19T18:36:00.2452058Z   Downloading grpcio_status-1.78.0-py3-none-any.whl.metadata (1.3 kB)
post_art	Install dependencies	2026-02-19T18:36:00.2654095Z Collecting pyasn1-modules>=0.2.1 (from google-auth>=2.15.0->google-generativeai->-r requirements.txt (line 4))
post_art	Install dependencies	2026-02-19T18:36:00.2707855Z   Downloading pyasn1_modules-0.4.2-py3-none-any.whl.metadata (3.5 kB)
post_art	Install dependencies	2026-02-19T18:36:00.4566748Z Collecting cryptography>=38.0.3 (from google-auth>=2.15.0->google-generativeai->-r requirements.txt (line 4))
post_art	Install dependencies	2026-02-19T18:36:00.4611339Z   Downloading cryptography-46.0.5-cp38-abi3-manylinux_2_34_x86_64.whl.metadata (5.7 kB)
post_art	Install dependencies	2026-02-19T18:36:00.4966561Z INFO: pip is looking at multiple versions of grpcio-status to determine which version is compatible with other requirements. This could take a while.
post_art	Install dependencies	2026-02-19T18:36:00.4974511Z Collecting grpcio-status<2.0.0,>=1.33.2 (from google-api-core[grpc]!=2.0.*,!=2.1.*,!=2.10.*,!=2.2.*,!=2.3.*,!=2.4.*,!=2.5.*,!=2.6.*,!=2.7.*,!=2.8.*,!=2.9.*,<3.0.0dev,>=1.34.1->google-ai-generativelanguage==0.6.15->google-generativeai->-r requirements.txt (line 4))
post_art	Install dependencies	2026-02-19T18:36:00.5018848Z   Downloading grpcio_status-1.76.0-py3-none-any.whl.metadata (1.1 kB)
post_art	Install dependencies	2026-02-19T18:36:00.5093902Z   Downloading grpcio_status-1.75.1-py3-none-any.whl.metadata (1.1 kB)
post_art	Install dependencies	2026-02-19T18:36:00.5171618Z   Downloading grpcio_status-1.75.0-py3-none-any.whl.metadata (1.1 kB)
post_art	Install dependencies	2026-02-19T18:36:00.5242402Z   Downloading grpcio_status-1.74.0-py3-none-any.whl.metadata (1.1 kB)
post_art	Install dependencies	2026-02-19T18:36:00.5319954Z   Downloading grpcio_status-1.73.1-py3-none-any.whl.metadata (1.1 kB)
post_art	Install dependencies	2026-02-19T18:36:00.5499652Z   Downloading grpcio_status-1.73.0-py3-none-any.whl.metadata (1.1 kB)
post_art	Install dependencies	2026-02-19T18:36:00.5578768Z   Downloading grpcio_status-1.72.2-py3-none-any.whl.metadata (1.1 kB)
post_art	Install dependencies	2026-02-19T18:36:00.5617326Z INFO: pip is still looking at multiple versions of grpcio-status to determine which version is compatible with other requirements. This could take a while.
post_art	Install dependencies	2026-02-19T18:36:00.5663150Z   Downloading grpcio_status-1.72.1-py3-none-any.whl.metadata (1.1 kB)
post_art	Install dependencies	2026-02-19T18:36:00.5735500Z   Downloading grpcio_status-1.71.2-py3-none-any.whl.metadata (1.1 kB)
post_art	Install dependencies	2026-02-19T18:36:00.6548929Z Collecting sgmllib3k (from feedparser->-r requirements.txt (line 5))
post_art	Install dependencies	2026-02-19T18:36:00.6593949Z   Downloading sgmllib3k-1.0.0.tar.gz (5.8 kB)
post_art	Install dependencies	2026-02-19T18:36:00.6661378Z   Installing build dependencies: started
post_art	Install dependencies	2026-02-19T18:36:01.3650966Z   Installing build dependencies: finished with status 'done'
post_art	Install dependencies	2026-02-19T18:36:01.3660219Z   Getting requirements to build wheel: started
post_art	Install dependencies	2026-02-19T18:36:01.6655364Z   Getting requirements to build wheel: finished with status 'done'
post_art	Install dependencies	2026-02-19T18:36:01.6667478Z   Preparing metadata (pyproject.toml): started
post_art	Install dependencies	2026-02-19T18:36:01.8354493Z   Preparing metadata (pyproject.toml): finished with status 'done'
post_art	Install dependencies	2026-02-19T18:36:01.9471855Z Collecting cffi>=2.0.0 (from cryptography>=38.0.3->google-auth>=2.15.0->google-generativeai->-r requirements.txt (line 4))
post_art	Install dependencies	2026-02-19T18:36:01.9517976Z   Downloading cffi-2.0.0-cp39-cp39-manylinux2014_x86_64.manylinux_2_17_x86_64.whl.metadata (2.6 kB)
post_art	Install dependencies	2026-02-19T18:36:01.9666412Z Collecting pycparser (from cffi>=2.0.0->cryptography>=38.0.3->google-auth>=2.15.0->google-generativeai->-r requirements.txt (line 4))
post_art	Install dependencies	2026-02-19T18:36:01.9706327Z   Downloading pycparser-2.23-py3-none-any.whl.metadata (993 bytes)
post_art	Install dependencies	2026-02-19T18:36:01.9978899Z Collecting pyasn1<0.7.0,>=0.6.1 (from pyasn1-modules>=0.2.1->google-auth>=2.15.0->google-generativeai->-r requirements.txt (line 4))
post_art	Install dependencies	2026-02-19T18:36:02.0021354Z   Downloading pyasn1-0.6.2-py3-none-any.whl.metadata (8.4 kB)
post_art	Install dependencies	2026-02-19T18:36:02.0189722Z Collecting httplib2<1.0.0,>=0.19.0 (from google-api-python-client->google-generativeai->-r requirements.txt (line 4))
post_art	Install dependencies	2026-02-19T18:36:02.0242709Z   Downloading httplib2-0.31.2-py3-none-any.whl.metadata (2.2 kB)
post_art	Install dependencies	2026-02-19T18:36:02.0498196Z Collecting google-auth-httplib2<1.0.0,>=0.2.0 (from google-api-python-client->google-generativeai->-r requirements.txt (line 4))
post_art	Install dependencies	2026-02-19T18:36:02.0539108Z   Downloading google_auth_httplib2-0.3.0-py3-none-any.whl.metadata (3.1 kB)
post_art	Install dependencies	2026-02-19T18:36:02.0653476Z Collecting uritemplate<5,>=3.0.1 (from google-api-python-client->google-generativeai->-r requirements.txt (line 4))
post_art	Install dependencies	2026-02-19T18:36:02.0693142Z   Downloading uritemplate-4.2.0-py3-none-any.whl.metadata (2.6 kB)
post_art	Install dependencies	2026-02-19T18:36:02.0960023Z Collecting pyparsing<4,>=3.1 (from httplib2<1.0.0,>=0.19.0->google-api-python-client->google-generativeai->-r requirements.txt (line 4))
post_art	Install dependencies	2026-02-19T18:36:02.1000749Z   Downloading pyparsing-3.3.2-py3-none-any.whl.metadata (5.8 kB)
post_art	Install dependencies	2026-02-19T18:36:02.1131155Z Collecting annotated-types>=0.6.0 (from pydantic->google-generativeai->-r requirements.txt (line 4))
post_art	Install dependencies	2026-02-19T18:36:02.1171801Z   Downloading annotated_types-0.7.0-py3-none-any.whl.metadata (15 kB)
post_art	Install dependencies	2026-02-19T18:36:02.9168562Z Collecting pydantic-core==2.41.5 (from pydantic->google-generativeai->-r requirements.txt (line 4))
post_art	Install dependencies	2026-02-19T18:36:02.9223296Z   Downloading pydantic_core-2.41.5-cp39-cp39-manylinux_2_17_x86_64.manylinux2014_x86_64.whl.metadata (7.3 kB)
post_art	Install dependencies	2026-02-19T18:36:02.9349510Z Collecting typing-inspection>=0.4.2 (from pydantic->google-generativeai->-r requirements.txt (line 4))
post_art	Install dependencies	2026-02-19T18:36:02.9387776Z   Downloading typing_inspection-0.4.2-py3-none-any.whl.metadata (2.6 kB)
post_art	Install dependencies	2026-02-19T18:36:02.9532908Z Downloading pytelegrambotapi-4.31.0-py3-none-any.whl (304 kB)
post_art	Install dependencies	2026-02-19T18:36:02.9615647Z Downloading requests-2.32.5-py3-none-any.whl (64 kB)
post_art	Install dependencies	2026-02-19T18:36:02.9680537Z Downloading charset_normalizer-3.4.4-cp39-cp39-manylinux2014_x86_64.manylinux_2_17_x86_64.manylinux_2_28_x86_64.whl (153 kB)
post_art	Install dependencies	2026-02-19T18:36:02.9743800Z Downloading idna-3.11-py3-none-any.whl (71 kB)
post_art	Install dependencies	2026-02-19T18:36:02.9803569Z Downloading urllib3-2.6.3-py3-none-any.whl (131 kB)
post_art	Install dependencies	2026-02-19T18:36:02.9868099Z Downloading pillow-11.3.0-cp39-cp39-manylinux_2_27_x86_64.manylinux_2_28_x86_64.whl (6.6 MB)
post_art	Install dependencies	2026-02-19T18:36:03.0096805Z    ‚îÅ‚îÅ‚îÅ‚îÅ‚îÅ‚îÅ‚îÅ‚îÅ‚îÅ‚îÅ‚îÅ‚îÅ‚îÅ‚îÅ‚îÅ‚îÅ‚îÅ‚îÅ‚îÅ‚îÅ‚îÅ‚îÅ‚îÅ‚îÅ‚îÅ‚îÅ‚îÅ‚îÅ‚îÅ‚îÅ‚îÅ‚îÅ‚îÅ‚îÅ‚îÅ‚îÅ‚îÅ‚îÅ‚îÅ‚îÅ 6.6/6.6 MB 317.8 MB/s  0:00:00
post_art	Install dependencies	2026-02-19T18:36:03.0138156Z Downloading google_generativeai-0.8.6-py3-none-any.whl (155 kB)
post_art	Install dependencies	2026-02-19T18:36:03.0202320Z Downloading google_ai_generativelanguage-0.6.15-py3-none-any.whl (1.3 MB)
post_art	Install dependencies	2026-02-19T18:36:03.0283778Z    ‚îÅ‚îÅ‚îÅ‚îÅ‚îÅ‚îÅ‚îÅ‚îÅ‚îÅ‚îÅ‚îÅ‚îÅ‚îÅ‚îÅ‚îÅ‚îÅ‚îÅ‚îÅ‚îÅ‚îÅ‚îÅ‚îÅ‚îÅ‚îÅ‚îÅ‚îÅ‚îÅ‚îÅ‚îÅ‚îÅ‚îÅ‚îÅ‚îÅ‚îÅ‚îÅ‚îÅ‚îÅ‚îÅ‚îÅ‚îÅ 1.3/1.3 MB 195.9 MB/s  0:00:00
post_art	Install dependencies	2026-02-19T18:36:03.0323538Z Downloading google_api_core-2.30.0-py3-none-any.whl (173 kB)
post_art	Install dependencies	2026-02-19T18:36:03.0387231Z Downloading google_auth-2.49.0.dev0-py3-none-any.whl (236 kB)
post_art	Install dependencies	2026-02-19T18:36:03.0455001Z Downloading googleapis_common_protos-1.72.0-py3-none-any.whl (297 kB)
post_art	Install dependencies	2026-02-19T18:36:03.0523940Z Downloading grpcio-1.78.0-cp39-cp39-manylinux2014_x86_64.manylinux_2_17_x86_64.whl (6.7 MB)
post_art	Install dependencies	2026-02-19T18:36:03.0735783Z    ‚îÅ‚îÅ‚îÅ‚îÅ‚îÅ‚îÅ‚îÅ‚îÅ‚îÅ‚îÅ‚îÅ‚îÅ‚îÅ‚îÅ‚îÅ‚îÅ‚îÅ‚îÅ‚îÅ‚îÅ‚îÅ‚îÅ‚îÅ‚îÅ‚îÅ‚îÅ‚îÅ‚îÅ‚îÅ‚îÅ‚îÅ‚îÅ‚îÅ‚îÅ‚îÅ‚îÅ‚îÅ‚îÅ‚îÅ‚îÅ 6.7/6.7 MB 350.4 MB/s  0:00:00
post_art	Install dependencies	2026-02-19T18:36:03.0781031Z Downloading grpcio_status-1.71.2-py3-none-any.whl (14 kB)
post_art	Install dependencies	2026-02-19T18:36:03.0845184Z Downloading proto_plus-1.27.1-py3-none-any.whl (50 kB)
post_art	Install dependencies	2026-02-19T18:36:03.0905549Z Downloading protobuf-5.29.6-cp38-abi3-manylinux2014_x86_64.whl (320 kB)
post_art	Install dependencies	2026-02-19T18:36:03.0972963Z Downloading typing_extensions-4.15.0-py3-none-any.whl (44 kB)
post_art	Install dependencies	2026-02-19T18:36:03.1029701Z Downloading feedparser-6.0.12-py3-none-any.whl (81 kB)
post_art	Install dependencies	2026-02-19T18:36:03.1091148Z Downloading certifi-2026.1.4-py3-none-any.whl (152 kB)
post_art	Install dependencies	2026-02-19T18:36:03.1152287Z Downloading cryptography-46.0.5-cp38-abi3-manylinux_2_34_x86_64.whl (4.5 MB)
post_art	Install dependencies	2026-02-19T18:36:03.1318017Z    ‚îÅ‚îÅ‚îÅ‚îÅ‚îÅ‚îÅ‚îÅ‚îÅ‚îÅ‚îÅ‚îÅ‚îÅ‚îÅ‚îÅ‚îÅ‚îÅ‚îÅ‚îÅ‚îÅ‚îÅ‚îÅ‚îÅ‚îÅ‚îÅ‚îÅ‚îÅ‚îÅ‚îÅ‚îÅ‚îÅ‚îÅ‚îÅ‚îÅ‚îÅ‚îÅ‚îÅ‚îÅ‚îÅ‚îÅ‚îÅ 4.5/4.5 MB 303.4 MB/s  0:00:00
post_art	Install dependencies	2026-02-19T18:36:03.1360461Z Downloading cffi-2.0.0-cp39-cp39-manylinux2014_x86_64.manylinux_2_17_x86_64.whl (216 kB)
post_art	Install dependencies	2026-02-19T18:36:03.1432873Z Downloading pyasn1_modules-0.4.2-py3-none-any.whl (181 kB)
post_art	Install dependencies	2026-02-19T18:36:03.1500621Z Downloading pyasn1-0.6.2-py3-none-any.whl (83 kB)
post_art	Install dependencies	2026-02-19T18:36:03.1571000Z Downloading google_api_python_client-2.190.0-py3-none-any.whl (14.7 MB)
post_art	Install dependencies	2026-02-19T18:36:03.1973768Z    ‚îÅ‚îÅ‚îÅ‚îÅ‚îÅ‚îÅ‚îÅ‚îÅ‚îÅ‚îÅ‚îÅ‚îÅ‚îÅ‚îÅ‚îÅ‚îÅ‚îÅ‚îÅ‚îÅ‚îÅ‚îÅ‚îÅ‚îÅ‚îÅ‚îÅ‚îÅ‚îÅ‚îÅ‚îÅ‚îÅ‚îÅ‚îÅ‚îÅ‚îÅ‚îÅ‚îÅ‚îÅ‚îÅ‚îÅ‚îÅ 14.7/14.7 MB 381.7 MB/s  0:00:00
post_art	Install dependencies	2026-02-19T18:36:03.2022776Z Downloading google_auth_httplib2-0.3.0-py3-none-any.whl (9.5 kB)
post_art	Install dependencies	2026-02-19T18:36:03.2082886Z Downloading httplib2-0.31.2-py3-none-any.whl (91 kB)
post_art	Install dependencies	2026-02-19T18:36:03.2146949Z Downloading pyparsing-3.3.2-py3-none-any.whl (122 kB)
post_art	Install dependencies	2026-02-19T18:36:03.2214502Z Downloading uritemplate-4.2.0-py3-none-any.whl (11 kB)
post_art	Install dependencies	2026-02-19T18:36:03.2283793Z Downloading pycparser-2.23-py3-none-any.whl (118 kB)
post_art	Install dependencies	2026-02-19T18:36:03.2347007Z Downloading pydantic-2.12.5-py3-none-any.whl (463 kB)
post_art	Install dependencies	2026-02-19T18:36:03.2422485Z Downloading pydantic_core-2.41.5-cp39-cp39-manylinux_2_17_x86_64.manylinux2014_x86_64.whl (2.1 MB)
post_art	Install dependencies	2026-02-19T18:36:03.2519691Z    ‚îÅ‚îÅ‚îÅ‚îÅ‚îÅ‚îÅ‚îÅ‚îÅ‚îÅ‚îÅ‚îÅ‚îÅ‚îÅ‚îÅ‚îÅ‚îÅ‚îÅ‚îÅ‚îÅ‚îÅ‚îÅ‚îÅ‚îÅ‚îÅ‚îÅ‚îÅ‚îÅ‚îÅ‚îÅ‚îÅ‚îÅ‚îÅ‚îÅ‚îÅ‚îÅ‚îÅ‚îÅ‚îÅ‚îÅ‚îÅ 2.1/2.1 MB 260.1 MB/s  0:00:00
post_art	Install dependencies	2026-02-19T18:36:03.2565225Z Downloading annotated_types-0.7.0-py3-none-any.whl (13 kB)
post_art	Install dependencies	2026-02-19T18:36:03.2627937Z Downloading typing_inspection-0.4.2-py3-none-any.whl (14 kB)
post_art	Install dependencies	2026-02-19T18:36:03.2686524Z Downloading tqdm-4.67.3-py3-none-any.whl (78 kB)
post_art	Install dependencies	2026-02-19T18:36:03.3386157Z Building wheels for collected packages: sgmllib3k
post_art	Install dependencies	2026-02-19T18:36:03.3394472Z   Building wheel for sgmllib3k (pyproject.toml): started
post_art	Install dependencies	2026-02-19T18:36:03.5299824Z   Building wheel for sgmllib3k (pyproject.toml): finished with status 'done'
post_art	Install dependencies	2026-02-19T18:36:03.5303086Z   Created wheel for sgmllib3k: filename=sgmllib3k-1.0.0-py3-none-any.whl size=6091 sha256=63ea6cbbcdebfa18ddd7cd7ec6aac3e1fdd82ea4ca3722a4db22fe53389664b9
post_art	Install dependencies	2026-02-19T18:36:03.5304191Z   Stored in directory: /home/runner/.cache/pip/wheels/65/7a/a7/78c287f64e401255dff4c13fdbc672fed5efbfd21c530114e1
post_art	Install dependencies	2026-02-19T18:36:03.5319350Z Successfully built sgmllib3k
post_art	Install dependencies	2026-02-19T18:36:03.6028857Z Installing collected packages: sgmllib3k, urllib3, uritemplate, typing-extensions, tqdm, pyparsing, pycparser, pyasn1, protobuf, Pillow, idna, feedparser, charset_normalizer, certifi, annotated-types, typing-inspection, requests, pydantic-core, pyasn1-modules, proto-plus, httplib2, grpcio, googleapis-common-protos, cffi, pyTelegramBotAPI, pydantic, grpcio-status, cryptography, google-auth, google-auth-httplib2, google-api-core, google-api-python-client, google-ai-generativelanguage, google-generativeai
post_art	Install dependencies	2026-02-19T18:36:06.5240921Z 
post_art	Install dependencies	2026-02-19T18:36:06.5288823Z Successfully installed Pillow-11.3.0 annotated-types-0.7.0 certifi-2026.1.4 cffi-2.0.0 charset_normalizer-3.4.4 cryptography-46.0.5 feedparser-6.0.12 google-ai-generativelanguage-0.6.15 google-api-core-2.30.0 google-api-python-client-2.190.0 google-auth-2.49.0.dev0 google-auth-httplib2-0.3.0 google-generativeai-0.8.6 googleapis-common-protos-1.72.0 grpcio-1.78.0 grpcio-status-1.71.2 httplib2-0.31.2 idna-3.11 proto-plus-1.27.1 protobuf-5.29.6 pyTelegramBotAPI-4.31.0 pyasn1-0.6.2 pyasn1-modules-0.4.2 pycparser-2.23 pydantic-2.12.5 pydantic-core-2.41.5 pyparsing-3.3.2 requests-2.32.5 sgmllib3k-1.0.0 tqdm-4.67.3 typing-extensions-4.15.0 typing-inspection-0.4.2 uritemplate-4.2.0 urllib3-2.6.3
post_art	List files	Ôªø2026-02-19T18:36:07.1379177Z ##[group]Run ls -la
post_art	List files	2026-02-19T18:36:07.1379436Z [36;1mls -la[0m
post_art	List files	2026-02-19T18:36:07.1399654Z shell: /usr/bin/bash -e {0}
post_art	List files	2026-02-19T18:36:07.1399921Z env:
post_art	List files	2026-02-19T18:36:07.1400188Z   pythonLocation: /opt/hostedtoolcache/Python/3.9.25/x64
post_art	List files	2026-02-19T18:36:07.1400604Z   PKG_CONFIG_PATH: /opt/hostedtoolcache/Python/3.9.25/x64/lib/pkgconfig
post_art	List files	2026-02-19T18:36:07.1401016Z   Python_ROOT_DIR: /opt/hostedtoolcache/Python/3.9.25/x64
post_art	List files	2026-02-19T18:36:07.1401374Z   Python2_ROOT_DIR: /opt/hostedtoolcache/Python/3.9.25/x64
post_art	List files	2026-02-19T18:36:07.1401733Z   Python3_ROOT_DIR: /opt/hostedtoolcache/Python/3.9.25/x64
post_art	List files	2026-02-19T18:36:07.1402095Z   LD_LIBRARY_PATH: /opt/hostedtoolcache/Python/3.9.25/x64/lib
post_art	List files	2026-02-19T18:36:07.1402399Z ##[endgroup]
post_art	List files	2026-02-19T18:36:07.1454176Z total 216
post_art	List files	2026-02-19T18:36:07.1454724Z drwxr-xr-x 4 runner runner  4096 Feb 19 18:35 .
post_art	List files	2026-02-19T18:36:07.1455304Z drwxr-xr-x 3 runner runner  4096 Feb 19 18:35 ..
post_art	List files	2026-02-19T18:36:07.1455873Z drwxr-xr-x 7 runner runner  4096 Feb 19 18:35 .git
post_art	List files	2026-02-19T18:36:07.1456468Z drwxr-xr-x 3 runner runner  4096 Feb 19 18:35 .github
post_art	List files	2026-02-19T18:36:07.1457215Z -rw-r--r-- 1 runner runner 38980 Feb 19 18:35 Roadmap_RUS.docx
post_art	List files	2026-02-19T18:36:07.1457928Z -rw-r--r-- 1 runner runner 48420 Feb 19 18:35 current_debug.txt
post_art	List files	2026-02-19T18:36:07.1458476Z -rw-r--r-- 1 runner runner   780 Feb 19 18:35 debug_models.py
post_art	List files	2026-02-19T18:36:07.1458829Z -rw-r--r-- 1 runner runner 45159 Feb 19 18:35 full_log.txt
post_art	List files	2026-02-19T18:36:07.1459165Z -rw-r--r-- 1 runner runner  1636 Feb 19 18:35 gen_docx.py
post_art	List files	2026-02-19T18:36:07.1459510Z -rw-r--r-- 1 runner runner  2210 Feb 19 18:35 gen_pdf.py
post_art	List files	2026-02-19T18:36:07.1459847Z -rw-r--r-- 1 runner runner 18217 Feb 19 18:35 last_test.png
post_art	List files	2026-02-19T18:36:07.1460185Z -rw-r--r-- 1 runner runner 17847 Feb 19 18:35 main.py
post_art	List files	2026-02-19T18:36:07.1460518Z -rw-r--r-- 1 runner runner    64 Feb 19 18:35 requirements.txt
post_art	List files	2026-02-19T18:36:07.1460874Z -rw-r--r-- 1 runner runner     0 Feb 19 18:35 target_log.txt
post_art	List files	2026-02-19T18:36:07.1461227Z -rw-r--r-- 1 runner runner  1206 Feb 19 18:35 test_keys.py
post_art	List files	2026-02-19T18:36:07.1461582Z -rw-r--r-- 1 runner runner  1873 Feb 19 18:35 test_text_gens.py
post_art	Run Art Bot	Ôªø2026-02-19T18:36:07.1493733Z ##[group]Run python3 main.py
post_art	Run Art Bot	2026-02-19T18:36:07.1494029Z [36;1mpython3 main.py[0m
post_art	Run Art Bot	2026-02-19T18:36:07.1513502Z shell: /usr/bin/bash -e {0}
post_art	Run Art Bot	2026-02-19T18:36:07.1513756Z env:
post_art	Run Art Bot	2026-02-19T18:36:07.1514023Z   pythonLocation: /opt/hostedtoolcache/Python/3.9.25/x64
post_art	Run Art Bot	2026-02-19T18:36:07.1514435Z   PKG_CONFIG_PATH: /opt/hostedtoolcache/Python/3.9.25/x64/lib/pkgconfig
post_art	Run Art Bot	2026-02-19T18:36:07.1515044Z   Python_ROOT_DIR: /opt/hostedtoolcache/Python/3.9.25/x64
post_art	Run Art Bot	2026-02-19T18:36:07.1515415Z   Python2_ROOT_DIR: /opt/hostedtoolcache/Python/3.9.25/x64
post_art	Run Art Bot	2026-02-19T18:36:07.1515772Z   Python3_ROOT_DIR: /opt/hostedtoolcache/Python/3.9.25/x64
post_art	Run Art Bot	2026-02-19T18:36:07.1516137Z   LD_LIBRARY_PATH: /opt/hostedtoolcache/Python/3.9.25/x64/lib
post_art	Run Art Bot	2026-02-19T18:36:07.1516799Z   BOT_TOKEN: ***
post_art	Run Art Bot	2026-02-19T18:36:07.1517173Z   CHANNEL_ID: ***
post_art	Run Art Bot	2026-02-19T18:36:07.1517451Z   GOOGLE_KEY: ***
post_art	Run Art Bot	2026-02-19T18:36:07.1517787Z   SILICONFLOW_KEY: ***
post_art	Run Art Bot	2026-02-19T18:36:07.1518058Z   RUNWARE_KEY: ***
post_art	Run Art Bot	2026-02-19T18:36:07.1518282Z   KIE_KEY: ***
post_art	Run Art Bot	2026-02-19T18:36:07.1518607Z   HF_KEY: ***
post_art	Run Art Bot	2026-02-19T18:36:07.1518836Z   CLOUDFLARE_ID: ***
post_art	Run Art Bot	2026-02-19T18:36:07.1519140Z   CLOUDFLARE_TOKEN: ***
post_art	Run Art Bot	2026-02-19T18:36:07.1519367Z ##[endgroup]
post_art	Run Art Bot	2026-02-19T18:36:19.7244247Z Traceback (most recent call last):
post_art	Run Art Bot	2026-02-19T18:36:19.7250845Z   File "/home/runner/work/friendlee-ai-art-bot/friendlee-ai-art-bot/main.py", line 377, in <module>
post_art	Run Art Bot	2026-02-19T18:36:19.7251403Z     run_final()
post_art	Run Art Bot	2026-02-19T18:36:19.7251885Z   File "/home/runner/work/friendlee-ai-art-bot/friendlee-ai-art-bot/main.py", line 371, in run_final
post_art	Run Art Bot	2026-02-19T18:36:19.7252718Z     bot.send_photo(target, image_data, caption=caption, parse_mode='HTML')
post_art	Run Art Bot	2026-02-19T18:36:19.7253555Z   File "/opt/hostedtoolcache/Python/3.9.25/x64/lib/python3.9/site-packages/telebot/__init__.py", line 2544, in send_photo
post_art	Run Art Bot	2026-02-19T18:36:19.7254500Z üöÄ BOOTING FRIE-ND-LEE ART BOT...
post_art	Run Art Bot	2026-02-19T18:36:19.7254946Z     apihelper.send_photo(
post_art	Run Art Bot	2026-02-19T18:36:19.7255458Z   File "/opt/hostedtoolcache/Python/3.9.25/x64/lib/python3.9/site-packages/telebot/apihelper.py", line 622, in send_photo
post_art	Run Art Bot	2026-02-19T18:36:19.7256114Z     return _make_request(token, method_url, params=payload, files=files, method='post')
post_art	Run Art Bot	2026-02-19T18:36:19.7256769Z   File "/opt/hostedtoolcache/Python/3.9.25/x64/lib/python3.9/site-packages/telebot/apihelper.py", line 168, in _make_request
post_art	Run Art Bot	2026-02-19T18:36:19.7257321Z     json_result = _check_result(method_name, result)
post_art	Run Art Bot	2026-02-19T18:36:19.7257872Z   File "/opt/hostedtoolcache/Python/3.9.25/x64/lib/python3.9/site-packages/telebot/apihelper.py", line 197, in _check_result
post_art	Run Art Bot	2026-02-19T18:36:19.7258476Z     raise ApiTelegramException(method_name, result, result_json)
post_art	Run Art Bot	2026-02-19T18:36:19.7259152Z telebot.apihelper.ApiTelegramException: A request to the Telegram API was unsuccessful. Error code: 400. Description: Bad Request: IMAGE_PROCESS_FAILED
post_art	Run Art Bot	2026-02-19T18:36:19.7259912Z üõ†Ô∏è DEBUG: sys.version: 3.9.25 (main, Nov  3 2025, 15:16:36) 
post_art	Run Art Bot	2026-02-19T18:36:19.7260211Z [GCC 13.3.0]
post_art	Run Art Bot	2026-02-19T18:36:19.7260449Z üõ†Ô∏è DEBUG: sys.argv: ['main.py']
post_art	Run Art Bot	2026-02-19T18:36:19.7260742Z üõ†Ô∏è DEBUG: TOKEN prefix: 85328...
post_art	Run Art Bot	2026-02-19T18:36:19.7261245Z üõ†Ô∏è DEBUG: CHANNEL_ID: '***' (Type: <class 'str'>)
post_art	Run Art Bot	2026-02-19T18:36:19.7261583Z ü§ñ –ë–æ—Ç –∞–≤—Ç–æ—Ä–∏–∑–æ–≤–∞–Ω: @Avatar2026_bot
post_art	Run Art Bot	2026-02-19T18:36:19.7262060Z --- FrieNDLee_FTP BOT (v2.0) üöÄ ---
post_art	Run Art Bot	2026-02-19T18:36:19.7262765Z üé≤ –°–≥–µ–Ω–µ—Ä–∏—Ä–æ–≤–∞–Ω–∞ —Ç–µ–º–∞ (God Mode V3.0): Octane Render and Rococo Cyberpunk style of Mythical Dragon in heavy rain at night, with Golden Hour, masterpiece, 8k, detailed
post_art	Run Art Bot	2026-02-19T18:36:19.7263390Z üß† Kie.ai (DeepSeek) –ø–∏—à–µ—Ç —Ç–µ–∫—Å—Ç...
post_art	Run Art Bot	2026-02-19T18:36:19.7263905Z Kie.ai Error: {"timestamp":1771526167930,"status":404,"error":"Not Found","message":"No message available","path":"/v1/chat/completions"}
post_art	Run Art Bot	2026-02-19T18:36:19.7264466Z ‚ö†Ô∏è Kie.ai –º–æ–ª—á–∏—Ç. –ü—Ä–æ–±—É—é Gemini...
post_art	Run Art Bot	2026-02-19T18:36:19.7264833Z üìù Gemini –ø–∏—à–µ—Ç —Ç–µ–∫—Å—Ç...
post_art	Run Art Bot	2026-02-19T18:36:19.7265128Z ‚ö†Ô∏è Gemini –º–æ–ª—á–∏—Ç. –ü—Ä–æ–±—É—é Pollinations AI...
post_art	Run Art Bot	2026-02-19T18:36:19.7265476Z üß† Pollinations AI (Backup Brain) –ø–∏—à–µ—Ç —Ç–µ–∫—Å—Ç...
post_art	Run Art Bot	2026-02-19T18:36:19.7265775Z üé® SiliconFlow...
post_art	Run Art Bot	2026-02-19T18:36:19.7266367Z ‚ö° Runware...
post_art	Run Art Bot	2026-02-19T18:36:19.7266577Z ü§ó HF...
post_art	Run Art Bot	2026-02-19T18:36:19.7266797Z üîÑ Pollinations Download...
post_art	Run Art Bot	2026-02-19T18:36:19.7267356Z ‚ùå –û–®–ò–ë–ö–ê: A request to the Telegram API was unsuccessful. Error code: 400. Description: Bad Request: IMAGE_PROCESS_FAILED
post_art	Run Art Bot	2026-02-19T18:36:19.7491328Z ##[error]Process completed with exit code 1.
post_art	Post Checkout code	Ôªø2026-02-19T18:36:19.7589352Z Post job cleanup.
post_art	Post Checkout code	2026-02-19T18:36:19.8252261Z [command]/usr/bin/git version
post_art	Post Checkout code	2026-02-19T18:36:19.8283354Z git version 2.52.0
post_art	Post Checkout code	2026-02-19T18:36:19.8321727Z Temporarily overriding HOME='/home/runner/work/_temp/54e4017d-1403-43b2-b6f2-d8fbe7f46492' before making global git config changes
post_art	Post Checkout code	2026-02-19T18:36:19.8322624Z Adding repository directory to the temporary git global config as a safe directory
post_art	Post Checkout code	2026-02-19T18:36:19.8326310Z [command]/usr/bin/git config --global --add safe.directory /home/runner/work/friendlee-ai-art-bot/friendlee-ai-art-bot
post_art	Post Checkout code	2026-02-19T18:36:19.8420760Z [command]/usr/bin/git config --local --name-only --get-regexp core\.sshCommand
post_art	Post Checkout code	2026-02-19T18:36:19.8422162Z [command]/usr/bin/git submodule foreach --recursive sh -c "git config --local --name-only --get-regexp 'core\.sshCommand' && git config --local --unset-all 'core.sshCommand' || :"
post_art	Post Checkout code	2026-02-19T18:36:19.8572820Z [command]/usr/bin/git config --local --name-only --get-regexp http\.https\:\/\/github\.com\/\.extraheader
post_art	Post Checkout code	2026-02-19T18:36:19.8590358Z http.https://github.com/.extraheader
post_art	Post Checkout code	2026-02-19T18:36:19.8601824Z [command]/usr/bin/git config --local --unset-all http.https://github.com/.extraheader
post_art	Post Checkout code	2026-02-19T18:36:19.8626918Z [command]/usr/bin/git submodule foreach --recursive sh -c "git config --local --name-only --get-regexp 'http\.https\:\/\/github\.com\/\.extraheader' && git config --local --unset-all 'http.https://github.com/.extraheader' || :"
post_art	Complete job	Ôªø2026-02-19T18:36:19.8890720Z Cleaning up orphan processes
