post_art	Set up job	Ôªø2026-02-19T18:07:29.2022432Z Current runner version: '2.331.0'
post_art	Set up job	2026-02-19T18:07:29.2048365Z ##[group]Runner Image Provisioner
post_art	Set up job	2026-02-19T18:07:29.2049455Z Hosted Compute Agent
post_art	Set up job	2026-02-19T18:07:29.2050078Z Version: 20260213.493
post_art	Set up job	2026-02-19T18:07:29.2050891Z Commit: 5c115507f6dd24b8de37d8bbe0bb4509d0cc0fa3
post_art	Set up job	2026-02-19T18:07:29.2051868Z Build Date: 2026-02-13T00:28:41Z
post_art	Set up job	2026-02-19T18:07:29.2052580Z Worker ID: {a1790980-f3b0-4e10-a1be-6ec0a4958079}
post_art	Set up job	2026-02-19T18:07:29.2053405Z Azure Region: westus
post_art	Set up job	2026-02-19T18:07:29.2054033Z ##[endgroup]
post_art	Set up job	2026-02-19T18:07:29.2055634Z ##[group]Operating System
post_art	Set up job	2026-02-19T18:07:29.2056333Z Ubuntu
post_art	Set up job	2026-02-19T18:07:29.2056942Z 24.04.3
post_art	Set up job	2026-02-19T18:07:29.2057562Z LTS
post_art	Set up job	2026-02-19T18:07:29.2058156Z ##[endgroup]
post_art	Set up job	2026-02-19T18:07:29.2058860Z ##[group]Runner Image
post_art	Set up job	2026-02-19T18:07:29.2059546Z Image: ubuntu-24.04
post_art	Set up job	2026-02-19T18:07:29.2060140Z Version: 20260217.30.1
post_art	Set up job	2026-02-19T18:07:29.2061295Z Included Software: https://github.com/actions/runner-images/blob/ubuntu24/20260217.30/images/ubuntu/Ubuntu2404-Readme.md
post_art	Set up job	2026-02-19T18:07:29.2063556Z Image Release: https://github.com/actions/runner-images/releases/tag/ubuntu24%2F20260217.30
post_art	Set up job	2026-02-19T18:07:29.2064562Z ##[endgroup]
post_art	Set up job	2026-02-19T18:07:29.2065819Z ##[group]GITHUB_TOKEN Permissions
post_art	Set up job	2026-02-19T18:07:29.2067767Z Contents: read
post_art	Set up job	2026-02-19T18:07:29.2068431Z Metadata: read
post_art	Set up job	2026-02-19T18:07:29.2069131Z Packages: read
post_art	Set up job	2026-02-19T18:07:29.2069700Z ##[endgroup]
post_art	Set up job	2026-02-19T18:07:29.2072833Z Secret source: Actions
post_art	Set up job	2026-02-19T18:07:29.2073700Z Prepare workflow directory
post_art	Set up job	2026-02-19T18:07:29.2400597Z Prepare all required actions
post_art	Set up job	2026-02-19T18:07:29.2437837Z Getting action download info
post_art	Set up job	2026-02-19T18:07:29.7359760Z Download action repository 'actions/checkout@v3' (SHA:f43a0e5ff2bd294095638e18286ca9a3d1956744)
post_art	Set up job	2026-02-19T18:07:29.8989949Z Download action repository 'actions/setup-python@v4' (SHA:7f4fc3e22c37d6ff65e88745f38bd3157c663f7c)
post_art	Set up job	2026-02-19T18:07:30.0863410Z Complete job name: post_art
post_art	Checkout code	Ôªø2026-02-19T18:07:30.1567607Z ##[group]Run actions/checkout@v3
post_art	Checkout code	2026-02-19T18:07:30.1568530Z with:
post_art	Checkout code	2026-02-19T18:07:30.1569079Z   repository: ksahis0900-dot/friendlee-ai-art-bot
post_art	Checkout code	2026-02-19T18:07:30.1569888Z   token: ***
post_art	Checkout code	2026-02-19T18:07:30.1570323Z   ssh-strict: true
post_art	Checkout code	2026-02-19T18:07:30.1570799Z   persist-credentials: true
post_art	Checkout code	2026-02-19T18:07:30.1571293Z   clean: true
post_art	Checkout code	2026-02-19T18:07:30.1571952Z   sparse-checkout-cone-mode: true
post_art	Checkout code	2026-02-19T18:07:30.1572486Z   fetch-depth: 1
post_art	Checkout code	2026-02-19T18:07:30.1572935Z   fetch-tags: false
post_art	Checkout code	2026-02-19T18:07:30.1573432Z   lfs: false
post_art	Checkout code	2026-02-19T18:07:30.1573911Z   submodules: false
post_art	Checkout code	2026-02-19T18:07:30.1574400Z   set-safe-directory: true
post_art	Checkout code	2026-02-19T18:07:30.1575221Z ##[endgroup]
post_art	Checkout code	2026-02-19T18:07:30.2473179Z Syncing repository: ksahis0900-dot/friendlee-ai-art-bot
post_art	Checkout code	2026-02-19T18:07:30.2475051Z ##[group]Getting Git version info
post_art	Checkout code	2026-02-19T18:07:30.2475942Z Working directory is '/home/runner/work/friendlee-ai-art-bot/friendlee-ai-art-bot'
post_art	Checkout code	2026-02-19T18:07:30.2477075Z [command]/usr/bin/git version
post_art	Checkout code	2026-02-19T18:07:30.2481538Z git version 2.53.0
post_art	Checkout code	2026-02-19T18:07:30.2507959Z ##[endgroup]
post_art	Checkout code	2026-02-19T18:07:30.2523203Z Temporarily overriding HOME='/home/runner/work/_temp/218595b6-9b4b-4a37-9831-65d9716131c2' before making global git config changes
post_art	Checkout code	2026-02-19T18:07:30.2524622Z Adding repository directory to the temporary git global config as a safe directory
post_art	Checkout code	2026-02-19T18:07:30.2526713Z [command]/usr/bin/git config --global --add safe.directory /home/runner/work/friendlee-ai-art-bot/friendlee-ai-art-bot
post_art	Checkout code	2026-02-19T18:07:30.2566570Z Deleting the contents of '/home/runner/work/friendlee-ai-art-bot/friendlee-ai-art-bot'
post_art	Checkout code	2026-02-19T18:07:30.2570055Z ##[group]Initializing the repository
post_art	Checkout code	2026-02-19T18:07:30.2573429Z [command]/usr/bin/git init /home/runner/work/friendlee-ai-art-bot/friendlee-ai-art-bot
post_art	Checkout code	2026-02-19T18:07:30.2686524Z hint: Using 'master' as the name for the initial branch. This default branch name
post_art	Checkout code	2026-02-19T18:07:30.2687832Z hint: will change to "main" in Git 3.0. To configure the initial branch name
post_art	Checkout code	2026-02-19T18:07:30.2688807Z hint: to use in all of your new repositories, which will suppress this warning,
post_art	Checkout code	2026-02-19T18:07:30.2690143Z hint: call:
post_art	Checkout code	2026-02-19T18:07:30.2690893Z hint:
post_art	Checkout code	2026-02-19T18:07:30.2691717Z hint: 	git config --global init.defaultBranch <name>
post_art	Checkout code	2026-02-19T18:07:30.2692580Z hint:
post_art	Checkout code	2026-02-19T18:07:30.2693178Z hint: Names commonly chosen instead of 'master' are 'main', 'trunk' and
post_art	Checkout code	2026-02-19T18:07:30.2694120Z hint: 'development'. The just-created branch can be renamed via this command:
post_art	Checkout code	2026-02-19T18:07:30.2694845Z hint:
post_art	Checkout code	2026-02-19T18:07:30.2695257Z hint: 	git branch -m <name>
post_art	Checkout code	2026-02-19T18:07:30.2695973Z hint:
post_art	Checkout code	2026-02-19T18:07:30.2696632Z hint: Disable this message with "git config set advice.defaultBranchName false"
post_art	Checkout code	2026-02-19T18:07:30.2697804Z Initialized empty Git repository in /home/runner/work/friendlee-ai-art-bot/friendlee-ai-art-bot/.git/
post_art	Checkout code	2026-02-19T18:07:30.2699964Z [command]/usr/bin/git remote add origin https://github.com/ksahis0900-dot/friendlee-ai-art-bot
post_art	Checkout code	2026-02-19T18:07:30.2734578Z ##[endgroup]
post_art	Checkout code	2026-02-19T18:07:30.2735400Z ##[group]Disabling automatic garbage collection
post_art	Checkout code	2026-02-19T18:07:30.2737462Z [command]/usr/bin/git config --local gc.auto 0
post_art	Checkout code	2026-02-19T18:07:30.2765372Z ##[endgroup]
post_art	Checkout code	2026-02-19T18:07:30.2766119Z ##[group]Setting up auth
post_art	Checkout code	2026-02-19T18:07:30.2770673Z [command]/usr/bin/git config --local --name-only --get-regexp core\.sshCommand
post_art	Checkout code	2026-02-19T18:07:30.2798564Z [command]/usr/bin/git submodule foreach --recursive sh -c "git config --local --name-only --get-regexp 'core\.sshCommand' && git config --local --unset-all 'core.sshCommand' || :"
post_art	Checkout code	2026-02-19T18:07:30.3182109Z [command]/usr/bin/git config --local --name-only --get-regexp http\.https\:\/\/github\.com\/\.extraheader
post_art	Checkout code	2026-02-19T18:07:30.3214858Z [command]/usr/bin/git submodule foreach --recursive sh -c "git config --local --name-only --get-regexp 'http\.https\:\/\/github\.com\/\.extraheader' && git config --local --unset-all 'http.https://github.com/.extraheader' || :"
post_art	Checkout code	2026-02-19T18:07:30.3489941Z [command]/usr/bin/git config --local http.https://github.com/.extraheader AUTHORIZATION: basic ***
post_art	Checkout code	2026-02-19T18:07:30.3526061Z ##[endgroup]
post_art	Checkout code	2026-02-19T18:07:30.3527485Z ##[group]Fetching the repository
post_art	Checkout code	2026-02-19T18:07:30.3536179Z [command]/usr/bin/git -c protocol.version=2 fetch --no-tags --prune --progress --no-recurse-submodules --depth=1 origin +0fdfb5673023bdc39e79b730bc0b32aa11d4e82a:refs/remotes/origin/master
post_art	Checkout code	2026-02-19T18:07:30.7219267Z remote: Enumerating objects: 14, done.        
post_art	Checkout code	2026-02-19T18:07:30.7220121Z remote: Counting objects:   7% (1/14)        
post_art	Checkout code	2026-02-19T18:07:30.7220812Z remote: Counting objects:  14% (2/14)        
post_art	Checkout code	2026-02-19T18:07:30.7222154Z remote: Counting objects:  21% (3/14)        
post_art	Checkout code	2026-02-19T18:07:30.7223316Z remote: Counting objects:  28% (4/14)        
post_art	Checkout code	2026-02-19T18:07:30.7224461Z remote: Counting objects:  35% (5/14)        
post_art	Checkout code	2026-02-19T18:07:30.7225604Z remote: Counting objects:  42% (6/14)        
post_art	Checkout code	2026-02-19T18:07:30.7226531Z remote: Counting objects:  50% (7/14)        
post_art	Checkout code	2026-02-19T18:07:30.7227441Z remote: Counting objects:  57% (8/14)        
post_art	Checkout code	2026-02-19T18:07:30.7228627Z remote: Counting objects:  64% (9/14)        
post_art	Checkout code	2026-02-19T18:07:30.7229840Z remote: Counting objects:  71% (10/14)        
post_art	Checkout code	2026-02-19T18:07:30.7230857Z remote: Counting objects:  78% (11/14)        
post_art	Checkout code	2026-02-19T18:07:30.7232116Z remote: Counting objects:  85% (12/14)        
post_art	Checkout code	2026-02-19T18:07:30.7233204Z remote: Counting objects:  92% (13/14)        
post_art	Checkout code	2026-02-19T18:07:30.7234223Z remote: Counting objects: 100% (14/14)        
post_art	Checkout code	2026-02-19T18:07:30.7235102Z remote: Counting objects: 100% (14/14), done.        
post_art	Checkout code	2026-02-19T18:07:30.7235821Z remote: Compressing objects:   8% (1/12)        
post_art	Checkout code	2026-02-19T18:07:30.7236447Z remote: Compressing objects:  16% (2/12)        
post_art	Checkout code	2026-02-19T18:07:30.7237071Z remote: Compressing objects:  25% (3/12)        
post_art	Checkout code	2026-02-19T18:07:30.7237945Z remote: Compressing objects:  33% (4/12)        
post_art	Checkout code	2026-02-19T18:07:30.7238649Z remote: Compressing objects:  41% (5/12)        
post_art	Checkout code	2026-02-19T18:07:30.7239286Z remote: Compressing objects:  50% (6/12)        
post_art	Checkout code	2026-02-19T18:07:30.7239938Z remote: Compressing objects:  58% (7/12)        
post_art	Checkout code	2026-02-19T18:07:30.7240813Z remote: Compressing objects:  66% (8/12)        
post_art	Checkout code	2026-02-19T18:07:30.7241729Z remote: Compressing objects:  75% (9/12)        
post_art	Checkout code	2026-02-19T18:07:30.7242419Z remote: Compressing objects:  83% (10/12)        
post_art	Checkout code	2026-02-19T18:07:30.7243060Z remote: Compressing objects:  91% (11/12)        
post_art	Checkout code	2026-02-19T18:07:30.7243699Z remote: Compressing objects: 100% (12/12)        
post_art	Checkout code	2026-02-19T18:07:30.7244372Z remote: Compressing objects: 100% (12/12), done.        
post_art	Checkout code	2026-02-19T18:07:30.7599145Z remote: Total 14 (delta 0), reused 12 (delta 0), pack-reused 0 (from 0)        
post_art	Checkout code	2026-02-19T18:07:30.7660849Z From https://github.com/ksahis0900-dot/friendlee-ai-art-bot
post_art	Checkout code	2026-02-19T18:07:30.7662651Z  * [new ref]         0fdfb5673023bdc39e79b730bc0b32aa11d4e82a -> origin/master
post_art	Checkout code	2026-02-19T18:07:30.7699723Z ##[endgroup]
post_art	Checkout code	2026-02-19T18:07:30.7700962Z ##[group]Determining the checkout info
post_art	Checkout code	2026-02-19T18:07:30.7702742Z ##[endgroup]
post_art	Checkout code	2026-02-19T18:07:30.7703955Z ##[group]Checking out the ref
post_art	Checkout code	2026-02-19T18:07:30.7705969Z [command]/usr/bin/git checkout --progress --force -B master refs/remotes/origin/master
post_art	Checkout code	2026-02-19T18:07:30.7758665Z Reset branch 'master'
post_art	Checkout code	2026-02-19T18:07:30.7761970Z branch 'master' set up to track 'origin/master'.
post_art	Checkout code	2026-02-19T18:07:30.7768038Z ##[endgroup]
post_art	Checkout code	2026-02-19T18:07:30.7801709Z [command]/usr/bin/git log -1 --format='%H'
post_art	Checkout code	2026-02-19T18:07:30.7824356Z '0fdfb5673023bdc39e79b730bc0b32aa11d4e82a'
post_art	Set up Python	Ôªø2026-02-19T18:07:30.8059723Z ##[group]Run actions/setup-python@v4
post_art	Set up Python	2026-02-19T18:07:30.8060345Z with:
post_art	Set up Python	2026-02-19T18:07:30.8060762Z   python-version: 3.9
post_art	Set up Python	2026-02-19T18:07:30.8061225Z   check-latest: false
post_art	Set up Python	2026-02-19T18:07:30.8061986Z   token: ***
post_art	Set up Python	2026-02-19T18:07:30.8062423Z   update-environment: true
post_art	Set up Python	2026-02-19T18:07:30.8062920Z   allow-prereleases: false
post_art	Set up Python	2026-02-19T18:07:30.8063393Z ##[endgroup]
post_art	Set up Python	2026-02-19T18:07:30.9792641Z ##[group]Installed versions
post_art	Set up Python	2026-02-19T18:07:30.9886437Z Version 3.9 was not found in the local cache
post_art	Set up Python	2026-02-19T18:07:31.7806980Z Version 3.9 is available for downloading
post_art	Set up Python	2026-02-19T18:07:31.7808974Z Download from "https://github.com/actions/python-versions/releases/download/3.9.25-19039189640/python-3.9.25-linux-24.04-x64.tar.gz"
post_art	Set up Python	2026-02-19T18:07:32.4674293Z Extract downloaded archive
post_art	Set up Python	2026-02-19T18:07:32.4784928Z [command]/usr/bin/tar xz --warning=no-unknown-keyword -C /home/runner/work/_temp/67e8e3eb-b204-4b37-acb9-2500474e3585 -f /home/runner/work/_temp/fb5dcf99-ea17-45ed-9268-a40835a8df31
post_art	Set up Python	2026-02-19T18:07:33.8574155Z Execute installation script
post_art	Set up Python	2026-02-19T18:07:33.8672822Z Check if Python hostedtoolcache folder exist...
post_art	Set up Python	2026-02-19T18:07:33.8673796Z Create Python 3.9.25 folder
post_art	Set up Python	2026-02-19T18:07:33.8741264Z Copy Python binaries to hostedtoolcache folder
post_art	Set up Python	2026-02-19T18:07:34.3935754Z Create additional symlinks (Required for the UsePythonVersion Azure Pipelines task and the setup-python GitHub Action)
post_art	Set up Python	2026-02-19T18:07:34.3979770Z Upgrading pip...
post_art	Set up Python	2026-02-19T18:07:36.6755151Z Looking in links: /tmp/tmpohl1lwb_
post_art	Set up Python	2026-02-19T18:07:36.6760480Z Requirement already satisfied: setuptools in /opt/hostedtoolcache/Python/3.9.25/x64/lib/python3.9/site-packages (79.0.1)
post_art	Set up Python	2026-02-19T18:07:36.6766164Z Requirement already satisfied: pip in /opt/hostedtoolcache/Python/3.9.25/x64/lib/python3.9/site-packages (23.0.1)
post_art	Set up Python	2026-02-19T18:07:37.9450617Z Collecting pip
post_art	Set up Python	2026-02-19T18:07:37.9792030Z Downloading pip-26.0.1-py3-none-any.whl (1.8 MB)
post_art	Set up Python	2026-02-19T18:07:38.0159801Z ‚îÅ‚îÅ‚îÅ‚îÅ‚îÅ‚îÅ‚îÅ‚îÅ‚îÅ‚îÅ‚îÅ‚îÅ‚îÅ‚îÅ‚îÅ‚îÅ‚îÅ‚îÅ‚îÅ‚îÅ‚îÅ‚îÅ‚îÅ‚îÅ‚îÅ‚îÅ‚îÅ‚îÅ‚îÅ‚îÅ‚îÅ‚îÅ‚îÅ‚îÅ‚îÅ‚îÅ‚îÅ‚îÅ‚îÅ‚îÅ 1.8/1.8 MB 53.0 MB/s eta 0:00:00
post_art	Set up Python	2026-02-19T18:07:38.0162235Z 
post_art	Set up Python	2026-02-19T18:07:38.0762605Z Installing collected packages: pip
post_art	Set up Python	2026-02-19T18:07:38.0763428Z Attempting uninstall: pip
post_art	Set up Python	2026-02-19T18:07:38.0771984Z Found existing installation: pip 23.0.1
post_art	Set up Python	2026-02-19T18:07:38.2679624Z Uninstalling pip-23.0.1:
post_art	Set up Python	2026-02-19T18:07:38.2754407Z Successfully uninstalled pip-23.0.1
post_art	Set up Python	2026-02-19T18:07:39.1170648Z Successfully installed pip-26.0.1
post_art	Set up Python	2026-02-19T18:07:39.1732838Z Create complete file
post_art	Set up Python	2026-02-19T18:07:39.1788157Z Successfully set up CPython (3.9.25)
post_art	Set up Python	2026-02-19T18:07:39.1789070Z ##[endgroup]
post_art	Install dependencies	Ôªø2026-02-19T18:07:39.1936043Z ##[group]Run pip install -r requirements.txt
post_art	Install dependencies	2026-02-19T18:07:39.1936504Z [36;1mpip install -r requirements.txt[0m
post_art	Install dependencies	2026-02-19T18:07:39.1993004Z shell: /usr/bin/bash -e {0}
post_art	Install dependencies	2026-02-19T18:07:39.1993328Z env:
post_art	Install dependencies	2026-02-19T18:07:39.1993643Z   pythonLocation: /opt/hostedtoolcache/Python/3.9.25/x64
post_art	Install dependencies	2026-02-19T18:07:39.1994135Z   PKG_CONFIG_PATH: /opt/hostedtoolcache/Python/3.9.25/x64/lib/pkgconfig
post_art	Install dependencies	2026-02-19T18:07:39.1994583Z   Python_ROOT_DIR: /opt/hostedtoolcache/Python/3.9.25/x64
post_art	Install dependencies	2026-02-19T18:07:39.1994972Z   Python2_ROOT_DIR: /opt/hostedtoolcache/Python/3.9.25/x64
post_art	Install dependencies	2026-02-19T18:07:39.1995366Z   Python3_ROOT_DIR: /opt/hostedtoolcache/Python/3.9.25/x64
post_art	Install dependencies	2026-02-19T18:07:39.1995763Z   LD_LIBRARY_PATH: /opt/hostedtoolcache/Python/3.9.25/x64/lib
post_art	Install dependencies	2026-02-19T18:07:39.1996090Z ##[endgroup]
post_art	Install dependencies	2026-02-19T18:07:39.6168431Z Collecting pyTelegramBotAPI (from -r requirements.txt (line 1))
post_art	Install dependencies	2026-02-19T18:07:39.6520852Z   Downloading pytelegrambotapi-4.31.0-py3-none-any.whl.metadata (48 kB)
post_art	Install dependencies	2026-02-19T18:07:39.6960037Z Collecting requests (from -r requirements.txt (line 2))
post_art	Install dependencies	2026-02-19T18:07:39.7001020Z   Downloading requests-2.32.5-py3-none-any.whl.metadata (4.9 kB)
post_art	Install dependencies	2026-02-19T18:07:39.9271933Z Collecting Pillow (from -r requirements.txt (line 3))
post_art	Install dependencies	2026-02-19T18:07:39.9310860Z   Downloading pillow-11.3.0-cp39-cp39-manylinux_2_27_x86_64.manylinux_2_28_x86_64.whl.metadata (9.0 kB)
post_art	Install dependencies	2026-02-19T18:07:39.9516730Z Collecting google-generativeai (from -r requirements.txt (line 4))
post_art	Install dependencies	2026-02-19T18:07:39.9549801Z   Downloading google_generativeai-0.8.6-py3-none-any.whl.metadata (3.9 kB)
post_art	Install dependencies	2026-02-19T18:07:39.9761192Z Collecting feedparser (from -r requirements.txt (line 5))
post_art	Install dependencies	2026-02-19T18:07:39.9802508Z   Downloading feedparser-6.0.12-py3-none-any.whl.metadata (2.7 kB)
post_art	Install dependencies	2026-02-19T18:07:40.0788234Z Collecting charset_normalizer<4,>=2 (from requests->-r requirements.txt (line 2))
post_art	Install dependencies	2026-02-19T18:07:40.0826833Z   Downloading charset_normalizer-3.4.4-cp39-cp39-manylinux2014_x86_64.manylinux_2_17_x86_64.manylinux_2_28_x86_64.whl.metadata (37 kB)
post_art	Install dependencies	2026-02-19T18:07:40.1027786Z Collecting idna<4,>=2.5 (from requests->-r requirements.txt (line 2))
post_art	Install dependencies	2026-02-19T18:07:40.1081085Z   Downloading idna-3.11-py3-none-any.whl.metadata (8.4 kB)
post_art	Install dependencies	2026-02-19T18:07:40.1375323Z Collecting urllib3<3,>=1.21.1 (from requests->-r requirements.txt (line 2))
post_art	Install dependencies	2026-02-19T18:07:40.1414792Z   Downloading urllib3-2.6.3-py3-none-any.whl.metadata (6.9 kB)
post_art	Install dependencies	2026-02-19T18:07:40.1646321Z Collecting certifi>=2017.4.17 (from requests->-r requirements.txt (line 2))
post_art	Install dependencies	2026-02-19T18:07:40.1682531Z   Downloading certifi-2026.1.4-py3-none-any.whl.metadata (2.5 kB)
post_art	Install dependencies	2026-02-19T18:07:40.1979696Z Collecting google-ai-generativelanguage==0.6.15 (from google-generativeai->-r requirements.txt (line 4))
post_art	Install dependencies	2026-02-19T18:07:40.2020603Z   Downloading google_ai_generativelanguage-0.6.15-py3-none-any.whl.metadata (5.7 kB)
post_art	Install dependencies	2026-02-19T18:07:40.2455251Z Collecting google-api-core (from google-generativeai->-r requirements.txt (line 4))
post_art	Install dependencies	2026-02-19T18:07:40.2500774Z   Downloading google_api_core-2.30.0-py3-none-any.whl.metadata (3.1 kB)
post_art	Install dependencies	2026-02-19T18:07:40.3137576Z Collecting google-api-python-client (from google-generativeai->-r requirements.txt (line 4))
post_art	Install dependencies	2026-02-19T18:07:40.3200425Z   Downloading google_api_python_client-2.190.0-py3-none-any.whl.metadata (7.0 kB)
post_art	Install dependencies	2026-02-19T18:07:40.3592135Z Collecting google-auth>=2.15.0 (from google-generativeai->-r requirements.txt (line 4))
post_art	Install dependencies	2026-02-19T18:07:40.3650108Z   Downloading google_auth-2.48.0-py3-none-any.whl.metadata (6.2 kB)
post_art	Install dependencies	2026-02-19T18:07:40.5852429Z Collecting protobuf (from google-generativeai->-r requirements.txt (line 4))
post_art	Install dependencies	2026-02-19T18:07:40.5891838Z   Downloading protobuf-6.33.5-cp39-abi3-manylinux2014_x86_64.whl.metadata (593 bytes)
post_art	Install dependencies	2026-02-19T18:07:40.7368661Z Collecting pydantic (from google-generativeai->-r requirements.txt (line 4))
post_art	Install dependencies	2026-02-19T18:07:40.7410739Z   Downloading pydantic-2.12.5-py3-none-any.whl.metadata (90 kB)
post_art	Install dependencies	2026-02-19T18:07:40.7844410Z Collecting tqdm (from google-generativeai->-r requirements.txt (line 4))
post_art	Install dependencies	2026-02-19T18:07:40.7880215Z   Downloading tqdm-4.67.3-py3-none-any.whl.metadata (57 kB)
post_art	Install dependencies	2026-02-19T18:07:40.8122334Z Collecting typing-extensions (from google-generativeai->-r requirements.txt (line 4))
post_art	Install dependencies	2026-02-19T18:07:40.8158069Z   Downloading typing_extensions-4.15.0-py3-none-any.whl.metadata (3.3 kB)
post_art	Install dependencies	2026-02-19T18:07:40.9020939Z Collecting google-auth>=2.15.0 (from google-generativeai->-r requirements.txt (line 4))
post_art	Install dependencies	2026-02-19T18:07:40.9059587Z   Downloading google_auth-2.49.0.dev0-py3-none-any.whl.metadata (6.0 kB)
post_art	Install dependencies	2026-02-19T18:07:40.9308570Z Collecting proto-plus<2.0.0dev,>=1.22.3 (from google-ai-generativelanguage==0.6.15->google-generativeai->-r requirements.txt (line 4))
post_art	Install dependencies	2026-02-19T18:07:40.9344093Z   Downloading proto_plus-1.27.1-py3-none-any.whl.metadata (2.2 kB)
post_art	Install dependencies	2026-02-19T18:07:40.9695852Z Collecting protobuf (from google-generativeai->-r requirements.txt (line 4))
post_art	Install dependencies	2026-02-19T18:07:40.9768719Z   Downloading protobuf-5.29.6-cp38-abi3-manylinux2014_x86_64.whl.metadata (592 bytes)
post_art	Install dependencies	2026-02-19T18:07:40.9980269Z Collecting googleapis-common-protos<2.0.0,>=1.56.3 (from google-api-core->google-generativeai->-r requirements.txt (line 4))
post_art	Install dependencies	2026-02-19T18:07:41.0016420Z   Downloading googleapis_common_protos-1.72.0-py3-none-any.whl.metadata (9.4 kB)
post_art	Install dependencies	2026-02-19T18:07:41.6959854Z Collecting grpcio<2.0.0,>=1.33.2 (from google-api-core[grpc]!=2.0.*,!=2.1.*,!=2.10.*,!=2.2.*,!=2.3.*,!=2.4.*,!=2.5.*,!=2.6.*,!=2.7.*,!=2.8.*,!=2.9.*,<3.0.0dev,>=1.34.1->google-ai-generativelanguage==0.6.15->google-generativeai->-r requirements.txt (line 4))
post_art	Install dependencies	2026-02-19T18:07:41.7003283Z   Downloading grpcio-1.78.0-cp39-cp39-manylinux2014_x86_64.manylinux_2_17_x86_64.whl.metadata (3.8 kB)
post_art	Install dependencies	2026-02-19T18:07:41.7860002Z Collecting grpcio-status<2.0.0,>=1.33.2 (from google-api-core[grpc]!=2.0.*,!=2.1.*,!=2.10.*,!=2.2.*,!=2.3.*,!=2.4.*,!=2.5.*,!=2.6.*,!=2.7.*,!=2.8.*,!=2.9.*,<3.0.0dev,>=1.34.1->google-ai-generativelanguage==0.6.15->google-generativeai->-r requirements.txt (line 4))
post_art	Install dependencies	2026-02-19T18:07:41.7905336Z   Downloading grpcio_status-1.78.0-py3-none-any.whl.metadata (1.3 kB)
post_art	Install dependencies	2026-02-19T18:07:41.8120897Z Collecting pyasn1-modules>=0.2.1 (from google-auth>=2.15.0->google-generativeai->-r requirements.txt (line 4))
post_art	Install dependencies	2026-02-19T18:07:41.8156478Z   Downloading pyasn1_modules-0.4.2-py3-none-any.whl.metadata (3.5 kB)
post_art	Install dependencies	2026-02-19T18:07:42.0326343Z Collecting cryptography>=38.0.3 (from google-auth>=2.15.0->google-generativeai->-r requirements.txt (line 4))
post_art	Install dependencies	2026-02-19T18:07:42.0367571Z   Downloading cryptography-46.0.5-cp38-abi3-manylinux_2_34_x86_64.whl.metadata (5.7 kB)
post_art	Install dependencies	2026-02-19T18:07:42.0714505Z INFO: pip is looking at multiple versions of grpcio-status to determine which version is compatible with other requirements. This could take a while.
post_art	Install dependencies	2026-02-19T18:07:42.0722023Z Collecting grpcio-status<2.0.0,>=1.33.2 (from google-api-core[grpc]!=2.0.*,!=2.1.*,!=2.10.*,!=2.2.*,!=2.3.*,!=2.4.*,!=2.5.*,!=2.6.*,!=2.7.*,!=2.8.*,!=2.9.*,<3.0.0dev,>=1.34.1->google-ai-generativelanguage==0.6.15->google-generativeai->-r requirements.txt (line 4))
post_art	Install dependencies	2026-02-19T18:07:42.0770078Z   Downloading grpcio_status-1.76.0-py3-none-any.whl.metadata (1.1 kB)
post_art	Install dependencies	2026-02-19T18:07:42.0846377Z   Downloading grpcio_status-1.75.1-py3-none-any.whl.metadata (1.1 kB)
post_art	Install dependencies	2026-02-19T18:07:42.0915375Z   Downloading grpcio_status-1.75.0-py3-none-any.whl.metadata (1.1 kB)
post_art	Install dependencies	2026-02-19T18:07:42.0986045Z   Downloading grpcio_status-1.74.0-py3-none-any.whl.metadata (1.1 kB)
post_art	Install dependencies	2026-02-19T18:07:42.1062985Z   Downloading grpcio_status-1.73.1-py3-none-any.whl.metadata (1.1 kB)
post_art	Install dependencies	2026-02-19T18:07:42.1377397Z   Downloading grpcio_status-1.73.0-py3-none-any.whl.metadata (1.1 kB)
post_art	Install dependencies	2026-02-19T18:07:42.1451009Z   Downloading grpcio_status-1.72.2-py3-none-any.whl.metadata (1.1 kB)
post_art	Install dependencies	2026-02-19T18:07:42.1492236Z INFO: pip is still looking at multiple versions of grpcio-status to determine which version is compatible with other requirements. This could take a while.
post_art	Install dependencies	2026-02-19T18:07:42.1533020Z   Downloading grpcio_status-1.72.1-py3-none-any.whl.metadata (1.1 kB)
post_art	Install dependencies	2026-02-19T18:07:42.1606008Z   Downloading grpcio_status-1.71.2-py3-none-any.whl.metadata (1.1 kB)
post_art	Install dependencies	2026-02-19T18:07:42.2195537Z Collecting sgmllib3k (from feedparser->-r requirements.txt (line 5))
post_art	Install dependencies	2026-02-19T18:07:42.2234649Z   Downloading sgmllib3k-1.0.0.tar.gz (5.8 kB)
post_art	Install dependencies	2026-02-19T18:07:42.2323560Z   Installing build dependencies: started
post_art	Install dependencies	2026-02-19T18:07:42.9812332Z   Installing build dependencies: finished with status 'done'
post_art	Install dependencies	2026-02-19T18:07:42.9823695Z   Getting requirements to build wheel: started
post_art	Install dependencies	2026-02-19T18:07:43.3355295Z   Getting requirements to build wheel: finished with status 'done'
post_art	Install dependencies	2026-02-19T18:07:43.3370204Z   Preparing metadata (pyproject.toml): started
post_art	Install dependencies	2026-02-19T18:07:43.5189604Z   Preparing metadata (pyproject.toml): finished with status 'done'
post_art	Install dependencies	2026-02-19T18:07:43.6480988Z Collecting cffi>=2.0.0 (from cryptography>=38.0.3->google-auth>=2.15.0->google-generativeai->-r requirements.txt (line 4))
post_art	Install dependencies	2026-02-19T18:07:43.6521796Z   Downloading cffi-2.0.0-cp39-cp39-manylinux2014_x86_64.manylinux_2_17_x86_64.whl.metadata (2.6 kB)
post_art	Install dependencies	2026-02-19T18:07:43.6675686Z Collecting pycparser (from cffi>=2.0.0->cryptography>=38.0.3->google-auth>=2.15.0->google-generativeai->-r requirements.txt (line 4))
post_art	Install dependencies	2026-02-19T18:07:43.6711590Z   Downloading pycparser-2.23-py3-none-any.whl.metadata (993 bytes)
post_art	Install dependencies	2026-02-19T18:07:43.6948196Z Collecting pyasn1<0.7.0,>=0.6.1 (from pyasn1-modules>=0.2.1->google-auth>=2.15.0->google-generativeai->-r requirements.txt (line 4))
post_art	Install dependencies	2026-02-19T18:07:43.6983384Z   Downloading pyasn1-0.6.2-py3-none-any.whl.metadata (8.4 kB)
post_art	Install dependencies	2026-02-19T18:07:43.7156490Z Collecting httplib2<1.0.0,>=0.19.0 (from google-api-python-client->google-generativeai->-r requirements.txt (line 4))
post_art	Install dependencies	2026-02-19T18:07:43.7192870Z   Downloading httplib2-0.31.2-py3-none-any.whl.metadata (2.2 kB)
post_art	Install dependencies	2026-02-19T18:07:43.7463023Z Collecting google-auth-httplib2<1.0.0,>=0.2.0 (from google-api-python-client->google-generativeai->-r requirements.txt (line 4))
post_art	Install dependencies	2026-02-19T18:07:43.7498472Z   Downloading google_auth_httplib2-0.3.0-py3-none-any.whl.metadata (3.1 kB)
post_art	Install dependencies	2026-02-19T18:07:43.7633580Z Collecting uritemplate<5,>=3.0.1 (from google-api-python-client->google-generativeai->-r requirements.txt (line 4))
post_art	Install dependencies	2026-02-19T18:07:43.7730056Z   Downloading uritemplate-4.2.0-py3-none-any.whl.metadata (2.6 kB)
post_art	Install dependencies	2026-02-19T18:07:43.8036134Z Collecting pyparsing<4,>=3.1 (from httplib2<1.0.0,>=0.19.0->google-api-python-client->google-generativeai->-r requirements.txt (line 4))
post_art	Install dependencies	2026-02-19T18:07:43.8075263Z   Downloading pyparsing-3.3.2-py3-none-any.whl.metadata (5.8 kB)
post_art	Install dependencies	2026-02-19T18:07:43.8212856Z Collecting annotated-types>=0.6.0 (from pydantic->google-generativeai->-r requirements.txt (line 4))
post_art	Install dependencies	2026-02-19T18:07:43.8247597Z   Downloading annotated_types-0.7.0-py3-none-any.whl.metadata (15 kB)
post_art	Install dependencies	2026-02-19T18:07:44.7474533Z Collecting pydantic-core==2.41.5 (from pydantic->google-generativeai->-r requirements.txt (line 4))
post_art	Install dependencies	2026-02-19T18:07:44.7530510Z   Downloading pydantic_core-2.41.5-cp39-cp39-manylinux_2_17_x86_64.manylinux2014_x86_64.whl.metadata (7.3 kB)
post_art	Install dependencies	2026-02-19T18:07:44.7668082Z Collecting typing-inspection>=0.4.2 (from pydantic->google-generativeai->-r requirements.txt (line 4))
post_art	Install dependencies	2026-02-19T18:07:44.7703993Z   Downloading typing_inspection-0.4.2-py3-none-any.whl.metadata (2.6 kB)
post_art	Install dependencies	2026-02-19T18:07:44.7843461Z Downloading pytelegrambotapi-4.31.0-py3-none-any.whl (304 kB)
post_art	Install dependencies	2026-02-19T18:07:44.7947626Z Downloading requests-2.32.5-py3-none-any.whl (64 kB)
post_art	Install dependencies	2026-02-19T18:07:44.8022285Z Downloading charset_normalizer-3.4.4-cp39-cp39-manylinux2014_x86_64.manylinux_2_17_x86_64.manylinux_2_28_x86_64.whl (153 kB)
post_art	Install dependencies	2026-02-19T18:07:44.8094256Z Downloading idna-3.11-py3-none-any.whl (71 kB)
post_art	Install dependencies	2026-02-19T18:07:44.8155532Z Downloading urllib3-2.6.3-py3-none-any.whl (131 kB)
post_art	Install dependencies	2026-02-19T18:07:44.8275806Z Downloading pillow-11.3.0-cp39-cp39-manylinux_2_27_x86_64.manylinux_2_28_x86_64.whl (6.6 MB)
post_art	Install dependencies	2026-02-19T18:07:44.8862155Z    ‚îÅ‚îÅ‚îÅ‚îÅ‚îÅ‚îÅ‚îÅ‚îÅ‚îÅ‚îÅ‚îÅ‚îÅ‚îÅ‚îÅ‚îÅ‚îÅ‚îÅ‚îÅ‚îÅ‚îÅ‚îÅ‚îÅ‚îÅ‚îÅ‚îÅ‚îÅ‚îÅ‚îÅ‚îÅ‚îÅ‚îÅ‚îÅ‚îÅ‚îÅ‚îÅ‚îÅ‚îÅ‚îÅ‚îÅ‚îÅ 6.6/6.6 MB 120.6 MB/s  0:00:00
post_art	Install dependencies	2026-02-19T18:07:44.8905271Z Downloading google_generativeai-0.8.6-py3-none-any.whl (155 kB)
post_art	Install dependencies	2026-02-19T18:07:44.8973688Z Downloading google_ai_generativelanguage-0.6.15-py3-none-any.whl (1.3 MB)
post_art	Install dependencies	2026-02-19T18:07:44.9089827Z    ‚îÅ‚îÅ‚îÅ‚îÅ‚îÅ‚îÅ‚îÅ‚îÅ‚îÅ‚îÅ‚îÅ‚îÅ‚îÅ‚îÅ‚îÅ‚îÅ‚îÅ‚îÅ‚îÅ‚îÅ‚îÅ‚îÅ‚îÅ‚îÅ‚îÅ‚îÅ‚îÅ‚îÅ‚îÅ‚îÅ‚îÅ‚îÅ‚îÅ‚îÅ‚îÅ‚îÅ‚îÅ‚îÅ‚îÅ‚îÅ 1.3/1.3 MB 134.2 MB/s  0:00:00
post_art	Install dependencies	2026-02-19T18:07:44.9128442Z Downloading google_api_core-2.30.0-py3-none-any.whl (173 kB)
post_art	Install dependencies	2026-02-19T18:07:44.9191949Z Downloading google_auth-2.49.0.dev0-py3-none-any.whl (236 kB)
post_art	Install dependencies	2026-02-19T18:07:44.9259378Z Downloading googleapis_common_protos-1.72.0-py3-none-any.whl (297 kB)
post_art	Install dependencies	2026-02-19T18:07:44.9350790Z Downloading grpcio-1.78.0-cp39-cp39-manylinux2014_x86_64.manylinux_2_17_x86_64.whl (6.7 MB)
post_art	Install dependencies	2026-02-19T18:07:44.9769039Z    ‚îÅ‚îÅ‚îÅ‚îÅ‚îÅ‚îÅ‚îÅ‚îÅ‚îÅ‚îÅ‚îÅ‚îÅ‚îÅ‚îÅ‚îÅ‚îÅ‚îÅ‚îÅ‚îÅ‚îÅ‚îÅ‚îÅ‚îÅ‚îÅ‚îÅ‚îÅ‚îÅ‚îÅ‚îÅ‚îÅ‚îÅ‚îÅ‚îÅ‚îÅ‚îÅ‚îÅ‚îÅ‚îÅ‚îÅ‚îÅ 6.7/6.7 MB 167.5 MB/s  0:00:00
post_art	Install dependencies	2026-02-19T18:07:44.9807454Z Downloading grpcio_status-1.71.2-py3-none-any.whl (14 kB)
post_art	Install dependencies	2026-02-19T18:07:44.9868546Z Downloading proto_plus-1.27.1-py3-none-any.whl (50 kB)
post_art	Install dependencies	2026-02-19T18:07:44.9932074Z Downloading protobuf-5.29.6-cp38-abi3-manylinux2014_x86_64.whl (320 kB)
post_art	Install dependencies	2026-02-19T18:07:45.0004298Z Downloading typing_extensions-4.15.0-py3-none-any.whl (44 kB)
post_art	Install dependencies	2026-02-19T18:07:45.0062561Z Downloading feedparser-6.0.12-py3-none-any.whl (81 kB)
post_art	Install dependencies	2026-02-19T18:07:45.0122992Z Downloading certifi-2026.1.4-py3-none-any.whl (152 kB)
post_art	Install dependencies	2026-02-19T18:07:45.0186729Z Downloading cryptography-46.0.5-cp38-abi3-manylinux_2_34_x86_64.whl (4.5 MB)
post_art	Install dependencies	2026-02-19T18:07:45.0422148Z    ‚îÅ‚îÅ‚îÅ‚îÅ‚îÅ‚îÅ‚îÅ‚îÅ‚îÅ‚îÅ‚îÅ‚îÅ‚îÅ‚îÅ‚îÅ‚îÅ‚îÅ‚îÅ‚îÅ‚îÅ‚îÅ‚îÅ‚îÅ‚îÅ‚îÅ‚îÅ‚îÅ‚îÅ‚îÅ‚îÅ‚îÅ‚îÅ‚îÅ‚îÅ‚îÅ‚îÅ‚îÅ‚îÅ‚îÅ‚îÅ 4.5/4.5 MB 206.7 MB/s  0:00:00
post_art	Install dependencies	2026-02-19T18:07:45.0460080Z Downloading cffi-2.0.0-cp39-cp39-manylinux2014_x86_64.manylinux_2_17_x86_64.whl (216 kB)
post_art	Install dependencies	2026-02-19T18:07:45.0525304Z Downloading pyasn1_modules-0.4.2-py3-none-any.whl (181 kB)
post_art	Install dependencies	2026-02-19T18:07:45.0586459Z Downloading pyasn1-0.6.2-py3-none-any.whl (83 kB)
post_art	Install dependencies	2026-02-19T18:07:45.0645717Z Downloading google_api_python_client-2.190.0-py3-none-any.whl (14.7 MB)
post_art	Install dependencies	2026-02-19T18:07:45.1328368Z    ‚îÅ‚îÅ‚îÅ‚îÅ‚îÅ‚îÅ‚îÅ‚îÅ‚îÅ‚îÅ‚îÅ‚îÅ‚îÅ‚îÅ‚îÅ‚îÅ‚îÅ‚îÅ‚îÅ‚îÅ‚îÅ‚îÅ‚îÅ‚îÅ‚îÅ‚îÅ‚îÅ‚îÅ‚îÅ‚îÅ‚îÅ‚îÅ‚îÅ‚îÅ‚îÅ‚îÅ‚îÅ‚îÅ‚îÅ‚îÅ 14.7/14.7 MB 222.1 MB/s  0:00:00
post_art	Install dependencies	2026-02-19T18:07:45.1366124Z Downloading google_auth_httplib2-0.3.0-py3-none-any.whl (9.5 kB)
post_art	Install dependencies	2026-02-19T18:07:45.1424455Z Downloading httplib2-0.31.2-py3-none-any.whl (91 kB)
post_art	Install dependencies	2026-02-19T18:07:45.1484458Z Downloading pyparsing-3.3.2-py3-none-any.whl (122 kB)
post_art	Install dependencies	2026-02-19T18:07:45.1545218Z Downloading uritemplate-4.2.0-py3-none-any.whl (11 kB)
post_art	Install dependencies	2026-02-19T18:07:45.1600459Z Downloading pycparser-2.23-py3-none-any.whl (118 kB)
post_art	Install dependencies	2026-02-19T18:07:45.1666335Z Downloading pydantic-2.12.5-py3-none-any.whl (463 kB)
post_art	Install dependencies	2026-02-19T18:07:45.1800186Z Downloading pydantic_core-2.41.5-cp39-cp39-manylinux_2_17_x86_64.manylinux2014_x86_64.whl (2.1 MB)
post_art	Install dependencies	2026-02-19T18:07:45.1953674Z    ‚îÅ‚îÅ‚îÅ‚îÅ‚îÅ‚îÅ‚îÅ‚îÅ‚îÅ‚îÅ‚îÅ‚îÅ‚îÅ‚îÅ‚îÅ‚îÅ‚îÅ‚îÅ‚îÅ‚îÅ‚îÅ‚îÅ‚îÅ‚îÅ‚îÅ‚îÅ‚îÅ‚îÅ‚îÅ‚îÅ‚îÅ‚îÅ‚îÅ‚îÅ‚îÅ‚îÅ‚îÅ‚îÅ‚îÅ‚îÅ 2.1/2.1 MB 149.2 MB/s  0:00:00
post_art	Install dependencies	2026-02-19T18:07:45.1993445Z Downloading annotated_types-0.7.0-py3-none-any.whl (13 kB)
post_art	Install dependencies	2026-02-19T18:07:45.2052924Z Downloading typing_inspection-0.4.2-py3-none-any.whl (14 kB)
post_art	Install dependencies	2026-02-19T18:07:45.2112409Z Downloading tqdm-4.67.3-py3-none-any.whl (78 kB)
post_art	Install dependencies	2026-02-19T18:07:45.2768956Z Building wheels for collected packages: sgmllib3k
post_art	Install dependencies	2026-02-19T18:07:45.2779018Z   Building wheel for sgmllib3k (pyproject.toml): started
post_art	Install dependencies	2026-02-19T18:07:45.4899219Z   Building wheel for sgmllib3k (pyproject.toml): finished with status 'done'
post_art	Install dependencies	2026-02-19T18:07:45.4908658Z   Created wheel for sgmllib3k: filename=sgmllib3k-1.0.0-py3-none-any.whl size=6091 sha256=56aa53ef6f54ace260e842fc9df25047a4a61425387fa4de65d30a27a0059f12
post_art	Install dependencies	2026-02-19T18:07:45.4910510Z   Stored in directory: /home/runner/.cache/pip/wheels/65/7a/a7/78c287f64e401255dff4c13fdbc672fed5efbfd21c530114e1
post_art	Install dependencies	2026-02-19T18:07:45.4932259Z Successfully built sgmllib3k
post_art	Install dependencies	2026-02-19T18:07:45.5727706Z Installing collected packages: sgmllib3k, urllib3, uritemplate, typing-extensions, tqdm, pyparsing, pycparser, pyasn1, protobuf, Pillow, idna, feedparser, charset_normalizer, certifi, annotated-types, typing-inspection, requests, pydantic-core, pyasn1-modules, proto-plus, httplib2, grpcio, googleapis-common-protos, cffi, pyTelegramBotAPI, pydantic, grpcio-status, cryptography, google-auth, google-auth-httplib2, google-api-core, google-api-python-client, google-ai-generativelanguage, google-generativeai
post_art	Install dependencies	2026-02-19T18:07:49.0330496Z 
post_art	Install dependencies	2026-02-19T18:07:49.0394537Z Successfully installed Pillow-11.3.0 annotated-types-0.7.0 certifi-2026.1.4 cffi-2.0.0 charset_normalizer-3.4.4 cryptography-46.0.5 feedparser-6.0.12 google-ai-generativelanguage-0.6.15 google-api-core-2.30.0 google-api-python-client-2.190.0 google-auth-2.49.0.dev0 google-auth-httplib2-0.3.0 google-generativeai-0.8.6 googleapis-common-protos-1.72.0 grpcio-1.78.0 grpcio-status-1.71.2 httplib2-0.31.2 idna-3.11 proto-plus-1.27.1 protobuf-5.29.6 pyTelegramBotAPI-4.31.0 pyasn1-0.6.2 pyasn1-modules-0.4.2 pycparser-2.23 pydantic-2.12.5 pydantic-core-2.41.5 pyparsing-3.3.2 requests-2.32.5 sgmllib3k-1.0.0 tqdm-4.67.3 typing-extensions-4.15.0 typing-inspection-0.4.2 uritemplate-4.2.0 urllib3-2.6.3
post_art	Run Art Bot	Ôªø2026-02-19T18:07:49.6619848Z ##[group]Run python main.py
post_art	Run Art Bot	2026-02-19T18:07:49.6620163Z [36;1mpython main.py[0m
post_art	Run Art Bot	2026-02-19T18:07:49.6672614Z shell: /usr/bin/bash -e {0}
post_art	Run Art Bot	2026-02-19T18:07:49.6672897Z env:
post_art	Run Art Bot	2026-02-19T18:07:49.6673173Z   pythonLocation: /opt/hostedtoolcache/Python/3.9.25/x64
post_art	Run Art Bot	2026-02-19T18:07:49.6673653Z   PKG_CONFIG_PATH: /opt/hostedtoolcache/Python/3.9.25/x64/lib/pkgconfig
post_art	Run Art Bot	2026-02-19T18:07:49.6674104Z   Python_ROOT_DIR: /opt/hostedtoolcache/Python/3.9.25/x64
post_art	Run Art Bot	2026-02-19T18:07:49.6674496Z   Python2_ROOT_DIR: /opt/hostedtoolcache/Python/3.9.25/x64
post_art	Run Art Bot	2026-02-19T18:07:49.6674885Z   Python3_ROOT_DIR: /opt/hostedtoolcache/Python/3.9.25/x64
post_art	Run Art Bot	2026-02-19T18:07:49.6675290Z   LD_LIBRARY_PATH: /opt/hostedtoolcache/Python/3.9.25/x64/lib
post_art	Run Art Bot	2026-02-19T18:07:49.6675919Z   BOT_TOKEN: ***
post_art	Run Art Bot	2026-02-19T18:07:49.6676166Z   CHANNEL_ID: ***
post_art	Run Art Bot	2026-02-19T18:07:49.6676443Z   GOOGLE_KEY: ***
post_art	Run Art Bot	2026-02-19T18:07:49.6676788Z   SILICONFLOW_KEY: ***
post_art	Run Art Bot	2026-02-19T18:07:49.6677056Z   RUNWARE_KEY: ***
post_art	Run Art Bot	2026-02-19T18:07:49.6677293Z   KIE_KEY: ***
post_art	Run Art Bot	2026-02-19T18:07:49.6677577Z   HF_KEY: ***
post_art	Run Art Bot	2026-02-19T18:07:49.6677809Z   CLOUDFLARE_ID: ***
post_art	Run Art Bot	2026-02-19T18:07:49.6678143Z   CLOUDFLARE_TOKEN: ***
post_art	Run Art Bot	2026-02-19T18:07:49.6678363Z ##[endgroup]
post_art	Run Art Bot	2026-02-19T18:07:59.9820464Z --- FrieNDLee_FTP BOT (v2.0) üöÄ ---
post_art	Run Art Bot	2026-02-19T18:07:59.9821149Z üåç –ò—â—É –≤–¥–æ—Ö–Ω–æ–≤–µ–Ω–∏–µ –Ω–∞ Reddit...
post_art	Run Art Bot	2026-02-19T18:07:59.9822392Z üé≤ –°–≥–µ–Ω–µ—Ä–∏—Ä–æ–≤–∞–Ω–∞ —Ç–µ–º–∞ (God Mode V3.0): Synthwave and Glitch Art style of Cyborg Geisha in a neon-lit alleyway, with Cinematic Color Grading, masterpiece, 8k, detailed
post_art	Run Art Bot	2026-02-19T18:07:59.9823212Z üß† Kie.ai (DeepSeek) –ø–∏—à–µ—Ç —Ç–µ–∫—Å—Ç...
post_art	Run Art Bot	2026-02-19T18:07:59.9823858Z Kie.ai Error: {"timestamp":1771524469941,"status":404,"error":"Not Found","message":"No message available","path":"/v1/chat/completions"}
post_art	Run Art Bot	2026-02-19T18:07:59.9824562Z ‚ö†Ô∏è Kie.ai –º–æ–ª—á–∏—Ç. –ü—Ä–æ–±—É—é Gemini...
post_art	Run Art Bot	2026-02-19T18:07:59.9824866Z üìù Gemini –ø–∏—à–µ—Ç —Ç–µ–∫—Å—Ç...
post_art	Run Art Bot	2026-02-19T18:07:59.9825173Z ‚ö†Ô∏è Gemini –º–æ–ª—á–∏—Ç. –ü—Ä–æ–±—É—é Pollinations AI...
post_art	Run Art Bot	2026-02-19T18:07:59.9825559Z üß† Pollinations AI (Backup Brain) –ø–∏—à–µ—Ç —Ç–µ–∫—Å—Ç...
post_art	Run Art Bot	2026-02-19T18:07:59.9825939Z üé® SiliconFlow (FLUX.1) –Ω–∞—á–∏–Ω–∞–µ—Ç —Ä–∞–±–æ—Ç—É...
post_art	Run Art Bot	2026-02-19T18:07:59.9826320Z ‚ö†Ô∏è –û—à–∏–±–∫–∞ SiliconFlow: "Api key is invalid"
post_art	Run Art Bot	2026-02-19T18:07:59.9826664Z ‚ö° Runware (Backup) –Ω–∞—á–∏–Ω–∞–µ—Ç —Ä–∞–±–æ—Ç—É...
post_art	Run Art Bot	2026-02-19T18:07:59.9826968Z ‚ö†Ô∏è –û—à–∏–±–∫–∞ Runware: {
post_art	Run Art Bot	2026-02-19T18:07:59.9827190Z     "data": [],
post_art	Run Art Bot	2026-02-19T18:07:59.9827414Z     "errors": [
post_art	Run Art Bot	2026-02-19T18:07:59.9827613Z         {
post_art	Run Art Bot	2026-02-19T18:07:59.9827843Z             "code": "insufficientCredits",
post_art	Run Art Bot	2026-02-19T18:07:59.9828490Z             "message": "Insufficient credits, please add your credit card and top-up your balance at https://my.runware.ai/wallet",
post_art	Run Art Bot	2026-02-19T18:07:59.9829140Z             "taskType": "imageInference",
post_art	Run Art Bot	2026-02-19T18:07:59.9829497Z             "taskUUID": "586b01ec-4803-433c-8bc4-0e2af5d79b77"
post_art	Run Art Bot	2026-02-19T18:07:59.9829830Z         }
post_art	Run Art Bot	2026-02-19T18:07:59.9830015Z     ]
post_art	Run Art Bot	2026-02-19T18:07:59.9830207Z }
post_art	Run Art Bot	2026-02-19T18:07:59.9830460Z ü§ó Hugging Face (Backup) –Ω–∞—á–∏–Ω–∞–µ—Ç —Ä–∞–±–æ—Ç—É...
post_art	Run Art Bot	2026-02-19T18:07:59.9831465Z ‚ö†Ô∏è –û—à–∏–±–∫–∞ Hugging Face: {"error":"https://api-inference.huggingface.co is no longer supported. Please use https://router.huggingface.co instead."}
post_art	Run Art Bot	2026-02-19T18:07:59.9832273Z ‚òÅÔ∏è Cloudflare (Backup #2) –Ω–∞—á–∏–Ω–∞–µ—Ç —Ä–∞–±–æ—Ç—É...
post_art	Run Art Bot	2026-02-19T18:07:59.9832969Z ‚ö†Ô∏è –û—à–∏–±–∫–∞ Cloudflare: {"result":null,"success":false,"errors":[{"code":10000,"message":"Authentication error"}],"messages":[]}
post_art	Run Art Bot	2026-02-19T18:07:59.9833959Z üîÑ –ü–õ–ê–ù C: Pollinations (Download Mode)...
post_art	Run Art Bot	2026-02-19T18:07:59.9834682Z ‚ö†Ô∏è –û—à–∏–±–∫–∞ Pollinations Download: A request to the Telegram API was unsuccessful. Error code: 400. Description: Bad Request: IMAGE_PROCESS_FAILED
post_art	Run Art Bot	2026-02-19T18:07:59.9835366Z ‚ùå –í—Å–µ –º–µ—Ç–æ–¥—ã –∑–∞–≥—Ä—É–∑–∫–∏ —Ñ–æ—Ç–æ –ø—Ä–æ–≤–∞–ª–∏–ª–∏—Å—å. –ü–æ—Å—Ç –æ—Ç–º–µ–Ω–µ–Ω.
post_art	Post Set up Python	Ôªø2026-02-19T18:08:00.0089989Z Post job cleanup.
post_art	Post Checkout code	Ôªø2026-02-19T18:08:00.1786975Z Post job cleanup.
post_art	Post Checkout code	2026-02-19T18:08:00.2518958Z [command]/usr/bin/git version
post_art	Post Checkout code	2026-02-19T18:08:00.2554706Z git version 2.53.0
post_art	Post Checkout code	2026-02-19T18:08:00.2597414Z Temporarily overriding HOME='/home/runner/work/_temp/9360f6a3-f3ce-4e5b-bbed-236c2eac650a' before making global git config changes
post_art	Post Checkout code	2026-02-19T18:08:00.2598532Z Adding repository directory to the temporary git global config as a safe directory
post_art	Post Checkout code	2026-02-19T18:08:00.2601547Z [command]/usr/bin/git config --global --add safe.directory /home/runner/work/friendlee-ai-art-bot/friendlee-ai-art-bot
post_art	Post Checkout code	2026-02-19T18:08:00.2633591Z [command]/usr/bin/git config --local --name-only --get-regexp core\.sshCommand
post_art	Post Checkout code	2026-02-19T18:08:00.2663287Z [command]/usr/bin/git submodule foreach --recursive sh -c "git config --local --name-only --get-regexp 'core\.sshCommand' && git config --local --unset-all 'core.sshCommand' || :"
post_art	Post Checkout code	2026-02-19T18:08:00.2914638Z [command]/usr/bin/git config --local --name-only --get-regexp http\.https\:\/\/github\.com\/\.extraheader
post_art	Post Checkout code	2026-02-19T18:08:00.2939768Z http.https://github.com/.extraheader
post_art	Post Checkout code	2026-02-19T18:08:00.2952494Z [command]/usr/bin/git config --local --unset-all http.https://github.com/.extraheader
post_art	Post Checkout code	2026-02-19T18:08:00.2986523Z [command]/usr/bin/git submodule foreach --recursive sh -c "git config --local --name-only --get-regexp 'http\.https\:\/\/github\.com\/\.extraheader' && git config --local --unset-all 'http.https://github.com/.extraheader' || :"
post_art	Complete job	Ôªø2026-02-19T18:08:00.3389207Z Cleaning up orphan processes
