post_art	Set up job	Ôªø2026-02-22T14:32:54.9292986Z Current runner version: '2.331.0'
post_art	Set up job	2026-02-22T14:32:54.9319060Z ##[group]Runner Image Provisioner
post_art	Set up job	2026-02-22T14:32:54.9320408Z Hosted Compute Agent
post_art	Set up job	2026-02-22T14:32:54.9321096Z Version: 20260123.484
post_art	Set up job	2026-02-22T14:32:54.9321820Z Commit: 6bd6555ca37d84114959e1c76d2c01448ff61c5d
post_art	Set up job	2026-02-22T14:32:54.9322681Z Build Date: 2026-01-23T19:41:17Z
post_art	Set up job	2026-02-22T14:32:54.9323454Z Worker ID: {a17212b3-b55e-4bad-a914-820ffe0110fa}
post_art	Set up job	2026-02-22T14:32:54.9324366Z Azure Region: northcentralus
post_art	Set up job	2026-02-22T14:32:54.9325016Z ##[endgroup]
post_art	Set up job	2026-02-22T14:32:54.9326937Z ##[group]Operating System
post_art	Set up job	2026-02-22T14:32:54.9327850Z Ubuntu
post_art	Set up job	2026-02-22T14:32:54.9328855Z 24.04.3
post_art	Set up job	2026-02-22T14:32:54.9329542Z LTS
post_art	Set up job	2026-02-22T14:32:54.9330464Z ##[endgroup]
post_art	Set up job	2026-02-22T14:32:54.9331156Z ##[group]Runner Image
post_art	Set up job	2026-02-22T14:32:54.9331862Z Image: ubuntu-24.04
post_art	Set up job	2026-02-22T14:32:54.9332558Z Version: 20260201.15.1
post_art	Set up job	2026-02-22T14:32:54.9333702Z Included Software: https://github.com/actions/runner-images/blob/ubuntu24/20260201.15/images/ubuntu/Ubuntu2404-Readme.md
post_art	Set up job	2026-02-22T14:32:54.9335657Z Image Release: https://github.com/actions/runner-images/releases/tag/ubuntu24%2F20260201.15
post_art	Set up job	2026-02-22T14:32:54.9336729Z ##[endgroup]
post_art	Set up job	2026-02-22T14:32:54.9338161Z ##[group]GITHUB_TOKEN Permissions
post_art	Set up job	2026-02-22T14:32:54.9340720Z Contents: read
post_art	Set up job	2026-02-22T14:32:54.9341498Z Metadata: read
post_art	Set up job	2026-02-22T14:32:54.9342171Z Packages: read
post_art	Set up job	2026-02-22T14:32:54.9343469Z ##[endgroup]
post_art	Set up job	2026-02-22T14:32:54.9345668Z Secret source: Actions
post_art	Set up job	2026-02-22T14:32:54.9346960Z Prepare workflow directory
post_art	Set up job	2026-02-22T14:32:54.9679151Z Prepare all required actions
post_art	Set up job	2026-02-22T14:32:54.9717619Z Getting action download info
post_art	Set up job	2026-02-22T14:32:55.2898750Z Download action repository 'actions/checkout@v3' (SHA:f43a0e5ff2bd294095638e18286ca9a3d1956744)
post_art	Set up job	2026-02-22T14:32:55.4310899Z Download action repository 'actions/setup-python@v4' (SHA:7f4fc3e22c37d6ff65e88745f38bd3157c663f7c)
post_art	Set up job	2026-02-22T14:32:55.6576536Z Complete job name: post_art
post_art	Checkout code	Ôªø2026-02-22T14:32:55.7299365Z ##[group]Run actions/checkout@v3
post_art	Checkout code	2026-02-22T14:32:55.7300541Z with:
post_art	Checkout code	2026-02-22T14:32:55.7301161Z   repository: ksahis0900-dot/friendlee-ai-art-bot
post_art	Checkout code	2026-02-22T14:32:55.7302039Z   token: ***
post_art	Checkout code	2026-02-22T14:32:55.7302517Z   ssh-strict: true
post_art	Checkout code	2026-02-22T14:32:55.7303026Z   persist-credentials: true
post_art	Checkout code	2026-02-22T14:32:55.7303579Z   clean: true
post_art	Checkout code	2026-02-22T14:32:55.7304078Z   sparse-checkout-cone-mode: true
post_art	Checkout code	2026-02-22T14:32:55.7304656Z   fetch-depth: 1
post_art	Checkout code	2026-02-22T14:32:55.7305145Z   fetch-tags: false
post_art	Checkout code	2026-02-22T14:32:55.7305641Z   lfs: false
post_art	Checkout code	2026-02-22T14:32:55.7306112Z   submodules: false
post_art	Checkout code	2026-02-22T14:32:55.7306638Z   set-safe-directory: true
post_art	Checkout code	2026-02-22T14:32:55.7307391Z ##[endgroup]
post_art	Checkout code	2026-02-22T14:32:55.8163339Z Syncing repository: ksahis0900-dot/friendlee-ai-art-bot
post_art	Checkout code	2026-02-22T14:32:55.8165356Z ##[group]Getting Git version info
post_art	Checkout code	2026-02-22T14:32:55.8166330Z Working directory is '/home/runner/work/friendlee-ai-art-bot/friendlee-ai-art-bot'
post_art	Checkout code	2026-02-22T14:32:55.8167625Z [command]/usr/bin/git version
post_art	Checkout code	2026-02-22T14:32:55.8258109Z git version 2.52.0
post_art	Checkout code	2026-02-22T14:32:55.8285366Z ##[endgroup]
post_art	Checkout code	2026-02-22T14:32:55.8301608Z Temporarily overriding HOME='/home/runner/work/_temp/5d3b1f1a-5b56-48de-aa1c-8f06d8f5ee41' before making global git config changes
post_art	Checkout code	2026-02-22T14:32:55.8304505Z Adding repository directory to the temporary git global config as a safe directory
post_art	Checkout code	2026-02-22T14:32:55.8307263Z [command]/usr/bin/git config --global --add safe.directory /home/runner/work/friendlee-ai-art-bot/friendlee-ai-art-bot
post_art	Checkout code	2026-02-22T14:32:55.8347159Z Deleting the contents of '/home/runner/work/friendlee-ai-art-bot/friendlee-ai-art-bot'
post_art	Checkout code	2026-02-22T14:32:55.8350917Z ##[group]Initializing the repository
post_art	Checkout code	2026-02-22T14:32:55.8355134Z [command]/usr/bin/git init /home/runner/work/friendlee-ai-art-bot/friendlee-ai-art-bot
post_art	Checkout code	2026-02-22T14:32:55.8472234Z hint: Using 'master' as the name for the initial branch. This default branch name
post_art	Checkout code	2026-02-22T14:32:55.8473988Z hint: will change to "main" in Git 3.0. To configure the initial branch name
post_art	Checkout code	2026-02-22T14:32:55.8475106Z hint: to use in all of your new repositories, which will suppress this warning,
post_art	Checkout code	2026-02-22T14:32:55.8476962Z hint: call:
post_art	Checkout code	2026-02-22T14:32:55.8477460Z hint:
post_art	Checkout code	2026-02-22T14:32:55.8478548Z hint: 	git config --global init.defaultBranch <name>
post_art	Checkout code	2026-02-22T14:32:55.8480124Z hint:
post_art	Checkout code	2026-02-22T14:32:55.8481707Z hint: Names commonly chosen instead of 'master' are 'main', 'trunk' and
post_art	Checkout code	2026-02-22T14:32:55.8483836Z hint: 'development'. The just-created branch can be renamed via this command:
post_art	Checkout code	2026-02-22T14:32:55.8485457Z hint:
post_art	Checkout code	2026-02-22T14:32:55.8486330Z hint: 	git branch -m <name>
post_art	Checkout code	2026-02-22T14:32:55.8487347Z hint:
post_art	Checkout code	2026-02-22T14:32:55.8488723Z hint: Disable this message with "git config set advice.defaultBranchName false"
post_art	Checkout code	2026-02-22T14:32:55.8491332Z Initialized empty Git repository in /home/runner/work/friendlee-ai-art-bot/friendlee-ai-art-bot/.git/
post_art	Checkout code	2026-02-22T14:32:55.8494444Z [command]/usr/bin/git remote add origin https://github.com/ksahis0900-dot/friendlee-ai-art-bot
post_art	Checkout code	2026-02-22T14:32:55.8522708Z ##[endgroup]
post_art	Checkout code	2026-02-22T14:32:55.8524347Z ##[group]Disabling automatic garbage collection
post_art	Checkout code	2026-02-22T14:32:55.8525859Z [command]/usr/bin/git config --local gc.auto 0
post_art	Checkout code	2026-02-22T14:32:55.8552428Z ##[endgroup]
post_art	Checkout code	2026-02-22T14:32:55.8554070Z ##[group]Setting up auth
post_art	Checkout code	2026-02-22T14:32:55.8558976Z [command]/usr/bin/git config --local --name-only --get-regexp core\.sshCommand
post_art	Checkout code	2026-02-22T14:32:55.8586864Z [command]/usr/bin/git submodule foreach --recursive sh -c "git config --local --name-only --get-regexp 'core\.sshCommand' && git config --local --unset-all 'core.sshCommand' || :"
post_art	Checkout code	2026-02-22T14:32:55.8950307Z [command]/usr/bin/git config --local --name-only --get-regexp http\.https\:\/\/github\.com\/\.extraheader
post_art	Checkout code	2026-02-22T14:32:55.8975975Z [command]/usr/bin/git submodule foreach --recursive sh -c "git config --local --name-only --get-regexp 'http\.https\:\/\/github\.com\/\.extraheader' && git config --local --unset-all 'http.https://github.com/.extraheader' || :"
post_art	Checkout code	2026-02-22T14:32:55.9209014Z [command]/usr/bin/git config --local http.https://github.com/.extraheader AUTHORIZATION: basic ***
post_art	Checkout code	2026-02-22T14:32:55.9242586Z ##[endgroup]
post_art	Checkout code	2026-02-22T14:32:55.9250102Z ##[group]Fetching the repository
post_art	Checkout code	2026-02-22T14:32:55.9252216Z [command]/usr/bin/git -c protocol.version=2 fetch --no-tags --prune --progress --no-recurse-submodules --depth=1 origin +320bb3ecd1b49f9385690a12c948c9fa2034b1fe:refs/remotes/origin/master
post_art	Checkout code	2026-02-22T14:32:56.1325831Z remote: Enumerating objects: 18, done.        
post_art	Checkout code	2026-02-22T14:32:56.1327694Z remote: Counting objects:   5% (1/18)        
post_art	Checkout code	2026-02-22T14:32:56.1329084Z remote: Counting objects:  11% (2/18)        
post_art	Checkout code	2026-02-22T14:32:56.1330245Z remote: Counting objects:  16% (3/18)        
post_art	Checkout code	2026-02-22T14:32:56.1331259Z remote: Counting objects:  22% (4/18)        
post_art	Checkout code	2026-02-22T14:32:56.1332569Z remote: Counting objects:  27% (5/18)        
post_art	Checkout code	2026-02-22T14:32:56.1334037Z remote: Counting objects:  33% (6/18)        
post_art	Checkout code	2026-02-22T14:32:56.1335254Z remote: Counting objects:  38% (7/18)        
post_art	Checkout code	2026-02-22T14:32:56.1336002Z remote: Counting objects:  44% (8/18)        
post_art	Checkout code	2026-02-22T14:32:56.1336801Z remote: Counting objects:  50% (9/18)        
post_art	Checkout code	2026-02-22T14:32:56.1337541Z remote: Counting objects:  55% (10/18)        
post_art	Checkout code	2026-02-22T14:32:56.1338286Z remote: Counting objects:  61% (11/18)        
post_art	Checkout code	2026-02-22T14:32:56.1339037Z remote: Counting objects:  66% (12/18)        
post_art	Checkout code	2026-02-22T14:32:56.1339955Z remote: Counting objects:  72% (13/18)        
post_art	Checkout code	2026-02-22T14:32:56.1340715Z remote: Counting objects:  77% (14/18)        
post_art	Checkout code	2026-02-22T14:32:56.1341790Z remote: Counting objects:  83% (15/18)        
post_art	Checkout code	2026-02-22T14:32:56.1342870Z remote: Counting objects:  88% (16/18)        
post_art	Checkout code	2026-02-22T14:32:56.1343633Z remote: Counting objects:  94% (17/18)        
post_art	Checkout code	2026-02-22T14:32:56.1344369Z remote: Counting objects: 100% (18/18)        
post_art	Checkout code	2026-02-22T14:32:56.1345087Z remote: Counting objects: 100% (18/18), done.        
post_art	Checkout code	2026-02-22T14:32:56.1345824Z remote: Compressing objects:   9% (1/11)        
post_art	Checkout code	2026-02-22T14:32:56.1346541Z remote: Compressing objects:  18% (2/11)        
post_art	Checkout code	2026-02-22T14:32:56.1347269Z remote: Compressing objects:  27% (3/11)        
post_art	Checkout code	2026-02-22T14:32:56.1348295Z remote: Compressing objects:  36% (4/11)        
post_art	Checkout code	2026-02-22T14:32:56.1349034Z remote: Compressing objects:  45% (5/11)        
post_art	Checkout code	2026-02-22T14:32:56.1349952Z remote: Compressing objects:  54% (6/11)        
post_art	Checkout code	2026-02-22T14:32:56.1351139Z remote: Compressing objects:  63% (7/11)        
post_art	Checkout code	2026-02-22T14:32:56.1352313Z remote: Compressing objects:  72% (8/11)        
post_art	Checkout code	2026-02-22T14:32:56.1365049Z remote: Compressing objects:  81% (9/11)        
post_art	Checkout code	2026-02-22T14:32:56.1365937Z remote: Compressing objects:  90% (10/11)        
post_art	Checkout code	2026-02-22T14:32:56.1366695Z remote: Compressing objects: 100% (11/11)        
post_art	Checkout code	2026-02-22T14:32:56.1367651Z remote: Compressing objects: 100% (11/11), done.        
post_art	Checkout code	2026-02-22T14:32:56.1667798Z remote: Total 18 (delta 6), reused 14 (delta 4), pack-reused 0 (from 0)        
post_art	Checkout code	2026-02-22T14:32:56.1767546Z From https://github.com/ksahis0900-dot/friendlee-ai-art-bot
post_art	Checkout code	2026-02-22T14:32:56.1768801Z  * [new ref]         320bb3ecd1b49f9385690a12c948c9fa2034b1fe -> origin/master
post_art	Checkout code	2026-02-22T14:32:56.1801175Z ##[endgroup]
post_art	Checkout code	2026-02-22T14:32:56.1802841Z ##[group]Determining the checkout info
post_art	Checkout code	2026-02-22T14:32:56.1804619Z ##[endgroup]
post_art	Checkout code	2026-02-22T14:32:56.1806068Z ##[group]Checking out the ref
post_art	Checkout code	2026-02-22T14:32:56.1808619Z [command]/usr/bin/git checkout --progress --force -B master refs/remotes/origin/master
post_art	Checkout code	2026-02-22T14:32:56.1882237Z Reset branch 'master'
post_art	Checkout code	2026-02-22T14:32:56.1885247Z branch 'master' set up to track 'origin/master'.
post_art	Checkout code	2026-02-22T14:32:56.1892430Z ##[endgroup]
post_art	Checkout code	2026-02-22T14:32:56.1923929Z [command]/usr/bin/git log -1 --format='%H'
post_art	Checkout code	2026-02-22T14:32:56.1945381Z '320bb3ecd1b49f9385690a12c948c9fa2034b1fe'
post_art	Set up Python	Ôªø2026-02-22T14:32:56.2197470Z ##[group]Run actions/setup-python@v4
post_art	Set up Python	2026-02-22T14:32:56.2198220Z with:
post_art	Set up Python	2026-02-22T14:32:56.2198736Z   python-version: 3.9
post_art	Set up Python	2026-02-22T14:32:56.2199315Z   check-latest: false
post_art	Set up Python	2026-02-22T14:32:56.2200366Z   token: ***
post_art	Set up Python	2026-02-22T14:32:56.2200917Z   update-environment: true
post_art	Set up Python	2026-02-22T14:32:56.2201527Z   allow-prereleases: false
post_art	Set up Python	2026-02-22T14:32:56.2202146Z ##[endgroup]
post_art	Set up Python	2026-02-22T14:32:56.3950363Z ##[group]Installed versions
post_art	Set up Python	2026-02-22T14:32:56.4764536Z Version 3.9 was not found in the local cache
post_art	Set up Python	2026-02-22T14:32:56.9077944Z Version 3.9 is available for downloading
post_art	Set up Python	2026-02-22T14:32:56.9081061Z Download from "https://github.com/actions/python-versions/releases/download/3.9.25-19039189640/python-3.9.25-linux-24.04-x64.tar.gz"
post_art	Set up Python	2026-02-22T14:32:57.4695228Z Extract downloaded archive
post_art	Set up Python	2026-02-22T14:32:57.4831905Z [command]/usr/bin/tar xz --warning=no-unknown-keyword -C /home/runner/work/_temp/017e1b98-cd1c-493c-8f06-b4a0e8ae138f -f /home/runner/work/_temp/d9c7cb26-0f62-4609-af4f-8cceee862f3b
post_art	Set up Python	2026-02-22T14:32:58.8645359Z Execute installation script
post_art	Set up Python	2026-02-22T14:32:58.8740467Z Check if Python hostedtoolcache folder exist...
post_art	Set up Python	2026-02-22T14:32:58.8741710Z Create Python 3.9.25 folder
post_art	Set up Python	2026-02-22T14:32:58.8755560Z Copy Python binaries to hostedtoolcache folder
post_art	Set up Python	2026-02-22T14:32:59.3698057Z Create additional symlinks (Required for the UsePythonVersion Azure Pipelines task and the setup-python GitHub Action)
post_art	Set up Python	2026-02-22T14:32:59.3739520Z Upgrading pip...
post_art	Set up Python	2026-02-22T14:33:01.9548695Z Looking in links: /tmp/tmpstu1o057
post_art	Set up Python	2026-02-22T14:33:01.9553381Z Requirement already satisfied: setuptools in /opt/hostedtoolcache/Python/3.9.25/x64/lib/python3.9/site-packages (79.0.1)
post_art	Set up Python	2026-02-22T14:33:01.9559333Z Requirement already satisfied: pip in /opt/hostedtoolcache/Python/3.9.25/x64/lib/python3.9/site-packages (23.0.1)
post_art	Set up Python	2026-02-22T14:33:03.6395706Z Collecting pip
post_art	Set up Python	2026-02-22T14:33:03.6737245Z Downloading pip-26.0.1-py3-none-any.whl (1.8 MB)
post_art	Set up Python	2026-02-22T14:33:03.7119390Z ‚îÅ‚îÅ‚îÅ‚îÅ‚îÅ‚îÅ‚îÅ‚îÅ‚îÅ‚îÅ‚îÅ‚îÅ‚îÅ‚îÅ‚îÅ‚îÅ‚îÅ‚îÅ‚îÅ‚îÅ‚îÅ‚îÅ‚îÅ‚îÅ‚îÅ‚îÅ‚îÅ‚îÅ‚îÅ‚îÅ‚îÅ‚îÅ‚îÅ‚îÅ‚îÅ‚îÅ‚îÅ‚îÅ‚îÅ‚îÅ 1.8/1.8 MB 50.2 MB/s eta 0:00:00
post_art	Set up Python	2026-02-22T14:33:03.7121732Z 
post_art	Set up Python	2026-02-22T14:33:03.7714497Z Installing collected packages: pip
post_art	Set up Python	2026-02-22T14:33:03.7716905Z Attempting uninstall: pip
post_art	Set up Python	2026-02-22T14:33:03.7723724Z Found existing installation: pip 23.0.1
post_art	Set up Python	2026-02-22T14:33:03.9502689Z Uninstalling pip-23.0.1:
post_art	Set up Python	2026-02-22T14:33:03.9573574Z Successfully uninstalled pip-23.0.1
post_art	Set up Python	2026-02-22T14:33:04.7817326Z Successfully installed pip-26.0.1
post_art	Set up Python	2026-02-22T14:33:04.8314943Z Create complete file
post_art	Set up Python	2026-02-22T14:33:04.8367611Z Successfully set up CPython (3.9.25)
post_art	Set up Python	2026-02-22T14:33:04.8368626Z ##[endgroup]
post_art	Install dependencies	Ôªø2026-02-22T14:33:04.8511289Z ##[group]Run pip install -r requirements.txt
post_art	Install dependencies	2026-02-22T14:33:04.8511744Z [36;1mpip install -r requirements.txt[0m
post_art	Install dependencies	2026-02-22T14:33:04.8549998Z shell: /usr/bin/bash -e {0}
post_art	Install dependencies	2026-02-22T14:33:04.8550289Z env:
post_art	Install dependencies	2026-02-22T14:33:04.8550587Z   pythonLocation: /opt/hostedtoolcache/Python/3.9.25/x64
post_art	Install dependencies	2026-02-22T14:33:04.8551083Z   PKG_CONFIG_PATH: /opt/hostedtoolcache/Python/3.9.25/x64/lib/pkgconfig
post_art	Install dependencies	2026-02-22T14:33:04.8551538Z   Python_ROOT_DIR: /opt/hostedtoolcache/Python/3.9.25/x64
post_art	Install dependencies	2026-02-22T14:33:04.8551971Z   Python2_ROOT_DIR: /opt/hostedtoolcache/Python/3.9.25/x64
post_art	Install dependencies	2026-02-22T14:33:04.8552375Z   Python3_ROOT_DIR: /opt/hostedtoolcache/Python/3.9.25/x64
post_art	Install dependencies	2026-02-22T14:33:04.8552833Z   LD_LIBRARY_PATH: /opt/hostedtoolcache/Python/3.9.25/x64/lib
post_art	Install dependencies	2026-02-22T14:33:04.8553204Z ##[endgroup]
post_art	Install dependencies	2026-02-22T14:33:05.7060413Z Collecting pyTelegramBotAPI (from -r requirements.txt (line 1))
post_art	Install dependencies	2026-02-22T14:33:05.7384595Z   Downloading pytelegrambotapi-4.31.0-py3-none-any.whl.metadata (48 kB)
post_art	Install dependencies	2026-02-22T14:33:05.7809190Z Collecting requests (from -r requirements.txt (line 2))
post_art	Install dependencies	2026-02-22T14:33:05.7853040Z   Downloading requests-2.32.5-py3-none-any.whl.metadata (4.9 kB)
post_art	Install dependencies	2026-02-22T14:33:06.0116196Z Collecting Pillow (from -r requirements.txt (line 3))
post_art	Install dependencies	2026-02-22T14:33:06.0158609Z   Downloading pillow-11.3.0-cp39-cp39-manylinux_2_27_x86_64.manylinux_2_28_x86_64.whl.metadata (9.0 kB)
post_art	Install dependencies	2026-02-22T14:33:06.0325112Z Collecting google-generativeai (from -r requirements.txt (line 4))
post_art	Install dependencies	2026-02-22T14:33:06.0364625Z   Downloading google_generativeai-0.8.6-py3-none-any.whl.metadata (3.9 kB)
post_art	Install dependencies	2026-02-22T14:33:06.0525425Z Collecting feedparser (from -r requirements.txt (line 5))
post_art	Install dependencies	2026-02-22T14:33:06.0565260Z   Downloading feedparser-6.0.12-py3-none-any.whl.metadata (2.7 kB)
post_art	Install dependencies	2026-02-22T14:33:06.1485032Z Collecting charset_normalizer<4,>=2 (from requests->-r requirements.txt (line 2))
post_art	Install dependencies	2026-02-22T14:33:06.1537282Z   Downloading charset_normalizer-3.4.4-cp39-cp39-manylinux2014_x86_64.manylinux_2_17_x86_64.manylinux_2_28_x86_64.whl.metadata (37 kB)
post_art	Install dependencies	2026-02-22T14:33:06.1707391Z Collecting idna<4,>=2.5 (from requests->-r requirements.txt (line 2))
post_art	Install dependencies	2026-02-22T14:33:06.1748530Z   Downloading idna-3.11-py3-none-any.whl.metadata (8.4 kB)
post_art	Install dependencies	2026-02-22T14:33:06.2023819Z Collecting urllib3<3,>=1.21.1 (from requests->-r requirements.txt (line 2))
post_art	Install dependencies	2026-02-22T14:33:06.2061624Z   Downloading urllib3-2.6.3-py3-none-any.whl.metadata (6.9 kB)
post_art	Install dependencies	2026-02-22T14:33:06.2304605Z Collecting certifi>=2017.4.17 (from requests->-r requirements.txt (line 2))
post_art	Install dependencies	2026-02-22T14:33:06.2344281Z   Downloading certifi-2026.1.4-py3-none-any.whl.metadata (2.5 kB)
post_art	Install dependencies	2026-02-22T14:33:06.2514621Z Collecting google-ai-generativelanguage==0.6.15 (from google-generativeai->-r requirements.txt (line 4))
post_art	Install dependencies	2026-02-22T14:33:06.2552984Z   Downloading google_ai_generativelanguage-0.6.15-py3-none-any.whl.metadata (5.7 kB)
post_art	Install dependencies	2026-02-22T14:33:06.2927440Z Collecting google-api-core (from google-generativeai->-r requirements.txt (line 4))
post_art	Install dependencies	2026-02-22T14:33:06.2966484Z   Downloading google_api_core-2.30.0-py3-none-any.whl.metadata (3.1 kB)
post_art	Install dependencies	2026-02-22T14:33:06.3571666Z Collecting google-api-python-client (from google-generativeai->-r requirements.txt (line 4))
post_art	Install dependencies	2026-02-22T14:33:06.3612007Z   Downloading google_api_python_client-2.190.0-py3-none-any.whl.metadata (7.0 kB)
post_art	Install dependencies	2026-02-22T14:33:06.4003771Z Collecting google-auth>=2.15.0 (from google-generativeai->-r requirements.txt (line 4))
post_art	Install dependencies	2026-02-22T14:33:06.4042915Z   Downloading google_auth-2.48.0-py3-none-any.whl.metadata (6.2 kB)
post_art	Install dependencies	2026-02-22T14:33:06.6125865Z Collecting protobuf (from google-generativeai->-r requirements.txt (line 4))
post_art	Install dependencies	2026-02-22T14:33:06.6170499Z   Downloading protobuf-6.33.5-cp39-abi3-manylinux2014_x86_64.whl.metadata (593 bytes)
post_art	Install dependencies	2026-02-22T14:33:06.7543873Z Collecting pydantic (from google-generativeai->-r requirements.txt (line 4))
post_art	Install dependencies	2026-02-22T14:33:06.7587091Z   Downloading pydantic-2.12.5-py3-none-any.whl.metadata (90 kB)
post_art	Install dependencies	2026-02-22T14:33:06.8001184Z Collecting tqdm (from google-generativeai->-r requirements.txt (line 4))
post_art	Install dependencies	2026-02-22T14:33:06.8052813Z   Downloading tqdm-4.67.3-py3-none-any.whl.metadata (57 kB)
post_art	Install dependencies	2026-02-22T14:33:06.8286799Z Collecting typing-extensions (from google-generativeai->-r requirements.txt (line 4))
post_art	Install dependencies	2026-02-22T14:33:06.8331645Z   Downloading typing_extensions-4.15.0-py3-none-any.whl.metadata (3.3 kB)
post_art	Install dependencies	2026-02-22T14:33:06.8949383Z Collecting google-auth>=2.15.0 (from google-generativeai->-r requirements.txt (line 4))
post_art	Install dependencies	2026-02-22T14:33:06.8988960Z   Downloading google_auth-2.49.0.dev0-py3-none-any.whl.metadata (6.0 kB)
post_art	Install dependencies	2026-02-22T14:33:06.9227783Z Collecting proto-plus<2.0.0dev,>=1.22.3 (from google-ai-generativelanguage==0.6.15->google-generativeai->-r requirements.txt (line 4))
post_art	Install dependencies	2026-02-22T14:33:06.9267672Z   Downloading proto_plus-1.27.1-py3-none-any.whl.metadata (2.2 kB)
post_art	Install dependencies	2026-02-22T14:33:06.9624502Z Collecting protobuf (from google-generativeai->-r requirements.txt (line 4))
post_art	Install dependencies	2026-02-22T14:33:06.9665311Z   Downloading protobuf-5.29.6-cp38-abi3-manylinux2014_x86_64.whl.metadata (592 bytes)
post_art	Install dependencies	2026-02-22T14:33:06.9861526Z Collecting googleapis-common-protos<2.0.0,>=1.56.3 (from google-api-core->google-generativeai->-r requirements.txt (line 4))
post_art	Install dependencies	2026-02-22T14:33:06.9903154Z   Downloading googleapis_common_protos-1.72.0-py3-none-any.whl.metadata (9.4 kB)
post_art	Install dependencies	2026-02-22T14:33:07.6865040Z Collecting grpcio<2.0.0,>=1.33.2 (from google-api-core[grpc]!=2.0.*,!=2.1.*,!=2.10.*,!=2.2.*,!=2.3.*,!=2.4.*,!=2.5.*,!=2.6.*,!=2.7.*,!=2.8.*,!=2.9.*,<3.0.0dev,>=1.34.1->google-ai-generativelanguage==0.6.15->google-generativeai->-r requirements.txt (line 4))
post_art	Install dependencies	2026-02-22T14:33:07.6909401Z   Downloading grpcio-1.78.1-cp39-cp39-manylinux2014_x86_64.manylinux_2_17_x86_64.whl.metadata (3.8 kB)
post_art	Install dependencies	2026-02-22T14:33:07.7352711Z Collecting grpcio-status<2.0.0,>=1.33.2 (from google-api-core[grpc]!=2.0.*,!=2.1.*,!=2.10.*,!=2.2.*,!=2.3.*,!=2.4.*,!=2.5.*,!=2.6.*,!=2.7.*,!=2.8.*,!=2.9.*,<3.0.0dev,>=1.34.1->google-ai-generativelanguage==0.6.15->google-generativeai->-r requirements.txt (line 4))
post_art	Install dependencies	2026-02-22T14:33:07.7392244Z   Downloading grpcio_status-1.78.1-py3-none-any.whl.metadata (1.3 kB)
post_art	Install dependencies	2026-02-22T14:33:07.7612691Z Collecting pyasn1-modules>=0.2.1 (from google-auth>=2.15.0->google-generativeai->-r requirements.txt (line 4))
post_art	Install dependencies	2026-02-22T14:33:07.7652597Z   Downloading pyasn1_modules-0.4.2-py3-none-any.whl.metadata (3.5 kB)
post_art	Install dependencies	2026-02-22T14:33:07.9728745Z Collecting cryptography>=38.0.3 (from google-auth>=2.15.0->google-generativeai->-r requirements.txt (line 4))
post_art	Install dependencies	2026-02-22T14:33:07.9773235Z   Downloading cryptography-46.0.5-cp38-abi3-manylinux_2_34_x86_64.whl.metadata (5.7 kB)
post_art	Install dependencies	2026-02-22T14:33:08.0117532Z INFO: pip is looking at multiple versions of grpcio-status to determine which version is compatible with other requirements. This could take a while.
post_art	Install dependencies	2026-02-22T14:33:08.0123959Z Collecting grpcio-status<2.0.0,>=1.33.2 (from google-api-core[grpc]!=2.0.*,!=2.1.*,!=2.10.*,!=2.2.*,!=2.3.*,!=2.4.*,!=2.5.*,!=2.6.*,!=2.7.*,!=2.8.*,!=2.9.*,<3.0.0dev,>=1.34.1->google-ai-generativelanguage==0.6.15->google-generativeai->-r requirements.txt (line 4))
post_art	Install dependencies	2026-02-22T14:33:08.0163519Z   Downloading grpcio_status-1.78.0-py3-none-any.whl.metadata (1.3 kB)
post_art	Install dependencies	2026-02-22T14:33:08.0235214Z   Downloading grpcio_status-1.76.0-py3-none-any.whl.metadata (1.1 kB)
post_art	Install dependencies	2026-02-22T14:33:08.0309513Z   Downloading grpcio_status-1.75.1-py3-none-any.whl.metadata (1.1 kB)
post_art	Install dependencies	2026-02-22T14:33:08.0381859Z   Downloading grpcio_status-1.75.0-py3-none-any.whl.metadata (1.1 kB)
post_art	Install dependencies	2026-02-22T14:33:08.0449570Z   Downloading grpcio_status-1.74.0-py3-none-any.whl.metadata (1.1 kB)
post_art	Install dependencies	2026-02-22T14:33:08.0518834Z   Downloading grpcio_status-1.73.1-py3-none-any.whl.metadata (1.1 kB)
post_art	Install dependencies	2026-02-22T14:33:08.0795818Z   Downloading grpcio_status-1.73.0-py3-none-any.whl.metadata (1.1 kB)
post_art	Install dependencies	2026-02-22T14:33:08.0833987Z INFO: pip is still looking at multiple versions of grpcio-status to determine which version is compatible with other requirements. This could take a while.
post_art	Install dependencies	2026-02-22T14:33:08.0885430Z   Downloading grpcio_status-1.72.2-py3-none-any.whl.metadata (1.1 kB)
post_art	Install dependencies	2026-02-22T14:33:08.0964719Z   Downloading grpcio_status-1.72.1-py3-none-any.whl.metadata (1.1 kB)
post_art	Install dependencies	2026-02-22T14:33:08.1038369Z   Downloading grpcio_status-1.71.2-py3-none-any.whl.metadata (1.1 kB)
post_art	Install dependencies	2026-02-22T14:33:08.1864466Z Collecting sgmllib3k (from feedparser->-r requirements.txt (line 5))
post_art	Install dependencies	2026-02-22T14:33:08.1906423Z   Downloading sgmllib3k-1.0.0.tar.gz (5.8 kB)
post_art	Install dependencies	2026-02-22T14:33:08.1981944Z   Installing build dependencies: started
post_art	Install dependencies	2026-02-22T14:33:09.4195088Z   Installing build dependencies: finished with status 'done'
post_art	Install dependencies	2026-02-22T14:33:09.4204342Z   Getting requirements to build wheel: started
post_art	Install dependencies	2026-02-22T14:33:09.7676108Z   Getting requirements to build wheel: finished with status 'done'
post_art	Install dependencies	2026-02-22T14:33:09.7689112Z   Preparing metadata (pyproject.toml): started
post_art	Install dependencies	2026-02-22T14:33:09.9419933Z   Preparing metadata (pyproject.toml): finished with status 'done'
post_art	Install dependencies	2026-02-22T14:33:10.0692899Z Collecting cffi>=2.0.0 (from cryptography>=38.0.3->google-auth>=2.15.0->google-generativeai->-r requirements.txt (line 4))
post_art	Install dependencies	2026-02-22T14:33:10.0744223Z   Downloading cffi-2.0.0-cp39-cp39-manylinux2014_x86_64.manylinux_2_17_x86_64.whl.metadata (2.6 kB)
post_art	Install dependencies	2026-02-22T14:33:10.0894211Z Collecting pycparser (from cffi>=2.0.0->cryptography>=38.0.3->google-auth>=2.15.0->google-generativeai->-r requirements.txt (line 4))
post_art	Install dependencies	2026-02-22T14:33:10.0948142Z   Downloading pycparser-2.23-py3-none-any.whl.metadata (993 bytes)
post_art	Install dependencies	2026-02-22T14:33:10.1182410Z Collecting pyasn1<0.7.0,>=0.6.1 (from pyasn1-modules>=0.2.1->google-auth>=2.15.0->google-generativeai->-r requirements.txt (line 4))
post_art	Install dependencies	2026-02-22T14:33:10.1221612Z   Downloading pyasn1-0.6.2-py3-none-any.whl.metadata (8.4 kB)
post_art	Install dependencies	2026-02-22T14:33:10.1400634Z Collecting httplib2<1.0.0,>=0.19.0 (from google-api-python-client->google-generativeai->-r requirements.txt (line 4))
post_art	Install dependencies	2026-02-22T14:33:10.1441297Z   Downloading httplib2-0.31.2-py3-none-any.whl.metadata (2.2 kB)
post_art	Install dependencies	2026-02-22T14:33:10.1677587Z Collecting google-auth-httplib2<1.0.0,>=0.2.0 (from google-api-python-client->google-generativeai->-r requirements.txt (line 4))
post_art	Install dependencies	2026-02-22T14:33:10.1718041Z   Downloading google_auth_httplib2-0.3.0-py3-none-any.whl.metadata (3.1 kB)
post_art	Install dependencies	2026-02-22T14:33:10.1831797Z Collecting uritemplate<5,>=3.0.1 (from google-api-python-client->google-generativeai->-r requirements.txt (line 4))
post_art	Install dependencies	2026-02-22T14:33:10.1869503Z   Downloading uritemplate-4.2.0-py3-none-any.whl.metadata (2.6 kB)
post_art	Install dependencies	2026-02-22T14:33:10.2159980Z Collecting pyparsing<4,>=3.1 (from httplib2<1.0.0,>=0.19.0->google-api-python-client->google-generativeai->-r requirements.txt (line 4))
post_art	Install dependencies	2026-02-22T14:33:10.2201709Z   Downloading pyparsing-3.3.2-py3-none-any.whl.metadata (5.8 kB)
post_art	Install dependencies	2026-02-22T14:33:10.2334398Z Collecting annotated-types>=0.6.0 (from pydantic->google-generativeai->-r requirements.txt (line 4))
post_art	Install dependencies	2026-02-22T14:33:10.2374609Z   Downloading annotated_types-0.7.0-py3-none-any.whl.metadata (15 kB)
post_art	Install dependencies	2026-02-22T14:33:11.1359045Z Collecting pydantic-core==2.41.5 (from pydantic->google-generativeai->-r requirements.txt (line 4))
post_art	Install dependencies	2026-02-22T14:33:11.1410744Z   Downloading pydantic_core-2.41.5-cp39-cp39-manylinux_2_17_x86_64.manylinux2014_x86_64.whl.metadata (7.3 kB)
post_art	Install dependencies	2026-02-22T14:33:11.1542113Z Collecting typing-inspection>=0.4.2 (from pydantic->google-generativeai->-r requirements.txt (line 4))
post_art	Install dependencies	2026-02-22T14:33:11.1586638Z   Downloading typing_inspection-0.4.2-py3-none-any.whl.metadata (2.6 kB)
post_art	Install dependencies	2026-02-22T14:33:11.1725131Z Downloading pytelegrambotapi-4.31.0-py3-none-any.whl (304 kB)
post_art	Install dependencies	2026-02-22T14:33:11.1810099Z Downloading requests-2.32.5-py3-none-any.whl (64 kB)
post_art	Install dependencies	2026-02-22T14:33:11.1894039Z Downloading charset_normalizer-3.4.4-cp39-cp39-manylinux2014_x86_64.manylinux_2_17_x86_64.manylinux_2_28_x86_64.whl (153 kB)
post_art	Install dependencies	2026-02-22T14:33:11.1964669Z Downloading idna-3.11-py3-none-any.whl (71 kB)
post_art	Install dependencies	2026-02-22T14:33:11.2045361Z Downloading urllib3-2.6.3-py3-none-any.whl (131 kB)
post_art	Install dependencies	2026-02-22T14:33:11.2176026Z Downloading pillow-11.3.0-cp39-cp39-manylinux_2_27_x86_64.manylinux_2_28_x86_64.whl (6.6 MB)
post_art	Install dependencies	2026-02-22T14:33:11.2524614Z    ‚îÅ‚îÅ‚îÅ‚îÅ‚îÅ‚îÅ‚îÅ‚îÅ‚îÅ‚îÅ‚îÅ‚îÅ‚îÅ‚îÅ‚îÅ‚îÅ‚îÅ‚îÅ‚îÅ‚îÅ‚îÅ‚îÅ‚îÅ‚îÅ‚îÅ‚îÅ‚îÅ‚îÅ‚îÅ‚îÅ‚îÅ‚îÅ‚îÅ‚îÅ‚îÅ‚îÅ‚îÅ‚îÅ‚îÅ‚îÅ 6.6/6.6 MB 201.8 MB/s  0:00:00
post_art	Install dependencies	2026-02-22T14:33:11.2581811Z Downloading google_generativeai-0.8.6-py3-none-any.whl (155 kB)
post_art	Install dependencies	2026-02-22T14:33:11.2697666Z Downloading google_ai_generativelanguage-0.6.15-py3-none-any.whl (1.3 MB)
post_art	Install dependencies	2026-02-22T14:33:11.2799072Z    ‚îÅ‚îÅ‚îÅ‚îÅ‚îÅ‚îÅ‚îÅ‚îÅ‚îÅ‚îÅ‚îÅ‚îÅ‚îÅ‚îÅ‚îÅ‚îÅ‚îÅ‚îÅ‚îÅ‚îÅ‚îÅ‚îÅ‚îÅ‚îÅ‚îÅ‚îÅ‚îÅ‚îÅ‚îÅ‚îÅ‚îÅ‚îÅ‚îÅ‚îÅ‚îÅ‚îÅ‚îÅ‚îÅ‚îÅ‚îÅ 1.3/1.3 MB 140.3 MB/s  0:00:00
post_art	Install dependencies	2026-02-22T14:33:11.2837875Z Downloading google_api_core-2.30.0-py3-none-any.whl (173 kB)
post_art	Install dependencies	2026-02-22T14:33:11.2923553Z Downloading google_auth-2.49.0.dev0-py3-none-any.whl (236 kB)
post_art	Install dependencies	2026-02-22T14:33:11.2992443Z Downloading googleapis_common_protos-1.72.0-py3-none-any.whl (297 kB)
post_art	Install dependencies	2026-02-22T14:33:11.3082849Z Downloading grpcio-1.78.1-cp39-cp39-manylinux2014_x86_64.manylinux_2_17_x86_64.whl (6.7 MB)
post_art	Install dependencies	2026-02-22T14:33:11.3433489Z    ‚îÅ‚îÅ‚îÅ‚îÅ‚îÅ‚îÅ‚îÅ‚îÅ‚îÅ‚îÅ‚îÅ‚îÅ‚îÅ‚îÅ‚îÅ‚îÅ‚îÅ‚îÅ‚îÅ‚îÅ‚îÅ‚îÅ‚îÅ‚îÅ‚îÅ‚îÅ‚îÅ‚îÅ‚îÅ‚îÅ‚îÅ‚îÅ‚îÅ‚îÅ‚îÅ‚îÅ‚îÅ‚îÅ‚îÅ‚îÅ 6.7/6.7 MB 199.8 MB/s  0:00:00
post_art	Install dependencies	2026-02-22T14:33:11.3473988Z Downloading grpcio_status-1.71.2-py3-none-any.whl (14 kB)
post_art	Install dependencies	2026-02-22T14:33:11.3534491Z Downloading proto_plus-1.27.1-py3-none-any.whl (50 kB)
post_art	Install dependencies	2026-02-22T14:33:11.3616534Z Downloading protobuf-5.29.6-cp38-abi3-manylinux2014_x86_64.whl (320 kB)
post_art	Install dependencies	2026-02-22T14:33:11.3689472Z Downloading typing_extensions-4.15.0-py3-none-any.whl (44 kB)
post_art	Install dependencies	2026-02-22T14:33:11.3751424Z Downloading feedparser-6.0.12-py3-none-any.whl (81 kB)
post_art	Install dependencies	2026-02-22T14:33:11.3812213Z Downloading certifi-2026.1.4-py3-none-any.whl (152 kB)
post_art	Install dependencies	2026-02-22T14:33:11.3878682Z Downloading cryptography-46.0.5-cp38-abi3-manylinux_2_34_x86_64.whl (4.5 MB)
post_art	Install dependencies	2026-02-22T14:33:11.4087169Z    ‚îÅ‚îÅ‚îÅ‚îÅ‚îÅ‚îÅ‚îÅ‚îÅ‚îÅ‚îÅ‚îÅ‚îÅ‚îÅ‚îÅ‚îÅ‚îÅ‚îÅ‚îÅ‚îÅ‚îÅ‚îÅ‚îÅ‚îÅ‚îÅ‚îÅ‚îÅ‚îÅ‚îÅ‚îÅ‚îÅ‚îÅ‚îÅ‚îÅ‚îÅ‚îÅ‚îÅ‚îÅ‚îÅ‚îÅ‚îÅ 4.5/4.5 MB 230.7 MB/s  0:00:00
post_art	Install dependencies	2026-02-22T14:33:11.4135671Z Downloading cffi-2.0.0-cp39-cp39-manylinux2014_x86_64.manylinux_2_17_x86_64.whl (216 kB)
post_art	Install dependencies	2026-02-22T14:33:11.4200447Z Downloading pyasn1_modules-0.4.2-py3-none-any.whl (181 kB)
post_art	Install dependencies	2026-02-22T14:33:11.4266015Z Downloading pyasn1-0.6.2-py3-none-any.whl (83 kB)
post_art	Install dependencies	2026-02-22T14:33:11.4325431Z Downloading google_api_python_client-2.190.0-py3-none-any.whl (14.7 MB)
post_art	Install dependencies	2026-02-22T14:33:11.4909262Z    ‚îÅ‚îÅ‚îÅ‚îÅ‚îÅ‚îÅ‚îÅ‚îÅ‚îÅ‚îÅ‚îÅ‚îÅ‚îÅ‚îÅ‚îÅ‚îÅ‚îÅ‚îÅ‚îÅ‚îÅ‚îÅ‚îÅ‚îÅ‚îÅ‚îÅ‚îÅ‚îÅ‚îÅ‚îÅ‚îÅ‚îÅ‚îÅ‚îÅ‚îÅ‚îÅ‚îÅ‚îÅ‚îÅ‚îÅ‚îÅ 14.7/14.7 MB 259.8 MB/s  0:00:00
post_art	Install dependencies	2026-02-22T14:33:11.4950016Z Downloading google_auth_httplib2-0.3.0-py3-none-any.whl (9.5 kB)
post_art	Install dependencies	2026-02-22T14:33:11.5008093Z Downloading httplib2-0.31.2-py3-none-any.whl (91 kB)
post_art	Install dependencies	2026-02-22T14:33:11.5069901Z Downloading pyparsing-3.3.2-py3-none-any.whl (122 kB)
post_art	Install dependencies	2026-02-22T14:33:11.5132871Z Downloading uritemplate-4.2.0-py3-none-any.whl (11 kB)
post_art	Install dependencies	2026-02-22T14:33:11.5190463Z Downloading pycparser-2.23-py3-none-any.whl (118 kB)
post_art	Install dependencies	2026-02-22T14:33:11.5252395Z Downloading pydantic-2.12.5-py3-none-any.whl (463 kB)
post_art	Install dependencies	2026-02-22T14:33:11.5361208Z Downloading pydantic_core-2.41.5-cp39-cp39-manylinux_2_17_x86_64.manylinux2014_x86_64.whl (2.1 MB)
post_art	Install dependencies	2026-02-22T14:33:11.5479834Z    ‚îÅ‚îÅ‚îÅ‚îÅ‚îÅ‚îÅ‚îÅ‚îÅ‚îÅ‚îÅ‚îÅ‚îÅ‚îÅ‚îÅ‚îÅ‚îÅ‚îÅ‚îÅ‚îÅ‚îÅ‚îÅ‚îÅ‚îÅ‚îÅ‚îÅ‚îÅ‚îÅ‚îÅ‚îÅ‚îÅ‚îÅ‚îÅ‚îÅ‚îÅ‚îÅ‚îÅ‚îÅ‚îÅ‚îÅ‚îÅ 2.1/2.1 MB 192.8 MB/s  0:00:00
post_art	Install dependencies	2026-02-22T14:33:11.5518792Z Downloading annotated_types-0.7.0-py3-none-any.whl (13 kB)
post_art	Install dependencies	2026-02-22T14:33:11.5580717Z Downloading typing_inspection-0.4.2-py3-none-any.whl (14 kB)
post_art	Install dependencies	2026-02-22T14:33:11.5639546Z Downloading tqdm-4.67.3-py3-none-any.whl (78 kB)
post_art	Install dependencies	2026-02-22T14:33:11.6281920Z Building wheels for collected packages: sgmllib3k
post_art	Install dependencies	2026-02-22T14:33:11.6290624Z   Building wheel for sgmllib3k (pyproject.toml): started
post_art	Install dependencies	2026-02-22T14:33:11.8365035Z   Building wheel for sgmllib3k (pyproject.toml): finished with status 'done'
post_art	Install dependencies	2026-02-22T14:33:11.8372926Z   Created wheel for sgmllib3k: filename=sgmllib3k-1.0.0-py3-none-any.whl size=6091 sha256=f0dab50a62281611f253528a8b9602cf15994f961c065aac0147bd1498f2302e
post_art	Install dependencies	2026-02-22T14:33:11.8375029Z   Stored in directory: /home/runner/.cache/pip/wheels/65/7a/a7/78c287f64e401255dff4c13fdbc672fed5efbfd21c530114e1
post_art	Install dependencies	2026-02-22T14:33:11.8394226Z Successfully built sgmllib3k
post_art	Install dependencies	2026-02-22T14:33:11.9172472Z Installing collected packages: sgmllib3k, urllib3, uritemplate, typing-extensions, tqdm, pyparsing, pycparser, pyasn1, protobuf, Pillow, idna, feedparser, charset_normalizer, certifi, annotated-types, typing-inspection, requests, pydantic-core, pyasn1-modules, proto-plus, httplib2, grpcio, googleapis-common-protos, cffi, pyTelegramBotAPI, pydantic, grpcio-status, cryptography, google-auth, google-auth-httplib2, google-api-core, google-api-python-client, google-ai-generativelanguage, google-generativeai
post_art	Install dependencies	2026-02-22T14:33:15.3137027Z 
post_art	Install dependencies	2026-02-22T14:33:15.3196342Z Successfully installed Pillow-11.3.0 annotated-types-0.7.0 certifi-2026.1.4 cffi-2.0.0 charset_normalizer-3.4.4 cryptography-46.0.5 feedparser-6.0.12 google-ai-generativelanguage-0.6.15 google-api-core-2.30.0 google-api-python-client-2.190.0 google-auth-2.49.0.dev0 google-auth-httplib2-0.3.0 google-generativeai-0.8.6 googleapis-common-protos-1.72.0 grpcio-1.78.1 grpcio-status-1.71.2 httplib2-0.31.2 idna-3.11 proto-plus-1.27.1 protobuf-5.29.6 pyTelegramBotAPI-4.31.0 pyasn1-0.6.2 pyasn1-modules-0.4.2 pycparser-2.23 pydantic-2.12.5 pydantic-core-2.41.5 pyparsing-3.3.2 requests-2.32.5 sgmllib3k-1.0.0 tqdm-4.67.3 typing-extensions-4.15.0 typing-inspection-0.4.2 uritemplate-4.2.0 urllib3-2.6.3
post_art	Runner Time Info	Ôªø2026-02-22T14:33:15.8222898Z ##[group]Run echo "Date: $(date)"
post_art	Runner Time Info	2026-02-22T14:33:15.8223282Z [36;1mecho "Date: $(date)"[0m
post_art	Runner Time Info	2026-02-22T14:33:15.8223597Z [36;1mecho "DOW: $(date +%u) (1-Mon, 7-Sun)"[0m
post_art	Runner Time Info	2026-02-22T14:33:15.8223928Z [36;1mecho "Hour: $(date +%H)"[0m
post_art	Runner Time Info	2026-02-22T14:33:15.8256916Z shell: /usr/bin/bash -e {0}
post_art	Runner Time Info	2026-02-22T14:33:15.8257206Z env:
post_art	Runner Time Info	2026-02-22T14:33:15.8257494Z   pythonLocation: /opt/hostedtoolcache/Python/3.9.25/x64
post_art	Runner Time Info	2026-02-22T14:33:15.8257971Z   PKG_CONFIG_PATH: /opt/hostedtoolcache/Python/3.9.25/x64/lib/pkgconfig
post_art	Runner Time Info	2026-02-22T14:33:15.8258438Z   Python_ROOT_DIR: /opt/hostedtoolcache/Python/3.9.25/x64
post_art	Runner Time Info	2026-02-22T14:33:15.8258839Z   Python2_ROOT_DIR: /opt/hostedtoolcache/Python/3.9.25/x64
post_art	Runner Time Info	2026-02-22T14:33:15.8259234Z   Python3_ROOT_DIR: /opt/hostedtoolcache/Python/3.9.25/x64
post_art	Runner Time Info	2026-02-22T14:33:15.8259873Z   LD_LIBRARY_PATH: /opt/hostedtoolcache/Python/3.9.25/x64/lib
post_art	Runner Time Info	2026-02-22T14:33:15.8260255Z ##[endgroup]
post_art	Runner Time Info	2026-02-22T14:33:15.8325700Z Date: Sun Feb 22 14:33:15 UTC 2026
post_art	Runner Time Info	2026-02-22T14:33:15.8337546Z DOW: 7 (1-Mon, 7-Sun)
post_art	Runner Time Info	2026-02-22T14:33:15.8349233Z Hour: 14
post_art	Run Art Bot	Ôªø2026-02-22T14:33:15.8402116Z ##[group]Run DOW=$(date +%u)
post_art	Run Art Bot	2026-02-22T14:33:15.8402430Z [36;1mDOW=$(date +%u)[0m
post_art	Run Art Bot	2026-02-22T14:33:15.8402677Z [36;1mHOUR=$(date +%H)[0m
post_art	Run Art Bot	2026-02-22T14:33:15.8402918Z [36;1m[0m
post_art	Run Art Bot	2026-02-22T14:33:15.8403213Z [36;1m# –ï—Å–ª–∏ —ç—Ç–æ —Ä—É—á–Ω–æ–π –∑–∞–ø—É—Å–∫ –í–ò–î–ï–û –∏–ª–∏ –≤–æ—Å–∫—Ä–µ—Å–µ–Ω—å–µ 19:00 UTC (22:00 MSK)[0m
post_art	Run Art Bot	2026-02-22T14:33:15.8403732Z [36;1mif [ "art" == "video" ] || ([ "$DOW" -eq 7 ] && [ "$HOUR" -ge 18 ] && [ "$HOUR" -le 20 ]); then[0m
post_art	Run Art Bot	2026-02-22T14:33:15.8404218Z [36;1m  echo "üé¨ Running Video Generation..."[0m
post_art	Run Art Bot	2026-02-22T14:33:15.8404611Z [36;1m  python3 -u main.py --video 2>&1 | tee bot_run.log[0m
post_art	Run Art Bot	2026-02-22T14:33:15.8404951Z [36;1melse[0m
post_art	Run Art Bot	2026-02-22T14:33:15.8405197Z [36;1m  echo "üñåÔ∏è Running Art Generation..."[0m
post_art	Run Art Bot	2026-02-22T14:33:15.8405546Z [36;1m  python3 -u main.py 2>&1 | tee bot_run.log[0m
post_art	Run Art Bot	2026-02-22T14:33:15.8405853Z [36;1mfi[0m
post_art	Run Art Bot	2026-02-22T14:33:15.8435246Z shell: /usr/bin/bash -e {0}
post_art	Run Art Bot	2026-02-22T14:33:15.8435541Z env:
post_art	Run Art Bot	2026-02-22T14:33:15.8435816Z   pythonLocation: /opt/hostedtoolcache/Python/3.9.25/x64
post_art	Run Art Bot	2026-02-22T14:33:15.8436315Z   PKG_CONFIG_PATH: /opt/hostedtoolcache/Python/3.9.25/x64/lib/pkgconfig
post_art	Run Art Bot	2026-02-22T14:33:15.8436766Z   Python_ROOT_DIR: /opt/hostedtoolcache/Python/3.9.25/x64
post_art	Run Art Bot	2026-02-22T14:33:15.8437164Z   Python2_ROOT_DIR: /opt/hostedtoolcache/Python/3.9.25/x64
post_art	Run Art Bot	2026-02-22T14:33:15.8437549Z   Python3_ROOT_DIR: /opt/hostedtoolcache/Python/3.9.25/x64
post_art	Run Art Bot	2026-02-22T14:33:15.8437968Z   LD_LIBRARY_PATH: /opt/hostedtoolcache/Python/3.9.25/x64/lib
post_art	Run Art Bot	2026-02-22T14:33:15.8438847Z   BOT_TOKEN: ***
post_art	Run Art Bot	2026-02-22T14:33:15.8439106Z   CHANNEL_ID: ***
post_art	Run Art Bot	2026-02-22T14:33:15.8439409Z   GOOGLE_KEY: ***
post_art	Run Art Bot	2026-02-22T14:33:15.8440111Z   SILICONFLOW_KEY: ***
post_art	Run Art Bot	2026-02-22T14:33:15.8440424Z   RUNWARE_KEY: ***
post_art	Run Art Bot	2026-02-22T14:33:15.8440677Z   KIE_KEY: ***
post_art	Run Art Bot	2026-02-22T14:33:15.8440934Z   HF_KEY: ***
post_art	Run Art Bot	2026-02-22T14:33:15.8441193Z   CLOUDFLARE_ID: ***
post_art	Run Art Bot	2026-02-22T14:33:15.8441539Z   CLOUDFLARE_TOKEN: ***
post_art	Run Art Bot	2026-02-22T14:33:15.8442097Z   GROQ_KEY: ***
post_art	Run Art Bot	2026-02-22T14:33:15.8442512Z   OPENROUTER_KEY: ***
post_art	Run Art Bot	2026-02-22T14:33:15.8442852Z   LAOZHANG_KEY: ***
post_art	Run Art Bot	2026-02-22T14:33:15.8443090Z   YOUR_SIGNATURE: @fRieNDLee34
post_art	Run Art Bot	2026-02-22T14:33:15.8443341Z ##[endgroup]
post_art	Run Art Bot	2026-02-22T14:33:15.8518799Z üñåÔ∏è Running Art Generation...
post_art	Run Art Bot	2026-02-22T14:33:15.8784264Z üöÄ BOOTING FRIE-ND-LEE ART BOT...
post_art	Run Art Bot	2026-02-22T14:33:15.9865462Z üõ†Ô∏è DEBUG: sys.version: 3.9.25 (main, Nov  3 2025, 15:16:36) 
post_art	Run Art Bot	2026-02-22T14:33:15.9866207Z [GCC 13.3.0]
post_art	Run Art Bot	2026-02-22T14:33:15.9866553Z üõ†Ô∏è DEBUG: sys.argv: ['main.py']
post_art	Run Art Bot	2026-02-22T14:33:15.9866959Z üõ†Ô∏è DEBUG: TOKEN prefix: 85328...
post_art	Run Art Bot	2026-02-22T14:33:15.9867608Z üõ†Ô∏è DEBUG: CHANNEL_ID: '***' (Type: <class 'str'>)
post_art	Run Art Bot	2026-02-22T14:33:16.3568346Z ü§ñ –ë–æ—Ç –∞–≤—Ç–æ—Ä–∏–∑–æ–≤–∞–Ω: @Avatar2026_bot
post_art	Run Art Bot	2026-02-22T14:33:16.3612423Z --- FrieNDLee_FTP BOT (v2.0) üöÄ ---
post_art	Run Art Bot	2026-02-22T14:33:16.3613198Z üïí –¢–µ–∫—É—â–µ–µ –≤—Ä–µ–º—è (–ú–°–ö): 2026-02-22 17:33:16
post_art	Run Art Bot	2026-02-22T14:33:16.3613910Z üé≤ –ö–∞—Ç–µ–≥–æ—Ä–∏—è: [Architecture & Places]
post_art	Run Art Bot	2026-02-22T14:33:16.3614712Z üé≤ –°—Ç–∏–ª–∏: [Film Noir Photography + Renaissance Style]
post_art	Run Art Bot	2026-02-22T14:33:16.3615515Z üé≤ –°–≤–µ—Ç: [Morning Fog Light]
post_art	Run Art Bot	2026-02-22T14:33:16.3617666Z üé≤ –°–≥–µ–Ω–µ—Ä–∏—Ä–æ–≤–∞–Ω–∞ —Ç–µ–º–∞ (Diversity Mode V1.0): Film Noir Photography and Renaissance Style mix style of Treehouse Village in Giant Forest inside a giant clockwork, with Morning Fog Light, masterpiece, 8k, highly detailed, photorealistic, intricate textures, masterpiece composition, vivid colors, professionally rendered
post_art	Run Art Bot	2026-02-22T14:33:16.3619280Z üìù –ì–µ–Ω–µ—Ä–∏—Ä—É—é —Ç–µ–∫—Å—Ç –ø–æ–¥ —Ç–µ–º—É...
post_art	Run Art Bot	2026-02-22T14:33:16.3619861Z üß† Kie.ai (DeepSeek) –ø–∏—à–µ—Ç —Ç–µ–∫—Å—Ç...
post_art	Run Art Bot	2026-02-22T14:33:16.8587502Z ‚ö†Ô∏è Kie.ai Error 404: {"timestamp":1771770796822,"status":404,"error":"Not Found","message":"No message available","path":"/v1/chat/completions"}
post_art	Run Art Bot	2026-02-22T14:33:16.8593509Z ‚ö†Ô∏è Kie –º–æ–ª—á–∏—Ç. –ü—Ä–æ–±—É—é Groq...
post_art	Run Art Bot	2026-02-22T14:33:16.8593971Z üß† Groq API –ø–∏—à–µ—Ç —Ç–µ–∫—Å—Ç (Llama 3)...
post_art	Run Art Bot	2026-02-22T14:33:18.1767444Z üé® –ù–∞—á–∏–Ω–∞–µ–º –≥–µ–Ω–µ—Ä–∞—Ü–∏—é. –î–æ—Å—Ç—É–ø–Ω–æ –ø—Ä–æ–≤–∞–π–¥–µ—Ä–æ–≤: 19
post_art	Run Art Bot	2026-02-22T14:33:18.1768584Z üëâ –ü—Ä–æ–±—É–µ–º: Kie.ai (Flux Kontext)...
post_art	Run Art Bot	2026-02-22T14:33:18.2963470Z üëâ –ü—Ä–æ–±—É–µ–º: Kie.ai (Flux Pro)...
post_art	Run Art Bot	2026-02-22T14:33:18.4270592Z üëâ –ü—Ä–æ–±—É–µ–º: Kie.ai (SDXL)...
post_art	Run Art Bot	2026-02-22T14:33:18.5493078Z üëâ –ü—Ä–æ–±—É–µ–º: Laozhang (DALL-E 3)...
post_art	Run Art Bot	2026-02-22T14:33:19.2531815Z ‚ö†Ô∏è Laozhang (DALL-E 3) HTTP 403: {"error":{"message":"user [41231] quota [5000] preConsumedQuota [20500] is not enough","localized_message":"Áî®Êà∑‰ΩôÈ¢ù‰∏çË∂≥, ËØ∑ÂÖÖÂÄº","type":"shell_api_error","param":"","code":"insufficient_user_quota"}}
post_art	Run Art Bot	2026-02-22T14:33:19.2533808Z üëâ –ü—Ä–æ–±—É–µ–º: SiliconFlow (Flux Schnell)...
post_art	Run Art Bot	2026-02-22T14:33:21.0687244Z ‚ö†Ô∏è SiliconFlow (Flux Schnell) HTTP 403: {"code":30001,"message":"Sorry, your account balance is insufficient","data":null}
post_art	Run Art Bot	2026-02-22T14:33:21.0688136Z üëâ –ü—Ä–æ–±—É–µ–º: Runware (100@1)...
post_art	Run Art Bot	2026-02-22T14:33:21.3954985Z ‚ö†Ô∏è Runware (100@1) HTTP 401: {
post_art	Run Art Bot	2026-02-22T14:33:21.3955463Z     "errors": [
post_art	Run Art Bot	2026-02-22T14:33:21.3955740Z         {
post_art	Run Art Bot	2026-02-22T14:33:21.3956014Z             "code": "missingApiKey",
post_art	Run Art Bot	2026-02-22T14:33:21.3956532Z             "message": "Missing API Key. Get one at https://my.runware.ai/signup",
post_art	Run Art Bot	2026-02-22T14:33:21.3957105Z             "parameter": "apiKey",
post_art	Run Art Bot	2026-02-22T14:33:21.3957434Z             "type
post_art	Run Art Bot	2026-02-22T14:33:21.3957815Z üëâ –ü—Ä–æ–±—É–µ–º: HuggingFace (Flux Schnell)...
post_art	Run Art Bot	2026-02-22T14:33:24.0515585Z ‚úÖ –£–°–ü–ï–•! –ì–µ–Ω–µ—Ä–∞—Ü–∏—è –≤—ã–ø–æ–ª–Ω–µ–Ω–∞ —á–µ—Ä–µ–∑: HuggingFace (Flux Schnell)
post_art	Run Art Bot	2026-02-22T14:33:24.0575145Z ‚úÖ Image Verified: JPEG
post_art	Run Art Bot	2026-02-22T14:33:24.0576596Z üì§ Attempt 1: Sending to ***...
post_art	Run Art Bot	2026-02-22T14:33:24.7799850Z üéâ SUCCESS! Content posted.
post_art	Post Set up Python	Ôªø2026-02-22T14:33:24.8092894Z Post job cleanup.
post_art	Post Checkout code	Ôªø2026-02-22T14:33:24.9729342Z Post job cleanup.
post_art	Post Checkout code	2026-02-22T14:33:25.0447958Z [command]/usr/bin/git version
post_art	Post Checkout code	2026-02-22T14:33:25.0486801Z git version 2.52.0
post_art	Post Checkout code	2026-02-22T14:33:25.0532775Z Temporarily overriding HOME='/home/runner/work/_temp/a8f11345-e34f-41ee-9f79-24090f36f020' before making global git config changes
post_art	Post Checkout code	2026-02-22T14:33:25.0534250Z Adding repository directory to the temporary git global config as a safe directory
post_art	Post Checkout code	2026-02-22T14:33:25.0537917Z [command]/usr/bin/git config --global --add safe.directory /home/runner/work/friendlee-ai-art-bot/friendlee-ai-art-bot
post_art	Post Checkout code	2026-02-22T14:33:25.0570698Z [command]/usr/bin/git config --local --name-only --get-regexp core\.sshCommand
post_art	Post Checkout code	2026-02-22T14:33:25.0600582Z [command]/usr/bin/git submodule foreach --recursive sh -c "git config --local --name-only --get-regexp 'core\.sshCommand' && git config --local --unset-all 'core.sshCommand' || :"
post_art	Post Checkout code	2026-02-22T14:33:25.0830140Z [command]/usr/bin/git config --local --name-only --get-regexp http\.https\:\/\/github\.com\/\.extraheader
post_art	Post Checkout code	2026-02-22T14:33:25.0850950Z http.https://github.com/.extraheader
post_art	Post Checkout code	2026-02-22T14:33:25.0862536Z [command]/usr/bin/git config --local --unset-all http.https://github.com/.extraheader
post_art	Post Checkout code	2026-02-22T14:33:25.0892242Z [command]/usr/bin/git submodule foreach --recursive sh -c "git config --local --name-only --get-regexp 'http\.https\:\/\/github\.com\/\.extraheader' && git config --local --unset-all 'http.https://github.com/.extraheader' || :"
post_art	Complete job	Ôªø2026-02-22T14:33:25.1223375Z Cleaning up orphan processes
