post_art	Set up job	Ôªø2026-02-19T19:43:30.2702101Z Current runner version: '2.331.0'
post_art	Set up job	2026-02-19T19:43:30.2728476Z ##[group]Runner Image Provisioner
post_art	Set up job	2026-02-19T19:43:30.2729438Z Hosted Compute Agent
post_art	Set up job	2026-02-19T19:43:30.2730053Z Version: 20260213.493
post_art	Set up job	2026-02-19T19:43:30.2730841Z Commit: 5c115507f6dd24b8de37d8bbe0bb4509d0cc0fa3
post_art	Set up job	2026-02-19T19:43:30.2731606Z Build Date: 2026-02-13T00:28:41Z
post_art	Set up job	2026-02-19T19:43:30.2732372Z Worker ID: {d6219d57-4bdb-49bc-84ac-3456303a7c9b}
post_art	Set up job	2026-02-19T19:43:30.2733338Z Azure Region: westus
post_art	Set up job	2026-02-19T19:43:30.2733926Z ##[endgroup]
post_art	Set up job	2026-02-19T19:43:30.2735537Z ##[group]Operating System
post_art	Set up job	2026-02-19T19:43:30.2736214Z Ubuntu
post_art	Set up job	2026-02-19T19:43:30.2736831Z 24.04.3
post_art	Set up job	2026-02-19T19:43:30.2737390Z LTS
post_art	Set up job	2026-02-19T19:43:30.2737931Z ##[endgroup]
post_art	Set up job	2026-02-19T19:43:30.2738643Z ##[group]Runner Image
post_art	Set up job	2026-02-19T19:43:30.2739283Z Image: ubuntu-24.04
post_art	Set up job	2026-02-19T19:43:30.2739985Z Version: 20260217.30.1
post_art	Set up job	2026-02-19T19:43:30.2741112Z Included Software: https://github.com/actions/runner-images/blob/ubuntu24/20260217.30/images/ubuntu/Ubuntu2404-Readme.md
post_art	Set up job	2026-02-19T19:43:30.2743412Z Image Release: https://github.com/actions/runner-images/releases/tag/ubuntu24%2F20260217.30
post_art	Set up job	2026-02-19T19:43:30.2744509Z ##[endgroup]
post_art	Set up job	2026-02-19T19:43:30.2745822Z ##[group]GITHUB_TOKEN Permissions
post_art	Set up job	2026-02-19T19:43:30.2747787Z Contents: read
post_art	Set up job	2026-02-19T19:43:30.2748587Z Metadata: read
post_art	Set up job	2026-02-19T19:43:30.2749271Z Packages: read
post_art	Set up job	2026-02-19T19:43:30.2749829Z ##[endgroup]
post_art	Set up job	2026-02-19T19:43:30.2752313Z Secret source: Actions
post_art	Set up job	2026-02-19T19:43:30.2753823Z Prepare workflow directory
post_art	Set up job	2026-02-19T19:43:30.3087876Z Prepare all required actions
post_art	Set up job	2026-02-19T19:43:30.3126662Z Getting action download info
post_art	Set up job	2026-02-19T19:43:31.2844407Z Download action repository 'actions/checkout@v3' (SHA:f43a0e5ff2bd294095638e18286ca9a3d1956744)
post_art	Set up job	2026-02-19T19:43:31.4181975Z Download action repository 'actions/setup-python@v4' (SHA:7f4fc3e22c37d6ff65e88745f38bd3157c663f7c)
post_art	Set up job	2026-02-19T19:43:31.6122399Z Complete job name: post_art
post_art	Checkout code	Ôªø2026-02-19T19:43:31.6889524Z ##[group]Run actions/checkout@v3
post_art	Checkout code	2026-02-19T19:43:31.6890528Z with:
post_art	Checkout code	2026-02-19T19:43:31.6891138Z   repository: ksahis0900-dot/friendlee-ai-art-bot
post_art	Checkout code	2026-02-19T19:43:31.6892043Z   token: ***
post_art	Checkout code	2026-02-19T19:43:31.6892532Z   ssh-strict: true
post_art	Checkout code	2026-02-19T19:43:31.6893278Z   persist-credentials: true
post_art	Checkout code	2026-02-19T19:43:31.6893852Z   clean: true
post_art	Checkout code	2026-02-19T19:43:31.6894356Z   sparse-checkout-cone-mode: true
post_art	Checkout code	2026-02-19T19:43:31.6894944Z   fetch-depth: 1
post_art	Checkout code	2026-02-19T19:43:31.6895446Z   fetch-tags: false
post_art	Checkout code	2026-02-19T19:43:31.6895953Z   lfs: false
post_art	Checkout code	2026-02-19T19:43:31.6896432Z   submodules: false
post_art	Checkout code	2026-02-19T19:43:31.6896971Z   set-safe-directory: true
post_art	Checkout code	2026-02-19T19:43:31.6897820Z ##[endgroup]
post_art	Checkout code	2026-02-19T19:43:31.7809211Z Syncing repository: ksahis0900-dot/friendlee-ai-art-bot
post_art	Checkout code	2026-02-19T19:43:31.7811464Z ##[group]Getting Git version info
post_art	Checkout code	2026-02-19T19:43:31.7812475Z Working directory is '/home/runner/work/friendlee-ai-art-bot/friendlee-ai-art-bot'
post_art	Checkout code	2026-02-19T19:43:31.7814195Z [command]/usr/bin/git version
post_art	Checkout code	2026-02-19T19:43:31.7818855Z git version 2.53.0
post_art	Checkout code	2026-02-19T19:43:31.7846422Z ##[endgroup]
post_art	Checkout code	2026-02-19T19:43:31.7861507Z Temporarily overriding HOME='/home/runner/work/_temp/98d42aa9-b458-4a2f-a597-ad9d0984bfa9' before making global git config changes
post_art	Checkout code	2026-02-19T19:43:31.7863334Z Adding repository directory to the temporary git global config as a safe directory
post_art	Checkout code	2026-02-19T19:43:31.7865593Z [command]/usr/bin/git config --global --add safe.directory /home/runner/work/friendlee-ai-art-bot/friendlee-ai-art-bot
post_art	Checkout code	2026-02-19T19:43:31.7907291Z Deleting the contents of '/home/runner/work/friendlee-ai-art-bot/friendlee-ai-art-bot'
post_art	Checkout code	2026-02-19T19:43:31.7910760Z ##[group]Initializing the repository
post_art	Checkout code	2026-02-19T19:43:31.7914749Z [command]/usr/bin/git init /home/runner/work/friendlee-ai-art-bot/friendlee-ai-art-bot
post_art	Checkout code	2026-02-19T19:43:31.8028611Z hint: Using 'master' as the name for the initial branch. This default branch name
post_art	Checkout code	2026-02-19T19:43:31.8030293Z hint: will change to "main" in Git 3.0. To configure the initial branch name
post_art	Checkout code	2026-02-19T19:43:31.8031771Z hint: to use in all of your new repositories, which will suppress this warning,
post_art	Checkout code	2026-02-19T19:43:31.8034110Z hint: call:
post_art	Checkout code	2026-02-19T19:43:31.8034856Z hint:
post_art	Checkout code	2026-02-19T19:43:31.8035641Z hint: 	git config --global init.defaultBranch <name>
post_art	Checkout code	2026-02-19T19:43:31.8036569Z hint:
post_art	Checkout code	2026-02-19T19:43:31.8037725Z hint: Names commonly chosen instead of 'master' are 'main', 'trunk' and
post_art	Checkout code	2026-02-19T19:43:31.8039334Z hint: 'development'. The just-created branch can be renamed via this command:
post_art	Checkout code	2026-02-19T19:43:31.8040622Z hint:
post_art	Checkout code	2026-02-19T19:43:31.8041249Z hint: 	git branch -m <name>
post_art	Checkout code	2026-02-19T19:43:31.8041892Z hint:
post_art	Checkout code	2026-02-19T19:43:31.8042626Z hint: Disable this message with "git config set advice.defaultBranchName false"
post_art	Checkout code	2026-02-19T19:43:31.8044840Z Initialized empty Git repository in /home/runner/work/friendlee-ai-art-bot/friendlee-ai-art-bot/.git/
post_art	Checkout code	2026-02-19T19:43:31.8047235Z [command]/usr/bin/git remote add origin https://github.com/ksahis0900-dot/friendlee-ai-art-bot
post_art	Checkout code	2026-02-19T19:43:31.8082049Z ##[endgroup]
post_art	Checkout code	2026-02-19T19:43:31.8083329Z ##[group]Disabling automatic garbage collection
post_art	Checkout code	2026-02-19T19:43:31.8084924Z [command]/usr/bin/git config --local gc.auto 0
post_art	Checkout code	2026-02-19T19:43:31.8113697Z ##[endgroup]
post_art	Checkout code	2026-02-19T19:43:31.8114630Z ##[group]Setting up auth
post_art	Checkout code	2026-02-19T19:43:31.8119108Z [command]/usr/bin/git config --local --name-only --get-regexp core\.sshCommand
post_art	Checkout code	2026-02-19T19:43:31.8147546Z [command]/usr/bin/git submodule foreach --recursive sh -c "git config --local --name-only --get-regexp 'core\.sshCommand' && git config --local --unset-all 'core.sshCommand' || :"
post_art	Checkout code	2026-02-19T19:43:31.8503923Z [command]/usr/bin/git config --local --name-only --get-regexp http\.https\:\/\/github\.com\/\.extraheader
post_art	Checkout code	2026-02-19T19:43:31.8532565Z [command]/usr/bin/git submodule foreach --recursive sh -c "git config --local --name-only --get-regexp 'http\.https\:\/\/github\.com\/\.extraheader' && git config --local --unset-all 'http.https://github.com/.extraheader' || :"
post_art	Checkout code	2026-02-19T19:43:31.8770329Z [command]/usr/bin/git config --local http.https://github.com/.extraheader AUTHORIZATION: basic ***
post_art	Checkout code	2026-02-19T19:43:31.8806017Z ##[endgroup]
post_art	Checkout code	2026-02-19T19:43:31.8807046Z ##[group]Fetching the repository
post_art	Checkout code	2026-02-19T19:43:31.8815117Z [command]/usr/bin/git -c protocol.version=2 fetch --no-tags --prune --progress --no-recurse-submodules --depth=1 origin +425ceb8a0fbfb83bc10f2c325e6b77a94f5a665f:refs/remotes/origin/master
post_art	Checkout code	2026-02-19T19:43:32.2217285Z remote: Enumerating objects: 17, done.        
post_art	Checkout code	2026-02-19T19:43:32.2219350Z remote: Counting objects:   5% (1/17)        
post_art	Checkout code	2026-02-19T19:43:32.2220882Z remote: Counting objects:  11% (2/17)        
post_art	Checkout code	2026-02-19T19:43:32.2221886Z remote: Counting objects:  17% (3/17)        
post_art	Checkout code	2026-02-19T19:43:32.2222847Z remote: Counting objects:  23% (4/17)        
post_art	Checkout code	2026-02-19T19:43:32.2224144Z remote: Counting objects:  29% (5/17)        
post_art	Checkout code	2026-02-19T19:43:32.2225103Z remote: Counting objects:  35% (6/17)        
post_art	Checkout code	2026-02-19T19:43:32.2226046Z remote: Counting objects:  41% (7/17)        
post_art	Checkout code	2026-02-19T19:43:32.2227010Z remote: Counting objects:  47% (8/17)        
post_art	Checkout code	2026-02-19T19:43:32.2228650Z remote: Counting objects:  52% (9/17)        
post_art	Checkout code	2026-02-19T19:43:32.2230354Z remote: Counting objects:  58% (10/17)        
post_art	Checkout code	2026-02-19T19:43:32.2231879Z remote: Counting objects:  64% (11/17)        
post_art	Checkout code	2026-02-19T19:43:32.2233642Z remote: Counting objects:  70% (12/17)        
post_art	Checkout code	2026-02-19T19:43:32.2235481Z remote: Counting objects:  76% (13/17)        
post_art	Checkout code	2026-02-19T19:43:32.2236728Z remote: Counting objects:  82% (14/17)        
post_art	Checkout code	2026-02-19T19:43:32.2237877Z remote: Counting objects:  88% (15/17)        
post_art	Checkout code	2026-02-19T19:43:32.2239051Z remote: Counting objects:  94% (16/17)        
post_art	Checkout code	2026-02-19T19:43:32.2240230Z remote: Counting objects: 100% (17/17)        
post_art	Checkout code	2026-02-19T19:43:32.2241467Z remote: Counting objects: 100% (17/17), done.        
post_art	Checkout code	2026-02-19T19:43:32.2242799Z remote: Compressing objects:   7% (1/14)        
post_art	Checkout code	2026-02-19T19:43:32.2244295Z remote: Compressing objects:  14% (2/14)        
post_art	Checkout code	2026-02-19T19:43:32.2245756Z remote: Compressing objects:  21% (3/14)        
post_art	Checkout code	2026-02-19T19:43:32.2247308Z remote: Compressing objects:  28% (4/14)        
post_art	Checkout code	2026-02-19T19:43:32.2249134Z remote: Compressing objects:  35% (5/14)        
post_art	Checkout code	2026-02-19T19:43:32.2250670Z remote: Compressing objects:  42% (6/14)        
post_art	Checkout code	2026-02-19T19:43:32.2252203Z remote: Compressing objects:  50% (7/14)        
post_art	Checkout code	2026-02-19T19:43:32.2254075Z remote: Compressing objects:  57% (8/14)        
post_art	Checkout code	2026-02-19T19:43:32.2255635Z remote: Compressing objects:  64% (9/14)        
post_art	Checkout code	2026-02-19T19:43:32.2257274Z remote: Compressing objects:  71% (10/14)        
post_art	Checkout code	2026-02-19T19:43:32.2259013Z remote: Compressing objects:  78% (11/14)        
post_art	Checkout code	2026-02-19T19:43:32.2260653Z remote: Compressing objects:  85% (12/14)        
post_art	Checkout code	2026-02-19T19:43:32.2262393Z remote: Compressing objects:  92% (13/14)        
post_art	Checkout code	2026-02-19T19:43:32.2264343Z remote: Compressing objects: 100% (14/14)        
post_art	Checkout code	2026-02-19T19:43:32.2266094Z remote: Compressing objects: 100% (14/14), done.        
post_art	Checkout code	2026-02-19T19:43:32.2605083Z remote: Total 17 (delta 1), reused 13 (delta 0), pack-reused 0 (from 0)        
post_art	Checkout code	2026-02-19T19:43:32.2689273Z From https://github.com/ksahis0900-dot/friendlee-ai-art-bot
post_art	Checkout code	2026-02-19T19:43:32.2693700Z  * [new ref]         425ceb8a0fbfb83bc10f2c325e6b77a94f5a665f -> origin/master
post_art	Checkout code	2026-02-19T19:43:32.2729082Z ##[endgroup]
post_art	Checkout code	2026-02-19T19:43:32.2731950Z ##[group]Determining the checkout info
post_art	Checkout code	2026-02-19T19:43:32.2734658Z ##[endgroup]
post_art	Checkout code	2026-02-19T19:43:32.2736429Z ##[group]Checking out the ref
post_art	Checkout code	2026-02-19T19:43:32.2738628Z [command]/usr/bin/git checkout --progress --force -B master refs/remotes/origin/master
post_art	Checkout code	2026-02-19T19:43:32.2791690Z Reset branch 'master'
post_art	Checkout code	2026-02-19T19:43:32.2795063Z branch 'master' set up to track 'origin/master'.
post_art	Checkout code	2026-02-19T19:43:32.2801905Z ##[endgroup]
post_art	Checkout code	2026-02-19T19:43:32.2839915Z [command]/usr/bin/git log -1 --format='%H'
post_art	Checkout code	2026-02-19T19:43:32.2864174Z '425ceb8a0fbfb83bc10f2c325e6b77a94f5a665f'
post_art	Set up Python	Ôªø2026-02-19T19:43:32.3207539Z ##[group]Run actions/setup-python@v4
post_art	Set up Python	2026-02-19T19:43:32.3208809Z with:
post_art	Set up Python	2026-02-19T19:43:32.3209693Z   python-version: 3.9
post_art	Set up Python	2026-02-19T19:43:32.3210714Z   check-latest: false
post_art	Set up Python	2026-02-19T19:43:32.3212005Z   token: ***
post_art	Set up Python	2026-02-19T19:43:32.3213171Z   update-environment: true
post_art	Set up Python	2026-02-19T19:43:32.3214298Z   allow-prereleases: false
post_art	Set up Python	2026-02-19T19:43:32.3215361Z ##[endgroup]
post_art	Set up Python	2026-02-19T19:43:32.5019921Z ##[group]Installed versions
post_art	Set up Python	2026-02-19T19:43:32.5135438Z Version 3.9 was not found in the local cache
post_art	Set up Python	2026-02-19T19:43:33.2690447Z Version 3.9 is available for downloading
post_art	Set up Python	2026-02-19T19:43:33.2694655Z Download from "https://github.com/actions/python-versions/releases/download/3.9.25-19039189640/python-3.9.25-linux-24.04-x64.tar.gz"
post_art	Set up Python	2026-02-19T19:43:34.1447585Z Extract downloaded archive
post_art	Set up Python	2026-02-19T19:43:34.1490924Z [command]/usr/bin/tar xz --warning=no-unknown-keyword -C /home/runner/work/_temp/66dcd8ef-5a07-4ef8-b53e-0660e4a14c2e -f /home/runner/work/_temp/7e977cae-bcfa-4a3b-ba7d-fd6a7912fe5e
post_art	Set up Python	2026-02-19T19:43:35.5384448Z Execute installation script
post_art	Set up Python	2026-02-19T19:43:35.5483554Z Check if Python hostedtoolcache folder exist...
post_art	Set up Python	2026-02-19T19:43:35.5484401Z Create Python 3.9.25 folder
post_art	Set up Python	2026-02-19T19:43:35.5498149Z Copy Python binaries to hostedtoolcache folder
post_art	Set up Python	2026-02-19T19:43:36.0825431Z Create additional symlinks (Required for the UsePythonVersion Azure Pipelines task and the setup-python GitHub Action)
post_art	Set up Python	2026-02-19T19:43:36.0869554Z Upgrading pip...
post_art	Set up Python	2026-02-19T19:43:38.3993158Z Looking in links: /tmp/tmpfm9v07oy
post_art	Set up Python	2026-02-19T19:43:38.3999142Z Requirement already satisfied: setuptools in /opt/hostedtoolcache/Python/3.9.25/x64/lib/python3.9/site-packages (79.0.1)
post_art	Set up Python	2026-02-19T19:43:38.4004758Z Requirement already satisfied: pip in /opt/hostedtoolcache/Python/3.9.25/x64/lib/python3.9/site-packages (23.0.1)
post_art	Set up Python	2026-02-19T19:43:39.6815100Z Collecting pip
post_art	Set up Python	2026-02-19T19:43:39.7156241Z Downloading pip-26.0.1-py3-none-any.whl (1.8 MB)
post_art	Set up Python	2026-02-19T19:43:39.7577853Z ‚îÅ‚îÅ‚îÅ‚îÅ‚îÅ‚îÅ‚îÅ‚îÅ‚îÅ‚îÅ‚îÅ‚îÅ‚îÅ‚îÅ‚îÅ‚îÅ‚îÅ‚îÅ‚îÅ‚îÅ‚îÅ‚îÅ‚îÅ‚îÅ‚îÅ‚îÅ‚îÅ‚îÅ‚îÅ‚îÅ‚îÅ‚îÅ‚îÅ‚îÅ‚îÅ‚îÅ‚îÅ‚îÅ‚îÅ‚îÅ 1.8/1.8 MB 45.9 MB/s eta 0:00:00
post_art	Set up Python	2026-02-19T19:43:39.7578582Z 
post_art	Set up Python	2026-02-19T19:43:39.8214047Z Installing collected packages: pip
post_art	Set up Python	2026-02-19T19:43:39.8214953Z Attempting uninstall: pip
post_art	Set up Python	2026-02-19T19:43:39.8221901Z Found existing installation: pip 23.0.1
post_art	Set up Python	2026-02-19T19:43:40.0192106Z Uninstalling pip-23.0.1:
post_art	Set up Python	2026-02-19T19:43:40.0269446Z Successfully uninstalled pip-23.0.1
post_art	Set up Python	2026-02-19T19:43:40.9096211Z Successfully installed pip-26.0.1
post_art	Set up Python	2026-02-19T19:43:40.9806366Z Create complete file
post_art	Set up Python	2026-02-19T19:43:40.9856967Z Successfully set up CPython (3.9.25)
post_art	Set up Python	2026-02-19T19:43:40.9857828Z ##[endgroup]
post_art	Install dependencies	Ôªø2026-02-19T19:43:41.0015901Z ##[group]Run pip install -r requirements.txt
post_art	Install dependencies	2026-02-19T19:43:41.0016371Z [36;1mpip install -r requirements.txt[0m
post_art	Install dependencies	2026-02-19T19:43:41.0075756Z shell: /usr/bin/bash -e {0}
post_art	Install dependencies	2026-02-19T19:43:41.0076067Z env:
post_art	Install dependencies	2026-02-19T19:43:41.0076354Z   pythonLocation: /opt/hostedtoolcache/Python/3.9.25/x64
post_art	Install dependencies	2026-02-19T19:43:41.0076864Z   PKG_CONFIG_PATH: /opt/hostedtoolcache/Python/3.9.25/x64/lib/pkgconfig
post_art	Install dependencies	2026-02-19T19:43:41.0077344Z   Python_ROOT_DIR: /opt/hostedtoolcache/Python/3.9.25/x64
post_art	Install dependencies	2026-02-19T19:43:41.0077796Z   Python2_ROOT_DIR: /opt/hostedtoolcache/Python/3.9.25/x64
post_art	Install dependencies	2026-02-19T19:43:41.0078200Z   Python3_ROOT_DIR: /opt/hostedtoolcache/Python/3.9.25/x64
post_art	Install dependencies	2026-02-19T19:43:41.0078629Z   LD_LIBRARY_PATH: /opt/hostedtoolcache/Python/3.9.25/x64/lib
post_art	Install dependencies	2026-02-19T19:43:41.0078973Z ##[endgroup]
post_art	Install dependencies	2026-02-19T19:43:41.4723103Z Collecting pyTelegramBotAPI (from -r requirements.txt (line 1))
post_art	Install dependencies	2026-02-19T19:43:41.5061435Z   Downloading pytelegrambotapi-4.31.0-py3-none-any.whl.metadata (48 kB)
post_art	Install dependencies	2026-02-19T19:43:41.5541663Z Collecting requests (from -r requirements.txt (line 2))
post_art	Install dependencies	2026-02-19T19:43:41.5590864Z   Downloading requests-2.32.5-py3-none-any.whl.metadata (4.9 kB)
post_art	Install dependencies	2026-02-19T19:43:41.7998258Z Collecting Pillow (from -r requirements.txt (line 3))
post_art	Install dependencies	2026-02-19T19:43:41.8048656Z   Downloading pillow-11.3.0-cp39-cp39-manylinux_2_27_x86_64.manylinux_2_28_x86_64.whl.metadata (9.0 kB)
post_art	Install dependencies	2026-02-19T19:43:41.8245765Z Collecting google-generativeai (from -r requirements.txt (line 4))
post_art	Install dependencies	2026-02-19T19:43:41.8288167Z   Downloading google_generativeai-0.8.6-py3-none-any.whl.metadata (3.9 kB)
post_art	Install dependencies	2026-02-19T19:43:41.8452801Z Collecting feedparser (from -r requirements.txt (line 5))
post_art	Install dependencies	2026-02-19T19:43:41.8494673Z   Downloading feedparser-6.0.12-py3-none-any.whl.metadata (2.7 kB)
post_art	Install dependencies	2026-02-19T19:43:41.9533290Z Collecting charset_normalizer<4,>=2 (from requests->-r requirements.txt (line 2))
post_art	Install dependencies	2026-02-19T19:43:41.9582070Z   Downloading charset_normalizer-3.4.4-cp39-cp39-manylinux2014_x86_64.manylinux_2_17_x86_64.manylinux_2_28_x86_64.whl.metadata (37 kB)
post_art	Install dependencies	2026-02-19T19:43:41.9764075Z Collecting idna<4,>=2.5 (from requests->-r requirements.txt (line 2))
post_art	Install dependencies	2026-02-19T19:43:41.9809729Z   Downloading idna-3.11-py3-none-any.whl.metadata (8.4 kB)
post_art	Install dependencies	2026-02-19T19:43:42.0109378Z Collecting urllib3<3,>=1.21.1 (from requests->-r requirements.txt (line 2))
post_art	Install dependencies	2026-02-19T19:43:42.0153829Z   Downloading urllib3-2.6.3-py3-none-any.whl.metadata (6.9 kB)
post_art	Install dependencies	2026-02-19T19:43:42.0395526Z Collecting certifi>=2017.4.17 (from requests->-r requirements.txt (line 2))
post_art	Install dependencies	2026-02-19T19:43:42.0439034Z   Downloading certifi-2026.1.4-py3-none-any.whl.metadata (2.5 kB)
post_art	Install dependencies	2026-02-19T19:43:42.0640392Z Collecting google-ai-generativelanguage==0.6.15 (from google-generativeai->-r requirements.txt (line 4))
post_art	Install dependencies	2026-02-19T19:43:42.0684690Z   Downloading google_ai_generativelanguage-0.6.15-py3-none-any.whl.metadata (5.7 kB)
post_art	Install dependencies	2026-02-19T19:43:42.1095730Z Collecting google-api-core (from google-generativeai->-r requirements.txt (line 4))
post_art	Install dependencies	2026-02-19T19:43:42.1155661Z   Downloading google_api_core-2.30.0-py3-none-any.whl.metadata (3.1 kB)
post_art	Install dependencies	2026-02-19T19:43:42.1851503Z Collecting google-api-python-client (from google-generativeai->-r requirements.txt (line 4))
post_art	Install dependencies	2026-02-19T19:43:42.1912688Z   Downloading google_api_python_client-2.190.0-py3-none-any.whl.metadata (7.0 kB)
post_art	Install dependencies	2026-02-19T19:43:42.2304955Z Collecting google-auth>=2.15.0 (from google-generativeai->-r requirements.txt (line 4))
post_art	Install dependencies	2026-02-19T19:43:42.2433392Z   Downloading google_auth-2.48.0-py3-none-any.whl.metadata (6.2 kB)
post_art	Install dependencies	2026-02-19T19:43:42.4715781Z Collecting protobuf (from google-generativeai->-r requirements.txt (line 4))
post_art	Install dependencies	2026-02-19T19:43:42.4763221Z   Downloading protobuf-6.33.5-cp39-abi3-manylinux2014_x86_64.whl.metadata (593 bytes)
post_art	Install dependencies	2026-02-19T19:43:42.6253858Z Collecting pydantic (from google-generativeai->-r requirements.txt (line 4))
post_art	Install dependencies	2026-02-19T19:43:42.6305614Z   Downloading pydantic-2.12.5-py3-none-any.whl.metadata (90 kB)
post_art	Install dependencies	2026-02-19T19:43:42.6739550Z Collecting tqdm (from google-generativeai->-r requirements.txt (line 4))
post_art	Install dependencies	2026-02-19T19:43:42.6791304Z   Downloading tqdm-4.67.3-py3-none-any.whl.metadata (57 kB)
post_art	Install dependencies	2026-02-19T19:43:42.7039437Z Collecting typing-extensions (from google-generativeai->-r requirements.txt (line 4))
post_art	Install dependencies	2026-02-19T19:43:42.7082849Z   Downloading typing_extensions-4.15.0-py3-none-any.whl.metadata (3.3 kB)
post_art	Install dependencies	2026-02-19T19:43:42.7867262Z Collecting google-auth>=2.15.0 (from google-generativeai->-r requirements.txt (line 4))
post_art	Install dependencies	2026-02-19T19:43:42.8002510Z   Downloading google_auth-2.49.0.dev0-py3-none-any.whl.metadata (6.0 kB)
post_art	Install dependencies	2026-02-19T19:43:42.8266266Z Collecting proto-plus<2.0.0dev,>=1.22.3 (from google-ai-generativelanguage==0.6.15->google-generativeai->-r requirements.txt (line 4))
post_art	Install dependencies	2026-02-19T19:43:42.8310976Z   Downloading proto_plus-1.27.1-py3-none-any.whl.metadata (2.2 kB)
post_art	Install dependencies	2026-02-19T19:43:42.8717149Z Collecting protobuf (from google-generativeai->-r requirements.txt (line 4))
post_art	Install dependencies	2026-02-19T19:43:42.8766130Z   Downloading protobuf-5.29.6-cp38-abi3-manylinux2014_x86_64.whl.metadata (592 bytes)
post_art	Install dependencies	2026-02-19T19:43:42.8977782Z Collecting googleapis-common-protos<2.0.0,>=1.56.3 (from google-api-core->google-generativeai->-r requirements.txt (line 4))
post_art	Install dependencies	2026-02-19T19:43:42.9023196Z   Downloading googleapis_common_protos-1.72.0-py3-none-any.whl.metadata (9.4 kB)
post_art	Install dependencies	2026-02-19T19:43:43.6089928Z Collecting grpcio<2.0.0,>=1.33.2 (from google-api-core[grpc]!=2.0.*,!=2.1.*,!=2.10.*,!=2.2.*,!=2.3.*,!=2.4.*,!=2.5.*,!=2.6.*,!=2.7.*,!=2.8.*,!=2.9.*,<3.0.0dev,>=1.34.1->google-ai-generativelanguage==0.6.15->google-generativeai->-r requirements.txt (line 4))
post_art	Install dependencies	2026-02-19T19:43:43.6137196Z   Downloading grpcio-1.78.0-cp39-cp39-manylinux2014_x86_64.manylinux_2_17_x86_64.whl.metadata (3.8 kB)
post_art	Install dependencies	2026-02-19T19:43:43.7230644Z Collecting grpcio-status<2.0.0,>=1.33.2 (from google-api-core[grpc]!=2.0.*,!=2.1.*,!=2.10.*,!=2.2.*,!=2.3.*,!=2.4.*,!=2.5.*,!=2.6.*,!=2.7.*,!=2.8.*,!=2.9.*,<3.0.0dev,>=1.34.1->google-ai-generativelanguage==0.6.15->google-generativeai->-r requirements.txt (line 4))
post_art	Install dependencies	2026-02-19T19:43:43.7283757Z   Downloading grpcio_status-1.78.0-py3-none-any.whl.metadata (1.3 kB)
post_art	Install dependencies	2026-02-19T19:43:43.7525400Z Collecting pyasn1-modules>=0.2.1 (from google-auth>=2.15.0->google-generativeai->-r requirements.txt (line 4))
post_art	Install dependencies	2026-02-19T19:43:43.7570897Z   Downloading pyasn1_modules-0.4.2-py3-none-any.whl.metadata (3.5 kB)
post_art	Install dependencies	2026-02-19T19:43:43.9798195Z Collecting cryptography>=38.0.3 (from google-auth>=2.15.0->google-generativeai->-r requirements.txt (line 4))
post_art	Install dependencies	2026-02-19T19:43:43.9852649Z   Downloading cryptography-46.0.5-cp38-abi3-manylinux_2_34_x86_64.whl.metadata (5.7 kB)
post_art	Install dependencies	2026-02-19T19:43:44.0232477Z INFO: pip is looking at multiple versions of grpcio-status to determine which version is compatible with other requirements. This could take a while.
post_art	Install dependencies	2026-02-19T19:43:44.0242030Z Collecting grpcio-status<2.0.0,>=1.33.2 (from google-api-core[grpc]!=2.0.*,!=2.1.*,!=2.10.*,!=2.2.*,!=2.3.*,!=2.4.*,!=2.5.*,!=2.6.*,!=2.7.*,!=2.8.*,!=2.9.*,<3.0.0dev,>=1.34.1->google-ai-generativelanguage==0.6.15->google-generativeai->-r requirements.txt (line 4))
post_art	Install dependencies	2026-02-19T19:43:44.0285632Z   Downloading grpcio_status-1.76.0-py3-none-any.whl.metadata (1.1 kB)
post_art	Install dependencies	2026-02-19T19:43:44.0372708Z   Downloading grpcio_status-1.75.1-py3-none-any.whl.metadata (1.1 kB)
post_art	Install dependencies	2026-02-19T19:43:44.0451770Z   Downloading grpcio_status-1.75.0-py3-none-any.whl.metadata (1.1 kB)
post_art	Install dependencies	2026-02-19T19:43:44.0534305Z   Downloading grpcio_status-1.74.0-py3-none-any.whl.metadata (1.1 kB)
post_art	Install dependencies	2026-02-19T19:43:44.0615719Z   Downloading grpcio_status-1.73.1-py3-none-any.whl.metadata (1.1 kB)
post_art	Install dependencies	2026-02-19T19:43:44.0768699Z   Downloading grpcio_status-1.73.0-py3-none-any.whl.metadata (1.1 kB)
post_art	Install dependencies	2026-02-19T19:43:44.0851526Z   Downloading grpcio_status-1.72.2-py3-none-any.whl.metadata (1.1 kB)
post_art	Install dependencies	2026-02-19T19:43:44.0889102Z INFO: pip is still looking at multiple versions of grpcio-status to determine which version is compatible with other requirements. This could take a while.
post_art	Install dependencies	2026-02-19T19:43:44.0942249Z   Downloading grpcio_status-1.72.1-py3-none-any.whl.metadata (1.1 kB)
post_art	Install dependencies	2026-02-19T19:43:44.1026004Z   Downloading grpcio_status-1.71.2-py3-none-any.whl.metadata (1.1 kB)
post_art	Install dependencies	2026-02-19T19:43:44.1890632Z Collecting sgmllib3k (from feedparser->-r requirements.txt (line 5))
post_art	Install dependencies	2026-02-19T19:43:44.1941943Z   Downloading sgmllib3k-1.0.0.tar.gz (5.8 kB)
post_art	Install dependencies	2026-02-19T19:43:44.2034273Z   Installing build dependencies: started
post_art	Install dependencies	2026-02-19T19:43:44.9713187Z   Installing build dependencies: finished with status 'done'
post_art	Install dependencies	2026-02-19T19:43:44.9724579Z   Getting requirements to build wheel: started
post_art	Install dependencies	2026-02-19T19:43:45.3210355Z   Getting requirements to build wheel: finished with status 'done'
post_art	Install dependencies	2026-02-19T19:43:45.3226013Z   Preparing metadata (pyproject.toml): started
post_art	Install dependencies	2026-02-19T19:43:45.6229784Z   Preparing metadata (pyproject.toml): finished with status 'done'
post_art	Install dependencies	2026-02-19T19:43:46.0748327Z Collecting cffi>=2.0.0 (from cryptography>=38.0.3->google-auth>=2.15.0->google-generativeai->-r requirements.txt (line 4))
post_art	Install dependencies	2026-02-19T19:43:46.0797202Z   Downloading cffi-2.0.0-cp39-cp39-manylinux2014_x86_64.manylinux_2_17_x86_64.whl.metadata (2.6 kB)
post_art	Install dependencies	2026-02-19T19:43:46.0965596Z Collecting pycparser (from cffi>=2.0.0->cryptography>=38.0.3->google-auth>=2.15.0->google-generativeai->-r requirements.txt (line 4))
post_art	Install dependencies	2026-02-19T19:43:46.1008546Z   Downloading pycparser-2.23-py3-none-any.whl.metadata (993 bytes)
post_art	Install dependencies	2026-02-19T19:43:46.1252867Z Collecting pyasn1<0.7.0,>=0.6.1 (from pyasn1-modules>=0.2.1->google-auth>=2.15.0->google-generativeai->-r requirements.txt (line 4))
post_art	Install dependencies	2026-02-19T19:43:46.1295310Z   Downloading pyasn1-0.6.2-py3-none-any.whl.metadata (8.4 kB)
post_art	Install dependencies	2026-02-19T19:43:46.1503975Z Collecting httplib2<1.0.0,>=0.19.0 (from google-api-python-client->google-generativeai->-r requirements.txt (line 4))
post_art	Install dependencies	2026-02-19T19:43:46.1544413Z   Downloading httplib2-0.31.2-py3-none-any.whl.metadata (2.2 kB)
post_art	Install dependencies	2026-02-19T19:43:46.1818023Z Collecting google-auth-httplib2<1.0.0,>=0.2.0 (from google-api-python-client->google-generativeai->-r requirements.txt (line 4))
post_art	Install dependencies	2026-02-19T19:43:46.1861230Z   Downloading google_auth_httplib2-0.3.0-py3-none-any.whl.metadata (3.1 kB)
post_art	Install dependencies	2026-02-19T19:43:46.1983682Z Collecting uritemplate<5,>=3.0.1 (from google-api-python-client->google-generativeai->-r requirements.txt (line 4))
post_art	Install dependencies	2026-02-19T19:43:46.2028182Z   Downloading uritemplate-4.2.0-py3-none-any.whl.metadata (2.6 kB)
post_art	Install dependencies	2026-02-19T19:43:46.2328798Z Collecting pyparsing<4,>=3.1 (from httplib2<1.0.0,>=0.19.0->google-api-python-client->google-generativeai->-r requirements.txt (line 4))
post_art	Install dependencies	2026-02-19T19:43:46.2372590Z   Downloading pyparsing-3.3.2-py3-none-any.whl.metadata (5.8 kB)
post_art	Install dependencies	2026-02-19T19:43:46.2518163Z Collecting annotated-types>=0.6.0 (from pydantic->google-generativeai->-r requirements.txt (line 4))
post_art	Install dependencies	2026-02-19T19:43:46.2559575Z   Downloading annotated_types-0.7.0-py3-none-any.whl.metadata (15 kB)
post_art	Install dependencies	2026-02-19T19:43:47.2081305Z Collecting pydantic-core==2.41.5 (from pydantic->google-generativeai->-r requirements.txt (line 4))
post_art	Install dependencies	2026-02-19T19:43:47.2142879Z   Downloading pydantic_core-2.41.5-cp39-cp39-manylinux_2_17_x86_64.manylinux2014_x86_64.whl.metadata (7.3 kB)
post_art	Install dependencies	2026-02-19T19:43:47.2285400Z Collecting typing-inspection>=0.4.2 (from pydantic->google-generativeai->-r requirements.txt (line 4))
post_art	Install dependencies	2026-02-19T19:43:47.2327509Z   Downloading typing_inspection-0.4.2-py3-none-any.whl.metadata (2.6 kB)
post_art	Install dependencies	2026-02-19T19:43:47.2480779Z Downloading pytelegrambotapi-4.31.0-py3-none-any.whl (304 kB)
post_art	Install dependencies	2026-02-19T19:43:47.2572712Z Downloading requests-2.32.5-py3-none-any.whl (64 kB)
post_art	Install dependencies	2026-02-19T19:43:47.2660281Z Downloading charset_normalizer-3.4.4-cp39-cp39-manylinux2014_x86_64.manylinux_2_17_x86_64.manylinux_2_28_x86_64.whl (153 kB)
post_art	Install dependencies	2026-02-19T19:43:47.2743645Z Downloading idna-3.11-py3-none-any.whl (71 kB)
post_art	Install dependencies	2026-02-19T19:43:47.2807771Z Downloading urllib3-2.6.3-py3-none-any.whl (131 kB)
post_art	Install dependencies	2026-02-19T19:43:47.2881612Z Downloading pillow-11.3.0-cp39-cp39-manylinux_2_27_x86_64.manylinux_2_28_x86_64.whl (6.6 MB)
post_art	Install dependencies	2026-02-19T19:43:47.3240787Z    ‚îÅ‚îÅ‚îÅ‚îÅ‚îÅ‚îÅ‚îÅ‚îÅ‚îÅ‚îÅ‚îÅ‚îÅ‚îÅ‚îÅ‚îÅ‚îÅ‚îÅ‚îÅ‚îÅ‚îÅ‚îÅ‚îÅ‚îÅ‚îÅ‚îÅ‚îÅ‚îÅ‚îÅ‚îÅ‚îÅ‚îÅ‚îÅ‚îÅ‚îÅ‚îÅ‚îÅ‚îÅ‚îÅ‚îÅ‚îÅ 6.6/6.6 MB 196.4 MB/s  0:00:00
post_art	Install dependencies	2026-02-19T19:43:47.3310452Z Downloading google_generativeai-0.8.6-py3-none-any.whl (155 kB)
post_art	Install dependencies	2026-02-19T19:43:47.3403996Z Downloading google_ai_generativelanguage-0.6.15-py3-none-any.whl (1.3 MB)
post_art	Install dependencies	2026-02-19T19:43:47.3503745Z    ‚îÅ‚îÅ‚îÅ‚îÅ‚îÅ‚îÅ‚îÅ‚îÅ‚îÅ‚îÅ‚îÅ‚îÅ‚îÅ‚îÅ‚îÅ‚îÅ‚îÅ‚îÅ‚îÅ‚îÅ‚îÅ‚îÅ‚îÅ‚îÅ‚îÅ‚îÅ‚îÅ‚îÅ‚îÅ‚îÅ‚îÅ‚îÅ‚îÅ‚îÅ‚îÅ‚îÅ‚îÅ‚îÅ‚îÅ‚îÅ 1.3/1.3 MB 152.9 MB/s  0:00:00
post_art	Install dependencies	2026-02-19T19:43:47.3547019Z Downloading google_api_core-2.30.0-py3-none-any.whl (173 kB)
post_art	Install dependencies	2026-02-19T19:43:47.3617143Z Downloading google_auth-2.49.0.dev0-py3-none-any.whl (236 kB)
post_art	Install dependencies	2026-02-19T19:43:47.3692848Z Downloading googleapis_common_protos-1.72.0-py3-none-any.whl (297 kB)
post_art	Install dependencies	2026-02-19T19:43:47.3769108Z Downloading grpcio-1.78.0-cp39-cp39-manylinux2014_x86_64.manylinux_2_17_x86_64.whl (6.7 MB)
post_art	Install dependencies	2026-02-19T19:43:47.4125334Z    ‚îÅ‚îÅ‚îÅ‚îÅ‚îÅ‚îÅ‚îÅ‚îÅ‚îÅ‚îÅ‚îÅ‚îÅ‚îÅ‚îÅ‚îÅ‚îÅ‚îÅ‚îÅ‚îÅ‚îÅ‚îÅ‚îÅ‚îÅ‚îÅ‚îÅ‚îÅ‚îÅ‚îÅ‚îÅ‚îÅ‚îÅ‚îÅ‚îÅ‚îÅ‚îÅ‚îÅ‚îÅ‚îÅ‚îÅ‚îÅ 6.7/6.7 MB 197.8 MB/s  0:00:00
post_art	Install dependencies	2026-02-19T19:43:47.4165433Z Downloading grpcio_status-1.71.2-py3-none-any.whl (14 kB)
post_art	Install dependencies	2026-02-19T19:43:47.4233161Z Downloading proto_plus-1.27.1-py3-none-any.whl (50 kB)
post_art	Install dependencies	2026-02-19T19:43:47.4301290Z Downloading protobuf-5.29.6-cp38-abi3-manylinux2014_x86_64.whl (320 kB)
post_art	Install dependencies	2026-02-19T19:43:47.4390692Z Downloading typing_extensions-4.15.0-py3-none-any.whl (44 kB)
post_art	Install dependencies	2026-02-19T19:43:47.4456668Z Downloading feedparser-6.0.12-py3-none-any.whl (81 kB)
post_art	Install dependencies	2026-02-19T19:43:47.4528331Z Downloading certifi-2026.1.4-py3-none-any.whl (152 kB)
post_art	Install dependencies	2026-02-19T19:43:47.4604591Z Downloading cryptography-46.0.5-cp38-abi3-manylinux_2_34_x86_64.whl (4.5 MB)
post_art	Install dependencies	2026-02-19T19:43:47.4884500Z    ‚îÅ‚îÅ‚îÅ‚îÅ‚îÅ‚îÅ‚îÅ‚îÅ‚îÅ‚îÅ‚îÅ‚îÅ‚îÅ‚îÅ‚îÅ‚îÅ‚îÅ‚îÅ‚îÅ‚îÅ‚îÅ‚îÅ‚îÅ‚îÅ‚îÅ‚îÅ‚îÅ‚îÅ‚îÅ‚îÅ‚îÅ‚îÅ‚îÅ‚îÅ‚îÅ‚îÅ‚îÅ‚îÅ‚îÅ‚îÅ 4.5/4.5 MB 169.3 MB/s  0:00:00
post_art	Install dependencies	2026-02-19T19:43:47.4956861Z Downloading cffi-2.0.0-cp39-cp39-manylinux2014_x86_64.manylinux_2_17_x86_64.whl (216 kB)
post_art	Install dependencies	2026-02-19T19:43:47.5040678Z Downloading pyasn1_modules-0.4.2-py3-none-any.whl (181 kB)
post_art	Install dependencies	2026-02-19T19:43:47.5119316Z Downloading pyasn1-0.6.2-py3-none-any.whl (83 kB)
post_art	Install dependencies	2026-02-19T19:43:47.5188627Z Downloading google_api_python_client-2.190.0-py3-none-any.whl (14.7 MB)
post_art	Install dependencies	2026-02-19T19:43:47.6083483Z    ‚îÅ‚îÅ‚îÅ‚îÅ‚îÅ‚îÅ‚îÅ‚îÅ‚îÅ‚îÅ‚îÅ‚îÅ‚îÅ‚îÅ‚îÅ‚îÅ‚îÅ‚îÅ‚îÅ‚îÅ‚îÅ‚îÅ‚îÅ‚îÅ‚îÅ‚îÅ‚îÅ‚îÅ‚îÅ‚îÅ‚îÅ‚îÅ‚îÅ‚îÅ‚îÅ‚îÅ‚îÅ‚îÅ‚îÅ‚îÅ 14.7/14.7 MB 167.7 MB/s  0:00:00
post_art	Install dependencies	2026-02-19T19:43:47.6132561Z Downloading google_auth_httplib2-0.3.0-py3-none-any.whl (9.5 kB)
post_art	Install dependencies	2026-02-19T19:43:47.6202831Z Downloading httplib2-0.31.2-py3-none-any.whl (91 kB)
post_art	Install dependencies	2026-02-19T19:43:47.6274095Z Downloading pyparsing-3.3.2-py3-none-any.whl (122 kB)
post_art	Install dependencies	2026-02-19T19:43:47.6347547Z Downloading uritemplate-4.2.0-py3-none-any.whl (11 kB)
post_art	Install dependencies	2026-02-19T19:43:47.6410057Z Downloading pycparser-2.23-py3-none-any.whl (118 kB)
post_art	Install dependencies	2026-02-19T19:43:47.6498978Z Downloading pydantic-2.12.5-py3-none-any.whl (463 kB)
post_art	Install dependencies	2026-02-19T19:43:47.6593939Z Downloading pydantic_core-2.41.5-cp39-cp39-manylinux_2_17_x86_64.manylinux2014_x86_64.whl (2.1 MB)
post_art	Install dependencies	2026-02-19T19:43:47.6743701Z    ‚îÅ‚îÅ‚îÅ‚îÅ‚îÅ‚îÅ‚îÅ‚îÅ‚îÅ‚îÅ‚îÅ‚îÅ‚îÅ‚îÅ‚îÅ‚îÅ‚îÅ‚îÅ‚îÅ‚îÅ‚îÅ‚îÅ‚îÅ‚îÅ‚îÅ‚îÅ‚îÅ‚îÅ‚îÅ‚îÅ‚îÅ‚îÅ‚îÅ‚îÅ‚îÅ‚îÅ‚îÅ‚îÅ‚îÅ‚îÅ 2.1/2.1 MB 162.7 MB/s  0:00:00
post_art	Install dependencies	2026-02-19T19:43:47.6786710Z Downloading annotated_types-0.7.0-py3-none-any.whl (13 kB)
post_art	Install dependencies	2026-02-19T19:43:47.6852345Z Downloading typing_inspection-0.4.2-py3-none-any.whl (14 kB)
post_art	Install dependencies	2026-02-19T19:43:47.6917076Z Downloading tqdm-4.67.3-py3-none-any.whl (78 kB)
post_art	Install dependencies	2026-02-19T19:43:47.7596842Z Building wheels for collected packages: sgmllib3k
post_art	Install dependencies	2026-02-19T19:43:47.7608066Z   Building wheel for sgmllib3k (pyproject.toml): started
post_art	Install dependencies	2026-02-19T19:43:47.9811464Z   Building wheel for sgmllib3k (pyproject.toml): finished with status 'done'
post_art	Install dependencies	2026-02-19T19:43:47.9821770Z   Created wheel for sgmllib3k: filename=sgmllib3k-1.0.0-py3-none-any.whl size=6091 sha256=25b48d009a27721373f0690281e91d1cae71130449ef1f23f3ee3f0a59551c66
post_art	Install dependencies	2026-02-19T19:43:47.9823937Z   Stored in directory: /home/runner/.cache/pip/wheels/65/7a/a7/78c287f64e401255dff4c13fdbc672fed5efbfd21c530114e1
post_art	Install dependencies	2026-02-19T19:43:47.9847777Z Successfully built sgmllib3k
post_art	Install dependencies	2026-02-19T19:43:48.0655144Z Installing collected packages: sgmllib3k, urllib3, uritemplate, typing-extensions, tqdm, pyparsing, pycparser, pyasn1, protobuf, Pillow, idna, feedparser, charset_normalizer, certifi, annotated-types, typing-inspection, requests, pydantic-core, pyasn1-modules, proto-plus, httplib2, grpcio, googleapis-common-protos, cffi, pyTelegramBotAPI, pydantic, grpcio-status, cryptography, google-auth, google-auth-httplib2, google-api-core, google-api-python-client, google-ai-generativelanguage, google-generativeai
post_art	Install dependencies	2026-02-19T19:43:51.5493776Z 
post_art	Install dependencies	2026-02-19T19:43:51.5559056Z Successfully installed Pillow-11.3.0 annotated-types-0.7.0 certifi-2026.1.4 cffi-2.0.0 charset_normalizer-3.4.4 cryptography-46.0.5 feedparser-6.0.12 google-ai-generativelanguage-0.6.15 google-api-core-2.30.0 google-api-python-client-2.190.0 google-auth-2.49.0.dev0 google-auth-httplib2-0.3.0 google-generativeai-0.8.6 googleapis-common-protos-1.72.0 grpcio-1.78.0 grpcio-status-1.71.2 httplib2-0.31.2 idna-3.11 proto-plus-1.27.1 protobuf-5.29.6 pyTelegramBotAPI-4.31.0 pyasn1-0.6.2 pyasn1-modules-0.4.2 pycparser-2.23 pydantic-2.12.5 pydantic-core-2.41.5 pyparsing-3.3.2 requests-2.32.5 sgmllib3k-1.0.0 tqdm-4.67.3 typing-extensions-4.15.0 typing-inspection-0.4.2 uritemplate-4.2.0 urllib3-2.6.3
post_art	List files	Ôªø2026-02-19T19:43:52.2811466Z ##[group]Run ls -la
post_art	List files	2026-02-19T19:43:52.2811753Z [36;1mls -la[0m
post_art	List files	2026-02-19T19:43:52.2861289Z shell: /usr/bin/bash -e {0}
post_art	List files	2026-02-19T19:43:52.2861562Z env:
post_art	List files	2026-02-19T19:43:52.2861838Z   pythonLocation: /opt/hostedtoolcache/Python/3.9.25/x64
post_art	List files	2026-02-19T19:43:52.2862296Z   PKG_CONFIG_PATH: /opt/hostedtoolcache/Python/3.9.25/x64/lib/pkgconfig
post_art	List files	2026-02-19T19:43:52.2862741Z   Python_ROOT_DIR: /opt/hostedtoolcache/Python/3.9.25/x64
post_art	List files	2026-02-19T19:43:52.2863403Z   Python2_ROOT_DIR: /opt/hostedtoolcache/Python/3.9.25/x64
post_art	List files	2026-02-19T19:43:52.2863805Z   Python3_ROOT_DIR: /opt/hostedtoolcache/Python/3.9.25/x64
post_art	List files	2026-02-19T19:43:52.2864201Z   LD_LIBRARY_PATH: /opt/hostedtoolcache/Python/3.9.25/x64/lib
post_art	List files	2026-02-19T19:43:52.2864527Z ##[endgroup]
post_art	List files	2026-02-19T19:43:52.2953694Z total 220
post_art	List files	2026-02-19T19:43:52.2954109Z drwxr-xr-x 4 runner runner  4096 Feb 19 19:43 .
post_art	List files	2026-02-19T19:43:52.2954494Z drwxr-xr-x 3 runner runner  4096 Feb 19 19:43 ..
post_art	List files	2026-02-19T19:43:52.2954874Z drwxr-xr-x 7 runner runner  4096 Feb 19 19:43 .git
post_art	List files	2026-02-19T19:43:52.2955482Z drwxr-xr-x 3 runner runner  4096 Feb 19 19:43 .github
post_art	List files	2026-02-19T19:43:52.2956141Z -rw-r--r-- 1 runner runner 38980 Feb 19 19:43 Roadmap_RUS.docx
post_art	List files	2026-02-19T19:43:52.2956834Z -rw-r--r-- 1 runner runner 48420 Feb 19 19:43 current_debug.txt
post_art	List files	2026-02-19T19:43:52.2957547Z -rw-r--r-- 1 runner runner   780 Feb 19 19:43 debug_models.py
post_art	List files	2026-02-19T19:43:52.2958190Z -rw-r--r-- 1 runner runner 45159 Feb 19 19:43 full_log.txt
post_art	List files	2026-02-19T19:43:52.2959022Z -rw-r--r-- 1 runner runner  1636 Feb 19 19:43 gen_docx.py
post_art	List files	2026-02-19T19:43:52.2959516Z -rw-r--r-- 1 runner runner  2210 Feb 19 19:43 gen_pdf.py
post_art	List files	2026-02-19T19:43:52.2959939Z -rw-r--r-- 1 runner runner 18217 Feb 19 19:43 last_test.png
post_art	List files	2026-02-19T19:43:52.2960320Z -rw-r--r-- 1 runner runner 21223 Feb 19 19:43 main.py
post_art	List files	2026-02-19T19:43:52.2960705Z -rw-r--r-- 1 runner runner    64 Feb 19 19:43 requirements.txt
post_art	List files	2026-02-19T19:43:52.2961099Z -rw-r--r-- 1 runner runner     0 Feb 19 19:43 target_log.txt
post_art	List files	2026-02-19T19:43:52.2961480Z -rw-r--r-- 1 runner runner  1206 Feb 19 19:43 test_keys.py
post_art	List files	2026-02-19T19:43:52.2961871Z -rw-r--r-- 1 runner runner  1873 Feb 19 19:43 test_text_gens.py
post_art	Run Art Bot	Ôªø2026-02-19T19:43:52.2996212Z ##[group]Run python3 main.py
post_art	Run Art Bot	2026-02-19T19:43:52.2996540Z [36;1mpython3 main.py[0m
post_art	Run Art Bot	2026-02-19T19:43:52.3046282Z shell: /usr/bin/bash -e {0}
post_art	Run Art Bot	2026-02-19T19:43:52.3046561Z env:
post_art	Run Art Bot	2026-02-19T19:43:52.3046837Z   pythonLocation: /opt/hostedtoolcache/Python/3.9.25/x64
post_art	Run Art Bot	2026-02-19T19:43:52.3047307Z   PKG_CONFIG_PATH: /opt/hostedtoolcache/Python/3.9.25/x64/lib/pkgconfig
post_art	Run Art Bot	2026-02-19T19:43:52.3047760Z   Python_ROOT_DIR: /opt/hostedtoolcache/Python/3.9.25/x64
post_art	Run Art Bot	2026-02-19T19:43:52.3048162Z   Python2_ROOT_DIR: /opt/hostedtoolcache/Python/3.9.25/x64
post_art	Run Art Bot	2026-02-19T19:43:52.3048542Z   Python3_ROOT_DIR: /opt/hostedtoolcache/Python/3.9.25/x64
post_art	Run Art Bot	2026-02-19T19:43:52.3048939Z   LD_LIBRARY_PATH: /opt/hostedtoolcache/Python/3.9.25/x64/lib
post_art	Run Art Bot	2026-02-19T19:43:52.3049489Z   BOT_TOKEN: ***
post_art	Run Art Bot	2026-02-19T19:43:52.3049940Z   CHANNEL_ID: ***
post_art	Run Art Bot	2026-02-19T19:43:52.3050225Z   GOOGLE_KEY: ***
post_art	Run Art Bot	2026-02-19T19:43:52.3050616Z   SILICONFLOW_KEY: ***
post_art	Run Art Bot	2026-02-19T19:43:52.3050902Z   RUNWARE_KEY: ***
post_art	Run Art Bot	2026-02-19T19:43:52.3051143Z   KIE_KEY: ***
post_art	Run Art Bot	2026-02-19T19:43:52.3051434Z   HF_KEY: ***
post_art	Run Art Bot	2026-02-19T19:43:52.3051698Z   CLOUDFLARE_ID: ***
post_art	Run Art Bot	2026-02-19T19:43:52.3052020Z   CLOUDFLARE_TOKEN: ***
post_art	Run Art Bot	2026-02-19T19:43:52.3052257Z ##[endgroup]
post_art	Run Art Bot	2026-02-19T19:44:02.9578259Z Traceback (most recent call last):
post_art	Run Art Bot	2026-02-19T19:44:02.9579375Z üöÄ BOOTING FRIE-ND-LEE ART BOT...
post_art	Run Art Bot	2026-02-19T19:44:02.9590148Z   File "/home/runner/work/friendlee-ai-art-bot/friendlee-ai-art-bot/main.py", line 458, in <module>
post_art	Run Art Bot	2026-02-19T19:44:02.9591198Z üõ†Ô∏è DEBUG: sys.version: 3.9.25 (main, Nov  3 2025, 15:16:36) 
post_art	Run Art Bot	2026-02-19T19:44:02.9591705Z [GCC 13.3.0]
post_art	Run Art Bot	2026-02-19T19:44:02.9592084Z üõ†Ô∏è DEBUG: sys.argv: ['main.py']
post_art	Run Art Bot	2026-02-19T19:44:02.9592545Z üõ†Ô∏è DEBUG: TOKEN prefix: 85328...
post_art	Run Art Bot	2026-02-19T19:44:02.9593859Z üõ†Ô∏è DEBUG: CHANNEL_ID: '***' (Type: <class 'str'>)
post_art	Run Art Bot	2026-02-19T19:44:02.9594491Z ü§ñ –ë–æ—Ç –∞–≤—Ç–æ—Ä–∏–∑–æ–≤–∞–Ω: @Avatar2026_bot
post_art	Run Art Bot	2026-02-19T19:44:02.9595162Z --- FrieNDLee_FTP BOT (v2.0) üöÄ ---
post_art	Run Art Bot	2026-02-19T19:44:02.9596511Z üé≤ –°–≥–µ–Ω–µ—Ä–∏—Ä–æ–≤–∞–Ω–∞ —Ç–µ–º–∞ (God Mode V3.0): Blender Cycles and Voxel Art style of Post-Apocalyptic Stalker meditating on a mountain peak, with Bioluminescence, masterpiece, 8k, detailed
post_art	Run Art Bot	2026-02-19T19:44:02.9597741Z üìù Gemini –ø–∏—à–µ—Ç —Ç–µ–∫—Å—Ç...
post_art	Run Art Bot	2026-02-19T19:44:02.9598159Z üìù Gemini –ø–∏—à–µ—Ç —Ç–µ–∫—Å—Ç...
post_art	Run Art Bot	2026-02-19T19:44:02.9598596Z ‚ö†Ô∏è Gemini –º–æ–ª—á–∏—Ç. –ü—Ä–æ–±—É—é Kie.ai...
post_art	Run Art Bot	2026-02-19T19:44:02.9599100Z üß† Kie.ai (DeepSeek) –ø–∏—à–µ—Ç —Ç–µ–∫—Å—Ç...
post_art	Run Art Bot	2026-02-19T19:44:02.9600054Z Kie.ai Error: {"timestamp":1771530233229,"status":404,"error":"Not Found","message":"No message available","path":"/v1/chat/completions"}
post_art	Run Art Bot	2026-02-19T19:44:02.9601098Z ‚ö†Ô∏è –í—Å–µ –º–æ–ª—á–∞—Ç. –ü—Ä–æ–±—É—é Pollinations AI...
post_art	Run Art Bot	2026-02-19T19:44:02.9601657Z üß† Pollinations AI (Backup Brain) –ø–∏—à–µ—Ç —Ç–µ–∫—Å—Ç...
post_art	Run Art Bot	2026-02-19T19:44:02.9602188Z üé® SiliconFlow Check...
post_art	Run Art Bot	2026-02-19T19:44:02.9602604Z ‚ùå SILICONFLOW_KEY Invalid (401)
post_art	Run Art Bot	2026-02-19T19:44:02.9603229Z ‚ö° Runware Check...
post_art	Run Art Bot	2026-02-19T19:44:02.9603642Z ‚ö†Ô∏è Runware Status 401
post_art	Run Art Bot	2026-02-19T19:44:02.9604022Z ü§ó HF Check (Router)...
post_art	Run Art Bot	2026-02-19T19:44:02.9604388Z ‚ö†Ô∏è HF Status 403
post_art	Run Art Bot	2026-02-19T19:44:02.9604770Z ‚òÅÔ∏è Cloudflare Check...
post_art	Run Art Bot	2026-02-19T19:44:02.9605153Z ‚ö†Ô∏è Cloudflare Status 401
post_art	Run Art Bot	2026-02-19T19:44:02.9605601Z üåü Gemini Imagen (–ø–æ—Å–ª–µ–¥–Ω–∏–π —à–∞–Ω—Å!)...
post_art	Run Art Bot	2026-02-19T19:44:02.9606075Z üé® Gemini Image –≥–µ–Ω–µ—Ä–∏—Ä—É–µ—Ç –∫–∞—Ä—Ç–∏–Ω–∫—É...
post_art	Run Art Bot	2026-02-19T19:44:02.9606538Z üìä Gemini Image Status: 403
post_art	Run Art Bot	2026-02-19T19:44:02.9606965Z ‚ö†Ô∏è Gemini Image Error: {
post_art	Run Art Bot	2026-02-19T19:44:02.9607316Z   "error": {
post_art	Run Art Bot	2026-02-19T19:44:02.9607615Z     "code": 403,
post_art	Run Art Bot	2026-02-19T19:44:02.9608140Z     "message": "Your API key was reported as leaked. Please use another API key.",
post_art	Run Art Bot	2026-02-19T19:44:02.9608793Z     "status": "PERMISSION_DENIED"
post_art	Run Art Bot	2026-02-19T19:44:02.9609168Z   }
post_art	Run Art Bot	2026-02-19T19:44:02.9609432Z }
post_art	Run Art Bot	2026-02-19T19:44:02.9609574Z 
post_art	Run Art Bot	2026-02-19T19:44:02.9609737Z     run_final()
post_art	Run Art Bot	2026-02-19T19:44:02.9610508Z   File "/home/runner/work/friendlee-ai-art-bot/friendlee-ai-art-bot/main.py", line 431, in run_final
post_art	Run Art Bot	2026-02-19T19:44:02.9611587Z     if not image_url and not image_data: raise Exception("CRITICAL: All Art Engines failed.")
post_art	Run Art Bot	2026-02-19T19:44:02.9612441Z Exception: CRITICAL: All Art Engines failed.
post_art	Run Art Bot	2026-02-19T19:44:02.9842125Z ##[error]Process completed with exit code 1.
post_art	Post Checkout code	Ôªø2026-02-19T19:44:02.9946040Z Post job cleanup.
post_art	Post Checkout code	2026-02-19T19:44:03.0709406Z [command]/usr/bin/git version
post_art	Post Checkout code	2026-02-19T19:44:03.0746642Z git version 2.53.0
post_art	Post Checkout code	2026-02-19T19:44:03.0801269Z Temporarily overriding HOME='/home/runner/work/_temp/8e4ae84f-1b40-42eb-bbe5-95d6eeffb138' before making global git config changes
post_art	Post Checkout code	2026-02-19T19:44:03.0802634Z Adding repository directory to the temporary git global config as a safe directory
post_art	Post Checkout code	2026-02-19T19:44:03.0804068Z [command]/usr/bin/git config --global --add safe.directory /home/runner/work/friendlee-ai-art-bot/friendlee-ai-art-bot
post_art	Post Checkout code	2026-02-19T19:44:03.0841339Z [command]/usr/bin/git config --local --name-only --get-regexp core\.sshCommand
post_art	Post Checkout code	2026-02-19T19:44:03.0875122Z [command]/usr/bin/git submodule foreach --recursive sh -c "git config --local --name-only --get-regexp 'core\.sshCommand' && git config --local --unset-all 'core.sshCommand' || :"
post_art	Post Checkout code	2026-02-19T19:44:03.1127555Z [command]/usr/bin/git config --local --name-only --get-regexp http\.https\:\/\/github\.com\/\.extraheader
post_art	Post Checkout code	2026-02-19T19:44:03.1150012Z http.https://github.com/.extraheader
post_art	Post Checkout code	2026-02-19T19:44:03.1161687Z [command]/usr/bin/git config --local --unset-all http.https://github.com/.extraheader
post_art	Post Checkout code	2026-02-19T19:44:03.1192395Z [command]/usr/bin/git submodule foreach --recursive sh -c "git config --local --name-only --get-regexp 'http\.https\:\/\/github\.com\/\.extraheader' && git config --local --unset-all 'http.https://github.com/.extraheader' || :"
post_art	Complete job	Ôªø2026-02-19T19:44:03.1553343Z Cleaning up orphan processes
