post_art	Set up job	Ôªø2026-02-20T15:24:19.5502643Z Current runner version: '2.331.0'
post_art	Set up job	2026-02-20T15:24:19.5539193Z ##[group]Runner Image Provisioner
post_art	Set up job	2026-02-20T15:24:19.5540638Z Hosted Compute Agent
post_art	Set up job	2026-02-20T15:24:19.5541783Z Version: 20260123.484
post_art	Set up job	2026-02-20T15:24:19.5542911Z Commit: 6bd6555ca37d84114959e1c76d2c01448ff61c5d
post_art	Set up job	2026-02-20T15:24:19.5544052Z Build Date: 2026-01-23T19:41:17Z
post_art	Set up job	2026-02-20T15:24:19.5545604Z Worker ID: {8a0b0692-9907-4102-adec-1ea3724d72e0}
post_art	Set up job	2026-02-20T15:24:19.5546787Z Azure Region: centralus
post_art	Set up job	2026-02-20T15:24:19.5547783Z ##[endgroup]
post_art	Set up job	2026-02-20T15:24:19.5550060Z ##[group]Operating System
post_art	Set up job	2026-02-20T15:24:19.5551049Z Ubuntu
post_art	Set up job	2026-02-20T15:24:19.5552027Z 24.04.3
post_art	Set up job	2026-02-20T15:24:19.5552819Z LTS
post_art	Set up job	2026-02-20T15:24:19.5553726Z ##[endgroup]
post_art	Set up job	2026-02-20T15:24:19.5554610Z ##[group]Runner Image
post_art	Set up job	2026-02-20T15:24:19.5555757Z Image: ubuntu-24.04
post_art	Set up job	2026-02-20T15:24:19.5556801Z Version: 20260201.15.1
post_art	Set up job	2026-02-20T15:24:19.5558564Z Included Software: https://github.com/actions/runner-images/blob/ubuntu24/20260201.15/images/ubuntu/Ubuntu2404-Readme.md
post_art	Set up job	2026-02-20T15:24:19.5561782Z Image Release: https://github.com/actions/runner-images/releases/tag/ubuntu24%2F20260201.15
post_art	Set up job	2026-02-20T15:24:19.5563626Z ##[endgroup]
post_art	Set up job	2026-02-20T15:24:19.5566158Z ##[group]GITHUB_TOKEN Permissions
post_art	Set up job	2026-02-20T15:24:19.5569071Z Contents: read
post_art	Set up job	2026-02-20T15:24:19.5570313Z Metadata: read
post_art	Set up job	2026-02-20T15:24:19.5571331Z Packages: read
post_art	Set up job	2026-02-20T15:24:19.5572467Z ##[endgroup]
post_art	Set up job	2026-02-20T15:24:19.5575669Z Secret source: Actions
post_art	Set up job	2026-02-20T15:24:19.5577559Z Prepare workflow directory
post_art	Set up job	2026-02-20T15:24:19.5937251Z Prepare all required actions
post_art	Set up job	2026-02-20T15:24:19.5978903Z Getting action download info
post_art	Set up job	2026-02-20T15:24:19.9522014Z Download action repository 'actions/checkout@v3' (SHA:f43a0e5ff2bd294095638e18286ca9a3d1956744)
post_art	Set up job	2026-02-20T15:24:20.0505852Z Download action repository 'actions/setup-python@v4' (SHA:7f4fc3e22c37d6ff65e88745f38bd3157c663f7c)
post_art	Set up job	2026-02-20T15:24:20.2398533Z Complete job name: post_art
post_art	Checkout code	Ôªø2026-02-20T15:24:20.3144935Z ##[group]Run actions/checkout@v3
post_art	Checkout code	2026-02-20T15:24:20.3146241Z with:
post_art	Checkout code	2026-02-20T15:24:20.3146861Z   repository: ksahis0900-dot/friendlee-ai-art-bot
post_art	Checkout code	2026-02-20T15:24:20.3147764Z   token: ***
post_art	Checkout code	2026-02-20T15:24:20.3148244Z   ssh-strict: true
post_art	Checkout code	2026-02-20T15:24:20.3148747Z   persist-credentials: true
post_art	Checkout code	2026-02-20T15:24:20.3149304Z   clean: true
post_art	Checkout code	2026-02-20T15:24:20.3149807Z   sparse-checkout-cone-mode: true
post_art	Checkout code	2026-02-20T15:24:20.3150385Z   fetch-depth: 1
post_art	Checkout code	2026-02-20T15:24:20.3150877Z   fetch-tags: false
post_art	Checkout code	2026-02-20T15:24:20.3151369Z   lfs: false
post_art	Checkout code	2026-02-20T15:24:20.3151832Z   submodules: false
post_art	Checkout code	2026-02-20T15:24:20.3152347Z   set-safe-directory: true
post_art	Checkout code	2026-02-20T15:24:20.3153126Z ##[endgroup]
post_art	Checkout code	2026-02-20T15:24:20.3998947Z Syncing repository: ksahis0900-dot/friendlee-ai-art-bot
post_art	Checkout code	2026-02-20T15:24:20.4000987Z ##[group]Getting Git version info
post_art	Checkout code	2026-02-20T15:24:20.4001948Z Working directory is '/home/runner/work/friendlee-ai-art-bot/friendlee-ai-art-bot'
post_art	Checkout code	2026-02-20T15:24:20.4003403Z [command]/usr/bin/git version
post_art	Checkout code	2026-02-20T15:24:20.4081890Z git version 2.52.0
post_art	Checkout code	2026-02-20T15:24:20.4109175Z ##[endgroup]
post_art	Checkout code	2026-02-20T15:24:20.4124999Z Temporarily overriding HOME='/home/runner/work/_temp/68ffecd8-e941-4c91-adb4-bc291b9428b3' before making global git config changes
post_art	Checkout code	2026-02-20T15:24:20.4128217Z Adding repository directory to the temporary git global config as a safe directory
post_art	Checkout code	2026-02-20T15:24:20.4131017Z [command]/usr/bin/git config --global --add safe.directory /home/runner/work/friendlee-ai-art-bot/friendlee-ai-art-bot
post_art	Checkout code	2026-02-20T15:24:20.4168265Z Deleting the contents of '/home/runner/work/friendlee-ai-art-bot/friendlee-ai-art-bot'
post_art	Checkout code	2026-02-20T15:24:20.4171734Z ##[group]Initializing the repository
post_art	Checkout code	2026-02-20T15:24:20.4176054Z [command]/usr/bin/git init /home/runner/work/friendlee-ai-art-bot/friendlee-ai-art-bot
post_art	Checkout code	2026-02-20T15:24:20.4290013Z hint: Using 'master' as the name for the initial branch. This default branch name
post_art	Checkout code	2026-02-20T15:24:20.4291767Z hint: will change to "main" in Git 3.0. To configure the initial branch name
post_art	Checkout code	2026-02-20T15:24:20.4292959Z hint: to use in all of your new repositories, which will suppress this warning,
post_art	Checkout code	2026-02-20T15:24:20.4294823Z hint: call:
post_art	Checkout code	2026-02-20T15:24:20.4295693Z hint:
post_art	Checkout code	2026-02-20T15:24:20.4296775Z hint: 	git config --global init.defaultBranch <name>
post_art	Checkout code	2026-02-20T15:24:20.4298145Z hint:
post_art	Checkout code	2026-02-20T15:24:20.4299691Z hint: Names commonly chosen instead of 'master' are 'main', 'trunk' and
post_art	Checkout code	2026-02-20T15:24:20.4301753Z hint: 'development'. The just-created branch can be renamed via this command:
post_art	Checkout code	2026-02-20T15:24:20.4303383Z hint:
post_art	Checkout code	2026-02-20T15:24:20.4304260Z hint: 	git branch -m <name>
post_art	Checkout code	2026-02-20T15:24:20.4305228Z hint:
post_art	Checkout code	2026-02-20T15:24:20.4306873Z hint: Disable this message with "git config set advice.defaultBranchName false"
post_art	Checkout code	2026-02-20T15:24:20.4309313Z Initialized empty Git repository in /home/runner/work/friendlee-ai-art-bot/friendlee-ai-art-bot/.git/
post_art	Checkout code	2026-02-20T15:24:20.4312884Z [command]/usr/bin/git remote add origin https://github.com/ksahis0900-dot/friendlee-ai-art-bot
post_art	Checkout code	2026-02-20T15:24:20.4341702Z ##[endgroup]
post_art	Checkout code	2026-02-20T15:24:20.4343327Z ##[group]Disabling automatic garbage collection
post_art	Checkout code	2026-02-20T15:24:20.4344868Z [command]/usr/bin/git config --local gc.auto 0
post_art	Checkout code	2026-02-20T15:24:20.4372416Z ##[endgroup]
post_art	Checkout code	2026-02-20T15:24:20.4374034Z ##[group]Setting up auth
post_art	Checkout code	2026-02-20T15:24:20.4378765Z [command]/usr/bin/git config --local --name-only --get-regexp core\.sshCommand
post_art	Checkout code	2026-02-20T15:24:20.4407296Z [command]/usr/bin/git submodule foreach --recursive sh -c "git config --local --name-only --get-regexp 'core\.sshCommand' && git config --local --unset-all 'core.sshCommand' || :"
post_art	Checkout code	2026-02-20T15:24:20.4767188Z [command]/usr/bin/git config --local --name-only --get-regexp http\.https\:\/\/github\.com\/\.extraheader
post_art	Checkout code	2026-02-20T15:24:20.4796472Z [command]/usr/bin/git submodule foreach --recursive sh -c "git config --local --name-only --get-regexp 'http\.https\:\/\/github\.com\/\.extraheader' && git config --local --unset-all 'http.https://github.com/.extraheader' || :"
post_art	Checkout code	2026-02-20T15:24:20.5017114Z [command]/usr/bin/git config --local http.https://github.com/.extraheader AUTHORIZATION: basic ***
post_art	Checkout code	2026-02-20T15:24:20.5050970Z ##[endgroup]
post_art	Checkout code	2026-02-20T15:24:20.5052650Z ##[group]Fetching the repository
post_art	Checkout code	2026-02-20T15:24:20.5060999Z [command]/usr/bin/git -c protocol.version=2 fetch --no-tags --prune --progress --no-recurse-submodules --depth=1 origin +0795557dc0cdd729943075f12838c59cac03d924:refs/remotes/origin/master
post_art	Checkout code	2026-02-20T15:24:20.7662045Z remote: Enumerating objects: 17, done.        
post_art	Checkout code	2026-02-20T15:24:20.7663155Z remote: Counting objects:   5% (1/17)        
post_art	Checkout code	2026-02-20T15:24:20.7663972Z remote: Counting objects:  11% (2/17)        
post_art	Checkout code	2026-02-20T15:24:20.7664761Z remote: Counting objects:  17% (3/17)        
post_art	Checkout code	2026-02-20T15:24:20.7665843Z remote: Counting objects:  23% (4/17)        
post_art	Checkout code	2026-02-20T15:24:20.7666628Z remote: Counting objects:  29% (5/17)        
post_art	Checkout code	2026-02-20T15:24:20.7667403Z remote: Counting objects:  35% (6/17)        
post_art	Checkout code	2026-02-20T15:24:20.7668213Z remote: Counting objects:  41% (7/17)        
post_art	Checkout code	2026-02-20T15:24:20.7668997Z remote: Counting objects:  47% (8/17)        
post_art	Checkout code	2026-02-20T15:24:20.7669835Z remote: Counting objects:  52% (9/17)        
post_art	Checkout code	2026-02-20T15:24:20.7670623Z remote: Counting objects:  58% (10/17)        
post_art	Checkout code	2026-02-20T15:24:20.7671408Z remote: Counting objects:  64% (11/17)        
post_art	Checkout code	2026-02-20T15:24:20.7672185Z remote: Counting objects:  70% (12/17)        
post_art	Checkout code	2026-02-20T15:24:20.7672955Z remote: Counting objects:  76% (13/17)        
post_art	Checkout code	2026-02-20T15:24:20.7673740Z remote: Counting objects:  82% (14/17)        
post_art	Checkout code	2026-02-20T15:24:20.7674517Z remote: Counting objects:  88% (15/17)        
post_art	Checkout code	2026-02-20T15:24:20.7675416Z remote: Counting objects:  94% (16/17)        
post_art	Checkout code	2026-02-20T15:24:20.7676147Z remote: Counting objects: 100% (17/17)        
post_art	Checkout code	2026-02-20T15:24:20.7676848Z remote: Counting objects: 100% (17/17), done.        
post_art	Checkout code	2026-02-20T15:24:20.7677582Z remote: Compressing objects:   7% (1/14)        
post_art	Checkout code	2026-02-20T15:24:20.7678273Z remote: Compressing objects:  14% (2/14)        
post_art	Checkout code	2026-02-20T15:24:20.7751574Z remote: Compressing objects:  21% (3/14)        
post_art	Checkout code	2026-02-20T15:24:20.7752456Z remote: Compressing objects:  28% (4/14)        
post_art	Checkout code	2026-02-20T15:24:20.7753431Z remote: Compressing objects:  35% (5/14)        
post_art	Checkout code	2026-02-20T15:24:20.7754135Z remote: Compressing objects:  42% (6/14)        
post_art	Checkout code	2026-02-20T15:24:20.7754840Z remote: Compressing objects:  50% (7/14)        
post_art	Checkout code	2026-02-20T15:24:20.7755813Z remote: Compressing objects:  57% (8/14)        
post_art	Checkout code	2026-02-20T15:24:20.7756524Z remote: Compressing objects:  64% (9/14)        
post_art	Checkout code	2026-02-20T15:24:20.7757217Z remote: Compressing objects:  71% (10/14)        
post_art	Checkout code	2026-02-20T15:24:20.7757913Z remote: Compressing objects:  78% (11/14)        
post_art	Checkout code	2026-02-20T15:24:20.7758594Z remote: Compressing objects:  85% (12/14)        
post_art	Checkout code	2026-02-20T15:24:20.7759287Z remote: Compressing objects:  92% (13/14)        
post_art	Checkout code	2026-02-20T15:24:20.7759980Z remote: Compressing objects: 100% (14/14)        
post_art	Checkout code	2026-02-20T15:24:20.7760718Z remote: Compressing objects: 100% (14/14), done.        
post_art	Checkout code	2026-02-20T15:24:20.8232730Z remote: Total 17 (delta 1), reused 12 (delta 0), pack-reused 0 (from 0)        
post_art	Checkout code	2026-02-20T15:24:20.8311390Z From https://github.com/ksahis0900-dot/friendlee-ai-art-bot
post_art	Checkout code	2026-02-20T15:24:20.8313212Z  * [new ref]         0795557dc0cdd729943075f12838c59cac03d924 -> origin/master
post_art	Checkout code	2026-02-20T15:24:20.8345985Z ##[endgroup]
post_art	Checkout code	2026-02-20T15:24:20.8347400Z ##[group]Determining the checkout info
post_art	Checkout code	2026-02-20T15:24:20.8348942Z ##[endgroup]
post_art	Checkout code	2026-02-20T15:24:20.8350232Z ##[group]Checking out the ref
post_art	Checkout code	2026-02-20T15:24:20.8351731Z [command]/usr/bin/git checkout --progress --force -B master refs/remotes/origin/master
post_art	Checkout code	2026-02-20T15:24:20.8409295Z Reset branch 'master'
post_art	Checkout code	2026-02-20T15:24:20.8412397Z branch 'master' set up to track 'origin/master'.
post_art	Checkout code	2026-02-20T15:24:20.8418639Z ##[endgroup]
post_art	Checkout code	2026-02-20T15:24:20.8449507Z [command]/usr/bin/git log -1 --format='%H'
post_art	Checkout code	2026-02-20T15:24:20.8470895Z '0795557dc0cdd729943075f12838c59cac03d924'
post_art	Set up Python	Ôªø2026-02-20T15:24:20.8712749Z ##[group]Run actions/setup-python@v4
post_art	Set up Python	2026-02-20T15:24:20.8713443Z with:
post_art	Set up Python	2026-02-20T15:24:20.8713894Z   python-version: 3.9
post_art	Set up Python	2026-02-20T15:24:20.8714392Z   check-latest: false
post_art	Set up Python	2026-02-20T15:24:20.8715134Z   token: ***
post_art	Set up Python	2026-02-20T15:24:20.8715825Z   update-environment: true
post_art	Set up Python	2026-02-20T15:24:20.8716420Z   allow-prereleases: false
post_art	Set up Python	2026-02-20T15:24:20.8716960Z ##[endgroup]
post_art	Set up Python	2026-02-20T15:24:21.0389139Z ##[group]Installed versions
post_art	Set up Python	2026-02-20T15:24:21.0517996Z Version 3.9 was not found in the local cache
post_art	Set up Python	2026-02-20T15:24:21.6114052Z Version 3.9 is available for downloading
post_art	Set up Python	2026-02-20T15:24:21.6117138Z Download from "https://github.com/actions/python-versions/releases/download/3.9.25-19039189640/python-3.9.25-linux-24.04-x64.tar.gz"
post_art	Set up Python	2026-02-20T15:24:22.5417822Z Extract downloaded archive
post_art	Set up Python	2026-02-20T15:24:22.5545517Z [command]/usr/bin/tar xz --warning=no-unknown-keyword -C /home/runner/work/_temp/44bd8509-80f1-401c-9cd4-a4be919c2424 -f /home/runner/work/_temp/c0de6832-ddf2-4d13-8024-90a1ca4ff404
post_art	Set up Python	2026-02-20T15:24:23.9315728Z Execute installation script
post_art	Set up Python	2026-02-20T15:24:23.9405507Z Check if Python hostedtoolcache folder exist...
post_art	Set up Python	2026-02-20T15:24:23.9406678Z Create Python 3.9.25 folder
post_art	Set up Python	2026-02-20T15:24:23.9419365Z Copy Python binaries to hostedtoolcache folder
post_art	Set up Python	2026-02-20T15:24:24.4358453Z Create additional symlinks (Required for the UsePythonVersion Azure Pipelines task and the setup-python GitHub Action)
post_art	Set up Python	2026-02-20T15:24:24.4399060Z Upgrading pip...
post_art	Set up Python	2026-02-20T15:24:26.6089659Z Looking in links: /tmp/tmpzkxmiavo
post_art	Set up Python	2026-02-20T15:24:26.6094816Z Requirement already satisfied: setuptools in /opt/hostedtoolcache/Python/3.9.25/x64/lib/python3.9/site-packages (79.0.1)
post_art	Set up Python	2026-02-20T15:24:26.6100949Z Requirement already satisfied: pip in /opt/hostedtoolcache/Python/3.9.25/x64/lib/python3.9/site-packages (23.0.1)
post_art	Set up Python	2026-02-20T15:24:27.8345949Z Collecting pip
post_art	Set up Python	2026-02-20T15:24:27.9037298Z Downloading pip-26.0.1-py3-none-any.whl (1.8 MB)
post_art	Set up Python	2026-02-20T15:24:27.9748165Z ‚îÅ‚îÅ‚îÅ‚îÅ‚îÅ‚îÅ‚îÅ‚îÅ‚îÅ‚îÅ‚îÅ‚îÅ‚îÅ‚îÅ‚îÅ‚îÅ‚îÅ‚îÅ‚îÅ‚îÅ‚îÅ‚îÅ‚îÅ‚îÅ‚îÅ‚îÅ‚îÅ‚îÅ‚îÅ‚îÅ‚îÅ‚îÅ‚îÅ‚îÅ‚îÅ‚îÅ‚îÅ‚îÅ‚îÅ‚îÅ 1.8/1.8 MB 26.4 MB/s eta 0:00:00
post_art	Set up Python	2026-02-20T15:24:27.9748814Z 
post_art	Set up Python	2026-02-20T15:24:28.0371608Z Installing collected packages: pip
post_art	Set up Python	2026-02-20T15:24:28.0372293Z Attempting uninstall: pip
post_art	Set up Python	2026-02-20T15:24:28.0378757Z Found existing installation: pip 23.0.1
post_art	Set up Python	2026-02-20T15:24:28.2192923Z Uninstalling pip-23.0.1:
post_art	Set up Python	2026-02-20T15:24:28.2268357Z Successfully uninstalled pip-23.0.1
post_art	Set up Python	2026-02-20T15:24:29.0451535Z Successfully installed pip-26.0.1
post_art	Set up Python	2026-02-20T15:24:29.1142213Z Create complete file
post_art	Set up Python	2026-02-20T15:24:29.1190523Z Successfully set up CPython (3.9.25)
post_art	Set up Python	2026-02-20T15:24:29.1192269Z ##[endgroup]
post_art	Install dependencies	Ôªø2026-02-20T15:24:29.1340924Z ##[group]Run pip install -r requirements.txt
post_art	Install dependencies	2026-02-20T15:24:29.1341377Z [36;1mpip install -r requirements.txt[0m
post_art	Install dependencies	2026-02-20T15:24:29.1379776Z shell: /usr/bin/bash -e {0}
post_art	Install dependencies	2026-02-20T15:24:29.1380079Z env:
post_art	Install dependencies	2026-02-20T15:24:29.1380370Z   pythonLocation: /opt/hostedtoolcache/Python/3.9.25/x64
post_art	Install dependencies	2026-02-20T15:24:29.1380860Z   PKG_CONFIG_PATH: /opt/hostedtoolcache/Python/3.9.25/x64/lib/pkgconfig
post_art	Install dependencies	2026-02-20T15:24:29.1381303Z   Python_ROOT_DIR: /opt/hostedtoolcache/Python/3.9.25/x64
post_art	Install dependencies	2026-02-20T15:24:29.1381732Z   Python2_ROOT_DIR: /opt/hostedtoolcache/Python/3.9.25/x64
post_art	Install dependencies	2026-02-20T15:24:29.1382124Z   Python3_ROOT_DIR: /opt/hostedtoolcache/Python/3.9.25/x64
post_art	Install dependencies	2026-02-20T15:24:29.1382532Z   LD_LIBRARY_PATH: /opt/hostedtoolcache/Python/3.9.25/x64/lib
post_art	Install dependencies	2026-02-20T15:24:29.1382863Z ##[endgroup]
post_art	Install dependencies	2026-02-20T15:24:29.5739131Z Collecting pyTelegramBotAPI (from -r requirements.txt (line 1))
post_art	Install dependencies	2026-02-20T15:24:29.6351373Z   Downloading pytelegrambotapi-4.31.0-py3-none-any.whl.metadata (48 kB)
post_art	Install dependencies	2026-02-20T15:24:29.6989240Z Collecting requests (from -r requirements.txt (line 2))
post_art	Install dependencies	2026-02-20T15:24:29.7129611Z   Downloading requests-2.32.5-py3-none-any.whl.metadata (4.9 kB)
post_art	Install dependencies	2026-02-20T15:24:29.9702332Z Collecting Pillow (from -r requirements.txt (line 3))
post_art	Install dependencies	2026-02-20T15:24:29.9846553Z   Downloading pillow-11.3.0-cp39-cp39-manylinux_2_27_x86_64.manylinux_2_28_x86_64.whl.metadata (9.0 kB)
post_art	Install dependencies	2026-02-20T15:24:30.0157848Z Collecting google-generativeai (from -r requirements.txt (line 4))
post_art	Install dependencies	2026-02-20T15:24:30.0293778Z   Downloading google_generativeai-0.8.6-py3-none-any.whl.metadata (3.9 kB)
post_art	Install dependencies	2026-02-20T15:24:30.0566192Z Collecting feedparser (from -r requirements.txt (line 5))
post_art	Install dependencies	2026-02-20T15:24:30.0704186Z   Downloading feedparser-6.0.12-py3-none-any.whl.metadata (2.7 kB)
post_art	Install dependencies	2026-02-20T15:24:30.1760171Z Collecting charset_normalizer<4,>=2 (from requests->-r requirements.txt (line 2))
post_art	Install dependencies	2026-02-20T15:24:30.1908774Z   Downloading charset_normalizer-3.4.4-cp39-cp39-manylinux2014_x86_64.manylinux_2_17_x86_64.manylinux_2_28_x86_64.whl.metadata (37 kB)
post_art	Install dependencies	2026-02-20T15:24:30.2221107Z Collecting idna<4,>=2.5 (from requests->-r requirements.txt (line 2))
post_art	Install dependencies	2026-02-20T15:24:30.2366038Z   Downloading idna-3.11-py3-none-any.whl.metadata (8.4 kB)
post_art	Install dependencies	2026-02-20T15:24:30.2778941Z Collecting urllib3<3,>=1.21.1 (from requests->-r requirements.txt (line 2))
post_art	Install dependencies	2026-02-20T15:24:30.2919074Z   Downloading urllib3-2.6.3-py3-none-any.whl.metadata (6.9 kB)
post_art	Install dependencies	2026-02-20T15:24:30.3270349Z Collecting certifi>=2017.4.17 (from requests->-r requirements.txt (line 2))
post_art	Install dependencies	2026-02-20T15:24:30.3410512Z   Downloading certifi-2026.1.4-py3-none-any.whl.metadata (2.5 kB)
post_art	Install dependencies	2026-02-20T15:24:30.3703948Z Collecting google-ai-generativelanguage==0.6.15 (from google-generativeai->-r requirements.txt (line 4))
post_art	Install dependencies	2026-02-20T15:24:30.3840576Z   Downloading google_ai_generativelanguage-0.6.15-py3-none-any.whl.metadata (5.7 kB)
post_art	Install dependencies	2026-02-20T15:24:30.4339142Z Collecting google-api-core (from google-generativeai->-r requirements.txt (line 4))
post_art	Install dependencies	2026-02-20T15:24:30.4481694Z   Downloading google_api_core-2.30.0-py3-none-any.whl.metadata (3.1 kB)
post_art	Install dependencies	2026-02-20T15:24:30.5213409Z Collecting google-api-python-client (from google-generativeai->-r requirements.txt (line 4))
post_art	Install dependencies	2026-02-20T15:24:30.5360234Z   Downloading google_api_python_client-2.190.0-py3-none-any.whl.metadata (7.0 kB)
post_art	Install dependencies	2026-02-20T15:24:30.5861054Z Collecting google-auth>=2.15.0 (from google-generativeai->-r requirements.txt (line 4))
post_art	Install dependencies	2026-02-20T15:24:30.6003739Z   Downloading google_auth-2.48.0-py3-none-any.whl.metadata (6.2 kB)
post_art	Install dependencies	2026-02-20T15:24:30.8266084Z Collecting protobuf (from google-generativeai->-r requirements.txt (line 4))
post_art	Install dependencies	2026-02-20T15:24:30.8409155Z   Downloading protobuf-6.33.5-cp39-abi3-manylinux2014_x86_64.whl.metadata (593 bytes)
post_art	Install dependencies	2026-02-20T15:24:30.9924122Z Collecting pydantic (from google-generativeai->-r requirements.txt (line 4))
post_art	Install dependencies	2026-02-20T15:24:31.0072766Z   Downloading pydantic-2.12.5-py3-none-any.whl.metadata (90 kB)
post_art	Install dependencies	2026-02-20T15:24:31.0632108Z Collecting tqdm (from google-generativeai->-r requirements.txt (line 4))
post_art	Install dependencies	2026-02-20T15:24:31.0773464Z   Downloading tqdm-4.67.3-py3-none-any.whl.metadata (57 kB)
post_art	Install dependencies	2026-02-20T15:24:31.1134638Z Collecting typing-extensions (from google-generativeai->-r requirements.txt (line 4))
post_art	Install dependencies	2026-02-20T15:24:31.1274780Z   Downloading typing_extensions-4.15.0-py3-none-any.whl.metadata (3.3 kB)
post_art	Install dependencies	2026-02-20T15:24:31.2016625Z Collecting google-auth>=2.15.0 (from google-generativeai->-r requirements.txt (line 4))
post_art	Install dependencies	2026-02-20T15:24:31.2160068Z   Downloading google_auth-2.49.0.dev0-py3-none-any.whl.metadata (6.0 kB)
post_art	Install dependencies	2026-02-20T15:24:31.2524469Z Collecting proto-plus<2.0.0dev,>=1.22.3 (from google-ai-generativelanguage==0.6.15->google-generativeai->-r requirements.txt (line 4))
post_art	Install dependencies	2026-02-20T15:24:31.2664537Z   Downloading proto_plus-1.27.1-py3-none-any.whl.metadata (2.2 kB)
post_art	Install dependencies	2026-02-20T15:24:31.3012109Z Collecting protobuf (from google-generativeai->-r requirements.txt (line 4))
post_art	Install dependencies	2026-02-20T15:24:31.3152829Z   Downloading protobuf-5.29.6-cp38-abi3-manylinux2014_x86_64.whl.metadata (592 bytes)
post_art	Install dependencies	2026-02-20T15:24:31.3470076Z Collecting googleapis-common-protos<2.0.0,>=1.56.3 (from google-api-core->google-generativeai->-r requirements.txt (line 4))
post_art	Install dependencies	2026-02-20T15:24:31.3612434Z   Downloading googleapis_common_protos-1.72.0-py3-none-any.whl.metadata (9.4 kB)
post_art	Install dependencies	2026-02-20T15:24:32.0413116Z Collecting grpcio<2.0.0,>=1.33.2 (from google-api-core[grpc]!=2.0.*,!=2.1.*,!=2.10.*,!=2.2.*,!=2.3.*,!=2.4.*,!=2.5.*,!=2.6.*,!=2.7.*,!=2.8.*,!=2.9.*,<3.0.0dev,>=1.34.1->google-ai-generativelanguage==0.6.15->google-generativeai->-r requirements.txt (line 4))
post_art	Install dependencies	2026-02-20T15:24:32.0560050Z   Downloading grpcio-1.78.1-cp39-cp39-manylinux2014_x86_64.manylinux_2_17_x86_64.whl.metadata (3.8 kB)
post_art	Install dependencies	2026-02-20T15:24:32.1567674Z Collecting grpcio-status<2.0.0,>=1.33.2 (from google-api-core[grpc]!=2.0.*,!=2.1.*,!=2.10.*,!=2.2.*,!=2.3.*,!=2.4.*,!=2.5.*,!=2.6.*,!=2.7.*,!=2.8.*,!=2.9.*,<3.0.0dev,>=1.34.1->google-ai-generativelanguage==0.6.15->google-generativeai->-r requirements.txt (line 4))
post_art	Install dependencies	2026-02-20T15:24:32.1710747Z   Downloading grpcio_status-1.78.1-py3-none-any.whl.metadata (1.3 kB)
post_art	Install dependencies	2026-02-20T15:24:32.2060280Z Collecting pyasn1-modules>=0.2.1 (from google-auth>=2.15.0->google-generativeai->-r requirements.txt (line 4))
post_art	Install dependencies	2026-02-20T15:24:32.2203630Z   Downloading pyasn1_modules-0.4.2-py3-none-any.whl.metadata (3.5 kB)
post_art	Install dependencies	2026-02-20T15:24:32.4410081Z Collecting cryptography>=38.0.3 (from google-auth>=2.15.0->google-generativeai->-r requirements.txt (line 4))
post_art	Install dependencies	2026-02-20T15:24:32.4552089Z   Downloading cryptography-46.0.5-cp38-abi3-manylinux_2_34_x86_64.whl.metadata (5.7 kB)
post_art	Install dependencies	2026-02-20T15:24:32.4929626Z INFO: pip is looking at multiple versions of grpcio-status to determine which version is compatible with other requirements. This could take a while.
post_art	Install dependencies	2026-02-20T15:24:32.4936282Z Collecting grpcio-status<2.0.0,>=1.33.2 (from google-api-core[grpc]!=2.0.*,!=2.1.*,!=2.10.*,!=2.2.*,!=2.3.*,!=2.4.*,!=2.5.*,!=2.6.*,!=2.7.*,!=2.8.*,!=2.9.*,<3.0.0dev,>=1.34.1->google-ai-generativelanguage==0.6.15->google-generativeai->-r requirements.txt (line 4))
post_art	Install dependencies	2026-02-20T15:24:32.5075036Z   Downloading grpcio_status-1.78.0-py3-none-any.whl.metadata (1.3 kB)
post_art	Install dependencies	2026-02-20T15:24:32.5253072Z   Downloading grpcio_status-1.76.0-py3-none-any.whl.metadata (1.1 kB)
post_art	Install dependencies	2026-02-20T15:24:32.5429298Z   Downloading grpcio_status-1.75.1-py3-none-any.whl.metadata (1.1 kB)
post_art	Install dependencies	2026-02-20T15:24:32.5604249Z   Downloading grpcio_status-1.75.0-py3-none-any.whl.metadata (1.1 kB)
post_art	Install dependencies	2026-02-20T15:24:32.5779534Z   Downloading grpcio_status-1.74.0-py3-none-any.whl.metadata (1.1 kB)
post_art	Install dependencies	2026-02-20T15:24:32.5961199Z   Downloading grpcio_status-1.73.1-py3-none-any.whl.metadata (1.1 kB)
post_art	Install dependencies	2026-02-20T15:24:32.6293307Z   Downloading grpcio_status-1.73.0-py3-none-any.whl.metadata (1.1 kB)
post_art	Install dependencies	2026-02-20T15:24:32.6330280Z INFO: pip is still looking at multiple versions of grpcio-status to determine which version is compatible with other requirements. This could take a while.
post_art	Install dependencies	2026-02-20T15:24:32.6472711Z   Downloading grpcio_status-1.72.2-py3-none-any.whl.metadata (1.1 kB)
post_art	Install dependencies	2026-02-20T15:24:32.6645908Z   Downloading grpcio_status-1.72.1-py3-none-any.whl.metadata (1.1 kB)
post_art	Install dependencies	2026-02-20T15:24:32.6819480Z   Downloading grpcio_status-1.71.2-py3-none-any.whl.metadata (1.1 kB)
post_art	Install dependencies	2026-02-20T15:24:32.7688030Z Collecting sgmllib3k (from feedparser->-r requirements.txt (line 5))
post_art	Install dependencies	2026-02-20T15:24:32.7824422Z   Downloading sgmllib3k-1.0.0.tar.gz (5.8 kB)
post_art	Install dependencies	2026-02-20T15:24:32.7900921Z   Installing build dependencies: started
post_art	Install dependencies	2026-02-20T15:24:33.6200969Z   Installing build dependencies: finished with status 'done'
post_art	Install dependencies	2026-02-20T15:24:33.6211140Z   Getting requirements to build wheel: started
post_art	Install dependencies	2026-02-20T15:24:33.9595155Z   Getting requirements to build wheel: finished with status 'done'
post_art	Install dependencies	2026-02-20T15:24:33.9613473Z   Preparing metadata (pyproject.toml): started
post_art	Install dependencies	2026-02-20T15:24:34.1387548Z   Preparing metadata (pyproject.toml): finished with status 'done'
post_art	Install dependencies	2026-02-20T15:24:34.2768515Z Collecting cffi>=2.0.0 (from cryptography>=38.0.3->google-auth>=2.15.0->google-generativeai->-r requirements.txt (line 4))
post_art	Install dependencies	2026-02-20T15:24:34.2913340Z   Downloading cffi-2.0.0-cp39-cp39-manylinux2014_x86_64.manylinux_2_17_x86_64.whl.metadata (2.6 kB)
post_art	Install dependencies	2026-02-20T15:24:34.3200576Z Collecting pycparser (from cffi>=2.0.0->cryptography>=38.0.3->google-auth>=2.15.0->google-generativeai->-r requirements.txt (line 4))
post_art	Install dependencies	2026-02-20T15:24:34.3339455Z   Downloading pycparser-2.23-py3-none-any.whl.metadata (993 bytes)
post_art	Install dependencies	2026-02-20T15:24:34.3711175Z Collecting pyasn1<0.7.0,>=0.6.1 (from pyasn1-modules>=0.2.1->google-auth>=2.15.0->google-generativeai->-r requirements.txt (line 4))
post_art	Install dependencies	2026-02-20T15:24:34.3863676Z   Downloading pyasn1-0.6.2-py3-none-any.whl.metadata (8.4 kB)
post_art	Install dependencies	2026-02-20T15:24:34.4166247Z Collecting httplib2<1.0.0,>=0.19.0 (from google-api-python-client->google-generativeai->-r requirements.txt (line 4))
post_art	Install dependencies	2026-02-20T15:24:34.4322442Z   Downloading httplib2-0.31.2-py3-none-any.whl.metadata (2.2 kB)
post_art	Install dependencies	2026-02-20T15:24:34.4702327Z Collecting google-auth-httplib2<1.0.0,>=0.2.0 (from google-api-python-client->google-generativeai->-r requirements.txt (line 4))
post_art	Install dependencies	2026-02-20T15:24:34.4840467Z   Downloading google_auth_httplib2-0.3.0-py3-none-any.whl.metadata (3.1 kB)
post_art	Install dependencies	2026-02-20T15:24:34.5093995Z Collecting uritemplate<5,>=3.0.1 (from google-api-python-client->google-generativeai->-r requirements.txt (line 4))
post_art	Install dependencies	2026-02-20T15:24:34.5235126Z   Downloading uritemplate-4.2.0-py3-none-any.whl.metadata (2.6 kB)
post_art	Install dependencies	2026-02-20T15:24:34.5650215Z Collecting pyparsing<4,>=3.1 (from httplib2<1.0.0,>=0.19.0->google-api-python-client->google-generativeai->-r requirements.txt (line 4))
post_art	Install dependencies	2026-02-20T15:24:34.5791363Z   Downloading pyparsing-3.3.2-py3-none-any.whl.metadata (5.8 kB)
post_art	Install dependencies	2026-02-20T15:24:34.6073137Z Collecting annotated-types>=0.6.0 (from pydantic->google-generativeai->-r requirements.txt (line 4))
post_art	Install dependencies	2026-02-20T15:24:34.6212119Z   Downloading annotated_types-0.7.0-py3-none-any.whl.metadata (15 kB)
post_art	Install dependencies	2026-02-20T15:24:35.5238310Z Collecting pydantic-core==2.41.5 (from pydantic->google-generativeai->-r requirements.txt (line 4))
post_art	Install dependencies	2026-02-20T15:24:35.5389290Z   Downloading pydantic_core-2.41.5-cp39-cp39-manylinux_2_17_x86_64.manylinux2014_x86_64.whl.metadata (7.3 kB)
post_art	Install dependencies	2026-02-20T15:24:35.5644234Z Collecting typing-inspection>=0.4.2 (from pydantic->google-generativeai->-r requirements.txt (line 4))
post_art	Install dependencies	2026-02-20T15:24:35.5784457Z   Downloading typing_inspection-0.4.2-py3-none-any.whl.metadata (2.6 kB)
post_art	Install dependencies	2026-02-20T15:24:35.6030931Z Downloading pytelegrambotapi-4.31.0-py3-none-any.whl (304 kB)
post_art	Install dependencies	2026-02-20T15:24:35.6336303Z Downloading requests-2.32.5-py3-none-any.whl (64 kB)
post_art	Install dependencies	2026-02-20T15:24:35.6500254Z Downloading charset_normalizer-3.4.4-cp39-cp39-manylinux2014_x86_64.manylinux_2_17_x86_64.manylinux_2_28_x86_64.whl (153 kB)
post_art	Install dependencies	2026-02-20T15:24:35.6670304Z Downloading idna-3.11-py3-none-any.whl (71 kB)
post_art	Install dependencies	2026-02-20T15:24:35.6833888Z Downloading urllib3-2.6.3-py3-none-any.whl (131 kB)
post_art	Install dependencies	2026-02-20T15:24:35.7007029Z Downloading pillow-11.3.0-cp39-cp39-manylinux_2_27_x86_64.manylinux_2_28_x86_64.whl (6.6 MB)
post_art	Install dependencies	2026-02-20T15:24:35.7575942Z    ‚îÅ‚îÅ‚îÅ‚îÅ‚îÅ‚îÅ‚îÅ‚îÅ‚îÅ‚îÅ‚îÅ‚îÅ‚îÅ‚îÅ‚îÅ‚îÅ‚îÅ‚îÅ‚îÅ‚îÅ‚îÅ‚îÅ‚îÅ‚îÅ‚îÅ‚îÅ‚îÅ‚îÅ‚îÅ‚îÅ‚îÅ‚îÅ‚îÅ‚îÅ‚îÅ‚îÅ‚îÅ‚îÅ‚îÅ‚îÅ 6.6/6.6 MB 121.0 MB/s  0:00:00
post_art	Install dependencies	2026-02-20T15:24:35.7714146Z Downloading google_generativeai-0.8.6-py3-none-any.whl (155 kB)
post_art	Install dependencies	2026-02-20T15:24:35.7880559Z Downloading google_ai_generativelanguage-0.6.15-py3-none-any.whl (1.3 MB)
post_art	Install dependencies	2026-02-20T15:24:35.7974221Z    ‚îÅ‚îÅ‚îÅ‚îÅ‚îÅ‚îÅ‚îÅ‚îÅ‚îÅ‚îÅ‚îÅ‚îÅ‚îÅ‚îÅ‚îÅ‚îÅ‚îÅ‚îÅ‚îÅ‚îÅ‚îÅ‚îÅ‚îÅ‚îÅ‚îÅ‚îÅ‚îÅ‚îÅ‚îÅ‚îÅ‚îÅ‚îÅ‚îÅ‚îÅ‚îÅ‚îÅ‚îÅ‚îÅ‚îÅ‚îÅ 1.3/1.3 MB 165.4 MB/s  0:00:00
post_art	Install dependencies	2026-02-20T15:24:35.8177946Z Downloading google_api_core-2.30.0-py3-none-any.whl (173 kB)
post_art	Install dependencies	2026-02-20T15:24:35.8342542Z Downloading google_auth-2.49.0.dev0-py3-none-any.whl (236 kB)
post_art	Install dependencies	2026-02-20T15:24:35.8514587Z Downloading googleapis_common_protos-1.72.0-py3-none-any.whl (297 kB)
post_art	Install dependencies	2026-02-20T15:24:35.8683676Z Downloading grpcio-1.78.1-cp39-cp39-manylinux2014_x86_64.manylinux_2_17_x86_64.whl (6.7 MB)
post_art	Install dependencies	2026-02-20T15:24:35.9040682Z    ‚îÅ‚îÅ‚îÅ‚îÅ‚îÅ‚îÅ‚îÅ‚îÅ‚îÅ‚îÅ‚îÅ‚îÅ‚îÅ‚îÅ‚îÅ‚îÅ‚îÅ‚îÅ‚îÅ‚îÅ‚îÅ‚îÅ‚îÅ‚îÅ‚îÅ‚îÅ‚îÅ‚îÅ‚îÅ‚îÅ‚îÅ‚îÅ‚îÅ‚îÅ‚îÅ‚îÅ‚îÅ‚îÅ‚îÅ‚îÅ 6.7/6.7 MB 197.5 MB/s  0:00:00
post_art	Install dependencies	2026-02-20T15:24:35.9179120Z Downloading grpcio_status-1.71.2-py3-none-any.whl (14 kB)
post_art	Install dependencies	2026-02-20T15:24:35.9337027Z Downloading proto_plus-1.27.1-py3-none-any.whl (50 kB)
post_art	Install dependencies	2026-02-20T15:24:35.9495747Z Downloading protobuf-5.29.6-cp38-abi3-manylinux2014_x86_64.whl (320 kB)
post_art	Install dependencies	2026-02-20T15:24:35.9663301Z Downloading typing_extensions-4.15.0-py3-none-any.whl (44 kB)
post_art	Install dependencies	2026-02-20T15:24:35.9821206Z Downloading feedparser-6.0.12-py3-none-any.whl (81 kB)
post_art	Install dependencies	2026-02-20T15:24:35.9980086Z Downloading certifi-2026.1.4-py3-none-any.whl (152 kB)
post_art	Install dependencies	2026-02-20T15:24:36.0139962Z Downloading cryptography-46.0.5-cp38-abi3-manylinux_2_34_x86_64.whl (4.5 MB)
post_art	Install dependencies	2026-02-20T15:24:36.0366863Z    ‚îÅ‚îÅ‚îÅ‚îÅ‚îÅ‚îÅ‚îÅ‚îÅ‚îÅ‚îÅ‚îÅ‚îÅ‚îÅ‚îÅ‚îÅ‚îÅ‚îÅ‚îÅ‚îÅ‚îÅ‚îÅ‚îÅ‚îÅ‚îÅ‚îÅ‚îÅ‚îÅ‚îÅ‚îÅ‚îÅ‚îÅ‚îÅ‚îÅ‚îÅ‚îÅ‚îÅ‚îÅ‚îÅ‚îÅ‚îÅ 4.5/4.5 MB 212.3 MB/s  0:00:00
post_art	Install dependencies	2026-02-20T15:24:36.0507241Z Downloading cffi-2.0.0-cp39-cp39-manylinux2014_x86_64.manylinux_2_17_x86_64.whl (216 kB)
post_art	Install dependencies	2026-02-20T15:24:36.0677540Z Downloading pyasn1_modules-0.4.2-py3-none-any.whl (181 kB)
post_art	Install dependencies	2026-02-20T15:24:36.0846389Z Downloading pyasn1-0.6.2-py3-none-any.whl (83 kB)
post_art	Install dependencies	2026-02-20T15:24:36.1013831Z Downloading google_api_python_client-2.190.0-py3-none-any.whl (14.7 MB)
post_art	Install dependencies	2026-02-20T15:24:36.1707025Z    ‚îÅ‚îÅ‚îÅ‚îÅ‚îÅ‚îÅ‚îÅ‚îÅ‚îÅ‚îÅ‚îÅ‚îÅ‚îÅ‚îÅ‚îÅ‚îÅ‚îÅ‚îÅ‚îÅ‚îÅ‚îÅ‚îÅ‚îÅ‚îÅ‚îÅ‚îÅ‚îÅ‚îÅ‚îÅ‚îÅ‚îÅ‚îÅ‚îÅ‚îÅ‚îÅ‚îÅ‚îÅ‚îÅ‚îÅ‚îÅ 14.7/14.7 MB 217.6 MB/s  0:00:00
post_art	Install dependencies	2026-02-20T15:24:36.1850708Z Downloading google_auth_httplib2-0.3.0-py3-none-any.whl (9.5 kB)
post_art	Install dependencies	2026-02-20T15:24:36.2013252Z Downloading httplib2-0.31.2-py3-none-any.whl (91 kB)
post_art	Install dependencies	2026-02-20T15:24:36.2176573Z Downloading pyparsing-3.3.2-py3-none-any.whl (122 kB)
post_art	Install dependencies	2026-02-20T15:24:36.2344110Z Downloading uritemplate-4.2.0-py3-none-any.whl (11 kB)
post_art	Install dependencies	2026-02-20T15:24:36.2508687Z Downloading pycparser-2.23-py3-none-any.whl (118 kB)
post_art	Install dependencies	2026-02-20T15:24:36.2680675Z Downloading pydantic-2.12.5-py3-none-any.whl (463 kB)
post_art	Install dependencies	2026-02-20T15:24:36.2876628Z Downloading pydantic_core-2.41.5-cp39-cp39-manylinux_2_17_x86_64.manylinux2014_x86_64.whl (2.1 MB)
post_art	Install dependencies	2026-02-20T15:24:36.3000812Z    ‚îÅ‚îÅ‚îÅ‚îÅ‚îÅ‚îÅ‚îÅ‚îÅ‚îÅ‚îÅ‚îÅ‚îÅ‚îÅ‚îÅ‚îÅ‚îÅ‚îÅ‚îÅ‚îÅ‚îÅ‚îÅ‚îÅ‚îÅ‚îÅ‚îÅ‚îÅ‚îÅ‚îÅ‚îÅ‚îÅ‚îÅ‚îÅ‚îÅ‚îÅ‚îÅ‚îÅ‚îÅ‚îÅ‚îÅ‚îÅ 2.1/2.1 MB 197.4 MB/s  0:00:00
post_art	Install dependencies	2026-02-20T15:24:36.3145012Z Downloading annotated_types-0.7.0-py3-none-any.whl (13 kB)
post_art	Install dependencies	2026-02-20T15:24:36.3311533Z Downloading typing_inspection-0.4.2-py3-none-any.whl (14 kB)
post_art	Install dependencies	2026-02-20T15:24:36.3476397Z Downloading tqdm-4.67.3-py3-none-any.whl (78 kB)
post_art	Install dependencies	2026-02-20T15:24:36.4131272Z Building wheels for collected packages: sgmllib3k
post_art	Install dependencies	2026-02-20T15:24:36.4140588Z   Building wheel for sgmllib3k (pyproject.toml): started
post_art	Install dependencies	2026-02-20T15:24:36.6214159Z   Building wheel for sgmllib3k (pyproject.toml): finished with status 'done'
post_art	Install dependencies	2026-02-20T15:24:36.6223582Z   Created wheel for sgmllib3k: filename=sgmllib3k-1.0.0-py3-none-any.whl size=6091 sha256=263d6bf876422f32a0caea316e250d892c17fad770a1ef592385136416d4684c
post_art	Install dependencies	2026-02-20T15:24:36.6225862Z   Stored in directory: /home/runner/.cache/pip/wheels/65/7a/a7/78c287f64e401255dff4c13fdbc672fed5efbfd21c530114e1
post_art	Install dependencies	2026-02-20T15:24:36.6245907Z Successfully built sgmllib3k
post_art	Install dependencies	2026-02-20T15:24:36.7030434Z Installing collected packages: sgmllib3k, urllib3, uritemplate, typing-extensions, tqdm, pyparsing, pycparser, pyasn1, protobuf, Pillow, idna, feedparser, charset_normalizer, certifi, annotated-types, typing-inspection, requests, pydantic-core, pyasn1-modules, proto-plus, httplib2, grpcio, googleapis-common-protos, cffi, pyTelegramBotAPI, pydantic, grpcio-status, cryptography, google-auth, google-auth-httplib2, google-api-core, google-api-python-client, google-ai-generativelanguage, google-generativeai
post_art	Install dependencies	2026-02-20T15:24:40.0544640Z 
post_art	Install dependencies	2026-02-20T15:24:40.0607458Z Successfully installed Pillow-11.3.0 annotated-types-0.7.0 certifi-2026.1.4 cffi-2.0.0 charset_normalizer-3.4.4 cryptography-46.0.5 feedparser-6.0.12 google-ai-generativelanguage-0.6.15 google-api-core-2.30.0 google-api-python-client-2.190.0 google-auth-2.49.0.dev0 google-auth-httplib2-0.3.0 google-generativeai-0.8.6 googleapis-common-protos-1.72.0 grpcio-1.78.1 grpcio-status-1.71.2 httplib2-0.31.2 idna-3.11 proto-plus-1.27.1 protobuf-5.29.6 pyTelegramBotAPI-4.31.0 pyasn1-0.6.2 pyasn1-modules-0.4.2 pycparser-2.23 pydantic-2.12.5 pydantic-core-2.41.5 pyparsing-3.3.2 requests-2.32.5 sgmllib3k-1.0.0 tqdm-4.67.3 typing-extensions-4.15.0 typing-inspection-0.4.2 uritemplate-4.2.0 urllib3-2.6.3
post_art	List files	Ôªø2026-02-20T15:24:40.7511939Z ##[group]Run ls -la
post_art	List files	2026-02-20T15:24:40.7512230Z [36;1mls -la[0m
post_art	List files	2026-02-20T15:24:40.7543940Z shell: /usr/bin/bash -e {0}
post_art	List files	2026-02-20T15:24:40.7544197Z env:
post_art	List files	2026-02-20T15:24:40.7544470Z   pythonLocation: /opt/hostedtoolcache/Python/3.9.25/x64
post_art	List files	2026-02-20T15:24:40.7544911Z   PKG_CONFIG_PATH: /opt/hostedtoolcache/Python/3.9.25/x64/lib/pkgconfig
post_art	List files	2026-02-20T15:24:40.7545508Z   Python_ROOT_DIR: /opt/hostedtoolcache/Python/3.9.25/x64
post_art	List files	2026-02-20T15:24:40.7545910Z   Python2_ROOT_DIR: /opt/hostedtoolcache/Python/3.9.25/x64
post_art	List files	2026-02-20T15:24:40.7546298Z   Python3_ROOT_DIR: /opt/hostedtoolcache/Python/3.9.25/x64
post_art	List files	2026-02-20T15:24:40.7546683Z   LD_LIBRARY_PATH: /opt/hostedtoolcache/Python/3.9.25/x64/lib
post_art	List files	2026-02-20T15:24:40.7547018Z ##[endgroup]
post_art	List files	2026-02-20T15:24:40.7612364Z total 224
post_art	List files	2026-02-20T15:24:40.7612801Z drwxr-xr-x 4 runner runner  4096 Feb 20 15:24 .
post_art	List files	2026-02-20T15:24:40.7613396Z drwxr-xr-x 3 runner runner  4096 Feb 20 15:24 ..
post_art	List files	2026-02-20T15:24:40.7613998Z drwxr-xr-x 7 runner runner  4096 Feb 20 15:24 .git
post_art	List files	2026-02-20T15:24:40.7614658Z drwxr-xr-x 3 runner runner  4096 Feb 20 15:24 .github
post_art	List files	2026-02-20T15:24:40.7615444Z -rw-r--r-- 1 runner runner 38980 Feb 20 15:24 Roadmap_RUS.docx
post_art	List files	2026-02-20T15:24:40.7616147Z -rw-r--r-- 1 runner runner 48420 Feb 20 15:24 current_debug.txt
post_art	List files	2026-02-20T15:24:40.7617031Z -rw-r--r-- 1 runner runner   780 Feb 20 15:24 debug_models.py
post_art	List files	2026-02-20T15:24:40.7617615Z -rw-r--r-- 1 runner runner 45159 Feb 20 15:24 full_log.txt
post_art	List files	2026-02-20T15:24:40.7618024Z -rw-r--r-- 1 runner runner  1636 Feb 20 15:24 gen_docx.py
post_art	List files	2026-02-20T15:24:40.7618437Z -rw-r--r-- 1 runner runner  2210 Feb 20 15:24 gen_pdf.py
post_art	List files	2026-02-20T15:24:40.7618836Z -rw-r--r-- 1 runner runner 18217 Feb 20 15:24 last_test.png
post_art	List files	2026-02-20T15:24:40.7619225Z -rw-r--r-- 1 runner runner 25218 Feb 20 15:24 main.py
post_art	List files	2026-02-20T15:24:40.7619615Z -rw-r--r-- 1 runner runner    64 Feb 20 15:24 requirements.txt
post_art	List files	2026-02-20T15:24:40.7620039Z -rw-r--r-- 1 runner runner     0 Feb 20 15:24 target_log.txt
post_art	List files	2026-02-20T15:24:40.7620437Z -rw-r--r-- 1 runner runner  1210 Feb 20 15:24 test_keys.py
post_art	List files	2026-02-20T15:24:40.7620840Z -rw-r--r-- 1 runner runner  1873 Feb 20 15:24 test_text_gens.py
post_art	Run Art Bot	Ôªø2026-02-20T15:24:40.7652477Z ##[group]Run python3 main.py
post_art	Run Art Bot	2026-02-20T15:24:40.7652787Z [36;1mpython3 main.py[0m
post_art	Run Art Bot	2026-02-20T15:24:40.7681113Z shell: /usr/bin/bash -e {0}
post_art	Run Art Bot	2026-02-20T15:24:40.7681379Z env:
post_art	Run Art Bot	2026-02-20T15:24:40.7681658Z   pythonLocation: /opt/hostedtoolcache/Python/3.9.25/x64
post_art	Run Art Bot	2026-02-20T15:24:40.7682105Z   PKG_CONFIG_PATH: /opt/hostedtoolcache/Python/3.9.25/x64/lib/pkgconfig
post_art	Run Art Bot	2026-02-20T15:24:40.7682550Z   Python_ROOT_DIR: /opt/hostedtoolcache/Python/3.9.25/x64
post_art	Run Art Bot	2026-02-20T15:24:40.7682958Z   Python2_ROOT_DIR: /opt/hostedtoolcache/Python/3.9.25/x64
post_art	Run Art Bot	2026-02-20T15:24:40.7683368Z   Python3_ROOT_DIR: /opt/hostedtoolcache/Python/3.9.25/x64
post_art	Run Art Bot	2026-02-20T15:24:40.7683777Z   LD_LIBRARY_PATH: /opt/hostedtoolcache/Python/3.9.25/x64/lib
post_art	Run Art Bot	2026-02-20T15:24:40.7684588Z   BOT_TOKEN: ***
post_art	Run Art Bot	2026-02-20T15:24:40.7684834Z   CHANNEL_ID: ***
post_art	Run Art Bot	2026-02-20T15:24:40.7685133Z   GOOGLE_KEY: ***
post_art	Run Art Bot	2026-02-20T15:24:40.7685702Z   SILICONFLOW_KEY: ***
post_art	Run Art Bot	2026-02-20T15:24:40.7686077Z   RUNWARE_KEY: ***
post_art	Run Art Bot	2026-02-20T15:24:40.7686321Z   KIE_KEY: ***
post_art	Run Art Bot	2026-02-20T15:24:40.7686604Z   HF_KEY: ***
post_art	Run Art Bot	2026-02-20T15:24:40.7686839Z   CLOUDFLARE_ID: ***
post_art	Run Art Bot	2026-02-20T15:24:40.7687159Z   CLOUDFLARE_TOKEN: ***
post_art	Run Art Bot	2026-02-20T15:24:40.7687392Z ##[endgroup]
post_art	Run Art Bot	2026-02-20T15:25:53.8891672Z üöÄ BOOTING FRIE-ND-LEE ART BOT...
post_art	Run Art Bot	2026-02-20T15:25:53.8892479Z üõ†Ô∏è DEBUG: sys.version: 3.9.25 (main, Nov  3 2025, 15:16:36) 
post_art	Run Art Bot	2026-02-20T15:25:53.8893007Z [GCC 13.3.0]
post_art	Run Art Bot	2026-02-20T15:25:53.8893408Z üõ†Ô∏è DEBUG: sys.argv: ['main.py']
post_art	Run Art Bot	2026-02-20T15:25:53.8893876Z üõ†Ô∏è DEBUG: TOKEN prefix: 85328...
post_art	Run Art Bot	2026-02-20T15:25:53.8894945Z üõ†Ô∏è DEBUG: CHANNEL_ID: '***' (Type: <class 'str'>)
post_art	Run Art Bot	2026-02-20T15:25:53.8895901Z ü§ñ –ë–æ—Ç –∞–≤—Ç–æ—Ä–∏–∑–æ–≤–∞–Ω: @Avatar2026_bot
post_art	Run Art Bot	2026-02-20T15:25:53.8896711Z --- FrieNDLee_FTP BOT (v2.0) üöÄ ---
post_art	Run Art Bot	2026-02-20T15:25:53.8898085Z üé≤ –°–≥–µ–Ω–µ—Ä–∏—Ä–æ–≤–∞–Ω–∞ —Ç–µ–º–∞ (God Mode V3.0): Cinematic Shot and Macro Lens Detail style of Tree of Life in Space in a neon-lit alleyway, with Cinematic Color Grading, masterpiece, 8k, detailed
post_art	Run Art Bot	2026-02-20T15:25:53.8899223Z üìù Gemini –ø–∏—à–µ—Ç —Ç–µ–∫—Å—Ç...
post_art	Run Art Bot	2026-02-20T15:25:53.8899631Z üìù Gemini –ø–∏—à–µ—Ç —Ç–µ–∫—Å—Ç...
post_art	Run Art Bot	2026-02-20T15:25:53.8900103Z üé® –ù–∞—á–∏–Ω–∞–µ–º –≥–µ–Ω–µ—Ä–∞—Ü–∏—é. –î–æ—Å—Ç—É–ø–Ω–æ –ø—Ä–æ–≤–∞–π–¥–µ—Ä–æ–≤: 15
post_art	Run Art Bot	2026-02-20T15:25:53.8900645Z üëâ –ü—Ä–æ–±—É–µ–º: SiliconFlow (Flux Schnell)...
post_art	Run Art Bot	2026-02-20T15:25:53.8901130Z üëâ –ü—Ä–æ–±—É–µ–º: Runware (100@1)...
post_art	Run Art Bot	2026-02-20T15:25:53.8901609Z üëâ –ü—Ä–æ–±—É–µ–º: HuggingFace (Flux Schnell)...
post_art	Run Art Bot	2026-02-20T15:25:53.8902196Z üëâ –ü—Ä–æ–±—É–µ–º: Cloudflare (Flux Schnell)...
post_art	Run Art Bot	2026-02-20T15:25:53.8902756Z üëâ –ü—Ä–æ–±—É–µ–º: Airforce (Flux 1.1 Pro)...
post_art	Run Art Bot	2026-02-20T15:25:53.8903259Z üëâ –ü—Ä–æ–±—É–µ–º: Airforce (Flux 1 Dev)...
post_art	Run Art Bot	2026-02-20T15:25:53.8903757Z    ‚ö†Ô∏è Rate Limit (429)
post_art	Run Art Bot	2026-02-20T15:25:53.8904196Z üëâ –ü—Ä–æ–±—É–µ–º: Airforce (Flux Schnell)...
post_art	Run Art Bot	2026-02-20T15:25:53.8904671Z üëâ –ü—Ä–æ–±—É–µ–º: Airforce (Any Dark)...
post_art	Run Art Bot	2026-02-20T15:25:53.8905194Z üëâ –ü—Ä–æ–±—É–µ–º: Pollinations (Flux Realism)...
post_art	Run Art Bot	2026-02-20T15:25:53.8905895Z üëâ –ü—Ä–æ–±—É–µ–º: Pollinations (Midjourney)...
post_art	Run Art Bot	2026-02-20T15:25:53.8906390Z üëâ –ü—Ä–æ–±—É–µ–º: Pollinations (Flux)...
post_art	Run Art Bot	2026-02-20T15:25:53.8906854Z üëâ –ü—Ä–æ–±—É–µ–º: Pollinations (Turbo)...
post_art	Run Art Bot	2026-02-20T15:25:53.8907321Z üëâ –ü—Ä–æ–±—É–µ–º: Gemini Image (Google)...
post_art	Run Art Bot	2026-02-20T15:25:53.8907851Z üé® Gemini Image –≥–µ–Ω–µ—Ä–∏—Ä—É–µ—Ç –∫–∞—Ä—Ç–∏–Ω–∫—É...
post_art	Run Art Bot	2026-02-20T15:25:53.8908307Z üìä Gemini Image Status: 429
post_art	Run Art Bot	2026-02-20T15:25:53.8908730Z ‚ö†Ô∏è Gemini Image Error: {
post_art	Run Art Bot	2026-02-20T15:25:53.8909073Z   "error": {
post_art	Run Art Bot	2026-02-20T15:25:53.8909386Z     "code": 429,
post_art	Run Art Bot	2026-02-20T15:25:53.8910984Z     "message": "You exceeded your current quota, please check your plan and billing details. For more information on this error, head to: https://ai.google.dev/gemini-api/docs/rate-limits. To monitor your current usage, head to: https://ai.dev/rate-limit. \n* Quota ex
post_art	Run Art Bot	2026-02-20T15:25:53.8912706Z üëâ –ü—Ä–æ–±—É–µ–º: AI Horde (SDXL Beta)...
post_art	Run Art Bot	2026-02-20T15:25:53.8913243Z ‚úÖ –£–°–ü–ï–•! –ì–µ–Ω–µ—Ä–∞—Ü–∏—è –≤—ã–ø–æ–ª–Ω–µ–Ω–∞ —á–µ—Ä–µ–∑: Picsum (Stock Photo)
post_art	Run Art Bot	2026-02-20T15:25:53.8913775Z ‚úÖ Image Verified: JPEG
post_art	Run Art Bot	2026-02-20T15:25:53.8914180Z üéâ SUCCESS! Art posted.
post_art	Post Set up Python	Ôªø2026-02-20T15:25:53.9171238Z Post job cleanup.
post_art	Post Checkout code	Ôªø2026-02-20T15:25:54.0836052Z Post job cleanup.
post_art	Post Checkout code	2026-02-20T15:25:54.1577979Z [command]/usr/bin/git version
post_art	Post Checkout code	2026-02-20T15:25:54.1612591Z git version 2.52.0
post_art	Post Checkout code	2026-02-20T15:25:54.1655534Z Temporarily overriding HOME='/home/runner/work/_temp/1b6fe824-2c71-4211-98fe-bbaf8d112c15' before making global git config changes
post_art	Post Checkout code	2026-02-20T15:25:54.1656523Z Adding repository directory to the temporary git global config as a safe directory
post_art	Post Checkout code	2026-02-20T15:25:54.1659695Z [command]/usr/bin/git config --global --add safe.directory /home/runner/work/friendlee-ai-art-bot/friendlee-ai-art-bot
post_art	Post Checkout code	2026-02-20T15:25:54.1691447Z [command]/usr/bin/git config --local --name-only --get-regexp core\.sshCommand
post_art	Post Checkout code	2026-02-20T15:25:54.1720995Z [command]/usr/bin/git submodule foreach --recursive sh -c "git config --local --name-only --get-regexp 'core\.sshCommand' && git config --local --unset-all 'core.sshCommand' || :"
post_art	Post Checkout code	2026-02-20T15:25:54.1959317Z [command]/usr/bin/git config --local --name-only --get-regexp http\.https\:\/\/github\.com\/\.extraheader
post_art	Post Checkout code	2026-02-20T15:25:54.1980347Z http.https://github.com/.extraheader
post_art	Post Checkout code	2026-02-20T15:25:54.1991871Z [command]/usr/bin/git config --local --unset-all http.https://github.com/.extraheader
post_art	Post Checkout code	2026-02-20T15:25:54.2020681Z [command]/usr/bin/git submodule foreach --recursive sh -c "git config --local --name-only --get-regexp 'http\.https\:\/\/github\.com\/\.extraheader' && git config --local --unset-all 'http.https://github.com/.extraheader' || :"
post_art	Complete job	Ôªø2026-02-20T15:25:54.2351575Z Cleaning up orphan processes
