post_art	Set up job	Ôªø2026-02-19T19:08:46.6813955Z Current runner version: '2.331.0'
post_art	Set up job	2026-02-19T19:08:46.6850054Z ##[group]Runner Image Provisioner
post_art	Set up job	2026-02-19T19:08:46.6851602Z Hosted Compute Agent
post_art	Set up job	2026-02-19T19:08:46.6852666Z Version: 20260123.484
post_art	Set up job	2026-02-19T19:08:46.6853766Z Commit: 6bd6555ca37d84114959e1c76d2c01448ff61c5d
post_art	Set up job	2026-02-19T19:08:46.6855025Z Build Date: 2026-01-23T19:41:17Z
post_art	Set up job	2026-02-19T19:08:46.6856137Z Worker ID: {e285f560-1d4b-456c-a37c-cc0d9d3f0e24}
post_art	Set up job	2026-02-19T19:08:46.6857484Z Azure Region: eastus2
post_art	Set up job	2026-02-19T19:08:46.6858486Z ##[endgroup]
post_art	Set up job	2026-02-19T19:08:46.6861547Z ##[group]Operating System
post_art	Set up job	2026-02-19T19:08:46.6862662Z Ubuntu
post_art	Set up job	2026-02-19T19:08:46.6863547Z 24.04.3
post_art	Set up job	2026-02-19T19:08:46.6864393Z LTS
post_art	Set up job	2026-02-19T19:08:46.6865251Z ##[endgroup]
post_art	Set up job	2026-02-19T19:08:46.6866288Z ##[group]Runner Image
post_art	Set up job	2026-02-19T19:08:46.6867250Z Image: ubuntu-24.04
post_art	Set up job	2026-02-19T19:08:46.6868300Z Version: 20260201.15.1
post_art	Set up job	2026-02-19T19:08:46.6870419Z Included Software: https://github.com/actions/runner-images/blob/ubuntu24/20260201.15/images/ubuntu/Ubuntu2404-Readme.md
post_art	Set up job	2026-02-19T19:08:46.6873379Z Image Release: https://github.com/actions/runner-images/releases/tag/ubuntu24%2F20260201.15
post_art	Set up job	2026-02-19T19:08:46.6875091Z ##[endgroup]
post_art	Set up job	2026-02-19T19:08:46.6877077Z ##[group]GITHUB_TOKEN Permissions
post_art	Set up job	2026-02-19T19:08:46.6879858Z Contents: read
post_art	Set up job	2026-02-19T19:08:46.6881542Z Metadata: read
post_art	Set up job	2026-02-19T19:08:46.6882490Z Packages: read
post_art	Set up job	2026-02-19T19:08:46.6883426Z ##[endgroup]
post_art	Set up job	2026-02-19T19:08:46.6886360Z Secret source: Actions
post_art	Set up job	2026-02-19T19:08:46.6887975Z Prepare workflow directory
post_art	Set up job	2026-02-19T19:08:46.7355211Z Prepare all required actions
post_art	Set up job	2026-02-19T19:08:46.7410883Z Getting action download info
post_art	Set up job	2026-02-19T19:08:47.0110165Z Download action repository 'actions/checkout@v3' (SHA:f43a0e5ff2bd294095638e18286ca9a3d1956744)
post_art	Set up job	2026-02-19T19:08:47.0992905Z Download action repository 'actions/setup-python@v4' (SHA:7f4fc3e22c37d6ff65e88745f38bd3157c663f7c)
post_art	Set up job	2026-02-19T19:08:47.3193049Z Complete job name: post_art
post_art	Checkout code	Ôªø2026-02-19T19:08:47.3873132Z ##[group]Run actions/checkout@v3
post_art	Checkout code	2026-02-19T19:08:47.3874064Z with:
post_art	Checkout code	2026-02-19T19:08:47.3874626Z   repository: ksahis0900-dot/friendlee-ai-art-bot
post_art	Checkout code	2026-02-19T19:08:47.3875468Z   token: ***
post_art	Checkout code	2026-02-19T19:08:47.3875922Z   ssh-strict: true
post_art	Checkout code	2026-02-19T19:08:47.3876405Z   persist-credentials: true
post_art	Checkout code	2026-02-19T19:08:47.3876920Z   clean: true
post_art	Checkout code	2026-02-19T19:08:47.3877387Z   sparse-checkout-cone-mode: true
post_art	Checkout code	2026-02-19T19:08:47.3877933Z   fetch-depth: 1
post_art	Checkout code	2026-02-19T19:08:47.3878502Z   fetch-tags: false
post_art	Checkout code	2026-02-19T19:08:47.3878955Z   lfs: false
post_art	Checkout code	2026-02-19T19:08:47.3879575Z   submodules: false
post_art	Checkout code	2026-02-19T19:08:47.3880042Z   set-safe-directory: true
post_art	Checkout code	2026-02-19T19:08:47.3880863Z ##[endgroup]
post_art	Checkout code	2026-02-19T19:08:47.4743892Z Syncing repository: ksahis0900-dot/friendlee-ai-art-bot
post_art	Checkout code	2026-02-19T19:08:47.4745778Z ##[group]Getting Git version info
post_art	Checkout code	2026-02-19T19:08:47.4746686Z Working directory is '/home/runner/work/friendlee-ai-art-bot/friendlee-ai-art-bot'
post_art	Checkout code	2026-02-19T19:08:47.4747873Z [command]/usr/bin/git version
post_art	Checkout code	2026-02-19T19:08:47.4817939Z git version 2.52.0
post_art	Checkout code	2026-02-19T19:08:47.4846127Z ##[endgroup]
post_art	Checkout code	2026-02-19T19:08:47.4863219Z Temporarily overriding HOME='/home/runner/work/_temp/203da528-da65-4ab7-a07f-493ffdf1f5ed' before making global git config changes
post_art	Checkout code	2026-02-19T19:08:47.4865700Z Adding repository directory to the temporary git global config as a safe directory
post_art	Checkout code	2026-02-19T19:08:47.4868042Z [command]/usr/bin/git config --global --add safe.directory /home/runner/work/friendlee-ai-art-bot/friendlee-ai-art-bot
post_art	Checkout code	2026-02-19T19:08:47.4907191Z Deleting the contents of '/home/runner/work/friendlee-ai-art-bot/friendlee-ai-art-bot'
post_art	Checkout code	2026-02-19T19:08:47.4911376Z ##[group]Initializing the repository
post_art	Checkout code	2026-02-19T19:08:47.4915453Z [command]/usr/bin/git init /home/runner/work/friendlee-ai-art-bot/friendlee-ai-art-bot
post_art	Checkout code	2026-02-19T19:08:47.5010441Z hint: Using 'master' as the name for the initial branch. This default branch name
post_art	Checkout code	2026-02-19T19:08:47.5011997Z hint: will change to "main" in Git 3.0. To configure the initial branch name
post_art	Checkout code	2026-02-19T19:08:47.5013438Z hint: to use in all of your new repositories, which will suppress this warning,
post_art	Checkout code	2026-02-19T19:08:47.5014781Z hint: call:
post_art	Checkout code	2026-02-19T19:08:47.5015525Z hint:
post_art	Checkout code	2026-02-19T19:08:47.5016502Z hint: 	git config --global init.defaultBranch <name>
post_art	Checkout code	2026-02-19T19:08:47.5017645Z hint:
post_art	Checkout code	2026-02-19T19:08:47.5018733Z hint: Names commonly chosen instead of 'master' are 'main', 'trunk' and
post_art	Checkout code	2026-02-19T19:08:47.5020728Z hint: 'development'. The just-created branch can be renamed via this command:
post_art	Checkout code	2026-02-19T19:08:47.5022137Z hint:
post_art	Checkout code	2026-02-19T19:08:47.5022882Z hint: 	git branch -m <name>
post_art	Checkout code	2026-02-19T19:08:47.5023707Z hint:
post_art	Checkout code	2026-02-19T19:08:47.5024781Z hint: Disable this message with "git config set advice.defaultBranchName false"
post_art	Checkout code	2026-02-19T19:08:47.5026917Z Initialized empty Git repository in /home/runner/work/friendlee-ai-art-bot/friendlee-ai-art-bot/.git/
post_art	Checkout code	2026-02-19T19:08:47.5030302Z [command]/usr/bin/git remote add origin https://github.com/ksahis0900-dot/friendlee-ai-art-bot
post_art	Checkout code	2026-02-19T19:08:47.5059857Z ##[endgroup]
post_art	Checkout code	2026-02-19T19:08:47.5061249Z ##[group]Disabling automatic garbage collection
post_art	Checkout code	2026-02-19T19:08:47.5062952Z [command]/usr/bin/git config --local gc.auto 0
post_art	Checkout code	2026-02-19T19:08:47.5090343Z ##[endgroup]
post_art	Checkout code	2026-02-19T19:08:47.5091690Z ##[group]Setting up auth
post_art	Checkout code	2026-02-19T19:08:47.5096467Z [command]/usr/bin/git config --local --name-only --get-regexp core\.sshCommand
post_art	Checkout code	2026-02-19T19:08:47.5124477Z [command]/usr/bin/git submodule foreach --recursive sh -c "git config --local --name-only --get-regexp 'core\.sshCommand' && git config --local --unset-all 'core.sshCommand' || :"
post_art	Checkout code	2026-02-19T19:08:47.5439398Z [command]/usr/bin/git config --local --name-only --get-regexp http\.https\:\/\/github\.com\/\.extraheader
post_art	Checkout code	2026-02-19T19:08:47.5467560Z [command]/usr/bin/git submodule foreach --recursive sh -c "git config --local --name-only --get-regexp 'http\.https\:\/\/github\.com\/\.extraheader' && git config --local --unset-all 'http.https://github.com/.extraheader' || :"
post_art	Checkout code	2026-02-19T19:08:47.5684632Z [command]/usr/bin/git config --local http.https://github.com/.extraheader AUTHORIZATION: basic ***
post_art	Checkout code	2026-02-19T19:08:47.5718739Z ##[endgroup]
post_art	Checkout code	2026-02-19T19:08:47.5720404Z ##[group]Fetching the repository
post_art	Checkout code	2026-02-19T19:08:47.5728579Z [command]/usr/bin/git -c protocol.version=2 fetch --no-tags --prune --progress --no-recurse-submodules --depth=1 origin +77d7026a8ae26e8473a388a7ffcc23c4f6b2c981:refs/remotes/origin/master
post_art	Checkout code	2026-02-19T19:08:47.7234994Z remote: Enumerating objects: 17, done.        
post_art	Checkout code	2026-02-19T19:08:47.7236487Z remote: Counting objects:   5% (1/17)        
post_art	Checkout code	2026-02-19T19:08:47.7237764Z remote: Counting objects:  11% (2/17)        
post_art	Checkout code	2026-02-19T19:08:47.7239028Z remote: Counting objects:  17% (3/17)        
post_art	Checkout code	2026-02-19T19:08:47.7240146Z remote: Counting objects:  23% (4/17)        
post_art	Checkout code	2026-02-19T19:08:47.7241268Z remote: Counting objects:  29% (5/17)        
post_art	Checkout code	2026-02-19T19:08:47.7242287Z remote: Counting objects:  35% (6/17)        
post_art	Checkout code	2026-02-19T19:08:47.7243448Z remote: Counting objects:  41% (7/17)        
post_art	Checkout code	2026-02-19T19:08:47.7244475Z remote: Counting objects:  47% (8/17)        
post_art	Checkout code	2026-02-19T19:08:47.7245343Z remote: Counting objects:  52% (9/17)        
post_art	Checkout code	2026-02-19T19:08:47.7246431Z remote: Counting objects:  58% (10/17)        
post_art	Checkout code	2026-02-19T19:08:47.7247359Z remote: Counting objects:  64% (11/17)        
post_art	Checkout code	2026-02-19T19:08:47.7248386Z remote: Counting objects:  70% (12/17)        
post_art	Checkout code	2026-02-19T19:08:47.7249263Z remote: Counting objects:  76% (13/17)        
post_art	Checkout code	2026-02-19T19:08:47.7249938Z remote: Counting objects:  82% (14/17)        
post_art	Checkout code	2026-02-19T19:08:47.7250564Z remote: Counting objects:  88% (15/17)        
post_art	Checkout code	2026-02-19T19:08:47.7251191Z remote: Counting objects:  94% (16/17)        
post_art	Checkout code	2026-02-19T19:08:47.7251805Z remote: Counting objects: 100% (17/17)        
post_art	Checkout code	2026-02-19T19:08:47.7252460Z remote: Counting objects: 100% (17/17), done.        
post_art	Checkout code	2026-02-19T19:08:47.7253146Z remote: Compressing objects:   7% (1/14)        
post_art	Checkout code	2026-02-19T19:08:47.7254193Z remote: Compressing objects:  14% (2/14)        
post_art	Checkout code	2026-02-19T19:08:47.7255250Z remote: Compressing objects:  21% (3/14)        
post_art	Checkout code	2026-02-19T19:08:47.7255919Z remote: Compressing objects:  28% (4/14)        
post_art	Checkout code	2026-02-19T19:08:47.7256854Z remote: Compressing objects:  35% (5/14)        
post_art	Checkout code	2026-02-19T19:08:47.7257516Z remote: Compressing objects:  42% (6/14)        
post_art	Checkout code	2026-02-19T19:08:47.7258162Z remote: Compressing objects:  50% (7/14)        
post_art	Checkout code	2026-02-19T19:08:47.7258817Z remote: Compressing objects:  57% (8/14)        
post_art	Checkout code	2026-02-19T19:08:47.7259693Z remote: Compressing objects:  64% (9/14)        
post_art	Checkout code	2026-02-19T19:08:47.7287255Z remote: Compressing objects:  71% (10/14)        
post_art	Checkout code	2026-02-19T19:08:47.7288381Z remote: Compressing objects:  78% (11/14)        
post_art	Checkout code	2026-02-19T19:08:47.7289674Z remote: Compressing objects:  85% (12/14)        
post_art	Checkout code	2026-02-19T19:08:47.7290743Z remote: Compressing objects:  92% (13/14)        
post_art	Checkout code	2026-02-19T19:08:47.7291555Z remote: Compressing objects: 100% (14/14)        
post_art	Checkout code	2026-02-19T19:08:47.7292259Z remote: Compressing objects: 100% (14/14), done.        
post_art	Checkout code	2026-02-19T19:08:47.7355470Z remote: Total 17 (delta 1), reused 13 (delta 0), pack-reused 0 (from 0)        
post_art	Checkout code	2026-02-19T19:08:47.7458560Z From https://github.com/ksahis0900-dot/friendlee-ai-art-bot
post_art	Checkout code	2026-02-19T19:08:47.7459908Z  * [new ref]         77d7026a8ae26e8473a388a7ffcc23c4f6b2c981 -> origin/master
post_art	Checkout code	2026-02-19T19:08:47.7490548Z ##[endgroup]
post_art	Checkout code	2026-02-19T19:08:47.7491756Z ##[group]Determining the checkout info
post_art	Checkout code	2026-02-19T19:08:47.7493107Z ##[endgroup]
post_art	Checkout code	2026-02-19T19:08:47.7494232Z ##[group]Checking out the ref
post_art	Checkout code	2026-02-19T19:08:47.7496698Z [command]/usr/bin/git checkout --progress --force -B master refs/remotes/origin/master
post_art	Checkout code	2026-02-19T19:08:47.7554055Z Reset branch 'master'
post_art	Checkout code	2026-02-19T19:08:47.7557415Z branch 'master' set up to track 'origin/master'.
post_art	Checkout code	2026-02-19T19:08:47.7564420Z ##[endgroup]
post_art	Checkout code	2026-02-19T19:08:47.7596008Z [command]/usr/bin/git log -1 --format='%H'
post_art	Checkout code	2026-02-19T19:08:47.7616800Z '77d7026a8ae26e8473a388a7ffcc23c4f6b2c981'
post_art	Set up Python	Ôªø2026-02-19T19:08:47.7905723Z ##[group]Run actions/setup-python@v4
post_art	Set up Python	2026-02-19T19:08:47.7906348Z with:
post_art	Set up Python	2026-02-19T19:08:47.7906762Z   python-version: 3.9
post_art	Set up Python	2026-02-19T19:08:47.7907232Z   check-latest: false
post_art	Set up Python	2026-02-19T19:08:47.7907851Z   token: ***
post_art	Set up Python	2026-02-19T19:08:47.7908284Z   update-environment: true
post_art	Set up Python	2026-02-19T19:08:47.7908812Z   allow-prereleases: false
post_art	Set up Python	2026-02-19T19:08:47.7909533Z ##[endgroup]
post_art	Set up Python	2026-02-19T19:08:47.9628689Z ##[group]Installed versions
post_art	Set up Python	2026-02-19T19:08:47.9727144Z Version 3.9 was not found in the local cache
post_art	Set up Python	2026-02-19T19:08:48.3868859Z Version 3.9 is available for downloading
post_art	Set up Python	2026-02-19T19:08:48.3871857Z Download from "https://github.com/actions/python-versions/releases/download/3.9.25-19039189640/python-3.9.25-linux-24.04-x64.tar.gz"
post_art	Set up Python	2026-02-19T19:08:49.0021410Z Extract downloaded archive
post_art	Set up Python	2026-02-19T19:08:49.0140096Z [command]/usr/bin/tar xz --warning=no-unknown-keyword -C /home/runner/work/_temp/a160670d-97b2-468c-a841-e167c1477ff7 -f /home/runner/work/_temp/e4255b07-06e7-4050-89bf-7002ab0a072b
post_art	Set up Python	2026-02-19T19:08:50.3959570Z Execute installation script
post_art	Set up Python	2026-02-19T19:08:50.4052699Z Check if Python hostedtoolcache folder exist...
post_art	Set up Python	2026-02-19T19:08:50.4053272Z Create Python 3.9.25 folder
post_art	Set up Python	2026-02-19T19:08:50.4068407Z Copy Python binaries to hostedtoolcache folder
post_art	Set up Python	2026-02-19T19:08:50.8982468Z Create additional symlinks (Required for the UsePythonVersion Azure Pipelines task and the setup-python GitHub Action)
post_art	Set up Python	2026-02-19T19:08:50.9027890Z Upgrading pip...
post_art	Set up Python	2026-02-19T19:08:53.1297304Z Looking in links: /tmp/tmpjfiigylc
post_art	Set up Python	2026-02-19T19:08:53.1303157Z Requirement already satisfied: setuptools in /opt/hostedtoolcache/Python/3.9.25/x64/lib/python3.9/site-packages (79.0.1)
post_art	Set up Python	2026-02-19T19:08:53.1309650Z Requirement already satisfied: pip in /opt/hostedtoolcache/Python/3.9.25/x64/lib/python3.9/site-packages (23.0.1)
post_art	Set up Python	2026-02-19T19:08:54.3836637Z Collecting pip
post_art	Set up Python	2026-02-19T19:08:54.4367395Z Downloading pip-26.0.1-py3-none-any.whl (1.8 MB)
post_art	Set up Python	2026-02-19T19:08:54.5237246Z ‚îÅ‚îÅ‚îÅ‚îÅ‚îÅ‚îÅ‚îÅ‚îÅ‚îÅ‚îÅ‚îÅ‚îÅ‚îÅ‚îÅ‚îÅ‚îÅ‚îÅ‚îÅ‚îÅ‚îÅ‚îÅ‚îÅ‚îÅ‚îÅ‚îÅ‚îÅ‚îÅ‚îÅ‚îÅ‚îÅ‚îÅ‚îÅ‚îÅ‚îÅ‚îÅ‚îÅ‚îÅ‚îÅ‚îÅ‚îÅ 1.8/1.8 MB 21.2 MB/s eta 0:00:00
post_art	Set up Python	2026-02-19T19:08:54.5238481Z 
post_art	Set up Python	2026-02-19T19:08:54.5836467Z Installing collected packages: pip
post_art	Set up Python	2026-02-19T19:08:54.5838473Z Attempting uninstall: pip
post_art	Set up Python	2026-02-19T19:08:54.5846279Z Found existing installation: pip 23.0.1
post_art	Set up Python	2026-02-19T19:08:54.7679333Z Uninstalling pip-23.0.1:
post_art	Set up Python	2026-02-19T19:08:54.7758021Z Successfully uninstalled pip-23.0.1
post_art	Set up Python	2026-02-19T19:08:55.6048038Z Successfully installed pip-26.0.1
post_art	Set up Python	2026-02-19T19:08:55.6650422Z Create complete file
post_art	Set up Python	2026-02-19T19:08:55.6697803Z Successfully set up CPython (3.9.25)
post_art	Set up Python	2026-02-19T19:08:55.6698795Z ##[endgroup]
post_art	Install dependencies	Ôªø2026-02-19T19:08:55.6844602Z ##[group]Run pip install -r requirements.txt
post_art	Install dependencies	2026-02-19T19:08:55.6845101Z [36;1mpip install -r requirements.txt[0m
post_art	Install dependencies	2026-02-19T19:08:55.6883369Z shell: /usr/bin/bash -e {0}
post_art	Install dependencies	2026-02-19T19:08:55.6883674Z env:
post_art	Install dependencies	2026-02-19T19:08:55.6883968Z   pythonLocation: /opt/hostedtoolcache/Python/3.9.25/x64
post_art	Install dependencies	2026-02-19T19:08:55.6884446Z   PKG_CONFIG_PATH: /opt/hostedtoolcache/Python/3.9.25/x64/lib/pkgconfig
post_art	Install dependencies	2026-02-19T19:08:55.6884905Z   Python_ROOT_DIR: /opt/hostedtoolcache/Python/3.9.25/x64
post_art	Install dependencies	2026-02-19T19:08:55.6885294Z   Python2_ROOT_DIR: /opt/hostedtoolcache/Python/3.9.25/x64
post_art	Install dependencies	2026-02-19T19:08:55.6885671Z   Python3_ROOT_DIR: /opt/hostedtoolcache/Python/3.9.25/x64
post_art	Install dependencies	2026-02-19T19:08:55.6886069Z   LD_LIBRARY_PATH: /opt/hostedtoolcache/Python/3.9.25/x64/lib
post_art	Install dependencies	2026-02-19T19:08:55.6886389Z ##[endgroup]
post_art	Install dependencies	2026-02-19T19:08:56.1008016Z Collecting pyTelegramBotAPI (from -r requirements.txt (line 1))
post_art	Install dependencies	2026-02-19T19:08:56.1477980Z   Downloading pytelegrambotapi-4.31.0-py3-none-any.whl.metadata (48 kB)
post_art	Install dependencies	2026-02-19T19:08:56.1981545Z Collecting requests (from -r requirements.txt (line 2))
post_art	Install dependencies	2026-02-19T19:08:56.2063666Z   Downloading requests-2.32.5-py3-none-any.whl.metadata (4.9 kB)
post_art	Install dependencies	2026-02-19T19:08:56.4389541Z Collecting Pillow (from -r requirements.txt (line 3))
post_art	Install dependencies	2026-02-19T19:08:56.4484481Z   Downloading pillow-11.3.0-cp39-cp39-manylinux_2_27_x86_64.manylinux_2_28_x86_64.whl.metadata (9.0 kB)
post_art	Install dependencies	2026-02-19T19:08:56.4696765Z Collecting google-generativeai (from -r requirements.txt (line 4))
post_art	Install dependencies	2026-02-19T19:08:56.4777684Z   Downloading google_generativeai-0.8.6-py3-none-any.whl.metadata (3.9 kB)
post_art	Install dependencies	2026-02-19T19:08:56.4982967Z Collecting feedparser (from -r requirements.txt (line 5))
post_art	Install dependencies	2026-02-19T19:08:56.5071400Z   Downloading feedparser-6.0.12-py3-none-any.whl.metadata (2.7 kB)
post_art	Install dependencies	2026-02-19T19:08:56.6098043Z Collecting charset_normalizer<4,>=2 (from requests->-r requirements.txt (line 2))
post_art	Install dependencies	2026-02-19T19:08:56.6181921Z   Downloading charset_normalizer-3.4.4-cp39-cp39-manylinux2014_x86_64.manylinux_2_17_x86_64.manylinux_2_28_x86_64.whl.metadata (37 kB)
post_art	Install dependencies	2026-02-19T19:08:56.6413282Z Collecting idna<4,>=2.5 (from requests->-r requirements.txt (line 2))
post_art	Install dependencies	2026-02-19T19:08:56.6494895Z   Downloading idna-3.11-py3-none-any.whl.metadata (8.4 kB)
post_art	Install dependencies	2026-02-19T19:08:56.6826856Z Collecting urllib3<3,>=1.21.1 (from requests->-r requirements.txt (line 2))
post_art	Install dependencies	2026-02-19T19:08:56.6913448Z   Downloading urllib3-2.6.3-py3-none-any.whl.metadata (6.9 kB)
post_art	Install dependencies	2026-02-19T19:08:56.7184360Z Collecting certifi>=2017.4.17 (from requests->-r requirements.txt (line 2))
post_art	Install dependencies	2026-02-19T19:08:56.7270405Z   Downloading certifi-2026.1.4-py3-none-any.whl.metadata (2.5 kB)
post_art	Install dependencies	2026-02-19T19:08:56.7477523Z Collecting google-ai-generativelanguage==0.6.15 (from google-generativeai->-r requirements.txt (line 4))
post_art	Install dependencies	2026-02-19T19:08:56.7563660Z   Downloading google_ai_generativelanguage-0.6.15-py3-none-any.whl.metadata (5.7 kB)
post_art	Install dependencies	2026-02-19T19:08:56.8015547Z Collecting google-api-core (from google-generativeai->-r requirements.txt (line 4))
post_art	Install dependencies	2026-02-19T19:08:56.8098891Z   Downloading google_api_core-2.30.0-py3-none-any.whl.metadata (3.1 kB)
post_art	Install dependencies	2026-02-19T19:08:56.8765251Z Collecting google-api-python-client (from google-generativeai->-r requirements.txt (line 4))
post_art	Install dependencies	2026-02-19T19:08:56.8849676Z   Downloading google_api_python_client-2.190.0-py3-none-any.whl.metadata (7.0 kB)
post_art	Install dependencies	2026-02-19T19:08:56.9271635Z Collecting google-auth>=2.15.0 (from google-generativeai->-r requirements.txt (line 4))
post_art	Install dependencies	2026-02-19T19:08:56.9355508Z   Downloading google_auth-2.48.0-py3-none-any.whl.metadata (6.2 kB)
post_art	Install dependencies	2026-02-19T19:08:57.1545934Z Collecting protobuf (from google-generativeai->-r requirements.txt (line 4))
post_art	Install dependencies	2026-02-19T19:08:57.1628452Z   Downloading protobuf-6.33.5-cp39-abi3-manylinux2014_x86_64.whl.metadata (593 bytes)
post_art	Install dependencies	2026-02-19T19:08:57.3090064Z Collecting pydantic (from google-generativeai->-r requirements.txt (line 4))
post_art	Install dependencies	2026-02-19T19:08:57.3174315Z   Downloading pydantic-2.12.5-py3-none-any.whl.metadata (90 kB)
post_art	Install dependencies	2026-02-19T19:08:57.3680872Z Collecting tqdm (from google-generativeai->-r requirements.txt (line 4))
post_art	Install dependencies	2026-02-19T19:08:57.3763274Z   Downloading tqdm-4.67.3-py3-none-any.whl.metadata (57 kB)
post_art	Install dependencies	2026-02-19T19:08:57.4083762Z Collecting typing-extensions (from google-generativeai->-r requirements.txt (line 4))
post_art	Install dependencies	2026-02-19T19:08:57.4170871Z   Downloading typing_extensions-4.15.0-py3-none-any.whl.metadata (3.3 kB)
post_art	Install dependencies	2026-02-19T19:08:57.4874006Z Collecting google-auth>=2.15.0 (from google-generativeai->-r requirements.txt (line 4))
post_art	Install dependencies	2026-02-19T19:08:57.4958404Z   Downloading google_auth-2.49.0.dev0-py3-none-any.whl.metadata (6.0 kB)
post_art	Install dependencies	2026-02-19T19:08:57.5261250Z Collecting proto-plus<2.0.0dev,>=1.22.3 (from google-ai-generativelanguage==0.6.15->google-generativeai->-r requirements.txt (line 4))
post_art	Install dependencies	2026-02-19T19:08:57.5346523Z   Downloading proto_plus-1.27.1-py3-none-any.whl.metadata (2.2 kB)
post_art	Install dependencies	2026-02-19T19:08:57.5674418Z Collecting protobuf (from google-generativeai->-r requirements.txt (line 4))
post_art	Install dependencies	2026-02-19T19:08:57.5758917Z   Downloading protobuf-5.29.6-cp38-abi3-manylinux2014_x86_64.whl.metadata (592 bytes)
post_art	Install dependencies	2026-02-19T19:08:57.6003077Z Collecting googleapis-common-protos<2.0.0,>=1.56.3 (from google-api-core->google-generativeai->-r requirements.txt (line 4))
post_art	Install dependencies	2026-02-19T19:08:57.6088293Z   Downloading googleapis_common_protos-1.72.0-py3-none-any.whl.metadata (9.4 kB)
post_art	Install dependencies	2026-02-19T19:08:58.2893190Z Collecting grpcio<2.0.0,>=1.33.2 (from google-api-core[grpc]!=2.0.*,!=2.1.*,!=2.10.*,!=2.2.*,!=2.3.*,!=2.4.*,!=2.5.*,!=2.6.*,!=2.7.*,!=2.8.*,!=2.9.*,<3.0.0dev,>=1.34.1->google-ai-generativelanguage==0.6.15->google-generativeai->-r requirements.txt (line 4))
post_art	Install dependencies	2026-02-19T19:08:58.2978577Z   Downloading grpcio-1.78.0-cp39-cp39-manylinux2014_x86_64.manylinux_2_17_x86_64.whl.metadata (3.8 kB)
post_art	Install dependencies	2026-02-19T19:08:58.3869942Z Collecting grpcio-status<2.0.0,>=1.33.2 (from google-api-core[grpc]!=2.0.*,!=2.1.*,!=2.10.*,!=2.2.*,!=2.3.*,!=2.4.*,!=2.5.*,!=2.6.*,!=2.7.*,!=2.8.*,!=2.9.*,<3.0.0dev,>=1.34.1->google-ai-generativelanguage==0.6.15->google-generativeai->-r requirements.txt (line 4))
post_art	Install dependencies	2026-02-19T19:08:58.3951713Z   Downloading grpcio_status-1.78.0-py3-none-any.whl.metadata (1.3 kB)
post_art	Install dependencies	2026-02-19T19:08:58.4216207Z Collecting pyasn1-modules>=0.2.1 (from google-auth>=2.15.0->google-generativeai->-r requirements.txt (line 4))
post_art	Install dependencies	2026-02-19T19:08:58.4297454Z   Downloading pyasn1_modules-0.4.2-py3-none-any.whl.metadata (3.5 kB)
post_art	Install dependencies	2026-02-19T19:08:58.6433538Z Collecting cryptography>=38.0.3 (from google-auth>=2.15.0->google-generativeai->-r requirements.txt (line 4))
post_art	Install dependencies	2026-02-19T19:08:58.6517720Z   Downloading cryptography-46.0.5-cp38-abi3-manylinux_2_34_x86_64.whl.metadata (5.7 kB)
post_art	Install dependencies	2026-02-19T19:08:58.6811935Z INFO: pip is looking at multiple versions of grpcio-status to determine which version is compatible with other requirements. This could take a while.
post_art	Install dependencies	2026-02-19T19:08:58.6818585Z Collecting grpcio-status<2.0.0,>=1.33.2 (from google-api-core[grpc]!=2.0.*,!=2.1.*,!=2.10.*,!=2.2.*,!=2.3.*,!=2.4.*,!=2.5.*,!=2.6.*,!=2.7.*,!=2.8.*,!=2.9.*,<3.0.0dev,>=1.34.1->google-ai-generativelanguage==0.6.15->google-generativeai->-r requirements.txt (line 4))
post_art	Install dependencies	2026-02-19T19:08:58.6900618Z   Downloading grpcio_status-1.76.0-py3-none-any.whl.metadata (1.1 kB)
post_art	Install dependencies	2026-02-19T19:08:58.7021806Z   Downloading grpcio_status-1.75.1-py3-none-any.whl.metadata (1.1 kB)
post_art	Install dependencies	2026-02-19T19:08:58.7139513Z   Downloading grpcio_status-1.75.0-py3-none-any.whl.metadata (1.1 kB)
post_art	Install dependencies	2026-02-19T19:08:58.7255543Z   Downloading grpcio_status-1.74.0-py3-none-any.whl.metadata (1.1 kB)
post_art	Install dependencies	2026-02-19T19:08:58.7382538Z   Downloading grpcio_status-1.73.1-py3-none-any.whl.metadata (1.1 kB)
post_art	Install dependencies	2026-02-19T19:08:58.7582966Z   Downloading grpcio_status-1.73.0-py3-none-any.whl.metadata (1.1 kB)
post_art	Install dependencies	2026-02-19T19:08:58.7844363Z   Downloading grpcio_status-1.72.2-py3-none-any.whl.metadata (1.1 kB)
post_art	Install dependencies	2026-02-19T19:08:58.7883792Z INFO: pip is still looking at multiple versions of grpcio-status to determine which version is compatible with other requirements. This could take a while.
post_art	Install dependencies	2026-02-19T19:08:58.7978633Z   Downloading grpcio_status-1.72.1-py3-none-any.whl.metadata (1.1 kB)
post_art	Install dependencies	2026-02-19T19:08:58.8099286Z   Downloading grpcio_status-1.71.2-py3-none-any.whl.metadata (1.1 kB)
post_art	Install dependencies	2026-02-19T19:08:58.8732415Z Collecting sgmllib3k (from feedparser->-r requirements.txt (line 5))
post_art	Install dependencies	2026-02-19T19:08:58.8813071Z   Downloading sgmllib3k-1.0.0.tar.gz (5.8 kB)
post_art	Install dependencies	2026-02-19T19:08:58.8894344Z   Installing build dependencies: started
post_art	Install dependencies	2026-02-19T19:08:59.7199818Z   Installing build dependencies: finished with status 'done'
post_art	Install dependencies	2026-02-19T19:08:59.7210477Z   Getting requirements to build wheel: started
post_art	Install dependencies	2026-02-19T19:09:00.0835198Z   Getting requirements to build wheel: finished with status 'done'
post_art	Install dependencies	2026-02-19T19:09:00.0848844Z   Preparing metadata (pyproject.toml): started
post_art	Install dependencies	2026-02-19T19:09:00.2677606Z   Preparing metadata (pyproject.toml): finished with status 'done'
post_art	Install dependencies	2026-02-19T19:09:00.3983041Z Collecting cffi>=2.0.0 (from cryptography>=38.0.3->google-auth>=2.15.0->google-generativeai->-r requirements.txt (line 4))
post_art	Install dependencies	2026-02-19T19:09:00.4067613Z   Downloading cffi-2.0.0-cp39-cp39-manylinux2014_x86_64.manylinux_2_17_x86_64.whl.metadata (2.6 kB)
post_art	Install dependencies	2026-02-19T19:09:00.4264187Z Collecting pycparser (from cffi>=2.0.0->cryptography>=38.0.3->google-auth>=2.15.0->google-generativeai->-r requirements.txt (line 4))
post_art	Install dependencies	2026-02-19T19:09:00.4343432Z   Downloading pycparser-2.23-py3-none-any.whl.metadata (993 bytes)
post_art	Install dependencies	2026-02-19T19:09:00.4638148Z Collecting pyasn1<0.7.0,>=0.6.1 (from pyasn1-modules>=0.2.1->google-auth>=2.15.0->google-generativeai->-r requirements.txt (line 4))
post_art	Install dependencies	2026-02-19T19:09:00.4723118Z   Downloading pyasn1-0.6.2-py3-none-any.whl.metadata (8.4 kB)
post_art	Install dependencies	2026-02-19T19:09:00.4934298Z Collecting httplib2<1.0.0,>=0.19.0 (from google-api-python-client->google-generativeai->-r requirements.txt (line 4))
post_art	Install dependencies	2026-02-19T19:09:00.5035335Z   Downloading httplib2-0.31.2-py3-none-any.whl.metadata (2.2 kB)
post_art	Install dependencies	2026-02-19T19:09:00.5348393Z Collecting google-auth-httplib2<1.0.0,>=0.2.0 (from google-api-python-client->google-generativeai->-r requirements.txt (line 4))
post_art	Install dependencies	2026-02-19T19:09:00.5426556Z   Downloading google_auth_httplib2-0.3.0-py3-none-any.whl.metadata (3.1 kB)
post_art	Install dependencies	2026-02-19T19:09:00.5601269Z Collecting uritemplate<5,>=3.0.1 (from google-api-python-client->google-generativeai->-r requirements.txt (line 4))
post_art	Install dependencies	2026-02-19T19:09:00.5681601Z   Downloading uritemplate-4.2.0-py3-none-any.whl.metadata (2.6 kB)
post_art	Install dependencies	2026-02-19T19:09:00.6018990Z Collecting pyparsing<4,>=3.1 (from httplib2<1.0.0,>=0.19.0->google-api-python-client->google-generativeai->-r requirements.txt (line 4))
post_art	Install dependencies	2026-02-19T19:09:00.6098124Z   Downloading pyparsing-3.3.2-py3-none-any.whl.metadata (5.8 kB)
post_art	Install dependencies	2026-02-19T19:09:00.6278112Z Collecting annotated-types>=0.6.0 (from pydantic->google-generativeai->-r requirements.txt (line 4))
post_art	Install dependencies	2026-02-19T19:09:00.6359975Z   Downloading annotated_types-0.7.0-py3-none-any.whl.metadata (15 kB)
post_art	Install dependencies	2026-02-19T19:09:01.5620638Z Collecting pydantic-core==2.41.5 (from pydantic->google-generativeai->-r requirements.txt (line 4))
post_art	Install dependencies	2026-02-19T19:09:01.5709556Z   Downloading pydantic_core-2.41.5-cp39-cp39-manylinux_2_17_x86_64.manylinux2014_x86_64.whl.metadata (7.3 kB)
post_art	Install dependencies	2026-02-19T19:09:01.5877859Z Collecting typing-inspection>=0.4.2 (from pydantic->google-generativeai->-r requirements.txt (line 4))
post_art	Install dependencies	2026-02-19T19:09:01.5981148Z   Downloading typing_inspection-0.4.2-py3-none-any.whl.metadata (2.6 kB)
post_art	Install dependencies	2026-02-19T19:09:01.6175682Z Downloading pytelegrambotapi-4.31.0-py3-none-any.whl (304 kB)
post_art	Install dependencies	2026-02-19T19:09:01.6493877Z Downloading requests-2.32.5-py3-none-any.whl (64 kB)
post_art	Install dependencies	2026-02-19T19:09:01.6625220Z Downloading charset_normalizer-3.4.4-cp39-cp39-manylinux2014_x86_64.manylinux_2_17_x86_64.manylinux_2_28_x86_64.whl (153 kB)
post_art	Install dependencies	2026-02-19T19:09:01.6807483Z Downloading idna-3.11-py3-none-any.whl (71 kB)
post_art	Install dependencies	2026-02-19T19:09:01.6924155Z Downloading urllib3-2.6.3-py3-none-any.whl (131 kB)
post_art	Install dependencies	2026-02-19T19:09:01.7087845Z Downloading pillow-11.3.0-cp39-cp39-manylinux_2_27_x86_64.manylinux_2_28_x86_64.whl (6.6 MB)
post_art	Install dependencies	2026-02-19T19:09:01.8897763Z    ‚îÅ‚îÅ‚îÅ‚îÅ‚îÅ‚îÅ‚îÅ‚îÅ‚îÅ‚îÅ‚îÅ‚îÅ‚îÅ‚îÅ‚îÅ‚îÅ‚îÅ‚îÅ‚îÅ‚îÅ‚îÅ‚îÅ‚îÅ‚îÅ‚îÅ‚îÅ‚îÅ‚îÅ‚îÅ‚îÅ‚îÅ‚îÅ‚îÅ‚îÅ‚îÅ‚îÅ‚îÅ‚îÅ‚îÅ‚îÅ 6.6/6.6 MB 38.5 MB/s  0:00:00
post_art	Install dependencies	2026-02-19T19:09:01.8979003Z Downloading google_generativeai-0.8.6-py3-none-any.whl (155 kB)
post_art	Install dependencies	2026-02-19T19:09:01.9137569Z Downloading google_ai_generativelanguage-0.6.15-py3-none-any.whl (1.3 MB)
post_art	Install dependencies	2026-02-19T19:09:01.9400770Z    ‚îÅ‚îÅ‚îÅ‚îÅ‚îÅ‚îÅ‚îÅ‚îÅ‚îÅ‚îÅ‚îÅ‚îÅ‚îÅ‚îÅ‚îÅ‚îÅ‚îÅ‚îÅ‚îÅ‚îÅ‚îÅ‚îÅ‚îÅ‚îÅ‚îÅ‚îÅ‚îÅ‚îÅ‚îÅ‚îÅ‚îÅ‚îÅ‚îÅ‚îÅ‚îÅ‚îÅ‚îÅ‚îÅ‚îÅ‚îÅ 1.3/1.3 MB 54.6 MB/s  0:00:00
post_art	Install dependencies	2026-02-19T19:09:01.9485134Z Downloading google_api_core-2.30.0-py3-none-any.whl (173 kB)
post_art	Install dependencies	2026-02-19T19:09:01.9605683Z Downloading google_auth-2.49.0.dev0-py3-none-any.whl (236 kB)
post_art	Install dependencies	2026-02-19T19:09:01.9728161Z Downloading googleapis_common_protos-1.72.0-py3-none-any.whl (297 kB)
post_art	Install dependencies	2026-02-19T19:09:01.9897181Z Downloading grpcio-1.78.0-cp39-cp39-manylinux2014_x86_64.manylinux_2_17_x86_64.whl (6.7 MB)
post_art	Install dependencies	2026-02-19T19:09:02.0648556Z    ‚îÅ‚îÅ‚îÅ‚îÅ‚îÅ‚îÅ‚îÅ‚îÅ‚îÅ‚îÅ‚îÅ‚îÅ‚îÅ‚îÅ‚îÅ‚îÅ‚îÅ‚îÅ‚îÅ‚îÅ‚îÅ‚îÅ‚îÅ‚îÅ‚îÅ‚îÅ‚îÅ‚îÅ‚îÅ‚îÅ‚îÅ‚îÅ‚îÅ‚îÅ‚îÅ‚îÅ‚îÅ‚îÅ‚îÅ‚îÅ 6.7/6.7 MB 90.2 MB/s  0:00:00
post_art	Install dependencies	2026-02-19T19:09:02.0732434Z Downloading grpcio_status-1.71.2-py3-none-any.whl (14 kB)
post_art	Install dependencies	2026-02-19T19:09:02.0835978Z Downloading proto_plus-1.27.1-py3-none-any.whl (50 kB)
post_art	Install dependencies	2026-02-19T19:09:02.0940047Z Downloading protobuf-5.29.6-cp38-abi3-manylinux2014_x86_64.whl (320 kB)
post_art	Install dependencies	2026-02-19T19:09:02.1057155Z Downloading typing_extensions-4.15.0-py3-none-any.whl (44 kB)
post_art	Install dependencies	2026-02-19T19:09:02.1158788Z Downloading feedparser-6.0.12-py3-none-any.whl (81 kB)
post_art	Install dependencies	2026-02-19T19:09:02.1273496Z Downloading certifi-2026.1.4-py3-none-any.whl (152 kB)
post_art	Install dependencies	2026-02-19T19:09:02.1387714Z Downloading cryptography-46.0.5-cp38-abi3-manylinux_2_34_x86_64.whl (4.5 MB)
post_art	Install dependencies	2026-02-19T19:09:02.1792118Z    ‚îÅ‚îÅ‚îÅ‚îÅ‚îÅ‚îÅ‚îÅ‚îÅ‚îÅ‚îÅ‚îÅ‚îÅ‚îÅ‚îÅ‚îÅ‚îÅ‚îÅ‚îÅ‚îÅ‚îÅ‚îÅ‚îÅ‚îÅ‚îÅ‚îÅ‚îÅ‚îÅ‚îÅ‚îÅ‚îÅ‚îÅ‚îÅ‚îÅ‚îÅ‚îÅ‚îÅ‚îÅ‚îÅ‚îÅ‚îÅ 4.5/4.5 MB 111.4 MB/s  0:00:00
post_art	Install dependencies	2026-02-19T19:09:02.1884788Z Downloading cffi-2.0.0-cp39-cp39-manylinux2014_x86_64.manylinux_2_17_x86_64.whl (216 kB)
post_art	Install dependencies	2026-02-19T19:09:02.1994489Z Downloading pyasn1_modules-0.4.2-py3-none-any.whl (181 kB)
post_art	Install dependencies	2026-02-19T19:09:02.2101694Z Downloading pyasn1-0.6.2-py3-none-any.whl (83 kB)
post_art	Install dependencies	2026-02-19T19:09:02.2217148Z Downloading google_api_python_client-2.190.0-py3-none-any.whl (14.7 MB)
post_art	Install dependencies	2026-02-19T19:09:02.3502829Z    ‚îÅ‚îÅ‚îÅ‚îÅ‚îÅ‚îÅ‚îÅ‚îÅ‚îÅ‚îÅ‚îÅ‚îÅ‚îÅ‚îÅ‚îÅ‚îÅ‚îÅ‚îÅ‚îÅ‚îÅ‚îÅ‚îÅ‚îÅ‚îÅ‚îÅ‚îÅ‚îÅ‚îÅ‚îÅ‚îÅ‚îÅ‚îÅ‚îÅ‚îÅ‚îÅ‚îÅ‚îÅ‚îÅ‚îÅ‚îÅ 14.7/14.7 MB 114.8 MB/s  0:00:00
post_art	Install dependencies	2026-02-19T19:09:02.3594130Z Downloading google_auth_httplib2-0.3.0-py3-none-any.whl (9.5 kB)
post_art	Install dependencies	2026-02-19T19:09:02.3694654Z Downloading httplib2-0.31.2-py3-none-any.whl (91 kB)
post_art	Install dependencies	2026-02-19T19:09:02.3800953Z Downloading pyparsing-3.3.2-py3-none-any.whl (122 kB)
post_art	Install dependencies	2026-02-19T19:09:02.3903312Z Downloading uritemplate-4.2.0-py3-none-any.whl (11 kB)
post_art	Install dependencies	2026-02-19T19:09:02.4006692Z Downloading pycparser-2.23-py3-none-any.whl (118 kB)
post_art	Install dependencies	2026-02-19T19:09:02.4113099Z Downloading pydantic-2.12.5-py3-none-any.whl (463 kB)
post_art	Install dependencies	2026-02-19T19:09:02.4230082Z Downloading pydantic_core-2.41.5-cp39-cp39-manylinux_2_17_x86_64.manylinux2014_x86_64.whl (2.1 MB)
post_art	Install dependencies	2026-02-19T19:09:02.4493193Z    ‚îÅ‚îÅ‚îÅ‚îÅ‚îÅ‚îÅ‚îÅ‚îÅ‚îÅ‚îÅ‚îÅ‚îÅ‚îÅ‚îÅ‚îÅ‚îÅ‚îÅ‚îÅ‚îÅ‚îÅ‚îÅ‚îÅ‚îÅ‚îÅ‚îÅ‚îÅ‚îÅ‚îÅ‚îÅ‚îÅ‚îÅ‚îÅ‚îÅ‚îÅ‚îÅ‚îÅ‚îÅ‚îÅ‚îÅ‚îÅ 2.1/2.1 MB 91.4 MB/s  0:00:00
post_art	Install dependencies	2026-02-19T19:09:02.4574827Z Downloading annotated_types-0.7.0-py3-none-any.whl (13 kB)
post_art	Install dependencies	2026-02-19T19:09:02.4676341Z Downloading typing_inspection-0.4.2-py3-none-any.whl (14 kB)
post_art	Install dependencies	2026-02-19T19:09:02.4779001Z Downloading tqdm-4.67.3-py3-none-any.whl (78 kB)
post_art	Install dependencies	2026-02-19T19:09:02.5436181Z Building wheels for collected packages: sgmllib3k
post_art	Install dependencies	2026-02-19T19:09:02.5447045Z   Building wheel for sgmllib3k (pyproject.toml): started
post_art	Install dependencies	2026-02-19T19:09:02.7553848Z   Building wheel for sgmllib3k (pyproject.toml): finished with status 'done'
post_art	Install dependencies	2026-02-19T19:09:02.7563464Z   Created wheel for sgmllib3k: filename=sgmllib3k-1.0.0-py3-none-any.whl size=6091 sha256=2b754d758102950c9ee88ba091ad5e3fcc1780382113770b18dc91d15476eb31
post_art	Install dependencies	2026-02-19T19:09:02.7565487Z   Stored in directory: /home/runner/.cache/pip/wheels/65/7a/a7/78c287f64e401255dff4c13fdbc672fed5efbfd21c530114e1
post_art	Install dependencies	2026-02-19T19:09:02.7586017Z Successfully built sgmllib3k
post_art	Install dependencies	2026-02-19T19:09:02.8386161Z Installing collected packages: sgmllib3k, urllib3, uritemplate, typing-extensions, tqdm, pyparsing, pycparser, pyasn1, protobuf, Pillow, idna, feedparser, charset_normalizer, certifi, annotated-types, typing-inspection, requests, pydantic-core, pyasn1-modules, proto-plus, httplib2, grpcio, googleapis-common-protos, cffi, pyTelegramBotAPI, pydantic, grpcio-status, cryptography, google-auth, google-auth-httplib2, google-api-core, google-api-python-client, google-ai-generativelanguage, google-generativeai
post_art	Install dependencies	2026-02-19T19:09:06.3201762Z 
post_art	Install dependencies	2026-02-19T19:09:06.3262765Z Successfully installed Pillow-11.3.0 annotated-types-0.7.0 certifi-2026.1.4 cffi-2.0.0 charset_normalizer-3.4.4 cryptography-46.0.5 feedparser-6.0.12 google-ai-generativelanguage-0.6.15 google-api-core-2.30.0 google-api-python-client-2.190.0 google-auth-2.49.0.dev0 google-auth-httplib2-0.3.0 google-generativeai-0.8.6 googleapis-common-protos-1.72.0 grpcio-1.78.0 grpcio-status-1.71.2 httplib2-0.31.2 idna-3.11 proto-plus-1.27.1 protobuf-5.29.6 pyTelegramBotAPI-4.31.0 pyasn1-0.6.2 pyasn1-modules-0.4.2 pycparser-2.23 pydantic-2.12.5 pydantic-core-2.41.5 pyparsing-3.3.2 requests-2.32.5 sgmllib3k-1.0.0 tqdm-4.67.3 typing-extensions-4.15.0 typing-inspection-0.4.2 uritemplate-4.2.0 urllib3-2.6.3
post_art	List files	Ôªø2026-02-19T19:09:06.9863681Z ##[group]Run ls -la
post_art	List files	2026-02-19T19:09:06.9863968Z [36;1mls -la[0m
post_art	List files	2026-02-19T19:09:06.9897274Z shell: /usr/bin/bash -e {0}
post_art	List files	2026-02-19T19:09:06.9897524Z env:
post_art	List files	2026-02-19T19:09:06.9897787Z   pythonLocation: /opt/hostedtoolcache/Python/3.9.25/x64
post_art	List files	2026-02-19T19:09:06.9898231Z   PKG_CONFIG_PATH: /opt/hostedtoolcache/Python/3.9.25/x64/lib/pkgconfig
post_art	List files	2026-02-19T19:09:06.9898658Z   Python_ROOT_DIR: /opt/hostedtoolcache/Python/3.9.25/x64
post_art	List files	2026-02-19T19:09:06.9899030Z   Python2_ROOT_DIR: /opt/hostedtoolcache/Python/3.9.25/x64
post_art	List files	2026-02-19T19:09:06.9899606Z   Python3_ROOT_DIR: /opt/hostedtoolcache/Python/3.9.25/x64
post_art	List files	2026-02-19T19:09:06.9899980Z   LD_LIBRARY_PATH: /opt/hostedtoolcache/Python/3.9.25/x64/lib
post_art	List files	2026-02-19T19:09:06.9900293Z ##[endgroup]
post_art	List files	2026-02-19T19:09:06.9969646Z total 220
post_art	List files	2026-02-19T19:09:06.9970076Z drwxr-xr-x 4 runner runner  4096 Feb 19 19:08 .
post_art	List files	2026-02-19T19:09:06.9970645Z drwxr-xr-x 3 runner runner  4096 Feb 19 19:08 ..
post_art	List files	2026-02-19T19:09:06.9971219Z drwxr-xr-x 7 runner runner  4096 Feb 19 19:08 .git
post_art	List files	2026-02-19T19:09:06.9971885Z drwxr-xr-x 3 runner runner  4096 Feb 19 19:08 .github
post_art	List files	2026-02-19T19:09:06.9972526Z -rw-r--r-- 1 runner runner 38980 Feb 19 19:08 Roadmap_RUS.docx
post_art	List files	2026-02-19T19:09:06.9973206Z -rw-r--r-- 1 runner runner 48420 Feb 19 19:08 current_debug.txt
post_art	List files	2026-02-19T19:09:06.9974100Z -rw-r--r-- 1 runner runner   780 Feb 19 19:08 debug_models.py
post_art	List files	2026-02-19T19:09:06.9974712Z -rw-r--r-- 1 runner runner 45159 Feb 19 19:08 full_log.txt
post_art	List files	2026-02-19T19:09:06.9975077Z -rw-r--r-- 1 runner runner  1636 Feb 19 19:08 gen_docx.py
post_art	List files	2026-02-19T19:09:06.9975461Z -rw-r--r-- 1 runner runner  2210 Feb 19 19:08 gen_pdf.py
post_art	List files	2026-02-19T19:09:06.9975833Z -rw-r--r-- 1 runner runner 18217 Feb 19 19:08 last_test.png
post_art	List files	2026-02-19T19:09:06.9976206Z -rw-r--r-- 1 runner runner 20525 Feb 19 19:08 main.py
post_art	List files	2026-02-19T19:09:06.9976579Z -rw-r--r-- 1 runner runner    64 Feb 19 19:08 requirements.txt
post_art	List files	2026-02-19T19:09:06.9976953Z -rw-r--r-- 1 runner runner     0 Feb 19 19:08 target_log.txt
post_art	List files	2026-02-19T19:09:06.9977316Z -rw-r--r-- 1 runner runner  1206 Feb 19 19:08 test_keys.py
post_art	List files	2026-02-19T19:09:06.9977687Z -rw-r--r-- 1 runner runner  1873 Feb 19 19:08 test_text_gens.py
post_art	Run Art Bot	Ôªø2026-02-19T19:09:07.0012394Z ##[group]Run python3 main.py
post_art	Run Art Bot	2026-02-19T19:09:07.0012705Z [36;1mpython3 main.py[0m
post_art	Run Art Bot	2026-02-19T19:09:07.0043469Z shell: /usr/bin/bash -e {0}
post_art	Run Art Bot	2026-02-19T19:09:07.0043743Z env:
post_art	Run Art Bot	2026-02-19T19:09:07.0044008Z   pythonLocation: /opt/hostedtoolcache/Python/3.9.25/x64
post_art	Run Art Bot	2026-02-19T19:09:07.0044465Z   PKG_CONFIG_PATH: /opt/hostedtoolcache/Python/3.9.25/x64/lib/pkgconfig
post_art	Run Art Bot	2026-02-19T19:09:07.0044906Z   Python_ROOT_DIR: /opt/hostedtoolcache/Python/3.9.25/x64
post_art	Run Art Bot	2026-02-19T19:09:07.0045297Z   Python2_ROOT_DIR: /opt/hostedtoolcache/Python/3.9.25/x64
post_art	Run Art Bot	2026-02-19T19:09:07.0045668Z   Python3_ROOT_DIR: /opt/hostedtoolcache/Python/3.9.25/x64
post_art	Run Art Bot	2026-02-19T19:09:07.0046062Z   LD_LIBRARY_PATH: /opt/hostedtoolcache/Python/3.9.25/x64/lib
post_art	Run Art Bot	2026-02-19T19:09:07.0046690Z   BOT_TOKEN: ***
post_art	Run Art Bot	2026-02-19T19:09:07.0047098Z   CHANNEL_ID: ***
post_art	Run Art Bot	2026-02-19T19:09:07.0047368Z   GOOGLE_KEY: ***
post_art	Run Art Bot	2026-02-19T19:09:07.0047705Z   SILICONFLOW_KEY: ***
post_art	Run Art Bot	2026-02-19T19:09:07.0047973Z   RUNWARE_KEY: ***
post_art	Run Art Bot	2026-02-19T19:09:07.0048203Z   KIE_KEY: ***
post_art	Run Art Bot	2026-02-19T19:09:07.0048495Z   HF_KEY: ***
post_art	Run Art Bot	2026-02-19T19:09:07.0048726Z   CLOUDFLARE_ID: ***
post_art	Run Art Bot	2026-02-19T19:09:07.0049226Z   CLOUDFLARE_TOKEN: ***
post_art	Run Art Bot	2026-02-19T19:09:07.0049604Z ##[endgroup]
post_art	Run Art Bot	2026-02-19T19:09:17.2350592Z Traceback (most recent call last):
post_art	Run Art Bot	2026-02-19T19:09:17.2359664Z   File "/home/runner/work/friendlee-ai-art-bot/friendlee-ai-art-bot/main.py", line 430, in <module>
post_art	Run Art Bot	2026-02-19T19:09:17.2360841Z üöÄ BOOTING FRIE-ND-LEE ART BOT...
post_art	Run Art Bot	2026-02-19T19:09:17.2361295Z     run_final()
post_art	Run Art Bot	2026-02-19T19:09:17.2362014Z   File "/home/runner/work/friendlee-ai-art-bot/friendlee-ai-art-bot/main.py", line 402, in run_final
post_art	Run Art Bot	2026-02-19T19:09:17.2362977Z     if not image_url and not image_data: raise Exception("Failure: No image generated.")
post_art	Run Art Bot	2026-02-19T19:09:17.2363630Z Exception: Failure: No image generated.
post_art	Run Art Bot	2026-02-19T19:09:17.2364288Z üõ†Ô∏è DEBUG: sys.version: 3.9.25 (main, Nov  3 2025, 15:16:36) 
post_art	Run Art Bot	2026-02-19T19:09:17.2364780Z [GCC 13.3.0]
post_art	Run Art Bot	2026-02-19T19:09:17.2365149Z üõ†Ô∏è DEBUG: sys.argv: ['main.py']
post_art	Run Art Bot	2026-02-19T19:09:17.2365603Z üõ†Ô∏è DEBUG: TOKEN prefix: 85328...
post_art	Run Art Bot	2026-02-19T19:09:17.2366361Z üõ†Ô∏è DEBUG: CHANNEL_ID: '***' (Type: <class 'str'>)
post_art	Run Art Bot	2026-02-19T19:09:17.2366907Z ü§ñ –ë–æ—Ç –∞–≤—Ç–æ—Ä–∏–∑–æ–≤–∞–Ω: @Avatar2026_bot
post_art	Run Art Bot	2026-02-19T19:09:17.2367563Z --- FrieNDLee_FTP BOT (v2.0) üöÄ ---
post_art	Run Art Bot	2026-02-19T19:09:17.2368047Z üåç –ò—â—É –≤–¥–æ—Ö–Ω–æ–≤–µ–Ω–∏–µ –Ω–∞ Reddit...
post_art	Run Art Bot	2026-02-19T19:09:17.2369602Z üé≤ –°–≥–µ–Ω–µ—Ä–∏—Ä–æ–≤–∞–Ω–∞ —Ç–µ–º–∞ (God Mode V3.0): Cyber-Renaissance and Rococo Cyberpunk style of Portal to Another World standing on a cliff edge, with Cyber-Blue Bloom, masterpiece, 8k, detailed
post_art	Run Art Bot	2026-02-19T19:09:17.2370888Z üìù Gemini –ø–∏—à–µ—Ç —Ç–µ–∫—Å—Ç...
post_art	Run Art Bot	2026-02-19T19:09:17.2371386Z ‚ö†Ô∏è Gemini –º–æ–ª—á–∏—Ç. –ü—Ä–æ–±—É—é Kie.ai...
post_art	Run Art Bot	2026-02-19T19:09:17.2371894Z üß† Kie.ai (DeepSeek) –ø–∏—à–µ—Ç —Ç–µ–∫—Å—Ç...
post_art	Run Art Bot	2026-02-19T19:09:17.2372871Z Kie.ai Error: {"timestamp":1771528147924,"status":404,"error":"Not Found","message":"No message available","path":"/v1/chat/completions"}
post_art	Run Art Bot	2026-02-19T19:09:17.2373904Z ‚ö†Ô∏è –í—Å–µ –º–æ–ª—á–∞—Ç. –ü—Ä–æ–±—É—é Pollinations AI...
post_art	Run Art Bot	2026-02-19T19:09:17.2374457Z üß† Pollinations AI (Backup Brain) –ø–∏—à–µ—Ç —Ç–µ–∫—Å—Ç...
post_art	Run Art Bot	2026-02-19T19:09:17.2375008Z üõ†Ô∏è –ò—Å–ø–æ–ª—å–∑—É—é –∞–≤–∞—Ä–∏–π–Ω—ã–π —à–∞–±–ª–æ–Ω –ø–æ—Å—Ç–∞...
post_art	Run Art Bot	2026-02-19T19:09:17.2375471Z üé® SiliconFlow...
post_art	Run Art Bot	2026-02-19T19:09:17.2375909Z ‚ö†Ô∏è SiliconFlow –û—à–∏–±–∫–∞ (401): "Api key is invalid"
post_art	Run Art Bot	2026-02-19T19:09:17.2376375Z ‚ö° Runware...
post_art	Run Art Bot	2026-02-19T19:09:17.2376729Z ‚ö†Ô∏è Runware –û—à–∏–±–∫–∞ (401): {
post_art	Run Art Bot	2026-02-19T19:09:17.2377077Z     "errors": [
post_art	Run Art Bot	2026-02-19T19:09:17.2377383Z         {
post_art	Run Art Bot	2026-02-19T19:09:17.2377698Z             "code": "missingApiKey",
post_art	Run Art Bot	2026-02-19T19:09:17.2378320Z             "message": "Missing API Key. Get one at https://my.runware.ai/signup",
post_art	Run Art Bot	2026-02-19T19:09:17.2378948Z             "parameter": "apiKey",
post_art	Run Art Bot	2026-02-19T19:09:17.2379499Z             "type
post_art	Run Art Bot	2026-02-19T19:09:17.2379849Z ü§ó HF...
post_art	Run Art Bot	2026-02-19T19:09:17.2380828Z ‚ö†Ô∏è HF –û—à–∏–±–∫–∞ (410): {"error":"https://api-inference.huggingface.co is no longer supported. Please use https://router.huggingface.co instead."}
post_art	Run Art Bot	2026-02-19T19:09:17.2381873Z üîÑ Pollinations Download...
post_art	Run Art Bot	2026-02-19T19:09:17.2382302Z üìä –°–∫–∞—á–∞–Ω–æ –±–∞–π—Ç: 2906
post_art	Run Art Bot	2026-02-19T19:09:17.2383213Z ‚ö†Ô∏è –§–∞–π–ª —Å–ª–∏—à–∫–æ–º –º–∞–ª (2906 –±–∞–π—Ç). –ù–∞—á–∞–ª–æ: b'<!DOCTYPE html>\n<html lang="en">\n  <head>\n    <meta charset="UTF-8" />\n    <meta name="viewport" con'
post_art	Run Art Bot	2026-02-19T19:09:17.2601335Z ##[error]Process completed with exit code 1.
post_art	Post Checkout code	Ôªø2026-02-19T19:09:17.2696231Z Post job cleanup.
post_art	Post Checkout code	2026-02-19T19:09:17.3413033Z [command]/usr/bin/git version
post_art	Post Checkout code	2026-02-19T19:09:17.3447317Z git version 2.52.0
post_art	Post Checkout code	2026-02-19T19:09:17.3502111Z Temporarily overriding HOME='/home/runner/work/_temp/cbb5c2ce-390a-4d49-8f64-c7259c0a5ecc' before making global git config changes
post_art	Post Checkout code	2026-02-19T19:09:17.3503363Z Adding repository directory to the temporary git global config as a safe directory
post_art	Post Checkout code	2026-02-19T19:09:17.3504307Z [command]/usr/bin/git config --global --add safe.directory /home/runner/work/friendlee-ai-art-bot/friendlee-ai-art-bot
post_art	Post Checkout code	2026-02-19T19:09:17.3531333Z [command]/usr/bin/git config --local --name-only --get-regexp core\.sshCommand
post_art	Post Checkout code	2026-02-19T19:09:17.3561489Z [command]/usr/bin/git submodule foreach --recursive sh -c "git config --local --name-only --get-regexp 'core\.sshCommand' && git config --local --unset-all 'core.sshCommand' || :"
post_art	Post Checkout code	2026-02-19T19:09:17.3792694Z [command]/usr/bin/git config --local --name-only --get-regexp http\.https\:\/\/github\.com\/\.extraheader
post_art	Post Checkout code	2026-02-19T19:09:17.3813220Z http.https://github.com/.extraheader
post_art	Post Checkout code	2026-02-19T19:09:17.3824396Z [command]/usr/bin/git config --local --unset-all http.https://github.com/.extraheader
post_art	Post Checkout code	2026-02-19T19:09:17.3853136Z [command]/usr/bin/git submodule foreach --recursive sh -c "git config --local --name-only --get-regexp 'http\.https\:\/\/github\.com\/\.extraheader' && git config --local --unset-all 'http.https://github.com/.extraheader' || :"
post_art	Complete job	Ôªø2026-02-19T19:09:17.4177963Z Cleaning up orphan processes
