post_art	Set up job	Ôªø2026-02-19T19:15:58.7371798Z Current runner version: '2.331.0'
post_art	Set up job	2026-02-19T19:15:58.7396576Z ##[group]Runner Image Provisioner
post_art	Set up job	2026-02-19T19:15:58.7397733Z Hosted Compute Agent
post_art	Set up job	2026-02-19T19:15:58.7398398Z Version: 20260213.493
post_art	Set up job	2026-02-19T19:15:58.7399211Z Commit: 5c115507f6dd24b8de37d8bbe0bb4509d0cc0fa3
post_art	Set up job	2026-02-19T19:15:58.7399994Z Build Date: 2026-02-13T00:28:41Z
post_art	Set up job	2026-02-19T19:15:58.7400810Z Worker ID: {75bc267e-7f50-4270-8082-da3bb7dd61d6}
post_art	Set up job	2026-02-19T19:15:58.7401682Z Azure Region: westcentralus
post_art	Set up job	2026-02-19T19:15:58.7402319Z ##[endgroup]
post_art	Set up job	2026-02-19T19:15:58.7403861Z ##[group]Operating System
post_art	Set up job	2026-02-19T19:15:58.7404604Z Ubuntu
post_art	Set up job	2026-02-19T19:15:58.7405240Z 24.04.3
post_art	Set up job	2026-02-19T19:15:58.7405841Z LTS
post_art	Set up job	2026-02-19T19:15:58.7406402Z ##[endgroup]
post_art	Set up job	2026-02-19T19:15:58.7407107Z ##[group]Runner Image
post_art	Set up job	2026-02-19T19:15:58.7408180Z Image: ubuntu-24.04
post_art	Set up job	2026-02-19T19:15:58.7408876Z Version: 20260217.30.1
post_art	Set up job	2026-02-19T19:15:58.7410075Z Included Software: https://github.com/actions/runner-images/blob/ubuntu24/20260217.30/images/ubuntu/Ubuntu2404-Readme.md
post_art	Set up job	2026-02-19T19:15:58.7411948Z Image Release: https://github.com/actions/runner-images/releases/tag/ubuntu24%2F20260217.30
post_art	Set up job	2026-02-19T19:15:58.7412968Z ##[endgroup]
post_art	Set up job	2026-02-19T19:15:58.7414358Z ##[group]GITHUB_TOKEN Permissions
post_art	Set up job	2026-02-19T19:15:58.7416289Z Contents: read
post_art	Set up job	2026-02-19T19:15:58.7417081Z Metadata: read
post_art	Set up job	2026-02-19T19:15:58.7418301Z Packages: read
post_art	Set up job	2026-02-19T19:15:58.7418968Z ##[endgroup]
post_art	Set up job	2026-02-19T19:15:58.7421263Z Secret source: Actions
post_art	Set up job	2026-02-19T19:15:58.7422146Z Prepare workflow directory
post_art	Set up job	2026-02-19T19:15:58.7819842Z Prepare all required actions
post_art	Set up job	2026-02-19T19:15:58.7858964Z Getting action download info
post_art	Set up job	2026-02-19T19:15:59.1694958Z Download action repository 'actions/checkout@v3' (SHA:f43a0e5ff2bd294095638e18286ca9a3d1956744)
post_art	Set up job	2026-02-19T19:15:59.3614893Z Download action repository 'actions/setup-python@v4' (SHA:7f4fc3e22c37d6ff65e88745f38bd3157c663f7c)
post_art	Set up job	2026-02-19T19:15:59.5531987Z Complete job name: post_art
post_art	Checkout code	Ôªø2026-02-19T19:15:59.6245493Z ##[group]Run actions/checkout@v3
post_art	Checkout code	2026-02-19T19:15:59.6246445Z with:
post_art	Checkout code	2026-02-19T19:15:59.6247022Z   repository: ksahis0900-dot/friendlee-ai-art-bot
post_art	Checkout code	2026-02-19T19:15:59.6248085Z   token: ***
post_art	Checkout code	2026-02-19T19:15:59.6248545Z   ssh-strict: true
post_art	Checkout code	2026-02-19T19:15:59.6249028Z   persist-credentials: true
post_art	Checkout code	2026-02-19T19:15:59.6249549Z   clean: true
post_art	Checkout code	2026-02-19T19:15:59.6250014Z   sparse-checkout-cone-mode: true
post_art	Checkout code	2026-02-19T19:15:59.6250680Z   fetch-depth: 1
post_art	Checkout code	2026-02-19T19:15:59.6251145Z   fetch-tags: false
post_art	Checkout code	2026-02-19T19:15:59.6251637Z   lfs: false
post_art	Checkout code	2026-02-19T19:15:59.6252079Z   submodules: false
post_art	Checkout code	2026-02-19T19:15:59.6252557Z   set-safe-directory: true
post_art	Checkout code	2026-02-19T19:15:59.6253370Z ##[endgroup]
post_art	Checkout code	2026-02-19T19:15:59.7147901Z Syncing repository: ksahis0900-dot/friendlee-ai-art-bot
post_art	Checkout code	2026-02-19T19:15:59.7150894Z ##[group]Getting Git version info
post_art	Checkout code	2026-02-19T19:15:59.7152453Z Working directory is '/home/runner/work/friendlee-ai-art-bot/friendlee-ai-art-bot'
post_art	Checkout code	2026-02-19T19:15:59.7154649Z [command]/usr/bin/git version
post_art	Checkout code	2026-02-19T19:15:59.7161817Z git version 2.53.0
post_art	Checkout code	2026-02-19T19:15:59.7190547Z ##[endgroup]
post_art	Checkout code	2026-02-19T19:15:59.7207110Z Temporarily overriding HOME='/home/runner/work/_temp/0ea1a910-af00-4288-86a2-f8634e95b5b7' before making global git config changes
post_art	Checkout code	2026-02-19T19:15:59.7209774Z Adding repository directory to the temporary git global config as a safe directory
post_art	Checkout code	2026-02-19T19:15:59.7212124Z [command]/usr/bin/git config --global --add safe.directory /home/runner/work/friendlee-ai-art-bot/friendlee-ai-art-bot
post_art	Checkout code	2026-02-19T19:15:59.7253886Z Deleting the contents of '/home/runner/work/friendlee-ai-art-bot/friendlee-ai-art-bot'
post_art	Checkout code	2026-02-19T19:15:59.7257733Z ##[group]Initializing the repository
post_art	Checkout code	2026-02-19T19:15:59.7261939Z [command]/usr/bin/git init /home/runner/work/friendlee-ai-art-bot/friendlee-ai-art-bot
post_art	Checkout code	2026-02-19T19:15:59.7371523Z hint: Using 'master' as the name for the initial branch. This default branch name
post_art	Checkout code	2026-02-19T19:15:59.7373053Z hint: will change to "main" in Git 3.0. To configure the initial branch name
post_art	Checkout code	2026-02-19T19:15:59.7374146Z hint: to use in all of your new repositories, which will suppress this warning,
post_art	Checkout code	2026-02-19T19:15:59.7375858Z hint: call:
post_art	Checkout code	2026-02-19T19:15:59.7376362Z hint:
post_art	Checkout code	2026-02-19T19:15:59.7377234Z hint: 	git config --global init.defaultBranch <name>
post_art	Checkout code	2026-02-19T19:15:59.7378877Z hint:
post_art	Checkout code	2026-02-19T19:15:59.7380008Z hint: Names commonly chosen instead of 'master' are 'main', 'trunk' and
post_art	Checkout code	2026-02-19T19:15:59.7381760Z hint: 'development'. The just-created branch can be renamed via this command:
post_art	Checkout code	2026-02-19T19:15:59.7383190Z hint:
post_art	Checkout code	2026-02-19T19:15:59.7383963Z hint: 	git branch -m <name>
post_art	Checkout code	2026-02-19T19:15:59.7384806Z hint:
post_art	Checkout code	2026-02-19T19:15:59.7385907Z hint: Disable this message with "git config set advice.defaultBranchName false"
post_art	Checkout code	2026-02-19T19:15:59.7388252Z Initialized empty Git repository in /home/runner/work/friendlee-ai-art-bot/friendlee-ai-art-bot/.git/
post_art	Checkout code	2026-02-19T19:15:59.7391500Z [command]/usr/bin/git remote add origin https://github.com/ksahis0900-dot/friendlee-ai-art-bot
post_art	Checkout code	2026-02-19T19:15:59.7422864Z ##[endgroup]
post_art	Checkout code	2026-02-19T19:15:59.7424257Z ##[group]Disabling automatic garbage collection
post_art	Checkout code	2026-02-19T19:15:59.7425888Z [command]/usr/bin/git config --local gc.auto 0
post_art	Checkout code	2026-02-19T19:15:59.7454264Z ##[endgroup]
post_art	Checkout code	2026-02-19T19:15:59.7455739Z ##[group]Setting up auth
post_art	Checkout code	2026-02-19T19:15:59.7460690Z [command]/usr/bin/git config --local --name-only --get-regexp core\.sshCommand
post_art	Checkout code	2026-02-19T19:15:59.7490040Z [command]/usr/bin/git submodule foreach --recursive sh -c "git config --local --name-only --get-regexp 'core\.sshCommand' && git config --local --unset-all 'core.sshCommand' || :"
post_art	Checkout code	2026-02-19T19:15:59.7865178Z [command]/usr/bin/git config --local --name-only --get-regexp http\.https\:\/\/github\.com\/\.extraheader
post_art	Checkout code	2026-02-19T19:15:59.7899608Z [command]/usr/bin/git submodule foreach --recursive sh -c "git config --local --name-only --get-regexp 'http\.https\:\/\/github\.com\/\.extraheader' && git config --local --unset-all 'http.https://github.com/.extraheader' || :"
post_art	Checkout code	2026-02-19T19:15:59.8163900Z [command]/usr/bin/git config --local http.https://github.com/.extraheader AUTHORIZATION: basic ***
post_art	Checkout code	2026-02-19T19:15:59.8204286Z ##[endgroup]
post_art	Checkout code	2026-02-19T19:15:59.8205627Z ##[group]Fetching the repository
post_art	Checkout code	2026-02-19T19:15:59.8216909Z [command]/usr/bin/git -c protocol.version=2 fetch --no-tags --prune --progress --no-recurse-submodules --depth=1 origin +33220c8337636bbda1bbf8a4f8f20e3cadb2b7e5:refs/remotes/origin/master
post_art	Checkout code	2026-02-19T19:16:00.2120181Z remote: Enumerating objects: 17, done.        
post_art	Checkout code	2026-02-19T19:16:00.2192336Z remote: Counting objects:   5% (1/17)        
post_art	Checkout code	2026-02-19T19:16:00.2270265Z remote: Counting objects:  11% (2/17)        
post_art	Checkout code	2026-02-19T19:16:00.2271858Z remote: Counting objects:  17% (3/17)        
post_art	Checkout code	2026-02-19T19:16:00.2273139Z remote: Counting objects:  23% (4/17)        
post_art	Checkout code	2026-02-19T19:16:00.2274419Z remote: Counting objects:  29% (5/17)        
post_art	Checkout code	2026-02-19T19:16:00.2275651Z remote: Counting objects:  35% (6/17)        
post_art	Checkout code	2026-02-19T19:16:00.2276858Z remote: Counting objects:  41% (7/17)        
post_art	Checkout code	2026-02-19T19:16:00.2278363Z remote: Counting objects:  47% (8/17)        
post_art	Checkout code	2026-02-19T19:16:00.2279649Z remote: Counting objects:  52% (9/17)        
post_art	Checkout code	2026-02-19T19:16:00.2281777Z remote: Counting objects:  58% (10/17)        
post_art	Checkout code	2026-02-19T19:16:00.2282938Z remote: Counting objects:  64% (11/17)        
post_art	Checkout code	2026-02-19T19:16:00.2284210Z remote: Counting objects:  70% (12/17)        
post_art	Checkout code	2026-02-19T19:16:00.2285360Z remote: Counting objects:  76% (13/17)        
post_art	Checkout code	2026-02-19T19:16:00.2286516Z remote: Counting objects:  82% (14/17)        
post_art	Checkout code	2026-02-19T19:16:00.2288011Z remote: Counting objects:  88% (15/17)        
post_art	Checkout code	2026-02-19T19:16:00.2289204Z remote: Counting objects:  94% (16/17)        
post_art	Checkout code	2026-02-19T19:16:00.2290455Z remote: Counting objects: 100% (17/17)        
post_art	Checkout code	2026-02-19T19:16:00.2292456Z remote: Counting objects: 100% (17/17), done.        
post_art	Checkout code	2026-02-19T19:16:00.2293969Z remote: Compressing objects:   7% (1/14)        
post_art	Checkout code	2026-02-19T19:16:00.2295403Z remote: Compressing objects:  14% (2/14)        
post_art	Checkout code	2026-02-19T19:16:00.2296802Z remote: Compressing objects:  21% (3/14)        
post_art	Checkout code	2026-02-19T19:16:00.2301142Z remote: Compressing objects:  28% (4/14)        
post_art	Checkout code	2026-02-19T19:16:00.2303148Z remote: Compressing objects:  35% (5/14)        
post_art	Checkout code	2026-02-19T19:16:00.2304793Z remote: Compressing objects:  42% (6/14)        
post_art	Checkout code	2026-02-19T19:16:00.2306309Z remote: Compressing objects:  50% (7/14)        
post_art	Checkout code	2026-02-19T19:16:00.2308097Z remote: Compressing objects:  57% (8/14)        
post_art	Checkout code	2026-02-19T19:16:00.2309511Z remote: Compressing objects:  64% (9/14)        
post_art	Checkout code	2026-02-19T19:16:00.2311036Z remote: Compressing objects:  71% (10/14)        
post_art	Checkout code	2026-02-19T19:16:00.2312726Z remote: Compressing objects:  78% (11/14)        
post_art	Checkout code	2026-02-19T19:16:00.2314373Z remote: Compressing objects:  85% (12/14)        
post_art	Checkout code	2026-02-19T19:16:00.2315947Z remote: Compressing objects:  92% (13/14)        
post_art	Checkout code	2026-02-19T19:16:00.2317976Z remote: Compressing objects: 100% (14/14)        
post_art	Checkout code	2026-02-19T19:16:00.2319617Z remote: Compressing objects: 100% (14/14), done.        
post_art	Checkout code	2026-02-19T19:16:00.2708530Z remote: Total 17 (delta 1), reused 13 (delta 0), pack-reused 0 (from 0)        
post_art	Checkout code	2026-02-19T19:16:00.2792510Z From https://github.com/ksahis0900-dot/friendlee-ai-art-bot
post_art	Checkout code	2026-02-19T19:16:00.2794835Z  * [new ref]         33220c8337636bbda1bbf8a4f8f20e3cadb2b7e5 -> origin/master
post_art	Checkout code	2026-02-19T19:16:00.2830052Z ##[endgroup]
post_art	Checkout code	2026-02-19T19:16:00.2831909Z ##[group]Determining the checkout info
post_art	Checkout code	2026-02-19T19:16:00.2833574Z ##[endgroup]
post_art	Checkout code	2026-02-19T19:16:00.2834867Z ##[group]Checking out the ref
post_art	Checkout code	2026-02-19T19:16:00.2836555Z [command]/usr/bin/git checkout --progress --force -B master refs/remotes/origin/master
post_art	Checkout code	2026-02-19T19:16:00.2892808Z Reset branch 'master'
post_art	Checkout code	2026-02-19T19:16:00.2896305Z branch 'master' set up to track 'origin/master'.
post_art	Checkout code	2026-02-19T19:16:00.2905768Z ##[endgroup]
post_art	Checkout code	2026-02-19T19:16:00.2940758Z [command]/usr/bin/git log -1 --format='%H'
post_art	Checkout code	2026-02-19T19:16:00.2964025Z '33220c8337636bbda1bbf8a4f8f20e3cadb2b7e5'
post_art	Set up Python	Ôªø2026-02-19T19:16:00.3284534Z ##[group]Run actions/setup-python@v4
post_art	Set up Python	2026-02-19T19:16:00.3285831Z with:
post_art	Set up Python	2026-02-19T19:16:00.3286737Z   python-version: 3.9
post_art	Set up Python	2026-02-19T19:16:00.3287981Z   check-latest: false
post_art	Set up Python	2026-02-19T19:16:00.3289324Z   token: ***
post_art	Set up Python	2026-02-19T19:16:00.3290246Z   update-environment: true
post_art	Set up Python	2026-02-19T19:16:00.3291353Z   allow-prereleases: false
post_art	Set up Python	2026-02-19T19:16:00.3292404Z ##[endgroup]
post_art	Set up Python	2026-02-19T19:16:00.5024715Z ##[group]Installed versions
post_art	Set up Python	2026-02-19T19:16:00.5120638Z Version 3.9 was not found in the local cache
post_art	Set up Python	2026-02-19T19:16:01.2589400Z Version 3.9 is available for downloading
post_art	Set up Python	2026-02-19T19:16:01.2591306Z Download from "https://github.com/actions/python-versions/releases/download/3.9.25-19039189640/python-3.9.25-linux-24.04-x64.tar.gz"
post_art	Set up Python	2026-02-19T19:16:02.1955406Z Extract downloaded archive
post_art	Set up Python	2026-02-19T19:16:02.2086487Z [command]/usr/bin/tar xz --warning=no-unknown-keyword -C /home/runner/work/_temp/83b8654f-b260-4756-8f05-d116f5bf517e -f /home/runner/work/_temp/0b5abe90-fec9-4588-a918-0fbe2dd43812
post_art	Set up Python	2026-02-19T19:16:03.5853850Z Execute installation script
post_art	Set up Python	2026-02-19T19:16:03.5950259Z Check if Python hostedtoolcache folder exist...
post_art	Set up Python	2026-02-19T19:16:03.5951190Z Create Python 3.9.25 folder
post_art	Set up Python	2026-02-19T19:16:03.5964987Z Copy Python binaries to hostedtoolcache folder
post_art	Set up Python	2026-02-19T19:16:04.1300505Z Create additional symlinks (Required for the UsePythonVersion Azure Pipelines task and the setup-python GitHub Action)
post_art	Set up Python	2026-02-19T19:16:04.1344163Z Upgrading pip...
post_art	Set up Python	2026-02-19T19:16:06.7554598Z Looking in links: /tmp/tmpnhlkiouk
post_art	Set up Python	2026-02-19T19:16:06.7558590Z Requirement already satisfied: setuptools in /opt/hostedtoolcache/Python/3.9.25/x64/lib/python3.9/site-packages (79.0.1)
post_art	Set up Python	2026-02-19T19:16:06.7562648Z Requirement already satisfied: pip in /opt/hostedtoolcache/Python/3.9.25/x64/lib/python3.9/site-packages (23.0.1)
post_art	Set up Python	2026-02-19T19:16:08.1361291Z Collecting pip
post_art	Set up Python	2026-02-19T19:16:08.2167856Z Downloading pip-26.0.1-py3-none-any.whl (1.8 MB)
post_art	Set up Python	2026-02-19T19:16:08.3160799Z ‚îÅ‚îÅ‚îÅ‚îÅ‚îÅ‚îÅ‚îÅ‚îÅ‚îÅ‚îÅ‚îÅ‚îÅ‚îÅ‚îÅ‚îÅ‚îÅ‚îÅ‚îÅ‚îÅ‚îÅ‚îÅ‚îÅ‚îÅ‚îÅ‚îÅ‚îÅ‚îÅ‚îÅ‚îÅ‚îÅ‚îÅ‚îÅ‚îÅ‚îÅ‚îÅ‚îÅ‚îÅ‚îÅ‚îÅ‚îÅ 1.8/1.8 MB 18.5 MB/s eta 0:00:00
post_art	Set up Python	2026-02-19T19:16:08.3161632Z 
post_art	Set up Python	2026-02-19T19:16:08.3778604Z Installing collected packages: pip
post_art	Set up Python	2026-02-19T19:16:08.3779248Z Attempting uninstall: pip
post_art	Set up Python	2026-02-19T19:16:08.3787183Z Found existing installation: pip 23.0.1
post_art	Set up Python	2026-02-19T19:16:08.5687585Z Uninstalling pip-23.0.1:
post_art	Set up Python	2026-02-19T19:16:08.5764777Z Successfully uninstalled pip-23.0.1
post_art	Set up Python	2026-02-19T19:16:09.4219774Z Successfully installed pip-26.0.1
post_art	Set up Python	2026-02-19T19:16:09.4906101Z Create complete file
post_art	Set up Python	2026-02-19T19:16:09.4957593Z Successfully set up CPython (3.9.25)
post_art	Set up Python	2026-02-19T19:16:09.4958657Z ##[endgroup]
post_art	Install dependencies	Ôªø2026-02-19T19:16:09.5110139Z ##[group]Run pip install -r requirements.txt
post_art	Install dependencies	2026-02-19T19:16:09.5110612Z [36;1mpip install -r requirements.txt[0m
post_art	Install dependencies	2026-02-19T19:16:09.5166681Z shell: /usr/bin/bash -e {0}
post_art	Install dependencies	2026-02-19T19:16:09.5166995Z env:
post_art	Install dependencies	2026-02-19T19:16:09.5167274Z   pythonLocation: /opt/hostedtoolcache/Python/3.9.25/x64
post_art	Install dependencies	2026-02-19T19:16:09.5168007Z   PKG_CONFIG_PATH: /opt/hostedtoolcache/Python/3.9.25/x64/lib/pkgconfig
post_art	Install dependencies	2026-02-19T19:16:09.5168459Z   Python_ROOT_DIR: /opt/hostedtoolcache/Python/3.9.25/x64
post_art	Install dependencies	2026-02-19T19:16:09.5168862Z   Python2_ROOT_DIR: /opt/hostedtoolcache/Python/3.9.25/x64
post_art	Install dependencies	2026-02-19T19:16:09.5169235Z   Python3_ROOT_DIR: /opt/hostedtoolcache/Python/3.9.25/x64
post_art	Install dependencies	2026-02-19T19:16:09.5169632Z   LD_LIBRARY_PATH: /opt/hostedtoolcache/Python/3.9.25/x64/lib
post_art	Install dependencies	2026-02-19T19:16:09.5169959Z ##[endgroup]
post_art	Install dependencies	2026-02-19T19:16:10.0262172Z Collecting pyTelegramBotAPI (from -r requirements.txt (line 1))
post_art	Install dependencies	2026-02-19T19:16:10.1054888Z   Downloading pytelegrambotapi-4.31.0-py3-none-any.whl.metadata (48 kB)
post_art	Install dependencies	2026-02-19T19:16:10.1855401Z Collecting requests (from -r requirements.txt (line 2))
post_art	Install dependencies	2026-02-19T19:16:10.2074070Z   Downloading requests-2.32.5-py3-none-any.whl.metadata (4.9 kB)
post_art	Install dependencies	2026-02-19T19:16:10.5001705Z Collecting Pillow (from -r requirements.txt (line 3))
post_art	Install dependencies	2026-02-19T19:16:10.5206794Z   Downloading pillow-11.3.0-cp39-cp39-manylinux_2_27_x86_64.manylinux_2_28_x86_64.whl.metadata (9.0 kB)
post_art	Install dependencies	2026-02-19T19:16:10.6515984Z Collecting google-generativeai (from -r requirements.txt (line 4))
post_art	Install dependencies	2026-02-19T19:16:10.6736568Z   Downloading google_generativeai-0.8.6-py3-none-any.whl.metadata (3.9 kB)
post_art	Install dependencies	2026-02-19T19:16:10.8549940Z Collecting feedparser (from -r requirements.txt (line 5))
post_art	Install dependencies	2026-02-19T19:16:10.8749973Z   Downloading feedparser-6.0.12-py3-none-any.whl.metadata (2.7 kB)
post_art	Install dependencies	2026-02-19T19:16:11.0282882Z Collecting charset_normalizer<4,>=2 (from requests->-r requirements.txt (line 2))
post_art	Install dependencies	2026-02-19T19:16:11.0484328Z   Downloading charset_normalizer-3.4.4-cp39-cp39-manylinux2014_x86_64.manylinux_2_17_x86_64.manylinux_2_28_x86_64.whl.metadata (37 kB)
post_art	Install dependencies	2026-02-19T19:16:11.0843970Z Collecting idna<4,>=2.5 (from requests->-r requirements.txt (line 2))
post_art	Install dependencies	2026-02-19T19:16:11.1041475Z   Downloading idna-3.11-py3-none-any.whl.metadata (8.4 kB)
post_art	Install dependencies	2026-02-19T19:16:11.1493327Z Collecting urllib3<3,>=1.21.1 (from requests->-r requirements.txt (line 2))
post_art	Install dependencies	2026-02-19T19:16:11.1690155Z   Downloading urllib3-2.6.3-py3-none-any.whl.metadata (6.9 kB)
post_art	Install dependencies	2026-02-19T19:16:11.2111044Z Collecting certifi>=2017.4.17 (from requests->-r requirements.txt (line 2))
post_art	Install dependencies	2026-02-19T19:16:11.2308060Z   Downloading certifi-2026.1.4-py3-none-any.whl.metadata (2.5 kB)
post_art	Install dependencies	2026-02-19T19:16:11.2638306Z Collecting google-ai-generativelanguage==0.6.15 (from google-generativeai->-r requirements.txt (line 4))
post_art	Install dependencies	2026-02-19T19:16:11.2841871Z   Downloading google_ai_generativelanguage-0.6.15-py3-none-any.whl.metadata (5.7 kB)
post_art	Install dependencies	2026-02-19T19:16:11.3400997Z Collecting google-api-core (from google-generativeai->-r requirements.txt (line 4))
post_art	Install dependencies	2026-02-19T19:16:11.3598265Z   Downloading google_api_core-2.30.0-py3-none-any.whl.metadata (3.1 kB)
post_art	Install dependencies	2026-02-19T19:16:11.4382459Z Collecting google-api-python-client (from google-generativeai->-r requirements.txt (line 4))
post_art	Install dependencies	2026-02-19T19:16:11.4604097Z   Downloading google_api_python_client-2.190.0-py3-none-any.whl.metadata (7.0 kB)
post_art	Install dependencies	2026-02-19T19:16:11.5150285Z Collecting google-auth>=2.15.0 (from google-generativeai->-r requirements.txt (line 4))
post_art	Install dependencies	2026-02-19T19:16:11.5347877Z   Downloading google_auth-2.48.0-py3-none-any.whl.metadata (6.2 kB)
post_art	Install dependencies	2026-02-19T19:16:11.7717960Z Collecting protobuf (from google-generativeai->-r requirements.txt (line 4))
post_art	Install dependencies	2026-02-19T19:16:11.7920812Z   Downloading protobuf-6.33.5-cp39-abi3-manylinux2014_x86_64.whl.metadata (593 bytes)
post_art	Install dependencies	2026-02-19T19:16:11.9523669Z Collecting pydantic (from google-generativeai->-r requirements.txt (line 4))
post_art	Install dependencies	2026-02-19T19:16:11.9725402Z   Downloading pydantic-2.12.5-py3-none-any.whl.metadata (90 kB)
post_art	Install dependencies	2026-02-19T19:16:12.0372706Z Collecting tqdm (from google-generativeai->-r requirements.txt (line 4))
post_art	Install dependencies	2026-02-19T19:16:12.0571215Z   Downloading tqdm-4.67.3-py3-none-any.whl.metadata (57 kB)
post_art	Install dependencies	2026-02-19T19:16:12.0980009Z Collecting typing-extensions (from google-generativeai->-r requirements.txt (line 4))
post_art	Install dependencies	2026-02-19T19:16:12.1175138Z   Downloading typing_extensions-4.15.0-py3-none-any.whl.metadata (3.3 kB)
post_art	Install dependencies	2026-02-19T19:16:12.2050031Z Collecting google-auth>=2.15.0 (from google-generativeai->-r requirements.txt (line 4))
post_art	Install dependencies	2026-02-19T19:16:12.2248809Z   Downloading google_auth-2.49.0.dev0-py3-none-any.whl.metadata (6.0 kB)
post_art	Install dependencies	2026-02-19T19:16:12.2650306Z Collecting proto-plus<2.0.0dev,>=1.22.3 (from google-ai-generativelanguage==0.6.15->google-generativeai->-r requirements.txt (line 4))
post_art	Install dependencies	2026-02-19T19:16:12.2849043Z   Downloading proto_plus-1.27.1-py3-none-any.whl.metadata (2.2 kB)
post_art	Install dependencies	2026-02-19T19:16:12.3223410Z Collecting protobuf (from google-generativeai->-r requirements.txt (line 4))
post_art	Install dependencies	2026-02-19T19:16:12.3424793Z   Downloading protobuf-5.29.6-cp38-abi3-manylinux2014_x86_64.whl.metadata (592 bytes)
post_art	Install dependencies	2026-02-19T19:16:12.3798479Z Collecting googleapis-common-protos<2.0.0,>=1.56.3 (from google-api-core->google-generativeai->-r requirements.txt (line 4))
post_art	Install dependencies	2026-02-19T19:16:12.4011470Z   Downloading googleapis_common_protos-1.72.0-py3-none-any.whl.metadata (9.4 kB)
post_art	Install dependencies	2026-02-19T19:16:13.1194086Z Collecting grpcio<2.0.0,>=1.33.2 (from google-api-core[grpc]!=2.0.*,!=2.1.*,!=2.10.*,!=2.2.*,!=2.3.*,!=2.4.*,!=2.5.*,!=2.6.*,!=2.7.*,!=2.8.*,!=2.9.*,<3.0.0dev,>=1.34.1->google-ai-generativelanguage==0.6.15->google-generativeai->-r requirements.txt (line 4))
post_art	Install dependencies	2026-02-19T19:16:13.1404467Z   Downloading grpcio-1.78.0-cp39-cp39-manylinux2014_x86_64.manylinux_2_17_x86_64.whl.metadata (3.8 kB)
post_art	Install dependencies	2026-02-19T19:16:13.2447670Z Collecting grpcio-status<2.0.0,>=1.33.2 (from google-api-core[grpc]!=2.0.*,!=2.1.*,!=2.10.*,!=2.2.*,!=2.3.*,!=2.4.*,!=2.5.*,!=2.6.*,!=2.7.*,!=2.8.*,!=2.9.*,<3.0.0dev,>=1.34.1->google-ai-generativelanguage==0.6.15->google-generativeai->-r requirements.txt (line 4))
post_art	Install dependencies	2026-02-19T19:16:13.2646904Z   Downloading grpcio_status-1.78.0-py3-none-any.whl.metadata (1.3 kB)
post_art	Install dependencies	2026-02-19T19:16:13.3065589Z Collecting pyasn1-modules>=0.2.1 (from google-auth>=2.15.0->google-generativeai->-r requirements.txt (line 4))
post_art	Install dependencies	2026-02-19T19:16:13.3277921Z   Downloading pyasn1_modules-0.4.2-py3-none-any.whl.metadata (3.5 kB)
post_art	Install dependencies	2026-02-19T19:16:13.5578860Z Collecting cryptography>=38.0.3 (from google-auth>=2.15.0->google-generativeai->-r requirements.txt (line 4))
post_art	Install dependencies	2026-02-19T19:16:13.5781665Z   Downloading cryptography-46.0.5-cp38-abi3-manylinux_2_34_x86_64.whl.metadata (5.7 kB)
post_art	Install dependencies	2026-02-19T19:16:13.6176904Z INFO: pip is looking at multiple versions of grpcio-status to determine which version is compatible with other requirements. This could take a while.
post_art	Install dependencies	2026-02-19T19:16:13.6184530Z Collecting grpcio-status<2.0.0,>=1.33.2 (from google-api-core[grpc]!=2.0.*,!=2.1.*,!=2.10.*,!=2.2.*,!=2.3.*,!=2.4.*,!=2.5.*,!=2.6.*,!=2.7.*,!=2.8.*,!=2.9.*,<3.0.0dev,>=1.34.1->google-ai-generativelanguage==0.6.15->google-generativeai->-r requirements.txt (line 4))
post_art	Install dependencies	2026-02-19T19:16:13.6390837Z   Downloading grpcio_status-1.76.0-py3-none-any.whl.metadata (1.1 kB)
post_art	Install dependencies	2026-02-19T19:16:13.6645745Z   Downloading grpcio_status-1.75.1-py3-none-any.whl.metadata (1.1 kB)
post_art	Install dependencies	2026-02-19T19:16:13.6897141Z   Downloading grpcio_status-1.75.0-py3-none-any.whl.metadata (1.1 kB)
post_art	Install dependencies	2026-02-19T19:16:13.7164410Z   Downloading grpcio_status-1.74.0-py3-none-any.whl.metadata (1.1 kB)
post_art	Install dependencies	2026-02-19T19:16:13.7415538Z   Downloading grpcio_status-1.73.1-py3-none-any.whl.metadata (1.1 kB)
post_art	Install dependencies	2026-02-19T19:16:13.7894149Z   Downloading grpcio_status-1.73.0-py3-none-any.whl.metadata (1.1 kB)
post_art	Install dependencies	2026-02-19T19:16:13.8159319Z   Downloading grpcio_status-1.72.2-py3-none-any.whl.metadata (1.1 kB)
post_art	Install dependencies	2026-02-19T19:16:13.8199594Z INFO: pip is still looking at multiple versions of grpcio-status to determine which version is compatible with other requirements. This could take a while.
post_art	Install dependencies	2026-02-19T19:16:13.8407078Z   Downloading grpcio_status-1.72.1-py3-none-any.whl.metadata (1.1 kB)
post_art	Install dependencies	2026-02-19T19:16:13.8668665Z   Downloading grpcio_status-1.71.2-py3-none-any.whl.metadata (1.1 kB)
post_art	Install dependencies	2026-02-19T19:16:13.9410286Z Collecting sgmllib3k (from feedparser->-r requirements.txt (line 5))
post_art	Install dependencies	2026-02-19T19:16:13.9608310Z   Downloading sgmllib3k-1.0.0.tar.gz (5.8 kB)
post_art	Install dependencies	2026-02-19T19:16:13.9690108Z   Installing build dependencies: started
post_art	Install dependencies	2026-02-19T19:16:15.4721457Z   Installing build dependencies: finished with status 'done'
post_art	Install dependencies	2026-02-19T19:16:15.4733827Z   Getting requirements to build wheel: started
post_art	Install dependencies	2026-02-19T19:16:15.8375891Z   Getting requirements to build wheel: finished with status 'done'
post_art	Install dependencies	2026-02-19T19:16:15.8391295Z   Preparing metadata (pyproject.toml): started
post_art	Install dependencies	2026-02-19T19:16:16.0231663Z   Preparing metadata (pyproject.toml): finished with status 'done'
post_art	Install dependencies	2026-02-19T19:16:16.1703817Z Collecting cffi>=2.0.0 (from cryptography>=38.0.3->google-auth>=2.15.0->google-generativeai->-r requirements.txt (line 4))
post_art	Install dependencies	2026-02-19T19:16:16.1905721Z   Downloading cffi-2.0.0-cp39-cp39-manylinux2014_x86_64.manylinux_2_17_x86_64.whl.metadata (2.6 kB)
post_art	Install dependencies	2026-02-19T19:16:16.2226037Z Collecting pycparser (from cffi>=2.0.0->cryptography>=38.0.3->google-auth>=2.15.0->google-generativeai->-r requirements.txt (line 4))
post_art	Install dependencies	2026-02-19T19:16:16.2424669Z   Downloading pycparser-2.23-py3-none-any.whl.metadata (993 bytes)
post_art	Install dependencies	2026-02-19T19:16:16.2825699Z Collecting pyasn1<0.7.0,>=0.6.1 (from pyasn1-modules>=0.2.1->google-auth>=2.15.0->google-generativeai->-r requirements.txt (line 4))
post_art	Install dependencies	2026-02-19T19:16:16.3028861Z   Downloading pyasn1-0.6.2-py3-none-any.whl.metadata (8.4 kB)
post_art	Install dependencies	2026-02-19T19:16:16.3369727Z Collecting httplib2<1.0.0,>=0.19.0 (from google-api-python-client->google-generativeai->-r requirements.txt (line 4))
post_art	Install dependencies	2026-02-19T19:16:16.3569657Z   Downloading httplib2-0.31.2-py3-none-any.whl.metadata (2.2 kB)
post_art	Install dependencies	2026-02-19T19:16:16.4010922Z Collecting google-auth-httplib2<1.0.0,>=0.2.0 (from google-api-python-client->google-generativeai->-r requirements.txt (line 4))
post_art	Install dependencies	2026-02-19T19:16:16.4208131Z   Downloading google_auth_httplib2-0.3.0-py3-none-any.whl.metadata (3.1 kB)
post_art	Install dependencies	2026-02-19T19:16:16.4496346Z Collecting uritemplate<5,>=3.0.1 (from google-api-python-client->google-generativeai->-r requirements.txt (line 4))
post_art	Install dependencies	2026-02-19T19:16:16.4699302Z   Downloading uritemplate-4.2.0-py3-none-any.whl.metadata (2.6 kB)
post_art	Install dependencies	2026-02-19T19:16:16.5171535Z Collecting pyparsing<4,>=3.1 (from httplib2<1.0.0,>=0.19.0->google-api-python-client->google-generativeai->-r requirements.txt (line 4))
post_art	Install dependencies	2026-02-19T19:16:16.5369593Z   Downloading pyparsing-3.3.2-py3-none-any.whl.metadata (5.8 kB)
post_art	Install dependencies	2026-02-19T19:16:16.5673447Z Collecting annotated-types>=0.6.0 (from pydantic->google-generativeai->-r requirements.txt (line 4))
post_art	Install dependencies	2026-02-19T19:16:16.5871988Z   Downloading annotated_types-0.7.0-py3-none-any.whl.metadata (15 kB)
post_art	Install dependencies	2026-02-19T19:16:17.5360551Z Collecting pydantic-core==2.41.5 (from pydantic->google-generativeai->-r requirements.txt (line 4))
post_art	Install dependencies	2026-02-19T19:16:17.5562388Z   Downloading pydantic_core-2.41.5-cp39-cp39-manylinux_2_17_x86_64.manylinux2014_x86_64.whl.metadata (7.3 kB)
post_art	Install dependencies	2026-02-19T19:16:17.5865747Z Collecting typing-inspection>=0.4.2 (from pydantic->google-generativeai->-r requirements.txt (line 4))
post_art	Install dependencies	2026-02-19T19:16:17.6061170Z   Downloading typing_inspection-0.4.2-py3-none-any.whl.metadata (2.6 kB)
post_art	Install dependencies	2026-02-19T19:16:17.6378576Z Downloading pytelegrambotapi-4.31.0-py3-none-any.whl (304 kB)
post_art	Install dependencies	2026-02-19T19:16:17.6809126Z Downloading requests-2.32.5-py3-none-any.whl (64 kB)
post_art	Install dependencies	2026-02-19T19:16:17.7042022Z Downloading charset_normalizer-3.4.4-cp39-cp39-manylinux2014_x86_64.manylinux_2_17_x86_64.manylinux_2_28_x86_64.whl (153 kB)
post_art	Install dependencies	2026-02-19T19:16:17.7282176Z Downloading idna-3.11-py3-none-any.whl (71 kB)
post_art	Install dependencies	2026-02-19T19:16:17.7505315Z Downloading urllib3-2.6.3-py3-none-any.whl (131 kB)
post_art	Install dependencies	2026-02-19T19:16:17.7746963Z Downloading pillow-11.3.0-cp39-cp39-manylinux_2_27_x86_64.manylinux_2_28_x86_64.whl (6.6 MB)
post_art	Install dependencies	2026-02-19T19:16:17.8509591Z    ‚îÅ‚îÅ‚îÅ‚îÅ‚îÅ‚îÅ‚îÅ‚îÅ‚îÅ‚îÅ‚îÅ‚îÅ‚îÅ‚îÅ‚îÅ‚îÅ‚îÅ‚îÅ‚îÅ‚îÅ‚îÅ‚îÅ‚îÅ‚îÅ‚îÅ‚îÅ‚îÅ‚îÅ‚îÅ‚îÅ‚îÅ‚îÅ‚îÅ‚îÅ‚îÅ‚îÅ‚îÅ‚îÅ‚îÅ‚îÅ 6.6/6.6 MB 89.2 MB/s  0:00:00
post_art	Install dependencies	2026-02-19T19:16:17.8730375Z Downloading google_generativeai-0.8.6-py3-none-any.whl (155 kB)
post_art	Install dependencies	2026-02-19T19:16:17.8964506Z Downloading google_ai_generativelanguage-0.6.15-py3-none-any.whl (1.3 MB)
post_art	Install dependencies	2026-02-19T19:16:17.9076005Z    ‚îÅ‚îÅ‚îÅ‚îÅ‚îÅ‚îÅ‚îÅ‚îÅ‚îÅ‚îÅ‚îÅ‚îÅ‚îÅ‚îÅ‚îÅ‚îÅ‚îÅ‚îÅ‚îÅ‚îÅ‚îÅ‚îÅ‚îÅ‚îÅ‚îÅ‚îÅ‚îÅ‚îÅ‚îÅ‚îÅ‚îÅ‚îÅ‚îÅ‚îÅ‚îÅ‚îÅ‚îÅ‚îÅ‚îÅ‚îÅ 1.3/1.3 MB 159.0 MB/s  0:00:00
post_art	Install dependencies	2026-02-19T19:16:17.9276997Z Downloading google_api_core-2.30.0-py3-none-any.whl (173 kB)
post_art	Install dependencies	2026-02-19T19:16:17.9515641Z Downloading google_auth-2.49.0.dev0-py3-none-any.whl (236 kB)
post_art	Install dependencies	2026-02-19T19:16:17.9750093Z Downloading googleapis_common_protos-1.72.0-py3-none-any.whl (297 kB)
post_art	Install dependencies	2026-02-19T19:16:18.0021066Z Downloading grpcio-1.78.0-cp39-cp39-manylinux2014_x86_64.manylinux_2_17_x86_64.whl (6.7 MB)
post_art	Install dependencies	2026-02-19T19:16:18.0426925Z    ‚îÅ‚îÅ‚îÅ‚îÅ‚îÅ‚îÅ‚îÅ‚îÅ‚îÅ‚îÅ‚îÅ‚îÅ‚îÅ‚îÅ‚îÅ‚îÅ‚îÅ‚îÅ‚îÅ‚îÅ‚îÅ‚îÅ‚îÅ‚îÅ‚îÅ‚îÅ‚îÅ‚îÅ‚îÅ‚îÅ‚îÅ‚îÅ‚îÅ‚îÅ‚îÅ‚îÅ‚îÅ‚îÅ‚îÅ‚îÅ 6.7/6.7 MB 172.7 MB/s  0:00:00
post_art	Install dependencies	2026-02-19T19:16:18.0625521Z Downloading grpcio_status-1.71.2-py3-none-any.whl (14 kB)
post_art	Install dependencies	2026-02-19T19:16:18.0853134Z Downloading proto_plus-1.27.1-py3-none-any.whl (50 kB)
post_art	Install dependencies	2026-02-19T19:16:18.1075554Z Downloading protobuf-5.29.6-cp38-abi3-manylinux2014_x86_64.whl (320 kB)
post_art	Install dependencies	2026-02-19T19:16:18.1308442Z Downloading typing_extensions-4.15.0-py3-none-any.whl (44 kB)
post_art	Install dependencies	2026-02-19T19:16:18.1534282Z Downloading feedparser-6.0.12-py3-none-any.whl (81 kB)
post_art	Install dependencies	2026-02-19T19:16:18.1766389Z Downloading certifi-2026.1.4-py3-none-any.whl (152 kB)
post_art	Install dependencies	2026-02-19T19:16:18.1995589Z Downloading cryptography-46.0.5-cp38-abi3-manylinux_2_34_x86_64.whl (4.5 MB)
post_art	Install dependencies	2026-02-19T19:16:18.2280206Z    ‚îÅ‚îÅ‚îÅ‚îÅ‚îÅ‚îÅ‚îÅ‚îÅ‚îÅ‚îÅ‚îÅ‚îÅ‚îÅ‚îÅ‚îÅ‚îÅ‚îÅ‚îÅ‚îÅ‚îÅ‚îÅ‚îÅ‚îÅ‚îÅ‚îÅ‚îÅ‚îÅ‚îÅ‚îÅ‚îÅ‚îÅ‚îÅ‚îÅ‚îÅ‚îÅ‚îÅ‚îÅ‚îÅ‚îÅ‚îÅ 4.5/4.5 MB 163.7 MB/s  0:00:00
post_art	Install dependencies	2026-02-19T19:16:18.2478700Z Downloading cffi-2.0.0-cp39-cp39-manylinux2014_x86_64.manylinux_2_17_x86_64.whl (216 kB)
post_art	Install dependencies	2026-02-19T19:16:18.2708307Z Downloading pyasn1_modules-0.4.2-py3-none-any.whl (181 kB)
post_art	Install dependencies	2026-02-19T19:16:18.2935248Z Downloading pyasn1-0.6.2-py3-none-any.whl (83 kB)
post_art	Install dependencies	2026-02-19T19:16:18.3160474Z Downloading google_api_python_client-2.190.0-py3-none-any.whl (14.7 MB)
post_art	Install dependencies	2026-02-19T19:16:18.3994954Z    ‚îÅ‚îÅ‚îÅ‚îÅ‚îÅ‚îÅ‚îÅ‚îÅ‚îÅ‚îÅ‚îÅ‚îÅ‚îÅ‚îÅ‚îÅ‚îÅ‚îÅ‚îÅ‚îÅ‚îÅ‚îÅ‚îÅ‚îÅ‚îÅ‚îÅ‚îÅ‚îÅ‚îÅ‚îÅ‚îÅ‚îÅ‚îÅ‚îÅ‚îÅ‚îÅ‚îÅ‚îÅ‚îÅ‚îÅ‚îÅ 14.7/14.7 MB 179.6 MB/s  0:00:00
post_art	Install dependencies	2026-02-19T19:16:18.4196856Z Downloading google_auth_httplib2-0.3.0-py3-none-any.whl (9.5 kB)
post_art	Install dependencies	2026-02-19T19:16:18.4416673Z Downloading httplib2-0.31.2-py3-none-any.whl (91 kB)
post_art	Install dependencies	2026-02-19T19:16:18.4641160Z Downloading pyparsing-3.3.2-py3-none-any.whl (122 kB)
post_art	Install dependencies	2026-02-19T19:16:18.4870261Z Downloading uritemplate-4.2.0-py3-none-any.whl (11 kB)
post_art	Install dependencies	2026-02-19T19:16:18.5090004Z Downloading pycparser-2.23-py3-none-any.whl (118 kB)
post_art	Install dependencies	2026-02-19T19:16:18.5312707Z Downloading pydantic-2.12.5-py3-none-any.whl (463 kB)
post_art	Install dependencies	2026-02-19T19:16:18.5546407Z Downloading pydantic_core-2.41.5-cp39-cp39-manylinux_2_17_x86_64.manylinux2014_x86_64.whl (2.1 MB)
post_art	Install dependencies	2026-02-19T19:16:18.5676037Z    ‚îÅ‚îÅ‚îÅ‚îÅ‚îÅ‚îÅ‚îÅ‚îÅ‚îÅ‚îÅ‚îÅ‚îÅ‚îÅ‚îÅ‚îÅ‚îÅ‚îÅ‚îÅ‚îÅ‚îÅ‚îÅ‚îÅ‚îÅ‚îÅ‚îÅ‚îÅ‚îÅ‚îÅ‚îÅ‚îÅ‚îÅ‚îÅ‚îÅ‚îÅ‚îÅ‚îÅ‚îÅ‚îÅ‚îÅ‚îÅ 2.1/2.1 MB 185.2 MB/s  0:00:00
post_art	Install dependencies	2026-02-19T19:16:18.5873534Z Downloading annotated_types-0.7.0-py3-none-any.whl (13 kB)
post_art	Install dependencies	2026-02-19T19:16:18.6098313Z Downloading typing_inspection-0.4.2-py3-none-any.whl (14 kB)
post_art	Install dependencies	2026-02-19T19:16:18.6318391Z Downloading tqdm-4.67.3-py3-none-any.whl (78 kB)
post_art	Install dependencies	2026-02-19T19:16:18.6977664Z Building wheels for collected packages: sgmllib3k
post_art	Install dependencies	2026-02-19T19:16:18.6987950Z   Building wheel for sgmllib3k (pyproject.toml): started
post_art	Install dependencies	2026-02-19T19:16:18.9175352Z   Building wheel for sgmllib3k (pyproject.toml): finished with status 'done'
post_art	Install dependencies	2026-02-19T19:16:18.9185236Z   Created wheel for sgmllib3k: filename=sgmllib3k-1.0.0-py3-none-any.whl size=6091 sha256=c2d560d9d96760a6a7439dd0db8b051e289dc2620a766ea07ec0c87c273cdea7
post_art	Install dependencies	2026-02-19T19:16:18.9187262Z   Stored in directory: /home/runner/.cache/pip/wheels/65/7a/a7/78c287f64e401255dff4c13fdbc672fed5efbfd21c530114e1
post_art	Install dependencies	2026-02-19T19:16:18.9209167Z Successfully built sgmllib3k
post_art	Install dependencies	2026-02-19T19:16:18.9986487Z Installing collected packages: sgmllib3k, urllib3, uritemplate, typing-extensions, tqdm, pyparsing, pycparser, pyasn1, protobuf, Pillow, idna, feedparser, charset_normalizer, certifi, annotated-types, typing-inspection, requests, pydantic-core, pyasn1-modules, proto-plus, httplib2, grpcio, googleapis-common-protos, cffi, pyTelegramBotAPI, pydantic, grpcio-status, cryptography, google-auth, google-auth-httplib2, google-api-core, google-api-python-client, google-ai-generativelanguage, google-generativeai
post_art	Install dependencies	2026-02-19T19:16:22.4065451Z 
post_art	Install dependencies	2026-02-19T19:16:22.4127292Z Successfully installed Pillow-11.3.0 annotated-types-0.7.0 certifi-2026.1.4 cffi-2.0.0 charset_normalizer-3.4.4 cryptography-46.0.5 feedparser-6.0.12 google-ai-generativelanguage-0.6.15 google-api-core-2.30.0 google-api-python-client-2.190.0 google-auth-2.49.0.dev0 google-auth-httplib2-0.3.0 google-generativeai-0.8.6 googleapis-common-protos-1.72.0 grpcio-1.78.0 grpcio-status-1.71.2 httplib2-0.31.2 idna-3.11 proto-plus-1.27.1 protobuf-5.29.6 pyTelegramBotAPI-4.31.0 pyasn1-0.6.2 pyasn1-modules-0.4.2 pycparser-2.23 pydantic-2.12.5 pydantic-core-2.41.5 pyparsing-3.3.2 requests-2.32.5 sgmllib3k-1.0.0 tqdm-4.67.3 typing-extensions-4.15.0 typing-inspection-0.4.2 uritemplate-4.2.0 urllib3-2.6.3
post_art	List files	Ôªø2026-02-19T19:16:23.1382391Z ##[group]Run ls -la
post_art	List files	2026-02-19T19:16:23.1382683Z [36;1mls -la[0m
post_art	List files	2026-02-19T19:16:23.1434376Z shell: /usr/bin/bash -e {0}
post_art	List files	2026-02-19T19:16:23.1434634Z env:
post_art	List files	2026-02-19T19:16:23.1434907Z   pythonLocation: /opt/hostedtoolcache/Python/3.9.25/x64
post_art	List files	2026-02-19T19:16:23.1435356Z   PKG_CONFIG_PATH: /opt/hostedtoolcache/Python/3.9.25/x64/lib/pkgconfig
post_art	List files	2026-02-19T19:16:23.1435785Z   Python_ROOT_DIR: /opt/hostedtoolcache/Python/3.9.25/x64
post_art	List files	2026-02-19T19:16:23.1436169Z   Python2_ROOT_DIR: /opt/hostedtoolcache/Python/3.9.25/x64
post_art	List files	2026-02-19T19:16:23.1436543Z   Python3_ROOT_DIR: /opt/hostedtoolcache/Python/3.9.25/x64
post_art	List files	2026-02-19T19:16:23.1436944Z   LD_LIBRARY_PATH: /opt/hostedtoolcache/Python/3.9.25/x64/lib
post_art	List files	2026-02-19T19:16:23.1437296Z ##[endgroup]
post_art	List files	2026-02-19T19:16:23.1528837Z total 216
post_art	List files	2026-02-19T19:16:23.1529290Z drwxr-xr-x 4 runner runner  4096 Feb 19 19:16 .
post_art	List files	2026-02-19T19:16:23.1529866Z drwxr-xr-x 3 runner runner  4096 Feb 19 19:15 ..
post_art	List files	2026-02-19T19:16:23.1530416Z drwxr-xr-x 7 runner runner  4096 Feb 19 19:16 .git
post_art	List files	2026-02-19T19:16:23.1531089Z drwxr-xr-x 3 runner runner  4096 Feb 19 19:16 .github
post_art	List files	2026-02-19T19:16:23.1531731Z -rw-r--r-- 1 runner runner 38980 Feb 19 19:16 Roadmap_RUS.docx
post_art	List files	2026-02-19T19:16:23.1532491Z -rw-r--r-- 1 runner runner 48420 Feb 19 19:16 current_debug.txt
post_art	List files	2026-02-19T19:16:23.1533384Z -rw-r--r-- 1 runner runner   780 Feb 19 19:16 debug_models.py
post_art	List files	2026-02-19T19:16:23.1534102Z -rw-r--r-- 1 runner runner 45159 Feb 19 19:16 full_log.txt
post_art	List files	2026-02-19T19:16:23.1534515Z -rw-r--r-- 1 runner runner  1636 Feb 19 19:16 gen_docx.py
post_art	List files	2026-02-19T19:16:23.1534864Z -rw-r--r-- 1 runner runner  2210 Feb 19 19:16 gen_pdf.py
post_art	List files	2026-02-19T19:16:23.1535223Z -rw-r--r-- 1 runner runner 18217 Feb 19 19:16 last_test.png
post_art	List files	2026-02-19T19:16:23.1535576Z -rw-r--r-- 1 runner runner 19772 Feb 19 19:16 main.py
post_art	List files	2026-02-19T19:16:23.1535937Z -rw-r--r-- 1 runner runner    64 Feb 19 19:16 requirements.txt
post_art	List files	2026-02-19T19:16:23.1536326Z -rw-r--r-- 1 runner runner     0 Feb 19 19:16 target_log.txt
post_art	List files	2026-02-19T19:16:23.1536706Z -rw-r--r-- 1 runner runner  1206 Feb 19 19:16 test_keys.py
post_art	List files	2026-02-19T19:16:23.1537088Z -rw-r--r-- 1 runner runner  1873 Feb 19 19:16 test_text_gens.py
post_art	Run Art Bot	Ôªø2026-02-19T19:16:23.1569894Z ##[group]Run python3 main.py
post_art	Run Art Bot	2026-02-19T19:16:23.1570201Z [36;1mpython3 main.py[0m
post_art	Run Art Bot	2026-02-19T19:16:23.1620896Z shell: /usr/bin/bash -e {0}
post_art	Run Art Bot	2026-02-19T19:16:23.1621152Z env:
post_art	Run Art Bot	2026-02-19T19:16:23.1621413Z   pythonLocation: /opt/hostedtoolcache/Python/3.9.25/x64
post_art	Run Art Bot	2026-02-19T19:16:23.1621845Z   PKG_CONFIG_PATH: /opt/hostedtoolcache/Python/3.9.25/x64/lib/pkgconfig
post_art	Run Art Bot	2026-02-19T19:16:23.1622272Z   Python_ROOT_DIR: /opt/hostedtoolcache/Python/3.9.25/x64
post_art	Run Art Bot	2026-02-19T19:16:23.1622658Z   Python2_ROOT_DIR: /opt/hostedtoolcache/Python/3.9.25/x64
post_art	Run Art Bot	2026-02-19T19:16:23.1623031Z   Python3_ROOT_DIR: /opt/hostedtoolcache/Python/3.9.25/x64
post_art	Run Art Bot	2026-02-19T19:16:23.1623408Z   LD_LIBRARY_PATH: /opt/hostedtoolcache/Python/3.9.25/x64/lib
post_art	Run Art Bot	2026-02-19T19:16:23.1623929Z   BOT_TOKEN: ***
post_art	Run Art Bot	2026-02-19T19:16:23.1624329Z   CHANNEL_ID: ***
post_art	Run Art Bot	2026-02-19T19:16:23.1624605Z   GOOGLE_KEY: ***
post_art	Run Art Bot	2026-02-19T19:16:23.1624942Z   SILICONFLOW_KEY: ***
post_art	Run Art Bot	2026-02-19T19:16:23.1625211Z   RUNWARE_KEY: ***
post_art	Run Art Bot	2026-02-19T19:16:23.1625436Z   KIE_KEY: ***
post_art	Run Art Bot	2026-02-19T19:16:23.1625705Z   HF_KEY: ***
post_art	Run Art Bot	2026-02-19T19:16:23.1625929Z   CLOUDFLARE_ID: ***
post_art	Run Art Bot	2026-02-19T19:16:23.1626245Z   CLOUDFLARE_TOKEN: ***
post_art	Run Art Bot	2026-02-19T19:16:23.1626471Z ##[endgroup]
post_art	Run Art Bot	2026-02-19T19:16:40.1664463Z Traceback (most recent call last):
post_art	Run Art Bot	2026-02-19T19:16:40.1665571Z üöÄ BOOTING FRIE-ND-LEE ART BOT...
post_art	Run Art Bot	2026-02-19T19:16:40.1675807Z   File "/home/runner/work/friendlee-ai-art-bot/friendlee-ai-art-bot/main.py", line 431, in <module>
post_art	Run Art Bot	2026-02-19T19:16:40.1676697Z     run_final()
post_art	Run Art Bot	2026-02-19T19:16:40.1677556Z üõ†Ô∏è DEBUG: sys.version: 3.9.25 (main, Nov  3 2025, 15:16:36) 
post_art	Run Art Bot	2026-02-19T19:16:40.1678094Z [GCC 13.3.0]
post_art	Run Art Bot	2026-02-19T19:16:40.1678486Z üõ†Ô∏è DEBUG: sys.argv: ['main.py']
post_art	Run Art Bot	2026-02-19T19:16:40.1678954Z üõ†Ô∏è DEBUG: TOKEN prefix: 85328...
post_art	Run Art Bot	2026-02-19T19:16:40.1679709Z üõ†Ô∏è DEBUG: CHANNEL_ID: '***' (Type: <class 'str'>)
post_art	Run Art Bot	2026-02-19T19:16:40.1680302Z ü§ñ –ë–æ—Ç –∞–≤—Ç–æ—Ä–∏–∑–æ–≤–∞–Ω: @Avatar2026_bot
post_art	Run Art Bot	2026-02-19T19:16:40.1681016Z --- FrieNDLee_FTP BOT (v2.0) üöÄ ---
post_art	Run Art Bot	2026-02-19T19:16:40.1681507Z üåç –ò—â—É –≤–¥–æ—Ö–Ω–æ–≤–µ–Ω–∏–µ –Ω–∞ Reddit...
post_art	Run Art Bot	2026-02-19T19:16:40.1682826Z üé≤ –°–≥–µ–Ω–µ—Ä–∏—Ä–æ–≤–∞–Ω–∞ —Ç–µ–º–∞ (God Mode V3.0): Baroque Sci-Fi and Glitch Art style of Phoenix Rising from Ashes meditating on a mountain peak, with Pastel Soft Light, masterpiece, 8k, detailed
post_art	Run Art Bot	2026-02-19T19:16:40.1684076Z üìù Gemini –ø–∏—à–µ—Ç —Ç–µ–∫—Å—Ç...
post_art	Run Art Bot	2026-02-19T19:16:40.1684478Z üìù Gemini –ø–∏—à–µ—Ç —Ç–µ–∫—Å—Ç...
post_art	Run Art Bot	2026-02-19T19:16:40.1684903Z ‚ö†Ô∏è Gemini –º–æ–ª—á–∏—Ç. –ü—Ä–æ–±—É—é Kie.ai...
post_art	Run Art Bot	2026-02-19T19:16:40.1685374Z üß† Kie.ai (DeepSeek) –ø–∏—à–µ—Ç —Ç–µ–∫—Å—Ç...
post_art	Run Art Bot	2026-02-19T19:16:40.1686334Z Kie.ai Error: {"timestamp":1771528586070,"status":404,"error":"Not Found","message":"No message available","path":"/v1/chat/completions"}
post_art	Run Art Bot	2026-02-19T19:16:40.1687682Z ‚ö†Ô∏è –í—Å–µ –º–æ–ª—á–∞—Ç. –ü—Ä–æ–±—É—é Pollinations AI...
post_art	Run Art Bot	2026-02-19T19:16:40.1688283Z üß† Pollinations AI (Backup Brain) –ø–∏—à–µ—Ç —Ç–µ–∫—Å—Ç...
post_art	Run Art Bot	2026-02-19T19:16:40.1688818Z üé® SiliconFlow Check...
post_art	Run Art Bot	2026-02-19T19:16:40.1689284Z ‚ùå SILICONFLOW_KEY Invalid (401)
post_art	Run Art Bot	2026-02-19T19:16:40.1689691Z ‚ö° Runware Check...
post_art	Run Art Bot	2026-02-19T19:16:40.1690044Z ‚ö†Ô∏è Runware Status 401
post_art	Run Art Bot	2026-02-19T19:16:40.1690406Z ü§ó HF Check...
post_art	Run Art Bot	2026-02-19T19:16:40.1690731Z ‚ö†Ô∏è HF Status 410
post_art	Run Art Bot	2026-02-19T19:16:40.1691112Z ‚òÅÔ∏è Cloudflare Check...
post_art	Run Art Bot	2026-02-19T19:16:40.1691528Z ‚ö†Ô∏è Cloudflare Status 401
post_art	Run Art Bot	2026-02-19T19:16:40.1691964Z üîÑ Pollinations Final Backup...
post_art	Run Art Bot	2026-02-19T19:16:40.1692412Z üìä Downloaded: 2906 bytes
post_art	Run Art Bot	2026-02-19T19:16:40.1693278Z   File "/home/runner/work/friendlee-ai-art-bot/friendlee-ai-art-bot/main.py", line 405, in run_final
post_art	Run Art Bot	2026-02-19T19:16:40.1694411Z     if not image_url and not image_data: raise Exception("CRITICAL: All Art Engines failed.")
post_art	Run Art Bot	2026-02-19T19:16:40.1695169Z Exception: CRITICAL: All Art Engines failed.
post_art	Run Art Bot	2026-02-19T19:16:40.1946953Z ##[error]Process completed with exit code 1.
post_art	Post Checkout code	Ôªø2026-02-19T19:16:40.2048574Z Post job cleanup.
post_art	Post Checkout code	2026-02-19T19:16:40.2799627Z [command]/usr/bin/git version
post_art	Post Checkout code	2026-02-19T19:16:40.2838029Z git version 2.53.0
post_art	Post Checkout code	2026-02-19T19:16:40.2886886Z Temporarily overriding HOME='/home/runner/work/_temp/211a7a6c-09f9-4ff9-b5ee-bdbd458e0af7' before making global git config changes
post_art	Post Checkout code	2026-02-19T19:16:40.2888623Z Adding repository directory to the temporary git global config as a safe directory
post_art	Post Checkout code	2026-02-19T19:16:40.2892560Z [command]/usr/bin/git config --global --add safe.directory /home/runner/work/friendlee-ai-art-bot/friendlee-ai-art-bot
post_art	Post Checkout code	2026-02-19T19:16:40.2928293Z [command]/usr/bin/git config --local --name-only --get-regexp core\.sshCommand
post_art	Post Checkout code	2026-02-19T19:16:40.2961188Z [command]/usr/bin/git submodule foreach --recursive sh -c "git config --local --name-only --get-regexp 'core\.sshCommand' && git config --local --unset-all 'core.sshCommand' || :"
post_art	Post Checkout code	2026-02-19T19:16:40.3211778Z [command]/usr/bin/git config --local --name-only --get-regexp http\.https\:\/\/github\.com\/\.extraheader
post_art	Post Checkout code	2026-02-19T19:16:40.3234532Z http.https://github.com/.extraheader
post_art	Post Checkout code	2026-02-19T19:16:40.3246468Z [command]/usr/bin/git config --local --unset-all http.https://github.com/.extraheader
post_art	Post Checkout code	2026-02-19T19:16:40.3279772Z [command]/usr/bin/git submodule foreach --recursive sh -c "git config --local --name-only --get-regexp 'http\.https\:\/\/github\.com\/\.extraheader' && git config --local --unset-all 'http.https://github.com/.extraheader' || :"
post_art	Complete job	Ôªø2026-02-19T19:16:40.3644096Z Cleaning up orphan processes
