post_art	Set up job	Ôªø2026-02-20T14:50:53.5048583Z Current runner version: '2.331.0'
post_art	Set up job	2026-02-20T14:50:53.5077428Z ##[group]Runner Image Provisioner
post_art	Set up job	2026-02-20T14:50:53.5078340Z Hosted Compute Agent
post_art	Set up job	2026-02-20T14:50:53.5079093Z Version: 20260123.484
post_art	Set up job	2026-02-20T14:50:53.5079767Z Commit: 6bd6555ca37d84114959e1c76d2c01448ff61c5d
post_art	Set up job	2026-02-20T14:50:53.5080595Z Build Date: 2026-01-23T19:41:17Z
post_art	Set up job	2026-02-20T14:50:53.5081453Z Worker ID: {4c4b6cfd-0ed0-4828-b4ea-26c7d696378f}
post_art	Set up job	2026-02-20T14:50:53.5082221Z Azure Region: northcentralus
post_art	Set up job	2026-02-20T14:50:53.5082946Z ##[endgroup]
post_art	Set up job	2026-02-20T14:50:53.5084680Z ##[group]Operating System
post_art	Set up job	2026-02-20T14:50:53.5085591Z Ubuntu
post_art	Set up job	2026-02-20T14:50:53.5086228Z 24.04.3
post_art	Set up job	2026-02-20T14:50:53.5086817Z LTS
post_art	Set up job	2026-02-20T14:50:53.5087483Z ##[endgroup]
post_art	Set up job	2026-02-20T14:50:53.5088080Z ##[group]Runner Image
post_art	Set up job	2026-02-20T14:50:53.5088767Z Image: ubuntu-24.04
post_art	Set up job	2026-02-20T14:50:53.5089437Z Version: 20260201.15.1
post_art	Set up job	2026-02-20T14:50:53.5090584Z Included Software: https://github.com/actions/runner-images/blob/ubuntu24/20260201.15/images/ubuntu/Ubuntu2404-Readme.md
post_art	Set up job	2026-02-20T14:50:53.5092488Z Image Release: https://github.com/actions/runner-images/releases/tag/ubuntu24%2F20260201.15
post_art	Set up job	2026-02-20T14:50:53.5093553Z ##[endgroup]
post_art	Set up job	2026-02-20T14:50:53.5095247Z ##[group]GITHUB_TOKEN Permissions
post_art	Set up job	2026-02-20T14:50:53.5097783Z Contents: read
post_art	Set up job	2026-02-20T14:50:53.5098473Z Metadata: read
post_art	Set up job	2026-02-20T14:50:53.5099096Z Packages: read
post_art	Set up job	2026-02-20T14:50:53.5099767Z ##[endgroup]
post_art	Set up job	2026-02-20T14:50:53.5101963Z Secret source: Actions
post_art	Set up job	2026-02-20T14:50:53.5103428Z Prepare workflow directory
post_art	Set up job	2026-02-20T14:50:53.5450279Z Prepare all required actions
post_art	Set up job	2026-02-20T14:50:53.5492037Z Getting action download info
post_art	Set up job	2026-02-20T14:50:53.8847371Z Download action repository 'actions/checkout@v3' (SHA:f43a0e5ff2bd294095638e18286ca9a3d1956744)
post_art	Set up job	2026-02-20T14:50:54.0124727Z Download action repository 'actions/setup-python@v4' (SHA:7f4fc3e22c37d6ff65e88745f38bd3157c663f7c)
post_art	Set up job	2026-02-20T14:50:54.1997340Z Complete job name: post_art
post_art	Checkout code	Ôªø2026-02-20T14:50:54.2698141Z ##[group]Run actions/checkout@v3
post_art	Checkout code	2026-02-20T14:50:54.2699112Z with:
post_art	Checkout code	2026-02-20T14:50:54.2699675Z   repository: ksahis0900-dot/friendlee-ai-art-bot
post_art	Checkout code	2026-02-20T14:50:54.2700533Z   token: ***
post_art	Checkout code	2026-02-20T14:50:54.2700991Z   ssh-strict: true
post_art	Checkout code	2026-02-20T14:50:54.2701474Z   persist-credentials: true
post_art	Checkout code	2026-02-20T14:50:54.2702146Z   clean: true
post_art	Checkout code	2026-02-20T14:50:54.2702624Z   sparse-checkout-cone-mode: true
post_art	Checkout code	2026-02-20T14:50:54.2703186Z   fetch-depth: 1
post_art	Checkout code	2026-02-20T14:50:54.2703648Z   fetch-tags: false
post_art	Checkout code	2026-02-20T14:50:54.2704113Z   lfs: false
post_art	Checkout code	2026-02-20T14:50:54.2704769Z   submodules: false
post_art	Checkout code	2026-02-20T14:50:54.2705261Z   set-safe-directory: true
post_art	Checkout code	2026-02-20T14:50:54.2706079Z ##[endgroup]
post_art	Checkout code	2026-02-20T14:50:54.3573564Z Syncing repository: ksahis0900-dot/friendlee-ai-art-bot
post_art	Checkout code	2026-02-20T14:50:54.3576046Z ##[group]Getting Git version info
post_art	Checkout code	2026-02-20T14:50:54.3577198Z Working directory is '/home/runner/work/friendlee-ai-art-bot/friendlee-ai-art-bot'
post_art	Checkout code	2026-02-20T14:50:54.3578421Z [command]/usr/bin/git version
post_art	Checkout code	2026-02-20T14:50:54.3658560Z git version 2.52.0
post_art	Checkout code	2026-02-20T14:50:54.3686550Z ##[endgroup]
post_art	Checkout code	2026-02-20T14:50:54.3703548Z Temporarily overriding HOME='/home/runner/work/_temp/974c2e9b-333b-4599-8760-c291feee6369' before making global git config changes
post_art	Checkout code	2026-02-20T14:50:54.3706422Z Adding repository directory to the temporary git global config as a safe directory
post_art	Checkout code	2026-02-20T14:50:54.3708761Z [command]/usr/bin/git config --global --add safe.directory /home/runner/work/friendlee-ai-art-bot/friendlee-ai-art-bot
post_art	Checkout code	2026-02-20T14:50:54.3748110Z Deleting the contents of '/home/runner/work/friendlee-ai-art-bot/friendlee-ai-art-bot'
post_art	Checkout code	2026-02-20T14:50:54.3752357Z ##[group]Initializing the repository
post_art	Checkout code	2026-02-20T14:50:54.3756682Z [command]/usr/bin/git init /home/runner/work/friendlee-ai-art-bot/friendlee-ai-art-bot
post_art	Checkout code	2026-02-20T14:50:54.3865412Z hint: Using 'master' as the name for the initial branch. This default branch name
post_art	Checkout code	2026-02-20T14:50:54.3867232Z hint: will change to "main" in Git 3.0. To configure the initial branch name
post_art	Checkout code	2026-02-20T14:50:54.3868940Z hint: to use in all of your new repositories, which will suppress this warning,
post_art	Checkout code	2026-02-20T14:50:54.3870504Z hint: call:
post_art	Checkout code	2026-02-20T14:50:54.3871043Z hint:
post_art	Checkout code	2026-02-20T14:50:54.3871609Z hint: 	git config --global init.defaultBranch <name>
post_art	Checkout code	2026-02-20T14:50:54.3872258Z hint:
post_art	Checkout code	2026-02-20T14:50:54.3873079Z hint: Names commonly chosen instead of 'master' are 'main', 'trunk' and
post_art	Checkout code	2026-02-20T14:50:54.3874049Z hint: 'development'. The just-created branch can be renamed via this command:
post_art	Checkout code	2026-02-20T14:50:54.3875307Z hint:
post_art	Checkout code	2026-02-20T14:50:54.3875990Z hint: 	git branch -m <name>
post_art	Checkout code	2026-02-20T14:50:54.3876522Z hint:
post_art	Checkout code	2026-02-20T14:50:54.3877182Z hint: Disable this message with "git config set advice.defaultBranchName false"
post_art	Checkout code	2026-02-20T14:50:54.3878396Z Initialized empty Git repository in /home/runner/work/friendlee-ai-art-bot/friendlee-ai-art-bot/.git/
post_art	Checkout code	2026-02-20T14:50:54.3880837Z [command]/usr/bin/git remote add origin https://github.com/ksahis0900-dot/friendlee-ai-art-bot
post_art	Checkout code	2026-02-20T14:50:54.3913924Z ##[endgroup]
post_art	Checkout code	2026-02-20T14:50:54.3915038Z ##[group]Disabling automatic garbage collection
post_art	Checkout code	2026-02-20T14:50:54.3916572Z [command]/usr/bin/git config --local gc.auto 0
post_art	Checkout code	2026-02-20T14:50:54.3943057Z ##[endgroup]
post_art	Checkout code	2026-02-20T14:50:54.3943867Z ##[group]Setting up auth
post_art	Checkout code	2026-02-20T14:50:54.3948544Z [command]/usr/bin/git config --local --name-only --get-regexp core\.sshCommand
post_art	Checkout code	2026-02-20T14:50:54.3975153Z [command]/usr/bin/git submodule foreach --recursive sh -c "git config --local --name-only --get-regexp 'core\.sshCommand' && git config --local --unset-all 'core.sshCommand' || :"
post_art	Checkout code	2026-02-20T14:50:54.4336486Z [command]/usr/bin/git config --local --name-only --get-regexp http\.https\:\/\/github\.com\/\.extraheader
post_art	Checkout code	2026-02-20T14:50:54.4363397Z [command]/usr/bin/git submodule foreach --recursive sh -c "git config --local --name-only --get-regexp 'http\.https\:\/\/github\.com\/\.extraheader' && git config --local --unset-all 'http.https://github.com/.extraheader' || :"
post_art	Checkout code	2026-02-20T14:50:54.4586983Z [command]/usr/bin/git config --local http.https://github.com/.extraheader AUTHORIZATION: basic ***
post_art	Checkout code	2026-02-20T14:50:54.4620016Z ##[endgroup]
post_art	Checkout code	2026-02-20T14:50:54.4620943Z ##[group]Fetching the repository
post_art	Checkout code	2026-02-20T14:50:54.4628760Z [command]/usr/bin/git -c protocol.version=2 fetch --no-tags --prune --progress --no-recurse-submodules --depth=1 origin +51e6c3be6ecdf35084144bb334feaa52a8cf36c8:refs/remotes/origin/master
post_art	Checkout code	2026-02-20T14:50:54.7102266Z remote: Enumerating objects: 17, done.        
post_art	Checkout code	2026-02-20T14:50:54.7103488Z remote: Counting objects:   5% (1/17)        
post_art	Checkout code	2026-02-20T14:50:54.7104784Z remote: Counting objects:  11% (2/17)        
post_art	Checkout code	2026-02-20T14:50:54.7105774Z remote: Counting objects:  17% (3/17)        
post_art	Checkout code	2026-02-20T14:50:54.7106709Z remote: Counting objects:  23% (4/17)        
post_art	Checkout code	2026-02-20T14:50:54.7108002Z remote: Counting objects:  29% (5/17)        
post_art	Checkout code	2026-02-20T14:50:54.7109273Z remote: Counting objects:  35% (6/17)        
post_art	Checkout code	2026-02-20T14:50:54.7110485Z remote: Counting objects:  41% (7/17)        
post_art	Checkout code	2026-02-20T14:50:54.7111375Z remote: Counting objects:  47% (8/17)        
post_art	Checkout code	2026-02-20T14:50:54.7112178Z remote: Counting objects:  52% (9/17)        
post_art	Checkout code	2026-02-20T14:50:54.7112923Z remote: Counting objects:  58% (10/17)        
post_art	Checkout code	2026-02-20T14:50:54.7113685Z remote: Counting objects:  64% (11/17)        
post_art	Checkout code	2026-02-20T14:50:54.7114628Z remote: Counting objects:  70% (12/17)        
post_art	Checkout code	2026-02-20T14:50:54.7115398Z remote: Counting objects:  76% (13/17)        
post_art	Checkout code	2026-02-20T14:50:54.7116146Z remote: Counting objects:  82% (14/17)        
post_art	Checkout code	2026-02-20T14:50:54.7116889Z remote: Counting objects:  88% (15/17)        
post_art	Checkout code	2026-02-20T14:50:54.7117645Z remote: Counting objects:  94% (16/17)        
post_art	Checkout code	2026-02-20T14:50:54.7118412Z remote: Counting objects: 100% (17/17)        
post_art	Checkout code	2026-02-20T14:50:54.7119177Z remote: Counting objects: 100% (17/17), done.        
post_art	Checkout code	2026-02-20T14:50:54.7119934Z remote: Compressing objects:   7% (1/14)        
post_art	Checkout code	2026-02-20T14:50:54.7120610Z remote: Compressing objects:  14% (2/14)        
post_art	Checkout code	2026-02-20T14:50:54.7121321Z remote: Compressing objects:  21% (3/14)        
post_art	Checkout code	2026-02-20T14:50:54.7121999Z remote: Compressing objects:  28% (4/14)        
post_art	Checkout code	2026-02-20T14:50:54.7122985Z remote: Compressing objects:  35% (5/14)        
post_art	Checkout code	2026-02-20T14:50:54.7137048Z remote: Compressing objects:  42% (6/14)        
post_art	Checkout code	2026-02-20T14:50:54.7137836Z remote: Compressing objects:  50% (7/14)        
post_art	Checkout code	2026-02-20T14:50:54.7138530Z remote: Compressing objects:  57% (8/14)        
post_art	Checkout code	2026-02-20T14:50:54.7139188Z remote: Compressing objects:  64% (9/14)        
post_art	Checkout code	2026-02-20T14:50:54.7139845Z remote: Compressing objects:  71% (10/14)        
post_art	Checkout code	2026-02-20T14:50:54.7140527Z remote: Compressing objects:  78% (11/14)        
post_art	Checkout code	2026-02-20T14:50:54.7141193Z remote: Compressing objects:  85% (12/14)        
post_art	Checkout code	2026-02-20T14:50:54.7141852Z remote: Compressing objects:  92% (13/14)        
post_art	Checkout code	2026-02-20T14:50:54.7162384Z remote: Compressing objects: 100% (14/14)        
post_art	Checkout code	2026-02-20T14:50:54.7163179Z remote: Compressing objects: 100% (14/14), done.        
post_art	Checkout code	2026-02-20T14:50:54.7489385Z remote: Total 17 (delta 1), reused 13 (delta 0), pack-reused 0 (from 0)        
post_art	Checkout code	2026-02-20T14:50:54.7580112Z From https://github.com/ksahis0900-dot/friendlee-ai-art-bot
post_art	Checkout code	2026-02-20T14:50:54.7581294Z  * [new ref]         51e6c3be6ecdf35084144bb334feaa52a8cf36c8 -> origin/master
post_art	Checkout code	2026-02-20T14:50:54.7612631Z ##[endgroup]
post_art	Checkout code	2026-02-20T14:50:54.7614008Z ##[group]Determining the checkout info
post_art	Checkout code	2026-02-20T14:50:54.7615819Z ##[endgroup]
post_art	Checkout code	2026-02-20T14:50:54.7617066Z ##[group]Checking out the ref
post_art	Checkout code	2026-02-20T14:50:54.7620708Z [command]/usr/bin/git checkout --progress --force -B master refs/remotes/origin/master
post_art	Checkout code	2026-02-20T14:50:54.7678481Z Reset branch 'master'
post_art	Checkout code	2026-02-20T14:50:54.7682478Z branch 'master' set up to track 'origin/master'.
post_art	Checkout code	2026-02-20T14:50:54.7688812Z ##[endgroup]
post_art	Checkout code	2026-02-20T14:50:54.7720375Z [command]/usr/bin/git log -1 --format='%H'
post_art	Checkout code	2026-02-20T14:50:54.7740983Z '51e6c3be6ecdf35084144bb334feaa52a8cf36c8'
post_art	Set up Python	Ôªø2026-02-20T14:50:54.7984251Z ##[group]Run actions/setup-python@v4
post_art	Set up Python	2026-02-20T14:50:54.7985099Z with:
post_art	Set up Python	2026-02-20T14:50:54.7985539Z   python-version: 3.9
post_art	Set up Python	2026-02-20T14:50:54.7986032Z   check-latest: false
post_art	Set up Python	2026-02-20T14:50:54.7986684Z   token: ***
post_art	Set up Python	2026-02-20T14:50:54.7987181Z   update-environment: true
post_art	Set up Python	2026-02-20T14:50:54.7987718Z   allow-prereleases: false
post_art	Set up Python	2026-02-20T14:50:54.7988227Z ##[endgroup]
post_art	Set up Python	2026-02-20T14:50:54.9662256Z ##[group]Installed versions
post_art	Set up Python	2026-02-20T14:50:54.9759855Z Version 3.9 was not found in the local cache
post_art	Set up Python	2026-02-20T14:50:55.5027425Z Version 3.9 is available for downloading
post_art	Set up Python	2026-02-20T14:50:55.5029278Z Download from "https://github.com/actions/python-versions/releases/download/3.9.25-19039189640/python-3.9.25-linux-24.04-x64.tar.gz"
post_art	Set up Python	2026-02-20T14:50:56.0849914Z Extract downloaded archive
post_art	Set up Python	2026-02-20T14:50:56.0961798Z [command]/usr/bin/tar xz --warning=no-unknown-keyword -C /home/runner/work/_temp/02ed3f7a-ea4b-4d5f-943c-ce615b15474e -f /home/runner/work/_temp/b06cc37a-1274-4789-8616-4c33b0735440
post_art	Set up Python	2026-02-20T14:50:57.4607865Z Execute installation script
post_art	Set up Python	2026-02-20T14:50:57.4703209Z Check if Python hostedtoolcache folder exist...
post_art	Set up Python	2026-02-20T14:50:57.4705496Z Create Python 3.9.25 folder
post_art	Set up Python	2026-02-20T14:50:57.4716351Z Copy Python binaries to hostedtoolcache folder
post_art	Set up Python	2026-02-20T14:50:57.9762319Z Create additional symlinks (Required for the UsePythonVersion Azure Pipelines task and the setup-python GitHub Action)
post_art	Set up Python	2026-02-20T14:50:57.9808347Z Upgrading pip...
post_art	Set up Python	2026-02-20T14:51:00.2245610Z Looking in links: /tmp/tmpcaicnc16
post_art	Set up Python	2026-02-20T14:51:00.2250091Z Requirement already satisfied: setuptools in /opt/hostedtoolcache/Python/3.9.25/x64/lib/python3.9/site-packages (79.0.1)
post_art	Set up Python	2026-02-20T14:51:00.2255077Z Requirement already satisfied: pip in /opt/hostedtoolcache/Python/3.9.25/x64/lib/python3.9/site-packages (23.0.1)
post_art	Set up Python	2026-02-20T14:51:01.5018022Z Collecting pip
post_art	Set up Python	2026-02-20T14:51:01.5356975Z Downloading pip-26.0.1-py3-none-any.whl (1.8 MB)
post_art	Set up Python	2026-02-20T14:51:01.5773178Z ‚îÅ‚îÅ‚îÅ‚îÅ‚îÅ‚îÅ‚îÅ‚îÅ‚îÅ‚îÅ‚îÅ‚îÅ‚îÅ‚îÅ‚îÅ‚îÅ‚îÅ‚îÅ‚îÅ‚îÅ‚îÅ‚îÅ‚îÅ‚îÅ‚îÅ‚îÅ‚îÅ‚îÅ‚îÅ‚îÅ‚îÅ‚îÅ‚îÅ‚îÅ‚îÅ‚îÅ‚îÅ‚îÅ‚îÅ‚îÅ 1.8/1.8 MB 46.2 MB/s eta 0:00:00
post_art	Set up Python	2026-02-20T14:51:01.5774726Z 
post_art	Set up Python	2026-02-20T14:51:01.6457465Z Installing collected packages: pip
post_art	Set up Python	2026-02-20T14:51:01.6458310Z Attempting uninstall: pip
post_art	Set up Python	2026-02-20T14:51:01.6465173Z Found existing installation: pip 23.0.1
post_art	Set up Python	2026-02-20T14:51:01.8560916Z Uninstalling pip-23.0.1:
post_art	Set up Python	2026-02-20T14:51:01.8636970Z Successfully uninstalled pip-23.0.1
post_art	Set up Python	2026-02-20T14:51:02.6939368Z Successfully installed pip-26.0.1
post_art	Set up Python	2026-02-20T14:51:02.7447184Z Create complete file
post_art	Set up Python	2026-02-20T14:51:02.7490397Z Successfully set up CPython (3.9.25)
post_art	Set up Python	2026-02-20T14:51:02.7492506Z ##[endgroup]
post_art	Install dependencies	Ôªø2026-02-20T14:51:02.7636603Z ##[group]Run pip install -r requirements.txt
post_art	Install dependencies	2026-02-20T14:51:02.7637054Z [36;1mpip install -r requirements.txt[0m
post_art	Install dependencies	2026-02-20T14:51:02.7676406Z shell: /usr/bin/bash -e {0}
post_art	Install dependencies	2026-02-20T14:51:02.7676726Z env:
post_art	Install dependencies	2026-02-20T14:51:02.7677039Z   pythonLocation: /opt/hostedtoolcache/Python/3.9.25/x64
post_art	Install dependencies	2026-02-20T14:51:02.7677523Z   PKG_CONFIG_PATH: /opt/hostedtoolcache/Python/3.9.25/x64/lib/pkgconfig
post_art	Install dependencies	2026-02-20T14:51:02.7677982Z   Python_ROOT_DIR: /opt/hostedtoolcache/Python/3.9.25/x64
post_art	Install dependencies	2026-02-20T14:51:02.7678373Z   Python2_ROOT_DIR: /opt/hostedtoolcache/Python/3.9.25/x64
post_art	Install dependencies	2026-02-20T14:51:02.7678763Z   Python3_ROOT_DIR: /opt/hostedtoolcache/Python/3.9.25/x64
post_art	Install dependencies	2026-02-20T14:51:02.7679198Z   LD_LIBRARY_PATH: /opt/hostedtoolcache/Python/3.9.25/x64/lib
post_art	Install dependencies	2026-02-20T14:51:02.7679521Z ##[endgroup]
post_art	Install dependencies	2026-02-20T14:51:03.1603139Z Collecting pyTelegramBotAPI (from -r requirements.txt (line 1))
post_art	Install dependencies	2026-02-20T14:51:03.1925280Z   Downloading pytelegrambotapi-4.31.0-py3-none-any.whl.metadata (48 kB)
post_art	Install dependencies	2026-02-20T14:51:03.2350042Z Collecting requests (from -r requirements.txt (line 2))
post_art	Install dependencies	2026-02-20T14:51:03.2386479Z   Downloading requests-2.32.5-py3-none-any.whl.metadata (4.9 kB)
post_art	Install dependencies	2026-02-20T14:51:03.4632011Z Collecting Pillow (from -r requirements.txt (line 3))
post_art	Install dependencies	2026-02-20T14:51:03.4674054Z   Downloading pillow-11.3.0-cp39-cp39-manylinux_2_27_x86_64.manylinux_2_28_x86_64.whl.metadata (9.0 kB)
post_art	Install dependencies	2026-02-20T14:51:03.4854635Z Collecting google-generativeai (from -r requirements.txt (line 4))
post_art	Install dependencies	2026-02-20T14:51:03.4891705Z   Downloading google_generativeai-0.8.6-py3-none-any.whl.metadata (3.9 kB)
post_art	Install dependencies	2026-02-20T14:51:03.5077708Z Collecting feedparser (from -r requirements.txt (line 5))
post_art	Install dependencies	2026-02-20T14:51:03.5116098Z   Downloading feedparser-6.0.12-py3-none-any.whl.metadata (2.7 kB)
post_art	Install dependencies	2026-02-20T14:51:03.6074930Z Collecting charset_normalizer<4,>=2 (from requests->-r requirements.txt (line 2))
post_art	Install dependencies	2026-02-20T14:51:03.6115310Z   Downloading charset_normalizer-3.4.4-cp39-cp39-manylinux2014_x86_64.manylinux_2_17_x86_64.manylinux_2_28_x86_64.whl.metadata (37 kB)
post_art	Install dependencies	2026-02-20T14:51:03.6287042Z Collecting idna<4,>=2.5 (from requests->-r requirements.txt (line 2))
post_art	Install dependencies	2026-02-20T14:51:03.6322518Z   Downloading idna-3.11-py3-none-any.whl.metadata (8.4 kB)
post_art	Install dependencies	2026-02-20T14:51:03.6606959Z Collecting urllib3<3,>=1.21.1 (from requests->-r requirements.txt (line 2))
post_art	Install dependencies	2026-02-20T14:51:03.6641908Z   Downloading urllib3-2.6.3-py3-none-any.whl.metadata (6.9 kB)
post_art	Install dependencies	2026-02-20T14:51:03.6873589Z Collecting certifi>=2017.4.17 (from requests->-r requirements.txt (line 2))
post_art	Install dependencies	2026-02-20T14:51:03.6909783Z   Downloading certifi-2026.1.4-py3-none-any.whl.metadata (2.5 kB)
post_art	Install dependencies	2026-02-20T14:51:03.7090061Z Collecting google-ai-generativelanguage==0.6.15 (from google-generativeai->-r requirements.txt (line 4))
post_art	Install dependencies	2026-02-20T14:51:03.7124362Z   Downloading google_ai_generativelanguage-0.6.15-py3-none-any.whl.metadata (5.7 kB)
post_art	Install dependencies	2026-02-20T14:51:03.7511073Z Collecting google-api-core (from google-generativeai->-r requirements.txt (line 4))
post_art	Install dependencies	2026-02-20T14:51:03.7561445Z   Downloading google_api_core-2.30.0-py3-none-any.whl.metadata (3.1 kB)
post_art	Install dependencies	2026-02-20T14:51:03.8179400Z Collecting google-api-python-client (from google-generativeai->-r requirements.txt (line 4))
post_art	Install dependencies	2026-02-20T14:51:03.8218985Z   Downloading google_api_python_client-2.190.0-py3-none-any.whl.metadata (7.0 kB)
post_art	Install dependencies	2026-02-20T14:51:03.8597421Z Collecting google-auth>=2.15.0 (from google-generativeai->-r requirements.txt (line 4))
post_art	Install dependencies	2026-02-20T14:51:03.8634328Z   Downloading google_auth-2.48.0-py3-none-any.whl.metadata (6.2 kB)
post_art	Install dependencies	2026-02-20T14:51:04.0820163Z Collecting protobuf (from google-generativeai->-r requirements.txt (line 4))
post_art	Install dependencies	2026-02-20T14:51:04.0860877Z   Downloading protobuf-6.33.5-cp39-abi3-manylinux2014_x86_64.whl.metadata (593 bytes)
post_art	Install dependencies	2026-02-20T14:51:04.2287220Z Collecting pydantic (from google-generativeai->-r requirements.txt (line 4))
post_art	Install dependencies	2026-02-20T14:51:04.2328050Z   Downloading pydantic-2.12.5-py3-none-any.whl.metadata (90 kB)
post_art	Install dependencies	2026-02-20T14:51:04.2753880Z Collecting tqdm (from google-generativeai->-r requirements.txt (line 4))
post_art	Install dependencies	2026-02-20T14:51:04.2793597Z   Downloading tqdm-4.67.3-py3-none-any.whl.metadata (57 kB)
post_art	Install dependencies	2026-02-20T14:51:04.3030456Z Collecting typing-extensions (from google-generativeai->-r requirements.txt (line 4))
post_art	Install dependencies	2026-02-20T14:51:04.3066937Z   Downloading typing_extensions-4.15.0-py3-none-any.whl.metadata (3.3 kB)
post_art	Install dependencies	2026-02-20T14:51:04.3898124Z Collecting google-auth>=2.15.0 (from google-generativeai->-r requirements.txt (line 4))
post_art	Install dependencies	2026-02-20T14:51:04.3939766Z   Downloading google_auth-2.49.0.dev0-py3-none-any.whl.metadata (6.0 kB)
post_art	Install dependencies	2026-02-20T14:51:04.4192138Z Collecting proto-plus<2.0.0dev,>=1.22.3 (from google-ai-generativelanguage==0.6.15->google-generativeai->-r requirements.txt (line 4))
post_art	Install dependencies	2026-02-20T14:51:04.4230458Z   Downloading proto_plus-1.27.1-py3-none-any.whl.metadata (2.2 kB)
post_art	Install dependencies	2026-02-20T14:51:04.4601071Z Collecting protobuf (from google-generativeai->-r requirements.txt (line 4))
post_art	Install dependencies	2026-02-20T14:51:04.4640225Z   Downloading protobuf-5.29.6-cp38-abi3-manylinux2014_x86_64.whl.metadata (592 bytes)
post_art	Install dependencies	2026-02-20T14:51:04.4844345Z Collecting googleapis-common-protos<2.0.0,>=1.56.3 (from google-api-core->google-generativeai->-r requirements.txt (line 4))
post_art	Install dependencies	2026-02-20T14:51:04.4880627Z   Downloading googleapis_common_protos-1.72.0-py3-none-any.whl.metadata (9.4 kB)
post_art	Install dependencies	2026-02-20T14:51:05.1888057Z Collecting grpcio<2.0.0,>=1.33.2 (from google-api-core[grpc]!=2.0.*,!=2.1.*,!=2.10.*,!=2.2.*,!=2.3.*,!=2.4.*,!=2.5.*,!=2.6.*,!=2.7.*,!=2.8.*,!=2.9.*,<3.0.0dev,>=1.34.1->google-ai-generativelanguage==0.6.15->google-generativeai->-r requirements.txt (line 4))
post_art	Install dependencies	2026-02-20T14:51:05.1926681Z   Downloading grpcio-1.78.1-cp39-cp39-manylinux2014_x86_64.manylinux_2_17_x86_64.whl.metadata (3.8 kB)
post_art	Install dependencies	2026-02-20T14:51:05.2730921Z Collecting grpcio-status<2.0.0,>=1.33.2 (from google-api-core[grpc]!=2.0.*,!=2.1.*,!=2.10.*,!=2.2.*,!=2.3.*,!=2.4.*,!=2.5.*,!=2.6.*,!=2.7.*,!=2.8.*,!=2.9.*,<3.0.0dev,>=1.34.1->google-ai-generativelanguage==0.6.15->google-generativeai->-r requirements.txt (line 4))
post_art	Install dependencies	2026-02-20T14:51:05.2769979Z   Downloading grpcio_status-1.78.1-py3-none-any.whl.metadata (1.3 kB)
post_art	Install dependencies	2026-02-20T14:51:05.2996368Z Collecting pyasn1-modules>=0.2.1 (from google-auth>=2.15.0->google-generativeai->-r requirements.txt (line 4))
post_art	Install dependencies	2026-02-20T14:51:05.3034000Z   Downloading pyasn1_modules-0.4.2-py3-none-any.whl.metadata (3.5 kB)
post_art	Install dependencies	2026-02-20T14:51:05.5131600Z Collecting cryptography>=38.0.3 (from google-auth>=2.15.0->google-generativeai->-r requirements.txt (line 4))
post_art	Install dependencies	2026-02-20T14:51:05.5175776Z   Downloading cryptography-46.0.5-cp38-abi3-manylinux_2_34_x86_64.whl.metadata (5.7 kB)
post_art	Install dependencies	2026-02-20T14:51:05.5451967Z INFO: pip is looking at multiple versions of grpcio-status to determine which version is compatible with other requirements. This could take a while.
post_art	Install dependencies	2026-02-20T14:51:05.5458930Z Collecting grpcio-status<2.0.0,>=1.33.2 (from google-api-core[grpc]!=2.0.*,!=2.1.*,!=2.10.*,!=2.2.*,!=2.3.*,!=2.4.*,!=2.5.*,!=2.6.*,!=2.7.*,!=2.8.*,!=2.9.*,<3.0.0dev,>=1.34.1->google-ai-generativelanguage==0.6.15->google-generativeai->-r requirements.txt (line 4))
post_art	Install dependencies	2026-02-20T14:51:05.5493996Z   Downloading grpcio_status-1.78.0-py3-none-any.whl.metadata (1.3 kB)
post_art	Install dependencies	2026-02-20T14:51:05.5565075Z   Downloading grpcio_status-1.76.0-py3-none-any.whl.metadata (1.1 kB)
post_art	Install dependencies	2026-02-20T14:51:05.5633011Z   Downloading grpcio_status-1.75.1-py3-none-any.whl.metadata (1.1 kB)
post_art	Install dependencies	2026-02-20T14:51:05.5723566Z   Downloading grpcio_status-1.75.0-py3-none-any.whl.metadata (1.1 kB)
post_art	Install dependencies	2026-02-20T14:51:05.5792384Z   Downloading grpcio_status-1.74.0-py3-none-any.whl.metadata (1.1 kB)
post_art	Install dependencies	2026-02-20T14:51:05.5867598Z   Downloading grpcio_status-1.73.1-py3-none-any.whl.metadata (1.1 kB)
post_art	Install dependencies	2026-02-20T14:51:05.6081895Z   Downloading grpcio_status-1.73.0-py3-none-any.whl.metadata (1.1 kB)
post_art	Install dependencies	2026-02-20T14:51:05.6118321Z INFO: pip is still looking at multiple versions of grpcio-status to determine which version is compatible with other requirements. This could take a while.
post_art	Install dependencies	2026-02-20T14:51:05.6156354Z   Downloading grpcio_status-1.72.2-py3-none-any.whl.metadata (1.1 kB)
post_art	Install dependencies	2026-02-20T14:51:05.6223438Z   Downloading grpcio_status-1.72.1-py3-none-any.whl.metadata (1.1 kB)
post_art	Install dependencies	2026-02-20T14:51:05.6291771Z   Downloading grpcio_status-1.71.2-py3-none-any.whl.metadata (1.1 kB)
post_art	Install dependencies	2026-02-20T14:51:05.6926474Z Collecting sgmllib3k (from feedparser->-r requirements.txt (line 5))
post_art	Install dependencies	2026-02-20T14:51:05.6962661Z   Downloading sgmllib3k-1.0.0.tar.gz (5.8 kB)
post_art	Install dependencies	2026-02-20T14:51:05.7039639Z   Installing build dependencies: started
post_art	Install dependencies	2026-02-20T14:51:06.5488578Z   Installing build dependencies: finished with status 'done'
post_art	Install dependencies	2026-02-20T14:51:06.5498789Z   Getting requirements to build wheel: started
post_art	Install dependencies	2026-02-20T14:51:06.9051961Z   Getting requirements to build wheel: finished with status 'done'
post_art	Install dependencies	2026-02-20T14:51:06.9068714Z   Preparing metadata (pyproject.toml): started
post_art	Install dependencies	2026-02-20T14:51:07.0829603Z   Preparing metadata (pyproject.toml): finished with status 'done'
post_art	Install dependencies	2026-02-20T14:51:07.2105915Z Collecting cffi>=2.0.0 (from cryptography>=38.0.3->google-auth>=2.15.0->google-generativeai->-r requirements.txt (line 4))
post_art	Install dependencies	2026-02-20T14:51:07.2147981Z   Downloading cffi-2.0.0-cp39-cp39-manylinux2014_x86_64.manylinux_2_17_x86_64.whl.metadata (2.6 kB)
post_art	Install dependencies	2026-02-20T14:51:07.2308324Z Collecting pycparser (from cffi>=2.0.0->cryptography>=38.0.3->google-auth>=2.15.0->google-generativeai->-r requirements.txt (line 4))
post_art	Install dependencies	2026-02-20T14:51:07.2342807Z   Downloading pycparser-2.23-py3-none-any.whl.metadata (993 bytes)
post_art	Install dependencies	2026-02-20T14:51:07.2570238Z Collecting pyasn1<0.7.0,>=0.6.1 (from pyasn1-modules>=0.2.1->google-auth>=2.15.0->google-generativeai->-r requirements.txt (line 4))
post_art	Install dependencies	2026-02-20T14:51:07.2617790Z   Downloading pyasn1-0.6.2-py3-none-any.whl.metadata (8.4 kB)
post_art	Install dependencies	2026-02-20T14:51:07.2790318Z Collecting httplib2<1.0.0,>=0.19.0 (from google-api-python-client->google-generativeai->-r requirements.txt (line 4))
post_art	Install dependencies	2026-02-20T14:51:07.2823734Z   Downloading httplib2-0.31.2-py3-none-any.whl.metadata (2.2 kB)
post_art	Install dependencies	2026-02-20T14:51:07.3095049Z Collecting google-auth-httplib2<1.0.0,>=0.2.0 (from google-api-python-client->google-generativeai->-r requirements.txt (line 4))
post_art	Install dependencies	2026-02-20T14:51:07.3133357Z   Downloading google_auth_httplib2-0.3.0-py3-none-any.whl.metadata (3.1 kB)
post_art	Install dependencies	2026-02-20T14:51:07.3253796Z Collecting uritemplate<5,>=3.0.1 (from google-api-python-client->google-generativeai->-r requirements.txt (line 4))
post_art	Install dependencies	2026-02-20T14:51:07.3292051Z   Downloading uritemplate-4.2.0-py3-none-any.whl.metadata (2.6 kB)
post_art	Install dependencies	2026-02-20T14:51:07.3585061Z Collecting pyparsing<4,>=3.1 (from httplib2<1.0.0,>=0.19.0->google-api-python-client->google-generativeai->-r requirements.txt (line 4))
post_art	Install dependencies	2026-02-20T14:51:07.3620591Z   Downloading pyparsing-3.3.2-py3-none-any.whl.metadata (5.8 kB)
post_art	Install dependencies	2026-02-20T14:51:07.3751037Z Collecting annotated-types>=0.6.0 (from pydantic->google-generativeai->-r requirements.txt (line 4))
post_art	Install dependencies	2026-02-20T14:51:07.3785203Z   Downloading annotated_types-0.7.0-py3-none-any.whl.metadata (15 kB)
post_art	Install dependencies	2026-02-20T14:51:08.2925968Z Collecting pydantic-core==2.41.5 (from pydantic->google-generativeai->-r requirements.txt (line 4))
post_art	Install dependencies	2026-02-20T14:51:08.2976340Z   Downloading pydantic_core-2.41.5-cp39-cp39-manylinux_2_17_x86_64.manylinux2014_x86_64.whl.metadata (7.3 kB)
post_art	Install dependencies	2026-02-20T14:51:08.3115689Z Collecting typing-inspection>=0.4.2 (from pydantic->google-generativeai->-r requirements.txt (line 4))
post_art	Install dependencies	2026-02-20T14:51:08.3150325Z   Downloading typing_inspection-0.4.2-py3-none-any.whl.metadata (2.6 kB)
post_art	Install dependencies	2026-02-20T14:51:08.3294625Z Downloading pytelegrambotapi-4.31.0-py3-none-any.whl (304 kB)
post_art	Install dependencies	2026-02-20T14:51:08.3377564Z Downloading requests-2.32.5-py3-none-any.whl (64 kB)
post_art	Install dependencies	2026-02-20T14:51:08.3434242Z Downloading charset_normalizer-3.4.4-cp39-cp39-manylinux2014_x86_64.manylinux_2_17_x86_64.manylinux_2_28_x86_64.whl (153 kB)
post_art	Install dependencies	2026-02-20T14:51:08.3491027Z Downloading idna-3.11-py3-none-any.whl (71 kB)
post_art	Install dependencies	2026-02-20T14:51:08.3549028Z Downloading urllib3-2.6.3-py3-none-any.whl (131 kB)
post_art	Install dependencies	2026-02-20T14:51:08.3611335Z Downloading pillow-11.3.0-cp39-cp39-manylinux_2_27_x86_64.manylinux_2_28_x86_64.whl (6.6 MB)
post_art	Install dependencies	2026-02-20T14:51:08.3903175Z    ‚îÅ‚îÅ‚îÅ‚îÅ‚îÅ‚îÅ‚îÅ‚îÅ‚îÅ‚îÅ‚îÅ‚îÅ‚îÅ‚îÅ‚îÅ‚îÅ‚îÅ‚îÅ‚îÅ‚îÅ‚îÅ‚îÅ‚îÅ‚îÅ‚îÅ‚îÅ‚îÅ‚îÅ‚îÅ‚îÅ‚îÅ‚îÅ‚îÅ‚îÅ‚îÅ‚îÅ‚îÅ‚îÅ‚îÅ‚îÅ 6.6/6.6 MB 245.3 MB/s  0:00:00
post_art	Install dependencies	2026-02-20T14:51:08.3939868Z Downloading google_generativeai-0.8.6-py3-none-any.whl (155 kB)
post_art	Install dependencies	2026-02-20T14:51:08.4000622Z Downloading google_ai_generativelanguage-0.6.15-py3-none-any.whl (1.3 MB)
post_art	Install dependencies	2026-02-20T14:51:08.4097390Z    ‚îÅ‚îÅ‚îÅ‚îÅ‚îÅ‚îÅ‚îÅ‚îÅ‚îÅ‚îÅ‚îÅ‚îÅ‚îÅ‚îÅ‚îÅ‚îÅ‚îÅ‚îÅ‚îÅ‚îÅ‚îÅ‚îÅ‚îÅ‚îÅ‚îÅ‚îÅ‚îÅ‚îÅ‚îÅ‚îÅ‚îÅ‚îÅ‚îÅ‚îÅ‚îÅ‚îÅ‚îÅ‚îÅ‚îÅ‚îÅ 1.3/1.3 MB 155.1 MB/s  0:00:00
post_art	Install dependencies	2026-02-20T14:51:08.4134359Z Downloading google_api_core-2.30.0-py3-none-any.whl (173 kB)
post_art	Install dependencies	2026-02-20T14:51:08.4195073Z Downloading google_auth-2.49.0.dev0-py3-none-any.whl (236 kB)
post_art	Install dependencies	2026-02-20T14:51:08.4255385Z Downloading googleapis_common_protos-1.72.0-py3-none-any.whl (297 kB)
post_art	Install dependencies	2026-02-20T14:51:08.4322693Z Downloading grpcio-1.78.1-cp39-cp39-manylinux2014_x86_64.manylinux_2_17_x86_64.whl (6.7 MB)
post_art	Install dependencies	2026-02-20T14:51:08.4636166Z    ‚îÅ‚îÅ‚îÅ‚îÅ‚îÅ‚îÅ‚îÅ‚îÅ‚îÅ‚îÅ‚îÅ‚îÅ‚îÅ‚îÅ‚îÅ‚îÅ‚îÅ‚îÅ‚îÅ‚îÅ‚îÅ‚îÅ‚îÅ‚îÅ‚îÅ‚îÅ‚îÅ‚îÅ‚îÅ‚îÅ‚îÅ‚îÅ‚îÅ‚îÅ‚îÅ‚îÅ‚îÅ‚îÅ‚îÅ‚îÅ 6.7/6.7 MB 225.4 MB/s  0:00:00
post_art	Install dependencies	2026-02-20T14:51:08.4671771Z Downloading grpcio_status-1.71.2-py3-none-any.whl (14 kB)
post_art	Install dependencies	2026-02-20T14:51:08.4727454Z Downloading proto_plus-1.27.1-py3-none-any.whl (50 kB)
post_art	Install dependencies	2026-02-20T14:51:08.4784630Z Downloading protobuf-5.29.6-cp38-abi3-manylinux2014_x86_64.whl (320 kB)
post_art	Install dependencies	2026-02-20T14:51:08.4851028Z Downloading typing_extensions-4.15.0-py3-none-any.whl (44 kB)
post_art	Install dependencies	2026-02-20T14:51:08.4908422Z Downloading feedparser-6.0.12-py3-none-any.whl (81 kB)
post_art	Install dependencies	2026-02-20T14:51:08.4964094Z Downloading certifi-2026.1.4-py3-none-any.whl (152 kB)
post_art	Install dependencies	2026-02-20T14:51:08.5029680Z Downloading cryptography-46.0.5-cp38-abi3-manylinux_2_34_x86_64.whl (4.5 MB)
post_art	Install dependencies	2026-02-20T14:51:08.5289955Z    ‚îÅ‚îÅ‚îÅ‚îÅ‚îÅ‚îÅ‚îÅ‚îÅ‚îÅ‚îÅ‚îÅ‚îÅ‚îÅ‚îÅ‚îÅ‚îÅ‚îÅ‚îÅ‚îÅ‚îÅ‚îÅ‚îÅ‚îÅ‚îÅ‚îÅ‚îÅ‚îÅ‚îÅ‚îÅ‚îÅ‚îÅ‚îÅ‚îÅ‚îÅ‚îÅ‚îÅ‚îÅ‚îÅ‚îÅ‚îÅ 4.5/4.5 MB 190.7 MB/s  0:00:00
post_art	Install dependencies	2026-02-20T14:51:08.5347367Z Downloading cffi-2.0.0-cp39-cp39-manylinux2014_x86_64.manylinux_2_17_x86_64.whl (216 kB)
post_art	Install dependencies	2026-02-20T14:51:08.5422053Z Downloading pyasn1_modules-0.4.2-py3-none-any.whl (181 kB)
post_art	Install dependencies	2026-02-20T14:51:08.5482995Z Downloading pyasn1-0.6.2-py3-none-any.whl (83 kB)
post_art	Install dependencies	2026-02-20T14:51:08.5541299Z Downloading google_api_python_client-2.190.0-py3-none-any.whl (14.7 MB)
post_art	Install dependencies	2026-02-20T14:51:08.6218209Z    ‚îÅ‚îÅ‚îÅ‚îÅ‚îÅ‚îÅ‚îÅ‚îÅ‚îÅ‚îÅ‚îÅ‚îÅ‚îÅ‚îÅ‚îÅ‚îÅ‚îÅ‚îÅ‚îÅ‚îÅ‚îÅ‚îÅ‚îÅ‚îÅ‚îÅ‚îÅ‚îÅ‚îÅ‚îÅ‚îÅ‚îÅ‚îÅ‚îÅ‚îÅ‚îÅ‚îÅ‚îÅ‚îÅ‚îÅ‚îÅ 14.7/14.7 MB 227.1 MB/s  0:00:00
post_art	Install dependencies	2026-02-20T14:51:08.6275331Z Downloading google_auth_httplib2-0.3.0-py3-none-any.whl (9.5 kB)
post_art	Install dependencies	2026-02-20T14:51:08.6356290Z Downloading httplib2-0.31.2-py3-none-any.whl (91 kB)
post_art	Install dependencies	2026-02-20T14:51:08.6422546Z Downloading pyparsing-3.3.2-py3-none-any.whl (122 kB)
post_art	Install dependencies	2026-02-20T14:51:08.6480735Z Downloading uritemplate-4.2.0-py3-none-any.whl (11 kB)
post_art	Install dependencies	2026-02-20T14:51:08.6556290Z Downloading pycparser-2.23-py3-none-any.whl (118 kB)
post_art	Install dependencies	2026-02-20T14:51:08.6614902Z Downloading pydantic-2.12.5-py3-none-any.whl (463 kB)
post_art	Install dependencies	2026-02-20T14:51:08.6688621Z Downloading pydantic_core-2.41.5-cp39-cp39-manylinux_2_17_x86_64.manylinux2014_x86_64.whl (2.1 MB)
post_art	Install dependencies	2026-02-20T14:51:08.6808299Z    ‚îÅ‚îÅ‚îÅ‚îÅ‚îÅ‚îÅ‚îÅ‚îÅ‚îÅ‚îÅ‚îÅ‚îÅ‚îÅ‚îÅ‚îÅ‚îÅ‚îÅ‚îÅ‚îÅ‚îÅ‚îÅ‚îÅ‚îÅ‚îÅ‚îÅ‚îÅ‚îÅ‚îÅ‚îÅ‚îÅ‚îÅ‚îÅ‚îÅ‚îÅ‚îÅ‚îÅ‚îÅ‚îÅ‚îÅ‚îÅ 2.1/2.1 MB 196.6 MB/s  0:00:00
post_art	Install dependencies	2026-02-20T14:51:08.6844853Z Downloading annotated_types-0.7.0-py3-none-any.whl (13 kB)
post_art	Install dependencies	2026-02-20T14:51:08.6901968Z Downloading typing_inspection-0.4.2-py3-none-any.whl (14 kB)
post_art	Install dependencies	2026-02-20T14:51:08.6956593Z Downloading tqdm-4.67.3-py3-none-any.whl (78 kB)
post_art	Install dependencies	2026-02-20T14:51:08.7615370Z Building wheels for collected packages: sgmllib3k
post_art	Install dependencies	2026-02-20T14:51:08.7627104Z   Building wheel for sgmllib3k (pyproject.toml): started
post_art	Install dependencies	2026-02-20T14:51:08.9747643Z   Building wheel for sgmllib3k (pyproject.toml): finished with status 'done'
post_art	Install dependencies	2026-02-20T14:51:08.9756491Z   Created wheel for sgmllib3k: filename=sgmllib3k-1.0.0-py3-none-any.whl size=6091 sha256=0966b072d886f35faa559b92437acfc683985172e7232f13a885b661636a7d70
post_art	Install dependencies	2026-02-20T14:51:08.9758531Z   Stored in directory: /home/runner/.cache/pip/wheels/65/7a/a7/78c287f64e401255dff4c13fdbc672fed5efbfd21c530114e1
post_art	Install dependencies	2026-02-20T14:51:08.9778808Z Successfully built sgmllib3k
post_art	Install dependencies	2026-02-20T14:51:09.0582267Z Installing collected packages: sgmllib3k, urllib3, uritemplate, typing-extensions, tqdm, pyparsing, pycparser, pyasn1, protobuf, Pillow, idna, feedparser, charset_normalizer, certifi, annotated-types, typing-inspection, requests, pydantic-core, pyasn1-modules, proto-plus, httplib2, grpcio, googleapis-common-protos, cffi, pyTelegramBotAPI, pydantic, grpcio-status, cryptography, google-auth, google-auth-httplib2, google-api-core, google-api-python-client, google-ai-generativelanguage, google-generativeai
post_art	Install dependencies	2026-02-20T14:51:12.7208596Z 
post_art	Install dependencies	2026-02-20T14:51:12.7269673Z Successfully installed Pillow-11.3.0 annotated-types-0.7.0 certifi-2026.1.4 cffi-2.0.0 charset_normalizer-3.4.4 cryptography-46.0.5 feedparser-6.0.12 google-ai-generativelanguage-0.6.15 google-api-core-2.30.0 google-api-python-client-2.190.0 google-auth-2.49.0.dev0 google-auth-httplib2-0.3.0 google-generativeai-0.8.6 googleapis-common-protos-1.72.0 grpcio-1.78.1 grpcio-status-1.71.2 httplib2-0.31.2 idna-3.11 proto-plus-1.27.1 protobuf-5.29.6 pyTelegramBotAPI-4.31.0 pyasn1-0.6.2 pyasn1-modules-0.4.2 pycparser-2.23 pydantic-2.12.5 pydantic-core-2.41.5 pyparsing-3.3.2 requests-2.32.5 sgmllib3k-1.0.0 tqdm-4.67.3 typing-extensions-4.15.0 typing-inspection-0.4.2 uritemplate-4.2.0 urllib3-2.6.3
post_art	List files	Ôªø2026-02-20T14:51:13.3368849Z ##[group]Run ls -la
post_art	List files	2026-02-20T14:51:13.3369135Z [36;1mls -la[0m
post_art	List files	2026-02-20T14:51:13.3402214Z shell: /usr/bin/bash -e {0}
post_art	List files	2026-02-20T14:51:13.3402472Z env:
post_art	List files	2026-02-20T14:51:13.3402745Z   pythonLocation: /opt/hostedtoolcache/Python/3.9.25/x64
post_art	List files	2026-02-20T14:51:13.3403203Z   PKG_CONFIG_PATH: /opt/hostedtoolcache/Python/3.9.25/x64/lib/pkgconfig
post_art	List files	2026-02-20T14:51:13.3403627Z   Python_ROOT_DIR: /opt/hostedtoolcache/Python/3.9.25/x64
post_art	List files	2026-02-20T14:51:13.3404003Z   Python2_ROOT_DIR: /opt/hostedtoolcache/Python/3.9.25/x64
post_art	List files	2026-02-20T14:51:13.3404379Z   Python3_ROOT_DIR: /opt/hostedtoolcache/Python/3.9.25/x64
post_art	List files	2026-02-20T14:51:13.3404875Z   LD_LIBRARY_PATH: /opt/hostedtoolcache/Python/3.9.25/x64/lib
post_art	List files	2026-02-20T14:51:13.3405195Z ##[endgroup]
post_art	List files	2026-02-20T14:51:13.3472503Z total 224
post_art	List files	2026-02-20T14:51:13.3472977Z drwxr-xr-x 4 runner runner  4096 Feb 20 14:50 .
post_art	List files	2026-02-20T14:51:13.3473610Z drwxr-xr-x 3 runner runner  4096 Feb 20 14:50 ..
post_art	List files	2026-02-20T14:51:13.3474045Z drwxr-xr-x 7 runner runner  4096 Feb 20 14:50 .git
post_art	List files	2026-02-20T14:51:13.3474660Z drwxr-xr-x 3 runner runner  4096 Feb 20 14:50 .github
post_art	List files	2026-02-20T14:51:13.3475347Z -rw-r--r-- 1 runner runner 38980 Feb 20 14:50 Roadmap_RUS.docx
post_art	List files	2026-02-20T14:51:13.3476068Z -rw-r--r-- 1 runner runner 48420 Feb 20 14:50 current_debug.txt
post_art	List files	2026-02-20T14:51:13.3476937Z -rw-r--r-- 1 runner runner   780 Feb 20 14:50 debug_models.py
post_art	List files	2026-02-20T14:51:13.3477587Z -rw-r--r-- 1 runner runner 45159 Feb 20 14:50 full_log.txt
post_art	List files	2026-02-20T14:51:13.3478225Z -rw-r--r-- 1 runner runner  1636 Feb 20 14:50 gen_docx.py
post_art	List files	2026-02-20T14:51:13.3478631Z -rw-r--r-- 1 runner runner  2210 Feb 20 14:50 gen_pdf.py
post_art	List files	2026-02-20T14:51:13.3479010Z -rw-r--r-- 1 runner runner 18217 Feb 20 14:50 last_test.png
post_art	List files	2026-02-20T14:51:13.3479380Z -rw-r--r-- 1 runner runner 25942 Feb 20 14:50 main.py
post_art	List files	2026-02-20T14:51:13.3479767Z -rw-r--r-- 1 runner runner    64 Feb 20 14:50 requirements.txt
post_art	List files	2026-02-20T14:51:13.3480167Z -rw-r--r-- 1 runner runner     0 Feb 20 14:50 target_log.txt
post_art	List files	2026-02-20T14:51:13.3480541Z -rw-r--r-- 1 runner runner  1206 Feb 20 14:50 test_keys.py
post_art	List files	2026-02-20T14:51:13.3480920Z -rw-r--r-- 1 runner runner  1873 Feb 20 14:50 test_text_gens.py
post_art	Run Art Bot	Ôªø2026-02-20T14:51:13.3515220Z ##[group]Run python3 main.py
post_art	Run Art Bot	2026-02-20T14:51:13.3515545Z [36;1mpython3 main.py[0m
post_art	Run Art Bot	2026-02-20T14:51:13.3545497Z shell: /usr/bin/bash -e {0}
post_art	Run Art Bot	2026-02-20T14:51:13.3545762Z env:
post_art	Run Art Bot	2026-02-20T14:51:13.3546033Z   pythonLocation: /opt/hostedtoolcache/Python/3.9.25/x64
post_art	Run Art Bot	2026-02-20T14:51:13.3546488Z   PKG_CONFIG_PATH: /opt/hostedtoolcache/Python/3.9.25/x64/lib/pkgconfig
post_art	Run Art Bot	2026-02-20T14:51:13.3546917Z   Python_ROOT_DIR: /opt/hostedtoolcache/Python/3.9.25/x64
post_art	Run Art Bot	2026-02-20T14:51:13.3547304Z   Python2_ROOT_DIR: /opt/hostedtoolcache/Python/3.9.25/x64
post_art	Run Art Bot	2026-02-20T14:51:13.3547689Z   Python3_ROOT_DIR: /opt/hostedtoolcache/Python/3.9.25/x64
post_art	Run Art Bot	2026-02-20T14:51:13.3548073Z   LD_LIBRARY_PATH: /opt/hostedtoolcache/Python/3.9.25/x64/lib
post_art	Run Art Bot	2026-02-20T14:51:13.3548860Z   BOT_TOKEN: ***
post_art	Run Art Bot	2026-02-20T14:51:13.3549092Z   CHANNEL_ID: ***
post_art	Run Art Bot	2026-02-20T14:51:13.3549374Z   GOOGLE_KEY: ***
post_art	Run Art Bot	2026-02-20T14:51:13.3549727Z   SILICONFLOW_KEY: ***
post_art	Run Art Bot	2026-02-20T14:51:13.3550007Z   RUNWARE_KEY: ***
post_art	Run Art Bot	2026-02-20T14:51:13.3550246Z   KIE_KEY: ***
post_art	Run Art Bot	2026-02-20T14:51:13.3550519Z   HF_KEY: ***
post_art	Run Art Bot	2026-02-20T14:51:13.3550754Z   CLOUDFLARE_ID: ***
post_art	Run Art Bot	2026-02-20T14:51:13.3551078Z   CLOUDFLARE_TOKEN: ***
post_art	Run Art Bot	2026-02-20T14:51:13.3551306Z ##[endgroup]
post_art	Run Art Bot	2026-02-20T14:53:04.1296078Z Traceback (most recent call last):
post_art	Run Art Bot	2026-02-20T14:53:04.1297115Z üöÄ BOOTING FRIE-ND-LEE ART BOT...
post_art	Run Art Bot	2026-02-20T14:53:04.1307880Z   File "/home/runner/work/friendlee-ai-art-bot/friendlee-ai-art-bot/main.py", line 546, in <module>
post_art	Run Art Bot	2026-02-20T14:53:04.1309100Z üõ†Ô∏è DEBUG: sys.version: 3.9.25 (main, Nov  3 2025, 15:16:36) 
post_art	Run Art Bot	2026-02-20T14:53:04.1309738Z     run_final()
post_art	Run Art Bot	2026-02-20T14:53:04.1310520Z   File "/home/runner/work/friendlee-ai-art-bot/friendlee-ai-art-bot/main.py", line 520, in run_final
post_art	Run Art Bot	2026-02-20T14:53:04.1311575Z     if not image_url and not image_data: raise Exception("CRITICAL: All Art Engines failed.")
post_art	Run Art Bot	2026-02-20T14:53:04.1312230Z [GCC 13.3.0]
post_art	Run Art Bot	2026-02-20T14:53:04.1312621Z üõ†Ô∏è DEBUG: sys.argv: ['main.py']
post_art	Run Art Bot	2026-02-20T14:53:04.1313084Z üõ†Ô∏è DEBUG: TOKEN prefix: 85328...
post_art	Run Art Bot	2026-02-20T14:53:04.1313832Z üõ†Ô∏è DEBUG: CHANNEL_ID: '***' (Type: <class 'str'>)
post_art	Run Art Bot	2026-02-20T14:53:04.1314393Z ü§ñ –ë–æ—Ç –∞–≤—Ç–æ—Ä–∏–∑–æ–≤–∞–Ω: @Avatar2026_bot
post_art	Run Art Bot	2026-02-20T14:53:04.1315371Z --- FrieNDLee_FTP BOT (v2.0) üöÄ ---
post_art	Run Art Bot	2026-02-20T14:53:04.1315854Z üåç –ò—â—É –≤–¥–æ—Ö–Ω–æ–≤–µ–Ω–∏–µ –Ω–∞ Reddit...
post_art	Run Art Bot	2026-02-20T14:53:04.1317133Z üé≤ –°–≥–µ–Ω–µ—Ä–∏—Ä–æ–≤–∞–Ω–∞ —Ç–µ–º–∞ (God Mode V3.0): Pop Art Neon and Hyper-realistic Photo style of Cthulhu in Cyberpunk City dancing in the void, with Dark Contrast, masterpiece, 8k, detailed
post_art	Run Art Bot	2026-02-20T14:53:04.1318318Z üìù Gemini –ø–∏—à–µ—Ç —Ç–µ–∫—Å—Ç...
post_art	Run Art Bot	2026-02-20T14:53:04.1318728Z üìù Gemini –ø–∏—à–µ—Ç —Ç–µ–∫—Å—Ç...
post_art	Run Art Bot	2026-02-20T14:53:04.1319187Z ‚ö†Ô∏è Gemini –º–æ–ª—á–∏—Ç. –ü—Ä–æ–±—É—é Kie.ai...
post_art	Run Art Bot	2026-02-20T14:53:04.1319717Z üß† Kie.ai (DeepSeek) –ø–∏—à–µ—Ç —Ç–µ–∫—Å—Ç...
post_art	Run Art Bot	2026-02-20T14:53:04.1320694Z Kie.ai Error: {"timestamp":1771599074278,"status":404,"error":"Not Found","message":"No message available","path":"/v1/chat/completions"}
post_art	Run Art Bot	2026-02-20T14:53:04.1321753Z ‚ö†Ô∏è –í—Å–µ –º–æ–ª—á–∞—Ç. –ü—Ä–æ–±—É—é Pollinations AI...
post_art	Run Art Bot	2026-02-20T14:53:04.1322366Z üß† Pollinations AI (Backup Brain) –ø–∏—à–µ—Ç —Ç–µ–∫—Å—Ç...
post_art	Run Art Bot	2026-02-20T14:53:04.1322929Z üé® SiliconFlow Check...
post_art	Run Art Bot	2026-02-20T14:53:04.1323413Z ‚ö†Ô∏è SiliconFlow Status 403
post_art	Run Art Bot	2026-02-20T14:53:04.1323825Z ‚ö° Runware Check...
post_art	Run Art Bot	2026-02-20T14:53:04.1324196Z ‚ö†Ô∏è Runware Status 401
post_art	Run Art Bot	2026-02-20T14:53:04.1324772Z ü§ó HF Check (Router)...
post_art	Run Art Bot	2026-02-20T14:53:04.1325155Z ‚ö†Ô∏è HF Status 403
post_art	Run Art Bot	2026-02-20T14:53:04.1325520Z ‚òÅÔ∏è Cloudflare Check...
post_art	Run Art Bot	2026-02-20T14:53:04.1325903Z ‚ö†Ô∏è Cloudflare Status 401
post_art	Run Art Bot	2026-02-20T14:53:04.1326316Z üå™Ô∏è Airforce (Flux) –ø—Ä–æ–±—É–µ–º...
post_art	Run Art Bot	2026-02-20T14:53:04.1326756Z    –ü—Ä–æ–±—É–µ–º –º–æ–¥–µ–ª—å: flux-2-klein-4b
post_art	Run Art Bot	2026-02-20T14:53:04.1327244Z ‚ö†Ô∏è Airforce Error: list index out of range
post_art	Run Art Bot	2026-02-20T14:53:04.1327771Z üå∫ Pollinations (URL Mode) –ø—Ä–æ–±—É–µ–º...
post_art	Run Art Bot	2026-02-20T14:53:04.1328257Z ‚ö†Ô∏è Pollinations Status: 530
post_art	Run Art Bot	2026-02-20T14:53:04.1328689Z üåü Gemini Image (Google)...
post_art	Run Art Bot	2026-02-20T14:53:04.1329123Z üé® Gemini Image –≥–µ–Ω–µ—Ä–∏—Ä—É–µ—Ç –∫–∞—Ä—Ç–∏–Ω–∫—É...
post_art	Run Art Bot	2026-02-20T14:53:04.1329589Z üìä Gemini Image Status: 403
post_art	Run Art Bot	2026-02-20T14:53:04.1330008Z ‚ö†Ô∏è Gemini Image Error: {
post_art	Run Art Bot	2026-02-20T14:53:04.1330375Z   "error": {
post_art	Run Art Bot	2026-02-20T14:53:04.1330653Z     "code": 403,
post_art	Run Art Bot	2026-02-20T14:53:04.1331743Z     "message": "Your API key was reported as leaked. Please use another API key.",
post_art	Run Art Bot	2026-02-20T14:53:04.1332393Z     "status": "PERMISSION_DENIED"
post_art	Run Art Bot	2026-02-20T14:53:04.1332763Z   }
post_art	Run Art Bot	2026-02-20T14:53:04.1333016Z }
post_art	Run Art Bot	2026-02-20T14:53:04.1333156Z 
post_art	Run Art Bot	2026-02-20T14:53:04.1333343Z üëæ AI Horde (Anonymous)...
post_art	Run Art Bot	2026-02-20T14:53:04.1333814Z üñºÔ∏è –†–ï–ó–ï–†–í: Picsum Photos (–±–µ—Å–ø–ª–∞—Ç–Ω–æ–µ —Ñ–æ—Ç–æ)...
post_art	Run Art Bot	2026-02-20T14:53:04.1334355Z ‚ö†Ô∏è Picsum Exception: name 'io' is not defined
post_art	Run Art Bot	2026-02-20T14:53:04.1335094Z Exception: CRITICAL: All Art Engines failed.
post_art	Run Art Bot	2026-02-20T14:53:04.1593196Z ##[error]Process completed with exit code 1.
post_art	Post Checkout code	Ôªø2026-02-20T14:53:04.1711086Z Post job cleanup.
post_art	Post Checkout code	2026-02-20T14:53:04.2454585Z [command]/usr/bin/git version
post_art	Post Checkout code	2026-02-20T14:53:04.2490024Z git version 2.52.0
post_art	Post Checkout code	2026-02-20T14:53:04.2533044Z Temporarily overriding HOME='/home/runner/work/_temp/aec15990-53cf-4f1f-8d6e-67b7adf5eae0' before making global git config changes
post_art	Post Checkout code	2026-02-20T14:53:04.2534794Z Adding repository directory to the temporary git global config as a safe directory
post_art	Post Checkout code	2026-02-20T14:53:04.2537430Z [command]/usr/bin/git config --global --add safe.directory /home/runner/work/friendlee-ai-art-bot/friendlee-ai-art-bot
post_art	Post Checkout code	2026-02-20T14:53:04.2569175Z [command]/usr/bin/git config --local --name-only --get-regexp core\.sshCommand
post_art	Post Checkout code	2026-02-20T14:53:04.2599154Z [command]/usr/bin/git submodule foreach --recursive sh -c "git config --local --name-only --get-regexp 'core\.sshCommand' && git config --local --unset-all 'core.sshCommand' || :"
post_art	Post Checkout code	2026-02-20T14:53:04.2835201Z [command]/usr/bin/git config --local --name-only --get-regexp http\.https\:\/\/github\.com\/\.extraheader
post_art	Post Checkout code	2026-02-20T14:53:04.2857445Z http.https://github.com/.extraheader
post_art	Post Checkout code	2026-02-20T14:53:04.2868772Z [command]/usr/bin/git config --local --unset-all http.https://github.com/.extraheader
post_art	Post Checkout code	2026-02-20T14:53:04.2899436Z [command]/usr/bin/git submodule foreach --recursive sh -c "git config --local --name-only --get-regexp 'http\.https\:\/\/github\.com\/\.extraheader' && git config --local --unset-all 'http.https://github.com/.extraheader' || :"
post_art	Complete job	Ôªø2026-02-20T14:53:04.3237887Z Cleaning up orphan processes
