post_art	Set up job	Ôªø2026-02-19T19:49:57.9662452Z Current runner version: '2.331.0'
post_art	Set up job	2026-02-19T19:49:57.9698323Z ##[group]Runner Image Provisioner
post_art	Set up job	2026-02-19T19:49:57.9699727Z Hosted Compute Agent
post_art	Set up job	2026-02-19T19:49:57.9700872Z Version: 20260123.484
post_art	Set up job	2026-02-19T19:49:57.9702050Z Commit: 6bd6555ca37d84114959e1c76d2c01448ff61c5d
post_art	Set up job	2026-02-19T19:49:57.9703543Z Build Date: 2026-01-23T19:41:17Z
post_art	Set up job	2026-02-19T19:49:57.9704877Z Worker ID: {16a82eaf-6f0c-41bb-849a-682551cd4469}
post_art	Set up job	2026-02-19T19:49:57.9706224Z Azure Region: eastus2
post_art	Set up job	2026-02-19T19:49:57.9707451Z ##[endgroup]
post_art	Set up job	2026-02-19T19:49:57.9710273Z ##[group]Operating System
post_art	Set up job	2026-02-19T19:49:57.9711520Z Ubuntu
post_art	Set up job	2026-02-19T19:49:57.9712434Z 24.04.3
post_art	Set up job	2026-02-19T19:49:57.9713463Z LTS
post_art	Set up job	2026-02-19T19:49:57.9714435Z ##[endgroup]
post_art	Set up job	2026-02-19T19:49:57.9715385Z ##[group]Runner Image
post_art	Set up job	2026-02-19T19:49:57.9716985Z Image: ubuntu-24.04
post_art	Set up job	2026-02-19T19:49:57.9718035Z Version: 20260201.15.1
post_art	Set up job	2026-02-19T19:49:57.9720101Z Included Software: https://github.com/actions/runner-images/blob/ubuntu24/20260201.15/images/ubuntu/Ubuntu2404-Readme.md
post_art	Set up job	2026-02-19T19:49:57.9723669Z Image Release: https://github.com/actions/runner-images/releases/tag/ubuntu24%2F20260201.15
post_art	Set up job	2026-02-19T19:49:57.9725447Z ##[endgroup]
post_art	Set up job	2026-02-19T19:49:57.9727594Z ##[group]GITHUB_TOKEN Permissions
post_art	Set up job	2026-02-19T19:49:57.9730612Z Contents: read
post_art	Set up job	2026-02-19T19:49:57.9731761Z Metadata: read
post_art	Set up job	2026-02-19T19:49:57.9732757Z Packages: read
post_art	Set up job	2026-02-19T19:49:57.9734079Z ##[endgroup]
post_art	Set up job	2026-02-19T19:49:57.9737218Z Secret source: Actions
post_art	Set up job	2026-02-19T19:49:57.9738998Z Prepare workflow directory
post_art	Set up job	2026-02-19T19:49:58.0214924Z Prepare all required actions
post_art	Set up job	2026-02-19T19:49:58.0271980Z Getting action download info
post_art	Set up job	2026-02-19T19:49:58.3133005Z Download action repository 'actions/checkout@v3' (SHA:f43a0e5ff2bd294095638e18286ca9a3d1956744)
post_art	Set up job	2026-02-19T19:49:58.4088990Z Download action repository 'actions/setup-python@v4' (SHA:7f4fc3e22c37d6ff65e88745f38bd3157c663f7c)
post_art	Set up job	2026-02-19T19:49:58.5902947Z Complete job name: post_art
post_art	Checkout code	Ôªø2026-02-19T19:49:58.6567421Z ##[group]Run actions/checkout@v3
post_art	Checkout code	2026-02-19T19:49:58.6568332Z with:
post_art	Checkout code	2026-02-19T19:49:58.6568868Z   repository: ksahis0900-dot/friendlee-ai-art-bot
post_art	Checkout code	2026-02-19T19:49:58.6569648Z   token: ***
post_art	Checkout code	2026-02-19T19:49:58.6570088Z   ssh-strict: true
post_art	Checkout code	2026-02-19T19:49:58.6570559Z   persist-credentials: true
post_art	Checkout code	2026-02-19T19:49:58.6571067Z   clean: true
post_art	Checkout code	2026-02-19T19:49:58.6571517Z   sparse-checkout-cone-mode: true
post_art	Checkout code	2026-02-19T19:49:58.6572161Z   fetch-depth: 1
post_art	Checkout code	2026-02-19T19:49:58.6572605Z   fetch-tags: false
post_art	Checkout code	2026-02-19T19:49:58.6573040Z   lfs: false
post_art	Checkout code	2026-02-19T19:49:58.6573674Z   submodules: false
post_art	Checkout code	2026-02-19T19:49:58.6574130Z   set-safe-directory: true
post_art	Checkout code	2026-02-19T19:49:58.6574899Z ##[endgroup]
post_art	Checkout code	2026-02-19T19:49:58.7414218Z Syncing repository: ksahis0900-dot/friendlee-ai-art-bot
post_art	Checkout code	2026-02-19T19:49:58.7416150Z ##[group]Getting Git version info
post_art	Checkout code	2026-02-19T19:49:58.7417033Z Working directory is '/home/runner/work/friendlee-ai-art-bot/friendlee-ai-art-bot'
post_art	Checkout code	2026-02-19T19:49:58.7418340Z [command]/usr/bin/git version
post_art	Checkout code	2026-02-19T19:49:58.7478699Z git version 2.52.0
post_art	Checkout code	2026-02-19T19:49:58.7505551Z ##[endgroup]
post_art	Checkout code	2026-02-19T19:49:58.7521193Z Temporarily overriding HOME='/home/runner/work/_temp/b1194b17-edbb-4bd5-9ed6-95c61d02be3c' before making global git config changes
post_art	Checkout code	2026-02-19T19:49:58.7523943Z Adding repository directory to the temporary git global config as a safe directory
post_art	Checkout code	2026-02-19T19:49:58.7526359Z [command]/usr/bin/git config --global --add safe.directory /home/runner/work/friendlee-ai-art-bot/friendlee-ai-art-bot
post_art	Checkout code	2026-02-19T19:49:58.7561295Z Deleting the contents of '/home/runner/work/friendlee-ai-art-bot/friendlee-ai-art-bot'
post_art	Checkout code	2026-02-19T19:49:58.7564938Z ##[group]Initializing the repository
post_art	Checkout code	2026-02-19T19:49:58.7568970Z [command]/usr/bin/git init /home/runner/work/friendlee-ai-art-bot/friendlee-ai-art-bot
post_art	Checkout code	2026-02-19T19:49:58.7660756Z hint: Using 'master' as the name for the initial branch. This default branch name
post_art	Checkout code	2026-02-19T19:49:58.7662199Z hint: will change to "main" in Git 3.0. To configure the initial branch name
post_art	Checkout code	2026-02-19T19:49:58.7663631Z hint: to use in all of your new repositories, which will suppress this warning,
post_art	Checkout code	2026-02-19T19:49:58.7665068Z hint: call:
post_art	Checkout code	2026-02-19T19:49:58.7665482Z hint:
post_art	Checkout code	2026-02-19T19:49:58.7666340Z hint: 	git config --global init.defaultBranch <name>
post_art	Checkout code	2026-02-19T19:49:58.7667517Z hint:
post_art	Checkout code	2026-02-19T19:49:58.7668629Z hint: Names commonly chosen instead of 'master' are 'main', 'trunk' and
post_art	Checkout code	2026-02-19T19:49:58.7670445Z hint: 'development'. The just-created branch can be renamed via this command:
post_art	Checkout code	2026-02-19T19:49:58.7671945Z hint:
post_art	Checkout code	2026-02-19T19:49:58.7672701Z hint: 	git branch -m <name>
post_art	Checkout code	2026-02-19T19:49:58.7673753Z hint:
post_art	Checkout code	2026-02-19T19:49:58.7674874Z hint: Disable this message with "git config set advice.defaultBranchName false"
post_art	Checkout code	2026-02-19T19:49:58.7677066Z Initialized empty Git repository in /home/runner/work/friendlee-ai-art-bot/friendlee-ai-art-bot/.git/
post_art	Checkout code	2026-02-19T19:49:58.7680287Z [command]/usr/bin/git remote add origin https://github.com/ksahis0900-dot/friendlee-ai-art-bot
post_art	Checkout code	2026-02-19T19:49:58.7707562Z ##[endgroup]
post_art	Checkout code	2026-02-19T19:49:58.7709058Z ##[group]Disabling automatic garbage collection
post_art	Checkout code	2026-02-19T19:49:58.7710494Z [command]/usr/bin/git config --local gc.auto 0
post_art	Checkout code	2026-02-19T19:49:58.7736916Z ##[endgroup]
post_art	Checkout code	2026-02-19T19:49:58.7738375Z ##[group]Setting up auth
post_art	Checkout code	2026-02-19T19:49:58.7742688Z [command]/usr/bin/git config --local --name-only --get-regexp core\.sshCommand
post_art	Checkout code	2026-02-19T19:49:58.7770159Z [command]/usr/bin/git submodule foreach --recursive sh -c "git config --local --name-only --get-regexp 'core\.sshCommand' && git config --local --unset-all 'core.sshCommand' || :"
post_art	Checkout code	2026-02-19T19:49:58.8080241Z [command]/usr/bin/git config --local --name-only --get-regexp http\.https\:\/\/github\.com\/\.extraheader
post_art	Checkout code	2026-02-19T19:49:58.8107512Z [command]/usr/bin/git submodule foreach --recursive sh -c "git config --local --name-only --get-regexp 'http\.https\:\/\/github\.com\/\.extraheader' && git config --local --unset-all 'http.https://github.com/.extraheader' || :"
post_art	Checkout code	2026-02-19T19:49:58.8318977Z [command]/usr/bin/git config --local http.https://github.com/.extraheader AUTHORIZATION: basic ***
post_art	Checkout code	2026-02-19T19:49:58.8350739Z ##[endgroup]
post_art	Checkout code	2026-02-19T19:49:58.8352246Z ##[group]Fetching the repository
post_art	Checkout code	2026-02-19T19:49:58.8360384Z [command]/usr/bin/git -c protocol.version=2 fetch --no-tags --prune --progress --no-recurse-submodules --depth=1 origin +2b2d1c19bdae30a93837015e077c8423c6314979:refs/remotes/origin/master
post_art	Checkout code	2026-02-19T19:49:58.9999646Z remote: Enumerating objects: 17, done.        
post_art	Checkout code	2026-02-19T19:49:59.0000482Z remote: Counting objects:   5% (1/17)        
post_art	Checkout code	2026-02-19T19:49:59.0001109Z remote: Counting objects:  11% (2/17)        
post_art	Checkout code	2026-02-19T19:49:59.0001735Z remote: Counting objects:  17% (3/17)        
post_art	Checkout code	2026-02-19T19:49:59.0002354Z remote: Counting objects:  23% (4/17)        
post_art	Checkout code	2026-02-19T19:49:59.0003134Z remote: Counting objects:  29% (5/17)        
post_art	Checkout code	2026-02-19T19:49:59.0004186Z remote: Counting objects:  35% (6/17)        
post_art	Checkout code	2026-02-19T19:49:59.0005033Z remote: Counting objects:  41% (7/17)        
post_art	Checkout code	2026-02-19T19:49:59.0005886Z remote: Counting objects:  47% (8/17)        
post_art	Checkout code	2026-02-19T19:49:59.0006516Z remote: Counting objects:  52% (9/17)        
post_art	Checkout code	2026-02-19T19:49:59.0007147Z remote: Counting objects:  58% (10/17)        
post_art	Checkout code	2026-02-19T19:49:59.0008056Z remote: Counting objects:  64% (11/17)        
post_art	Checkout code	2026-02-19T19:49:59.0009094Z remote: Counting objects:  70% (12/17)        
post_art	Checkout code	2026-02-19T19:49:59.0010095Z remote: Counting objects:  76% (13/17)        
post_art	Checkout code	2026-02-19T19:49:59.0011143Z remote: Counting objects:  82% (14/17)        
post_art	Checkout code	2026-02-19T19:49:59.0012167Z remote: Counting objects:  88% (15/17)        
post_art	Checkout code	2026-02-19T19:49:59.0013053Z remote: Counting objects:  94% (16/17)        
post_art	Checkout code	2026-02-19T19:49:59.0014004Z remote: Counting objects: 100% (17/17)        
post_art	Checkout code	2026-02-19T19:49:59.0014680Z remote: Counting objects: 100% (17/17), done.        
post_art	Checkout code	2026-02-19T19:49:59.0015369Z remote: Compressing objects:   7% (1/14)        
post_art	Checkout code	2026-02-19T19:49:59.0016018Z remote: Compressing objects:  14% (2/14)        
post_art	Checkout code	2026-02-19T19:49:59.0016693Z remote: Compressing objects:  21% (3/14)        
post_art	Checkout code	2026-02-19T19:49:59.0017363Z remote: Compressing objects:  28% (4/14)        
post_art	Checkout code	2026-02-19T19:49:59.0018232Z remote: Compressing objects:  35% (5/14)        
post_art	Checkout code	2026-02-19T19:49:59.0018867Z remote: Compressing objects:  42% (6/14)        
post_art	Checkout code	2026-02-19T19:49:59.0019491Z remote: Compressing objects:  50% (7/14)        
post_art	Checkout code	2026-02-19T19:49:59.0020359Z remote: Compressing objects:  57% (8/14)        
post_art	Checkout code	2026-02-19T19:49:59.0021003Z remote: Compressing objects:  64% (9/14)        
post_art	Checkout code	2026-02-19T19:49:59.0023868Z remote: Compressing objects:  71% (10/14)        
post_art	Checkout code	2026-02-19T19:49:59.0024761Z remote: Compressing objects:  78% (11/14)        
post_art	Checkout code	2026-02-19T19:49:59.0030536Z remote: Compressing objects:  85% (12/14)        
post_art	Checkout code	2026-02-19T19:49:59.0031659Z remote: Compressing objects:  92% (13/14)        
post_art	Checkout code	2026-02-19T19:49:59.0032338Z remote: Compressing objects: 100% (14/14)        
post_art	Checkout code	2026-02-19T19:49:59.0033026Z remote: Compressing objects: 100% (14/14), done.        
post_art	Checkout code	2026-02-19T19:49:59.0132267Z remote: Total 17 (delta 1), reused 13 (delta 0), pack-reused 0 (from 0)        
post_art	Checkout code	2026-02-19T19:49:59.0225764Z From https://github.com/ksahis0900-dot/friendlee-ai-art-bot
post_art	Checkout code	2026-02-19T19:49:59.0226700Z  * [new ref]         2b2d1c19bdae30a93837015e077c8423c6314979 -> origin/master
post_art	Checkout code	2026-02-19T19:49:59.0256804Z ##[endgroup]
post_art	Checkout code	2026-02-19T19:49:59.0257575Z ##[group]Determining the checkout info
post_art	Checkout code	2026-02-19T19:49:59.0259075Z ##[endgroup]
post_art	Checkout code	2026-02-19T19:49:59.0259788Z ##[group]Checking out the ref
post_art	Checkout code	2026-02-19T19:49:59.0263029Z [command]/usr/bin/git checkout --progress --force -B master refs/remotes/origin/master
post_art	Checkout code	2026-02-19T19:49:59.0320065Z Reset branch 'master'
post_art	Checkout code	2026-02-19T19:49:59.0323498Z branch 'master' set up to track 'origin/master'.
post_art	Checkout code	2026-02-19T19:49:59.0330410Z ##[endgroup]
post_art	Checkout code	2026-02-19T19:49:59.0364247Z [command]/usr/bin/git log -1 --format='%H'
post_art	Checkout code	2026-02-19T19:49:59.0386491Z '2b2d1c19bdae30a93837015e077c8423c6314979'
post_art	Set up Python	Ôªø2026-02-19T19:49:59.0619603Z ##[group]Run actions/setup-python@v4
post_art	Set up Python	2026-02-19T19:49:59.0620195Z with:
post_art	Set up Python	2026-02-19T19:49:59.0620600Z   python-version: 3.9
post_art	Set up Python	2026-02-19T19:49:59.0621060Z   check-latest: false
post_art	Set up Python	2026-02-19T19:49:59.0621685Z   token: ***
post_art	Set up Python	2026-02-19T19:49:59.0622189Z   update-environment: true
post_art	Set up Python	2026-02-19T19:49:59.0622761Z   allow-prereleases: false
post_art	Set up Python	2026-02-19T19:49:59.0623447Z ##[endgroup]
post_art	Set up Python	2026-02-19T19:49:59.2288189Z ##[group]Installed versions
post_art	Set up Python	2026-02-19T19:49:59.2383806Z Version 3.9 was not found in the local cache
post_art	Set up Python	2026-02-19T19:49:59.6138292Z Version 3.9 is available for downloading
post_art	Set up Python	2026-02-19T19:49:59.6141117Z Download from "https://github.com/actions/python-versions/releases/download/3.9.25-19039189640/python-3.9.25-linux-24.04-x64.tar.gz"
post_art	Set up Python	2026-02-19T19:50:00.2857511Z Extract downloaded archive
post_art	Set up Python	2026-02-19T19:50:00.2959143Z [command]/usr/bin/tar xz --warning=no-unknown-keyword -C /home/runner/work/_temp/8f226283-905a-4f00-bdc7-961d0fa1f396 -f /home/runner/work/_temp/e9a74789-e217-4755-94f9-53d69310dae7
post_art	Set up Python	2026-02-19T19:50:01.6794252Z Execute installation script
post_art	Set up Python	2026-02-19T19:50:01.6884576Z Check if Python hostedtoolcache folder exist...
post_art	Set up Python	2026-02-19T19:50:01.6885803Z Create Python 3.9.25 folder
post_art	Set up Python	2026-02-19T19:50:01.6898303Z Copy Python binaries to hostedtoolcache folder
post_art	Set up Python	2026-02-19T19:50:02.1936574Z Create additional symlinks (Required for the UsePythonVersion Azure Pipelines task and the setup-python GitHub Action)
post_art	Set up Python	2026-02-19T19:50:02.1977391Z Upgrading pip...
post_art	Set up Python	2026-02-19T19:50:04.4263128Z Looking in links: /tmp/tmp9h2vmn3o
post_art	Set up Python	2026-02-19T19:50:04.4267548Z Requirement already satisfied: setuptools in /opt/hostedtoolcache/Python/3.9.25/x64/lib/python3.9/site-packages (79.0.1)
post_art	Set up Python	2026-02-19T19:50:04.4272124Z Requirement already satisfied: pip in /opt/hostedtoolcache/Python/3.9.25/x64/lib/python3.9/site-packages (23.0.1)
post_art	Set up Python	2026-02-19T19:50:05.6722365Z Collecting pip
post_art	Set up Python	2026-02-19T19:50:05.7271616Z Downloading pip-26.0.1-py3-none-any.whl (1.8 MB)
post_art	Set up Python	2026-02-19T19:50:05.8104214Z ‚îÅ‚îÅ‚îÅ‚îÅ‚îÅ‚îÅ‚îÅ‚îÅ‚îÅ‚îÅ‚îÅ‚îÅ‚îÅ‚îÅ‚îÅ‚îÅ‚îÅ‚îÅ‚îÅ‚îÅ‚îÅ‚îÅ‚îÅ‚îÅ‚îÅ‚îÅ‚îÅ‚îÅ‚îÅ‚îÅ‚îÅ‚îÅ‚îÅ‚îÅ‚îÅ‚îÅ‚îÅ‚îÅ‚îÅ‚îÅ 1.8/1.8 MB 22.2 MB/s eta 0:00:00
post_art	Set up Python	2026-02-19T19:50:05.8106143Z 
post_art	Set up Python	2026-02-19T19:50:05.8694340Z Installing collected packages: pip
post_art	Set up Python	2026-02-19T19:50:05.8704416Z Attempting uninstall: pip
post_art	Set up Python	2026-02-19T19:50:05.8704959Z Found existing installation: pip 23.0.1
post_art	Set up Python	2026-02-19T19:50:06.0559816Z Uninstalling pip-23.0.1:
post_art	Set up Python	2026-02-19T19:50:06.0630179Z Successfully uninstalled pip-23.0.1
post_art	Set up Python	2026-02-19T19:50:06.8904043Z Successfully installed pip-26.0.1
post_art	Set up Python	2026-02-19T19:50:06.9437955Z Create complete file
post_art	Set up Python	2026-02-19T19:50:06.9488549Z Successfully set up CPython (3.9.25)
post_art	Set up Python	2026-02-19T19:50:06.9489389Z ##[endgroup]
post_art	Install dependencies	Ôªø2026-02-19T19:50:06.9633157Z ##[group]Run pip install -r requirements.txt
post_art	Install dependencies	2026-02-19T19:50:06.9633829Z [36;1mpip install -r requirements.txt[0m
post_art	Install dependencies	2026-02-19T19:50:06.9671605Z shell: /usr/bin/bash -e {0}
post_art	Install dependencies	2026-02-19T19:50:06.9671910Z env:
post_art	Install dependencies	2026-02-19T19:50:06.9672211Z   pythonLocation: /opt/hostedtoolcache/Python/3.9.25/x64
post_art	Install dependencies	2026-02-19T19:50:06.9672683Z   PKG_CONFIG_PATH: /opt/hostedtoolcache/Python/3.9.25/x64/lib/pkgconfig
post_art	Install dependencies	2026-02-19T19:50:06.9673140Z   Python_ROOT_DIR: /opt/hostedtoolcache/Python/3.9.25/x64
post_art	Install dependencies	2026-02-19T19:50:06.9673758Z   Python2_ROOT_DIR: /opt/hostedtoolcache/Python/3.9.25/x64
post_art	Install dependencies	2026-02-19T19:50:06.9674152Z   Python3_ROOT_DIR: /opt/hostedtoolcache/Python/3.9.25/x64
post_art	Install dependencies	2026-02-19T19:50:06.9674558Z   LD_LIBRARY_PATH: /opt/hostedtoolcache/Python/3.9.25/x64/lib
post_art	Install dependencies	2026-02-19T19:50:06.9674877Z ##[endgroup]
post_art	Install dependencies	2026-02-19T19:50:07.3659012Z Collecting pyTelegramBotAPI (from -r requirements.txt (line 1))
post_art	Install dependencies	2026-02-19T19:50:07.4101941Z   Downloading pytelegrambotapi-4.31.0-py3-none-any.whl.metadata (48 kB)
post_art	Install dependencies	2026-02-19T19:50:07.4576340Z Collecting requests (from -r requirements.txt (line 2))
post_art	Install dependencies	2026-02-19T19:50:07.4656204Z   Downloading requests-2.32.5-py3-none-any.whl.metadata (4.9 kB)
post_art	Install dependencies	2026-02-19T19:50:07.6956917Z Collecting Pillow (from -r requirements.txt (line 3))
post_art	Install dependencies	2026-02-19T19:50:07.7072316Z   Downloading pillow-11.3.0-cp39-cp39-manylinux_2_27_x86_64.manylinux_2_28_x86_64.whl.metadata (9.0 kB)
post_art	Install dependencies	2026-02-19T19:50:07.7277273Z Collecting google-generativeai (from -r requirements.txt (line 4))
post_art	Install dependencies	2026-02-19T19:50:07.7362664Z   Downloading google_generativeai-0.8.6-py3-none-any.whl.metadata (3.9 kB)
post_art	Install dependencies	2026-02-19T19:50:07.7557989Z Collecting feedparser (from -r requirements.txt (line 5))
post_art	Install dependencies	2026-02-19T19:50:07.7649569Z   Downloading feedparser-6.0.12-py3-none-any.whl.metadata (2.7 kB)
post_art	Install dependencies	2026-02-19T19:50:07.8620879Z Collecting charset_normalizer<4,>=2 (from requests->-r requirements.txt (line 2))
post_art	Install dependencies	2026-02-19T19:50:07.8704811Z   Downloading charset_normalizer-3.4.4-cp39-cp39-manylinux2014_x86_64.manylinux_2_17_x86_64.manylinux_2_28_x86_64.whl.metadata (37 kB)
post_art	Install dependencies	2026-02-19T19:50:07.8928321Z Collecting idna<4,>=2.5 (from requests->-r requirements.txt (line 2))
post_art	Install dependencies	2026-02-19T19:50:07.9006899Z   Downloading idna-3.11-py3-none-any.whl.metadata (8.4 kB)
post_art	Install dependencies	2026-02-19T19:50:07.9321396Z Collecting urllib3<3,>=1.21.1 (from requests->-r requirements.txt (line 2))
post_art	Install dependencies	2026-02-19T19:50:07.9400716Z   Downloading urllib3-2.6.3-py3-none-any.whl.metadata (6.9 kB)
post_art	Install dependencies	2026-02-19T19:50:07.9659982Z Collecting certifi>=2017.4.17 (from requests->-r requirements.txt (line 2))
post_art	Install dependencies	2026-02-19T19:50:07.9736354Z   Downloading certifi-2026.1.4-py3-none-any.whl.metadata (2.5 kB)
post_art	Install dependencies	2026-02-19T19:50:07.9930136Z Collecting google-ai-generativelanguage==0.6.15 (from google-generativeai->-r requirements.txt (line 4))
post_art	Install dependencies	2026-02-19T19:50:08.0009828Z   Downloading google_ai_generativelanguage-0.6.15-py3-none-any.whl.metadata (5.7 kB)
post_art	Install dependencies	2026-02-19T19:50:08.0429487Z Collecting google-api-core (from google-generativeai->-r requirements.txt (line 4))
post_art	Install dependencies	2026-02-19T19:50:08.0505364Z   Downloading google_api_core-2.30.0-py3-none-any.whl.metadata (3.1 kB)
post_art	Install dependencies	2026-02-19T19:50:08.1154320Z Collecting google-api-python-client (from google-generativeai->-r requirements.txt (line 4))
post_art	Install dependencies	2026-02-19T19:50:08.1249949Z   Downloading google_api_python_client-2.190.0-py3-none-any.whl.metadata (7.0 kB)
post_art	Install dependencies	2026-02-19T19:50:08.1682149Z Collecting google-auth>=2.15.0 (from google-generativeai->-r requirements.txt (line 4))
post_art	Install dependencies	2026-02-19T19:50:08.1773607Z   Downloading google_auth-2.48.0-py3-none-any.whl.metadata (6.2 kB)
post_art	Install dependencies	2026-02-19T19:50:08.3925803Z Collecting protobuf (from google-generativeai->-r requirements.txt (line 4))
post_art	Install dependencies	2026-02-19T19:50:08.4023139Z   Downloading protobuf-6.33.5-cp39-abi3-manylinux2014_x86_64.whl.metadata (593 bytes)
post_art	Install dependencies	2026-02-19T19:50:08.5459437Z Collecting pydantic (from google-generativeai->-r requirements.txt (line 4))
post_art	Install dependencies	2026-02-19T19:50:08.5546718Z   Downloading pydantic-2.12.5-py3-none-any.whl.metadata (90 kB)
post_art	Install dependencies	2026-02-19T19:50:08.6037472Z Collecting tqdm (from google-generativeai->-r requirements.txt (line 4))
post_art	Install dependencies	2026-02-19T19:50:08.6116054Z   Downloading tqdm-4.67.3-py3-none-any.whl.metadata (57 kB)
post_art	Install dependencies	2026-02-19T19:50:08.6402330Z Collecting typing-extensions (from google-generativeai->-r requirements.txt (line 4))
post_art	Install dependencies	2026-02-19T19:50:08.6480551Z   Downloading typing_extensions-4.15.0-py3-none-any.whl.metadata (3.3 kB)
post_art	Install dependencies	2026-02-19T19:50:08.7074114Z Collecting google-auth>=2.15.0 (from google-generativeai->-r requirements.txt (line 4))
post_art	Install dependencies	2026-02-19T19:50:08.7156437Z   Downloading google_auth-2.49.0.dev0-py3-none-any.whl.metadata (6.0 kB)
post_art	Install dependencies	2026-02-19T19:50:08.7443710Z Collecting proto-plus<2.0.0dev,>=1.22.3 (from google-ai-generativelanguage==0.6.15->google-generativeai->-r requirements.txt (line 4))
post_art	Install dependencies	2026-02-19T19:50:08.7520237Z   Downloading proto_plus-1.27.1-py3-none-any.whl.metadata (2.2 kB)
post_art	Install dependencies	2026-02-19T19:50:08.7908742Z Collecting protobuf (from google-generativeai->-r requirements.txt (line 4))
post_art	Install dependencies	2026-02-19T19:50:08.7993935Z   Downloading protobuf-5.29.6-cp38-abi3-manylinux2014_x86_64.whl.metadata (592 bytes)
post_art	Install dependencies	2026-02-19T19:50:08.8234576Z Collecting googleapis-common-protos<2.0.0,>=1.56.3 (from google-api-core->google-generativeai->-r requirements.txt (line 4))
post_art	Install dependencies	2026-02-19T19:50:08.8312457Z   Downloading googleapis_common_protos-1.72.0-py3-none-any.whl.metadata (9.4 kB)
post_art	Install dependencies	2026-02-19T19:50:09.5074804Z Collecting grpcio<2.0.0,>=1.33.2 (from google-api-core[grpc]!=2.0.*,!=2.1.*,!=2.10.*,!=2.2.*,!=2.3.*,!=2.4.*,!=2.5.*,!=2.6.*,!=2.7.*,!=2.8.*,!=2.9.*,<3.0.0dev,>=1.34.1->google-ai-generativelanguage==0.6.15->google-generativeai->-r requirements.txt (line 4))
post_art	Install dependencies	2026-02-19T19:50:09.5273810Z   Downloading grpcio-1.78.0-cp39-cp39-manylinux2014_x86_64.manylinux_2_17_x86_64.whl.metadata (3.8 kB)
post_art	Install dependencies	2026-02-19T19:50:09.6127609Z Collecting grpcio-status<2.0.0,>=1.33.2 (from google-api-core[grpc]!=2.0.*,!=2.1.*,!=2.10.*,!=2.2.*,!=2.3.*,!=2.4.*,!=2.5.*,!=2.6.*,!=2.7.*,!=2.8.*,!=2.9.*,<3.0.0dev,>=1.34.1->google-ai-generativelanguage==0.6.15->google-generativeai->-r requirements.txt (line 4))
post_art	Install dependencies	2026-02-19T19:50:09.6207840Z   Downloading grpcio_status-1.78.0-py3-none-any.whl.metadata (1.3 kB)
post_art	Install dependencies	2026-02-19T19:50:09.6459086Z Collecting pyasn1-modules>=0.2.1 (from google-auth>=2.15.0->google-generativeai->-r requirements.txt (line 4))
post_art	Install dependencies	2026-02-19T19:50:09.6539035Z   Downloading pyasn1_modules-0.4.2-py3-none-any.whl.metadata (3.5 kB)
post_art	Install dependencies	2026-02-19T19:50:09.8650035Z Collecting cryptography>=38.0.3 (from google-auth>=2.15.0->google-generativeai->-r requirements.txt (line 4))
post_art	Install dependencies	2026-02-19T19:50:09.8737194Z   Downloading cryptography-46.0.5-cp38-abi3-manylinux_2_34_x86_64.whl.metadata (5.7 kB)
post_art	Install dependencies	2026-02-19T19:50:09.9063016Z INFO: pip is looking at multiple versions of grpcio-status to determine which version is compatible with other requirements. This could take a while.
post_art	Install dependencies	2026-02-19T19:50:09.9069278Z Collecting grpcio-status<2.0.0,>=1.33.2 (from google-api-core[grpc]!=2.0.*,!=2.1.*,!=2.10.*,!=2.2.*,!=2.3.*,!=2.4.*,!=2.5.*,!=2.6.*,!=2.7.*,!=2.8.*,!=2.9.*,<3.0.0dev,>=1.34.1->google-ai-generativelanguage==0.6.15->google-generativeai->-r requirements.txt (line 4))
post_art	Install dependencies	2026-02-19T19:50:09.9147804Z   Downloading grpcio_status-1.76.0-py3-none-any.whl.metadata (1.1 kB)
post_art	Install dependencies	2026-02-19T19:50:09.9263212Z   Downloading grpcio_status-1.75.1-py3-none-any.whl.metadata (1.1 kB)
post_art	Install dependencies	2026-02-19T19:50:09.9393722Z   Downloading grpcio_status-1.75.0-py3-none-any.whl.metadata (1.1 kB)
post_art	Install dependencies	2026-02-19T19:50:09.9528058Z   Downloading grpcio_status-1.74.0-py3-none-any.whl.metadata (1.1 kB)
post_art	Install dependencies	2026-02-19T19:50:09.9651700Z   Downloading grpcio_status-1.73.1-py3-none-any.whl.metadata (1.1 kB)
post_art	Install dependencies	2026-02-19T19:50:09.9964676Z   Downloading grpcio_status-1.73.0-py3-none-any.whl.metadata (1.1 kB)
post_art	Install dependencies	2026-02-19T19:50:10.0082940Z   Downloading grpcio_status-1.72.2-py3-none-any.whl.metadata (1.1 kB)
post_art	Install dependencies	2026-02-19T19:50:10.0115211Z INFO: pip is still looking at multiple versions of grpcio-status to determine which version is compatible with other requirements. This could take a while.
post_art	Install dependencies	2026-02-19T19:50:10.0195676Z   Downloading grpcio_status-1.72.1-py3-none-any.whl.metadata (1.1 kB)
post_art	Install dependencies	2026-02-19T19:50:10.0303814Z   Downloading grpcio_status-1.71.2-py3-none-any.whl.metadata (1.1 kB)
post_art	Install dependencies	2026-02-19T19:50:10.1085696Z Collecting sgmllib3k (from feedparser->-r requirements.txt (line 5))
post_art	Install dependencies	2026-02-19T19:50:10.1166722Z   Downloading sgmllib3k-1.0.0.tar.gz (5.8 kB)
post_art	Install dependencies	2026-02-19T19:50:10.1241621Z   Installing build dependencies: started
post_art	Install dependencies	2026-02-19T19:50:10.9195780Z   Installing build dependencies: finished with status 'done'
post_art	Install dependencies	2026-02-19T19:50:10.9205997Z   Getting requirements to build wheel: started
post_art	Install dependencies	2026-02-19T19:50:11.2608504Z   Getting requirements to build wheel: finished with status 'done'
post_art	Install dependencies	2026-02-19T19:50:11.2622018Z   Preparing metadata (pyproject.toml): started
post_art	Install dependencies	2026-02-19T19:50:11.4352794Z   Preparing metadata (pyproject.toml): finished with status 'done'
post_art	Install dependencies	2026-02-19T19:50:11.5616002Z Collecting cffi>=2.0.0 (from cryptography>=38.0.3->google-auth>=2.15.0->google-generativeai->-r requirements.txt (line 4))
post_art	Install dependencies	2026-02-19T19:50:11.5697061Z   Downloading cffi-2.0.0-cp39-cp39-manylinux2014_x86_64.manylinux_2_17_x86_64.whl.metadata (2.6 kB)
post_art	Install dependencies	2026-02-19T19:50:11.5889028Z Collecting pycparser (from cffi>=2.0.0->cryptography>=38.0.3->google-auth>=2.15.0->google-generativeai->-r requirements.txt (line 4))
post_art	Install dependencies	2026-02-19T19:50:11.5988849Z   Downloading pycparser-2.23-py3-none-any.whl.metadata (993 bytes)
post_art	Install dependencies	2026-02-19T19:50:11.6305315Z Collecting pyasn1<0.7.0,>=0.6.1 (from pyasn1-modules>=0.2.1->google-auth>=2.15.0->google-generativeai->-r requirements.txt (line 4))
post_art	Install dependencies	2026-02-19T19:50:11.6383632Z   Downloading pyasn1-0.6.2-py3-none-any.whl.metadata (8.4 kB)
post_art	Install dependencies	2026-02-19T19:50:11.6587871Z Collecting httplib2<1.0.0,>=0.19.0 (from google-api-python-client->google-generativeai->-r requirements.txt (line 4))
post_art	Install dependencies	2026-02-19T19:50:11.6664394Z   Downloading httplib2-0.31.2-py3-none-any.whl.metadata (2.2 kB)
post_art	Install dependencies	2026-02-19T19:50:11.6995282Z Collecting google-auth-httplib2<1.0.0,>=0.2.0 (from google-api-python-client->google-generativeai->-r requirements.txt (line 4))
post_art	Install dependencies	2026-02-19T19:50:11.7072065Z   Downloading google_auth_httplib2-0.3.0-py3-none-any.whl.metadata (3.1 kB)
post_art	Install dependencies	2026-02-19T19:50:11.7230375Z Collecting uritemplate<5,>=3.0.1 (from google-api-python-client->google-generativeai->-r requirements.txt (line 4))
post_art	Install dependencies	2026-02-19T19:50:11.7307780Z   Downloading uritemplate-4.2.0-py3-none-any.whl.metadata (2.6 kB)
post_art	Install dependencies	2026-02-19T19:50:11.7627350Z Collecting pyparsing<4,>=3.1 (from httplib2<1.0.0,>=0.19.0->google-api-python-client->google-generativeai->-r requirements.txt (line 4))
post_art	Install dependencies	2026-02-19T19:50:11.7707098Z   Downloading pyparsing-3.3.2-py3-none-any.whl.metadata (5.8 kB)
post_art	Install dependencies	2026-02-19T19:50:11.7870372Z Collecting annotated-types>=0.6.0 (from pydantic->google-generativeai->-r requirements.txt (line 4))
post_art	Install dependencies	2026-02-19T19:50:11.7948785Z   Downloading annotated_types-0.7.0-py3-none-any.whl.metadata (15 kB)
post_art	Install dependencies	2026-02-19T19:50:12.7019267Z Collecting pydantic-core==2.41.5 (from pydantic->google-generativeai->-r requirements.txt (line 4))
post_art	Install dependencies	2026-02-19T19:50:12.7124230Z   Downloading pydantic_core-2.41.5-cp39-cp39-manylinux_2_17_x86_64.manylinux2014_x86_64.whl.metadata (7.3 kB)
post_art	Install dependencies	2026-02-19T19:50:12.7301414Z Collecting typing-inspection>=0.4.2 (from pydantic->google-generativeai->-r requirements.txt (line 4))
post_art	Install dependencies	2026-02-19T19:50:12.7381559Z   Downloading typing_inspection-0.4.2-py3-none-any.whl.metadata (2.6 kB)
post_art	Install dependencies	2026-02-19T19:50:12.7629542Z Downloading pytelegrambotapi-4.31.0-py3-none-any.whl (304 kB)
post_art	Install dependencies	2026-02-19T19:50:12.7972397Z Downloading requests-2.32.5-py3-none-any.whl (64 kB)
post_art	Install dependencies	2026-02-19T19:50:12.8088448Z Downloading charset_normalizer-3.4.4-cp39-cp39-manylinux2014_x86_64.manylinux_2_17_x86_64.manylinux_2_28_x86_64.whl (153 kB)
post_art	Install dependencies	2026-02-19T19:50:12.8261068Z Downloading idna-3.11-py3-none-any.whl (71 kB)
post_art	Install dependencies	2026-02-19T19:50:12.8370290Z Downloading urllib3-2.6.3-py3-none-any.whl (131 kB)
post_art	Install dependencies	2026-02-19T19:50:12.8556715Z Downloading pillow-11.3.0-cp39-cp39-manylinux_2_27_x86_64.manylinux_2_28_x86_64.whl (6.6 MB)
post_art	Install dependencies	2026-02-19T19:50:13.0290210Z    ‚îÅ‚îÅ‚îÅ‚îÅ‚îÅ‚îÅ‚îÅ‚îÅ‚îÅ‚îÅ‚îÅ‚îÅ‚îÅ‚îÅ‚îÅ‚îÅ‚îÅ‚îÅ‚îÅ‚îÅ‚îÅ‚îÅ‚îÅ‚îÅ‚îÅ‚îÅ‚îÅ‚îÅ‚îÅ‚îÅ‚îÅ‚îÅ‚îÅ‚îÅ‚îÅ‚îÅ‚îÅ‚îÅ‚îÅ‚îÅ 6.6/6.6 MB 40.1 MB/s  0:00:00
post_art	Install dependencies	2026-02-19T19:50:13.0367334Z Downloading google_generativeai-0.8.6-py3-none-any.whl (155 kB)
post_art	Install dependencies	2026-02-19T19:50:13.0500600Z Downloading google_ai_generativelanguage-0.6.15-py3-none-any.whl (1.3 MB)
post_art	Install dependencies	2026-02-19T19:50:13.0713184Z    ‚îÅ‚îÅ‚îÅ‚îÅ‚îÅ‚îÅ‚îÅ‚îÅ‚îÅ‚îÅ‚îÅ‚îÅ‚îÅ‚îÅ‚îÅ‚îÅ‚îÅ‚îÅ‚îÅ‚îÅ‚îÅ‚îÅ‚îÅ‚îÅ‚îÅ‚îÅ‚îÅ‚îÅ‚îÅ‚îÅ‚îÅ‚îÅ‚îÅ‚îÅ‚îÅ‚îÅ‚îÅ‚îÅ‚îÅ‚îÅ 1.3/1.3 MB 62.0 MB/s  0:00:00
post_art	Install dependencies	2026-02-19T19:50:13.0790949Z Downloading google_api_core-2.30.0-py3-none-any.whl (173 kB)
post_art	Install dependencies	2026-02-19T19:50:13.0898179Z Downloading google_auth-2.49.0.dev0-py3-none-any.whl (236 kB)
post_art	Install dependencies	2026-02-19T19:50:13.1010789Z Downloading googleapis_common_protos-1.72.0-py3-none-any.whl (297 kB)
post_art	Install dependencies	2026-02-19T19:50:13.1152168Z Downloading grpcio-1.78.0-cp39-cp39-manylinux2014_x86_64.manylinux_2_17_x86_64.whl (6.7 MB)
post_art	Install dependencies	2026-02-19T19:50:13.1866744Z    ‚îÅ‚îÅ‚îÅ‚îÅ‚îÅ‚îÅ‚îÅ‚îÅ‚îÅ‚îÅ‚îÅ‚îÅ‚îÅ‚îÅ‚îÅ‚îÅ‚îÅ‚îÅ‚îÅ‚îÅ‚îÅ‚îÅ‚îÅ‚îÅ‚îÅ‚îÅ‚îÅ‚îÅ‚îÅ‚îÅ‚îÅ‚îÅ‚îÅ‚îÅ‚îÅ‚îÅ‚îÅ‚îÅ‚îÅ‚îÅ 6.7/6.7 MB 95.5 MB/s  0:00:00
post_art	Install dependencies	2026-02-19T19:50:13.1947598Z Downloading grpcio_status-1.71.2-py3-none-any.whl (14 kB)
post_art	Install dependencies	2026-02-19T19:50:13.2045232Z Downloading proto_plus-1.27.1-py3-none-any.whl (50 kB)
post_art	Install dependencies	2026-02-19T19:50:13.2142906Z Downloading protobuf-5.29.6-cp38-abi3-manylinux2014_x86_64.whl (320 kB)
post_art	Install dependencies	2026-02-19T19:50:13.2271298Z Downloading typing_extensions-4.15.0-py3-none-any.whl (44 kB)
post_art	Install dependencies	2026-02-19T19:50:13.2369507Z Downloading feedparser-6.0.12-py3-none-any.whl (81 kB)
post_art	Install dependencies	2026-02-19T19:50:13.2480951Z Downloading certifi-2026.1.4-py3-none-any.whl (152 kB)
post_art	Install dependencies	2026-02-19T19:50:13.2585101Z Downloading cryptography-46.0.5-cp38-abi3-manylinux_2_34_x86_64.whl (4.5 MB)
post_art	Install dependencies	2026-02-19T19:50:13.2996750Z    ‚îÅ‚îÅ‚îÅ‚îÅ‚îÅ‚îÅ‚îÅ‚îÅ‚îÅ‚îÅ‚îÅ‚îÅ‚îÅ‚îÅ‚îÅ‚îÅ‚îÅ‚îÅ‚îÅ‚îÅ‚îÅ‚îÅ‚îÅ‚îÅ‚îÅ‚îÅ‚îÅ‚îÅ‚îÅ‚îÅ‚îÅ‚îÅ‚îÅ‚îÅ‚îÅ‚îÅ‚îÅ‚îÅ‚îÅ‚îÅ 4.5/4.5 MB 108.9 MB/s  0:00:00
post_art	Install dependencies	2026-02-19T19:50:13.3077695Z Downloading cffi-2.0.0-cp39-cp39-manylinux2014_x86_64.manylinux_2_17_x86_64.whl (216 kB)
post_art	Install dependencies	2026-02-19T19:50:13.3182851Z Downloading pyasn1_modules-0.4.2-py3-none-any.whl (181 kB)
post_art	Install dependencies	2026-02-19T19:50:13.3286027Z Downloading pyasn1-0.6.2-py3-none-any.whl (83 kB)
post_art	Install dependencies	2026-02-19T19:50:13.3383822Z Downloading google_api_python_client-2.190.0-py3-none-any.whl (14.7 MB)
post_art	Install dependencies	2026-02-19T19:50:13.4266322Z    ‚îÅ‚îÅ‚îÅ‚îÅ‚îÅ‚îÅ‚îÅ‚îÅ‚îÅ‚îÅ‚îÅ‚îÅ‚îÅ‚îÅ‚îÅ‚îÅ‚îÅ‚îÅ‚îÅ‚îÅ‚îÅ‚îÅ‚îÅ‚îÅ‚îÅ‚îÅ‚îÅ‚îÅ‚îÅ‚îÅ‚îÅ‚îÅ‚îÅ‚îÅ‚îÅ‚îÅ‚îÅ‚îÅ‚îÅ‚îÅ 14.7/14.7 MB 168.8 MB/s  0:00:00
post_art	Install dependencies	2026-02-19T19:50:13.4346840Z Downloading google_auth_httplib2-0.3.0-py3-none-any.whl (9.5 kB)
post_art	Install dependencies	2026-02-19T19:50:13.4442816Z Downloading httplib2-0.31.2-py3-none-any.whl (91 kB)
post_art	Install dependencies	2026-02-19T19:50:13.4550420Z Downloading pyparsing-3.3.2-py3-none-any.whl (122 kB)
post_art	Install dependencies	2026-02-19T19:50:13.4653686Z Downloading uritemplate-4.2.0-py3-none-any.whl (11 kB)
post_art	Install dependencies	2026-02-19T19:50:13.4752116Z Downloading pycparser-2.23-py3-none-any.whl (118 kB)
post_art	Install dependencies	2026-02-19T19:50:13.4853033Z Downloading pydantic-2.12.5-py3-none-any.whl (463 kB)
post_art	Install dependencies	2026-02-19T19:50:13.5104507Z Downloading pydantic_core-2.41.5-cp39-cp39-manylinux_2_17_x86_64.manylinux2014_x86_64.whl (2.1 MB)
post_art	Install dependencies	2026-02-19T19:50:13.5281578Z    ‚îÅ‚îÅ‚îÅ‚îÅ‚îÅ‚îÅ‚îÅ‚îÅ‚îÅ‚îÅ‚îÅ‚îÅ‚îÅ‚îÅ‚îÅ‚îÅ‚îÅ‚îÅ‚îÅ‚îÅ‚îÅ‚îÅ‚îÅ‚îÅ‚îÅ‚îÅ‚îÅ‚îÅ‚îÅ‚îÅ‚îÅ‚îÅ‚îÅ‚îÅ‚îÅ‚îÅ‚îÅ‚îÅ‚îÅ‚îÅ 2.1/2.1 MB 136.1 MB/s  0:00:00
post_art	Install dependencies	2026-02-19T19:50:13.5362976Z Downloading annotated_types-0.7.0-py3-none-any.whl (13 kB)
post_art	Install dependencies	2026-02-19T19:50:13.5461938Z Downloading typing_inspection-0.4.2-py3-none-any.whl (14 kB)
post_art	Install dependencies	2026-02-19T19:50:13.5556472Z Downloading tqdm-4.67.3-py3-none-any.whl (78 kB)
post_art	Install dependencies	2026-02-19T19:50:13.6195906Z Building wheels for collected packages: sgmllib3k
post_art	Install dependencies	2026-02-19T19:50:13.6204976Z   Building wheel for sgmllib3k (pyproject.toml): started
post_art	Install dependencies	2026-02-19T19:50:13.8253502Z   Building wheel for sgmllib3k (pyproject.toml): finished with status 'done'
post_art	Install dependencies	2026-02-19T19:50:13.8260873Z   Created wheel for sgmllib3k: filename=sgmllib3k-1.0.0-py3-none-any.whl size=6091 sha256=4f7e32e0311787eff8fc311a0cff88d86d6236798f09fc4d0c23516571e97f2f
post_art	Install dependencies	2026-02-19T19:50:13.8262466Z   Stored in directory: /home/runner/.cache/pip/wheels/65/7a/a7/78c287f64e401255dff4c13fdbc672fed5efbfd21c530114e1
post_art	Install dependencies	2026-02-19T19:50:13.8281157Z Successfully built sgmllib3k
post_art	Install dependencies	2026-02-19T19:50:13.9045701Z Installing collected packages: sgmllib3k, urllib3, uritemplate, typing-extensions, tqdm, pyparsing, pycparser, pyasn1, protobuf, Pillow, idna, feedparser, charset_normalizer, certifi, annotated-types, typing-inspection, requests, pydantic-core, pyasn1-modules, proto-plus, httplib2, grpcio, googleapis-common-protos, cffi, pyTelegramBotAPI, pydantic, grpcio-status, cryptography, google-auth, google-auth-httplib2, google-api-core, google-api-python-client, google-ai-generativelanguage, google-generativeai
post_art	Install dependencies	2026-02-19T19:50:17.2579303Z 
post_art	Install dependencies	2026-02-19T19:50:17.2639635Z Successfully installed Pillow-11.3.0 annotated-types-0.7.0 certifi-2026.1.4 cffi-2.0.0 charset_normalizer-3.4.4 cryptography-46.0.5 feedparser-6.0.12 google-ai-generativelanguage-0.6.15 google-api-core-2.30.0 google-api-python-client-2.190.0 google-auth-2.49.0.dev0 google-auth-httplib2-0.3.0 google-generativeai-0.8.6 googleapis-common-protos-1.72.0 grpcio-1.78.0 grpcio-status-1.71.2 httplib2-0.31.2 idna-3.11 proto-plus-1.27.1 protobuf-5.29.6 pyTelegramBotAPI-4.31.0 pyasn1-0.6.2 pyasn1-modules-0.4.2 pycparser-2.23 pydantic-2.12.5 pydantic-core-2.41.5 pyparsing-3.3.2 requests-2.32.5 sgmllib3k-1.0.0 tqdm-4.67.3 typing-extensions-4.15.0 typing-inspection-0.4.2 uritemplate-4.2.0 urllib3-2.6.3
post_art	List files	Ôªø2026-02-19T19:50:17.8480962Z ##[group]Run ls -la
post_art	List files	2026-02-19T19:50:17.8481247Z [36;1mls -la[0m
post_art	List files	2026-02-19T19:50:17.8515438Z shell: /usr/bin/bash -e {0}
post_art	List files	2026-02-19T19:50:17.8515696Z env:
post_art	List files	2026-02-19T19:50:17.8515963Z   pythonLocation: /opt/hostedtoolcache/Python/3.9.25/x64
post_art	List files	2026-02-19T19:50:17.8516406Z   PKG_CONFIG_PATH: /opt/hostedtoolcache/Python/3.9.25/x64/lib/pkgconfig
post_art	List files	2026-02-19T19:50:17.8516828Z   Python_ROOT_DIR: /opt/hostedtoolcache/Python/3.9.25/x64
post_art	List files	2026-02-19T19:50:17.8517204Z   Python2_ROOT_DIR: /opt/hostedtoolcache/Python/3.9.25/x64
post_art	List files	2026-02-19T19:50:17.8517595Z   Python3_ROOT_DIR: /opt/hostedtoolcache/Python/3.9.25/x64
post_art	List files	2026-02-19T19:50:17.8517973Z   LD_LIBRARY_PATH: /opt/hostedtoolcache/Python/3.9.25/x64/lib
post_art	List files	2026-02-19T19:50:17.8518289Z ##[endgroup]
post_art	List files	2026-02-19T19:50:17.8589409Z total 220
post_art	List files	2026-02-19T19:50:17.8589864Z drwxr-xr-x 4 runner runner  4096 Feb 19 19:49 .
post_art	List files	2026-02-19T19:50:17.8590434Z drwxr-xr-x 3 runner runner  4096 Feb 19 19:49 ..
post_art	List files	2026-02-19T19:50:17.8591070Z drwxr-xr-x 7 runner runner  4096 Feb 19 19:49 .git
post_art	List files	2026-02-19T19:50:17.8591840Z drwxr-xr-x 3 runner runner  4096 Feb 19 19:49 .github
post_art	List files	2026-02-19T19:50:17.8592608Z -rw-r--r-- 1 runner runner 38980 Feb 19 19:49 Roadmap_RUS.docx
post_art	List files	2026-02-19T19:50:17.8593731Z -rw-r--r-- 1 runner runner 48420 Feb 19 19:49 current_debug.txt
post_art	List files	2026-02-19T19:50:17.8594452Z -rw-r--r-- 1 runner runner   780 Feb 19 19:49 debug_models.py
post_art	List files	2026-02-19T19:50:17.8594953Z -rw-r--r-- 1 runner runner 45159 Feb 19 19:49 full_log.txt
post_art	List files	2026-02-19T19:50:17.8595416Z -rw-r--r-- 1 runner runner  1636 Feb 19 19:49 gen_docx.py
post_art	List files	2026-02-19T19:50:17.8595874Z -rw-r--r-- 1 runner runner  2210 Feb 19 19:49 gen_pdf.py
post_art	List files	2026-02-19T19:50:17.8596342Z -rw-r--r-- 1 runner runner 18217 Feb 19 19:49 last_test.png
post_art	List files	2026-02-19T19:50:17.8596802Z -rw-r--r-- 1 runner runner 22042 Feb 19 19:49 main.py
post_art	List files	2026-02-19T19:50:17.8597264Z -rw-r--r-- 1 runner runner    64 Feb 19 19:49 requirements.txt
post_art	List files	2026-02-19T19:50:17.8597757Z -rw-r--r-- 1 runner runner     0 Feb 19 19:49 target_log.txt
post_art	List files	2026-02-19T19:50:17.8598231Z -rw-r--r-- 1 runner runner  1206 Feb 19 19:49 test_keys.py
post_art	List files	2026-02-19T19:50:17.8598710Z -rw-r--r-- 1 runner runner  1873 Feb 19 19:49 test_text_gens.py
post_art	Run Art Bot	Ôªø2026-02-19T19:50:17.8632018Z ##[group]Run python3 main.py
post_art	Run Art Bot	2026-02-19T19:50:17.8632317Z [36;1mpython3 main.py[0m
post_art	Run Art Bot	2026-02-19T19:50:17.8664613Z shell: /usr/bin/bash -e {0}
post_art	Run Art Bot	2026-02-19T19:50:17.8664877Z env:
post_art	Run Art Bot	2026-02-19T19:50:17.8665143Z   pythonLocation: /opt/hostedtoolcache/Python/3.9.25/x64
post_art	Run Art Bot	2026-02-19T19:50:17.8665589Z   PKG_CONFIG_PATH: /opt/hostedtoolcache/Python/3.9.25/x64/lib/pkgconfig
post_art	Run Art Bot	2026-02-19T19:50:17.8666017Z   Python_ROOT_DIR: /opt/hostedtoolcache/Python/3.9.25/x64
post_art	Run Art Bot	2026-02-19T19:50:17.8666403Z   Python2_ROOT_DIR: /opt/hostedtoolcache/Python/3.9.25/x64
post_art	Run Art Bot	2026-02-19T19:50:17.8666773Z   Python3_ROOT_DIR: /opt/hostedtoolcache/Python/3.9.25/x64
post_art	Run Art Bot	2026-02-19T19:50:17.8667158Z   LD_LIBRARY_PATH: /opt/hostedtoolcache/Python/3.9.25/x64/lib
post_art	Run Art Bot	2026-02-19T19:50:17.8667763Z   BOT_TOKEN: ***
post_art	Run Art Bot	2026-02-19T19:50:17.8668176Z   CHANNEL_ID: ***
post_art	Run Art Bot	2026-02-19T19:50:17.8668453Z   GOOGLE_KEY: ***
post_art	Run Art Bot	2026-02-19T19:50:17.8668800Z   SILICONFLOW_KEY: ***
post_art	Run Art Bot	2026-02-19T19:50:17.8669080Z   RUNWARE_KEY: ***
post_art	Run Art Bot	2026-02-19T19:50:17.8669310Z   KIE_KEY: ***
post_art	Run Art Bot	2026-02-19T19:50:17.8669589Z   HF_KEY: ***
post_art	Run Art Bot	2026-02-19T19:50:17.8669825Z   CLOUDFLARE_ID: ***
post_art	Run Art Bot	2026-02-19T19:50:17.8670154Z   CLOUDFLARE_TOKEN: ***
post_art	Run Art Bot	2026-02-19T19:50:17.8670385Z ##[endgroup]
post_art	Run Art Bot	2026-02-19T19:50:41.3991249Z üöÄ BOOTING FRIE-ND-LEE ART BOT...
post_art	Run Art Bot	2026-02-19T19:50:41.3993087Z üõ†Ô∏è DEBUG: sys.version: 3.9.25 (main, Nov  3 2025, 15:16:36) 
post_art	Run Art Bot	2026-02-19T19:50:41.3994004Z [GCC 13.3.0]
post_art	Run Art Bot	2026-02-19T19:50:41.3994402Z üõ†Ô∏è DEBUG: sys.argv: ['main.py']
post_art	Run Art Bot	2026-02-19T19:50:41.3994797Z üõ†Ô∏è DEBUG: TOKEN prefix: 85328...
post_art	Run Art Bot	2026-02-19T19:50:41.3995439Z üõ†Ô∏è DEBUG: CHANNEL_ID: '***' (Type: <class 'str'>)
post_art	Run Art Bot	2026-02-19T19:50:41.3995892Z ü§ñ –ë–æ—Ç –∞–≤—Ç–æ—Ä–∏–∑–æ–≤–∞–Ω: @Avatar2026_bot
post_art	Run Art Bot	2026-02-19T19:50:41.3998019Z --- FrieNDLee_FTP BOT (v2.0) üöÄ ---
post_art	Run Art Bot	2026-02-19T19:50:41.3998532Z üì∞ –ò—â—É —Å–≤–µ–∂–∏–µ –Ω–æ–≤–æ—Å—Ç–∏ –ø—Ä–æ –ò–ò...
post_art	Run Art Bot	2026-02-19T19:50:41.3999096Z üì∞ –¢–ï–ú–ê –ò–ó –ù–û–í–û–°–¢–ï–ô: News: Reload wants to give your AI agents a shared memory
post_art	Run Art Bot	2026-02-19T19:50:41.3999606Z üìù Gemini –ø–∏—à–µ—Ç —Ç–µ–∫—Å—Ç...
post_art	Run Art Bot	2026-02-19T19:50:41.3999926Z üìù Gemini –ø–∏—à–µ—Ç —Ç–µ–∫—Å—Ç...
post_art	Run Art Bot	2026-02-19T19:50:41.4000258Z ‚ö†Ô∏è Gemini –º–æ–ª—á–∏—Ç. –ü—Ä–æ–±—É—é Kie.ai...
post_art	Run Art Bot	2026-02-19T19:50:41.4000656Z üß† Kie.ai (DeepSeek) –ø–∏—à–µ—Ç —Ç–µ–∫—Å—Ç...
post_art	Run Art Bot	2026-02-19T19:50:41.4001390Z Kie.ai Error: {"timestamp":1771530618821,"status":404,"error":"Not Found","message":"No message available","path":"/v1/chat/completions"}
post_art	Run Art Bot	2026-02-19T19:50:41.4002218Z ‚ö†Ô∏è –í—Å–µ –º–æ–ª—á–∞—Ç. –ü—Ä–æ–±—É—é Pollinations AI...
post_art	Run Art Bot	2026-02-19T19:50:41.4002668Z üß† Pollinations AI (Backup Brain) –ø–∏—à–µ—Ç —Ç–µ–∫—Å—Ç...
post_art	Run Art Bot	2026-02-19T19:50:41.4003081Z üõ†Ô∏è –ê–≤–∞—Ä–∏–π–Ω—ã–π —à–∞–±–ª–æ–Ω...
post_art	Run Art Bot	2026-02-19T19:50:41.4003619Z üé® SiliconFlow Check...
post_art	Run Art Bot	2026-02-19T19:50:41.4003957Z ‚ùå SILICONFLOW_KEY Invalid (401)
post_art	Run Art Bot	2026-02-19T19:50:41.4004298Z ‚ö° Runware Check...
post_art	Run Art Bot	2026-02-19T19:50:41.4004595Z ‚ö†Ô∏è Runware Status 401
post_art	Run Art Bot	2026-02-19T19:50:41.4004902Z ü§ó HF Check (Router)...
post_art	Run Art Bot	2026-02-19T19:50:41.4005173Z ‚ö†Ô∏è HF Status 403
post_art	Run Art Bot	2026-02-19T19:50:41.4005418Z ‚òÅÔ∏è Cloudflare Check...
post_art	Run Art Bot	2026-02-19T19:50:41.4005668Z ‚ö†Ô∏è Cloudflare Status 401
post_art	Run Art Bot	2026-02-19T19:50:41.4005939Z üåü Gemini Image (–≥–µ–Ω–µ—Ä–∞—Ü–∏—è –∫–∞—Ä—Ç–∏–Ω–∫–∏)...
post_art	Run Art Bot	2026-02-19T19:50:41.4006240Z üé® Gemini Image –≥–µ–Ω–µ—Ä–∏—Ä—É–µ—Ç –∫–∞—Ä—Ç–∏–Ω–∫—É...
post_art	Run Art Bot	2026-02-19T19:50:41.4006554Z üìä Gemini Image Status: 403
post_art	Run Art Bot	2026-02-19T19:50:41.4006811Z ‚ö†Ô∏è Gemini Image Error: {
post_art	Run Art Bot	2026-02-19T19:50:41.4007020Z   "error": {
post_art	Run Art Bot	2026-02-19T19:50:41.4007202Z     "code": 403,
post_art	Run Art Bot	2026-02-19T19:50:41.4007529Z     "message": "Your API key was reported as leaked. Please use another API key.",
post_art	Run Art Bot	2026-02-19T19:50:41.4007947Z     "status": "PERMISSION_DENIED"
post_art	Run Art Bot	2026-02-19T19:50:41.4008185Z   }
post_art	Run Art Bot	2026-02-19T19:50:41.4008350Z }
post_art	Run Art Bot	2026-02-19T19:50:41.4008446Z 
post_art	Run Art Bot	2026-02-19T19:50:41.4008609Z üñºÔ∏è –†–ï–ó–ï–†–í: Picsum Photos (–±–µ—Å–ø–ª–∞—Ç–Ω–æ–µ —Ñ–æ—Ç–æ)...
post_art	Run Art Bot	2026-02-19T19:50:41.4008918Z ‚úÖ Picsum OK! (73717 bytes)
post_art	Run Art Bot	2026-02-19T19:50:41.4009176Z ‚úÖ Image Verified: JPEG
post_art	Run Art Bot	2026-02-19T19:50:41.4009429Z üéâ SUCCESS! Art posted.
post_art	Post Set up Python	Ôªø2026-02-19T19:50:41.4276788Z Post job cleanup.
post_art	Post Checkout code	Ôªø2026-02-19T19:50:41.5951046Z Post job cleanup.
post_art	Post Checkout code	2026-02-19T19:50:41.6694802Z [command]/usr/bin/git version
post_art	Post Checkout code	2026-02-19T19:50:41.6729050Z git version 2.52.0
post_art	Post Checkout code	2026-02-19T19:50:41.6772325Z Temporarily overriding HOME='/home/runner/work/_temp/f94cc74b-2275-4b57-93fb-be221c61d491' before making global git config changes
post_art	Post Checkout code	2026-02-19T19:50:41.6773959Z Adding repository directory to the temporary git global config as a safe directory
post_art	Post Checkout code	2026-02-19T19:50:41.6777596Z [command]/usr/bin/git config --global --add safe.directory /home/runner/work/friendlee-ai-art-bot/friendlee-ai-art-bot
post_art	Post Checkout code	2026-02-19T19:50:41.6808324Z [command]/usr/bin/git config --local --name-only --get-regexp core\.sshCommand
post_art	Post Checkout code	2026-02-19T19:50:41.6837827Z [command]/usr/bin/git submodule foreach --recursive sh -c "git config --local --name-only --get-regexp 'core\.sshCommand' && git config --local --unset-all 'core.sshCommand' || :"
post_art	Post Checkout code	2026-02-19T19:50:41.7066468Z [command]/usr/bin/git config --local --name-only --get-regexp http\.https\:\/\/github\.com\/\.extraheader
post_art	Post Checkout code	2026-02-19T19:50:41.7086190Z http.https://github.com/.extraheader
post_art	Post Checkout code	2026-02-19T19:50:41.7097220Z [command]/usr/bin/git config --local --unset-all http.https://github.com/.extraheader
post_art	Post Checkout code	2026-02-19T19:50:41.7124509Z [command]/usr/bin/git submodule foreach --recursive sh -c "git config --local --name-only --get-regexp 'http\.https\:\/\/github\.com\/\.extraheader' && git config --local --unset-all 'http.https://github.com/.extraheader' || :"
post_art	Complete job	Ôªø2026-02-19T19:50:41.7458224Z Cleaning up orphan processes
