post_art	Set up job	Ôªø2026-02-21T15:04:01.4656657Z Current runner version: '2.331.0'
post_art	Set up job	2026-02-21T15:04:01.4683105Z ##[group]Runner Image Provisioner
post_art	Set up job	2026-02-21T15:04:01.4684131Z Hosted Compute Agent
post_art	Set up job	2026-02-21T15:04:01.4684790Z Version: 20260123.484
post_art	Set up job	2026-02-21T15:04:01.4685556Z Commit: 6bd6555ca37d84114959e1c76d2c01448ff61c5d
post_art	Set up job	2026-02-21T15:04:01.4686355Z Build Date: 2026-01-23T19:41:17Z
post_art	Set up job	2026-02-21T15:04:01.4687130Z Worker ID: {6daab334-7e9a-4d7f-85d7-14ae4ca49f85}
post_art	Set up job	2026-02-21T15:04:01.4687987Z Azure Region: westcentralus
post_art	Set up job	2026-02-21T15:04:01.4688641Z ##[endgroup]
post_art	Set up job	2026-02-21T15:04:01.4690239Z ##[group]Operating System
post_art	Set up job	2026-02-21T15:04:01.4690993Z Ubuntu
post_art	Set up job	2026-02-21T15:04:01.4691542Z 24.04.3
post_art	Set up job	2026-02-21T15:04:01.4692372Z LTS
post_art	Set up job	2026-02-21T15:04:01.4692937Z ##[endgroup]
post_art	Set up job	2026-02-21T15:04:01.4693600Z ##[group]Runner Image
post_art	Set up job	2026-02-21T15:04:01.4694331Z Image: ubuntu-24.04
post_art	Set up job	2026-02-21T15:04:01.4694967Z Version: 20260201.15.1
post_art	Set up job	2026-02-21T15:04:01.4696109Z Included Software: https://github.com/actions/runner-images/blob/ubuntu24/20260201.15/images/ubuntu/Ubuntu2404-Readme.md
post_art	Set up job	2026-02-21T15:04:01.4697958Z Image Release: https://github.com/actions/runner-images/releases/tag/ubuntu24%2F20260201.15
post_art	Set up job	2026-02-21T15:04:01.4699003Z ##[endgroup]
post_art	Set up job	2026-02-21T15:04:01.4700727Z ##[group]GITHUB_TOKEN Permissions
post_art	Set up job	2026-02-21T15:04:01.4703018Z Contents: read
post_art	Set up job	2026-02-21T15:04:01.4703812Z Metadata: read
post_art	Set up job	2026-02-21T15:04:01.4704410Z Packages: read
post_art	Set up job	2026-02-21T15:04:01.4705041Z ##[endgroup]
post_art	Set up job	2026-02-21T15:04:01.4707397Z Secret source: Actions
post_art	Set up job	2026-02-21T15:04:01.4708265Z Prepare workflow directory
post_art	Set up job	2026-02-21T15:04:01.5049774Z Prepare all required actions
post_art	Set up job	2026-02-21T15:04:01.5088249Z Getting action download info
post_art	Set up job	2026-02-21T15:04:01.8579166Z Download action repository 'actions/checkout@v3' (SHA:f43a0e5ff2bd294095638e18286ca9a3d1956744)
post_art	Set up job	2026-02-21T15:04:01.9797095Z Download action repository 'actions/setup-python@v4' (SHA:7f4fc3e22c37d6ff65e88745f38bd3157c663f7c)
post_art	Set up job	2026-02-21T15:04:02.1973453Z Complete job name: post_art
post_art	Checkout code	Ôªø2026-02-21T15:04:02.2670105Z ##[group]Run actions/checkout@v3
post_art	Checkout code	2026-02-21T15:04:02.2671030Z with:
post_art	Checkout code	2026-02-21T15:04:02.2671601Z   repository: ksahis0900-dot/friendlee-ai-art-bot
post_art	Checkout code	2026-02-21T15:04:02.2672677Z   token: ***
post_art	Checkout code	2026-02-21T15:04:02.2673148Z   ssh-strict: true
post_art	Checkout code	2026-02-21T15:04:02.2673646Z   persist-credentials: true
post_art	Checkout code	2026-02-21T15:04:02.2674177Z   clean: true
post_art	Checkout code	2026-02-21T15:04:02.2674655Z   sparse-checkout-cone-mode: true
post_art	Checkout code	2026-02-21T15:04:02.2675208Z   fetch-depth: 1
post_art	Checkout code	2026-02-21T15:04:02.2675673Z   fetch-tags: false
post_art	Checkout code	2026-02-21T15:04:02.2676133Z   lfs: false
post_art	Checkout code	2026-02-21T15:04:02.2676568Z   submodules: false
post_art	Checkout code	2026-02-21T15:04:02.2677046Z   set-safe-directory: true
post_art	Checkout code	2026-02-21T15:04:02.2677829Z ##[endgroup]
post_art	Checkout code	2026-02-21T15:04:02.3531330Z Syncing repository: ksahis0900-dot/friendlee-ai-art-bot
post_art	Checkout code	2026-02-21T15:04:02.3533612Z ##[group]Getting Git version info
post_art	Checkout code	2026-02-21T15:04:02.3534711Z Working directory is '/home/runner/work/friendlee-ai-art-bot/friendlee-ai-art-bot'
post_art	Checkout code	2026-02-21T15:04:02.3535916Z [command]/usr/bin/git version
post_art	Checkout code	2026-02-21T15:04:02.3627247Z git version 2.52.0
post_art	Checkout code	2026-02-21T15:04:02.3655224Z ##[endgroup]
post_art	Checkout code	2026-02-21T15:04:02.3671720Z Temporarily overriding HOME='/home/runner/work/_temp/9f2537c5-c5d8-4132-9b26-2e99b49dc270' before making global git config changes
post_art	Checkout code	2026-02-21T15:04:02.3674441Z Adding repository directory to the temporary git global config as a safe directory
post_art	Checkout code	2026-02-21T15:04:02.3676850Z [command]/usr/bin/git config --global --add safe.directory /home/runner/work/friendlee-ai-art-bot/friendlee-ai-art-bot
post_art	Checkout code	2026-02-21T15:04:02.3717200Z Deleting the contents of '/home/runner/work/friendlee-ai-art-bot/friendlee-ai-art-bot'
post_art	Checkout code	2026-02-21T15:04:02.3721059Z ##[group]Initializing the repository
post_art	Checkout code	2026-02-21T15:04:02.3725317Z [command]/usr/bin/git init /home/runner/work/friendlee-ai-art-bot/friendlee-ai-art-bot
post_art	Checkout code	2026-02-21T15:04:02.3856583Z hint: Using 'master' as the name for the initial branch. This default branch name
post_art	Checkout code	2026-02-21T15:04:02.3858069Z hint: will change to "main" in Git 3.0. To configure the initial branch name
post_art	Checkout code	2026-02-21T15:04:02.3859333Z hint: to use in all of your new repositories, which will suppress this warning,
post_art	Checkout code	2026-02-21T15:04:02.3860930Z hint: call:
post_art	Checkout code	2026-02-21T15:04:02.3861521Z hint:
post_art	Checkout code	2026-02-21T15:04:02.3862650Z hint: 	git config --global init.defaultBranch <name>
post_art	Checkout code	2026-02-21T15:04:02.3863830Z hint:
post_art	Checkout code	2026-02-21T15:04:02.3865358Z hint: Names commonly chosen instead of 'master' are 'main', 'trunk' and
post_art	Checkout code	2026-02-21T15:04:02.3867127Z hint: 'development'. The just-created branch can be renamed via this command:
post_art	Checkout code	2026-02-21T15:04:02.3868527Z hint:
post_art	Checkout code	2026-02-21T15:04:02.3869312Z hint: 	git branch -m <name>
post_art	Checkout code	2026-02-21T15:04:02.3870171Z hint:
post_art	Checkout code	2026-02-21T15:04:02.3871281Z hint: Disable this message with "git config set advice.defaultBranchName false"
post_art	Checkout code	2026-02-21T15:04:02.3873630Z Initialized empty Git repository in /home/runner/work/friendlee-ai-art-bot/friendlee-ai-art-bot/.git/
post_art	Checkout code	2026-02-21T15:04:02.3876898Z [command]/usr/bin/git remote add origin https://github.com/ksahis0900-dot/friendlee-ai-art-bot
post_art	Checkout code	2026-02-21T15:04:02.3908355Z ##[endgroup]
post_art	Checkout code	2026-02-21T15:04:02.3909776Z ##[group]Disabling automatic garbage collection
post_art	Checkout code	2026-02-21T15:04:02.3911636Z [command]/usr/bin/git config --local gc.auto 0
post_art	Checkout code	2026-02-21T15:04:02.3939181Z ##[endgroup]
post_art	Checkout code	2026-02-21T15:04:02.3940547Z ##[group]Setting up auth
post_art	Checkout code	2026-02-21T15:04:02.3945560Z [command]/usr/bin/git config --local --name-only --get-regexp core\.sshCommand
post_art	Checkout code	2026-02-21T15:04:02.3973418Z [command]/usr/bin/git submodule foreach --recursive sh -c "git config --local --name-only --get-regexp 'core\.sshCommand' && git config --local --unset-all 'core.sshCommand' || :"
post_art	Checkout code	2026-02-21T15:04:02.4370976Z [command]/usr/bin/git config --local --name-only --get-regexp http\.https\:\/\/github\.com\/\.extraheader
post_art	Checkout code	2026-02-21T15:04:02.4402670Z [command]/usr/bin/git submodule foreach --recursive sh -c "git config --local --name-only --get-regexp 'http\.https\:\/\/github\.com\/\.extraheader' && git config --local --unset-all 'http.https://github.com/.extraheader' || :"
post_art	Checkout code	2026-02-21T15:04:02.4630138Z [command]/usr/bin/git config --local http.https://github.com/.extraheader AUTHORIZATION: basic ***
post_art	Checkout code	2026-02-21T15:04:02.4662930Z ##[endgroup]
post_art	Checkout code	2026-02-21T15:04:02.4663838Z ##[group]Fetching the repository
post_art	Checkout code	2026-02-21T15:04:02.4670717Z [command]/usr/bin/git -c protocol.version=2 fetch --no-tags --prune --progress --no-recurse-submodules --depth=1 origin +975ae8b6a21e13fd2e046b53473211f382f3548e:refs/remotes/origin/master
post_art	Checkout code	2026-02-21T15:04:02.8290935Z remote: Enumerating objects: 16, done.        
post_art	Checkout code	2026-02-21T15:04:02.8292506Z remote: Counting objects:   6% (1/16)        
post_art	Checkout code	2026-02-21T15:04:02.8293486Z remote: Counting objects:  12% (2/16)        
post_art	Checkout code	2026-02-21T15:04:02.8294230Z remote: Counting objects:  18% (3/16)        
post_art	Checkout code	2026-02-21T15:04:02.8294957Z remote: Counting objects:  25% (4/16)        
post_art	Checkout code	2026-02-21T15:04:02.8295683Z remote: Counting objects:  31% (5/16)        
post_art	Checkout code	2026-02-21T15:04:02.8296409Z remote: Counting objects:  37% (6/16)        
post_art	Checkout code	2026-02-21T15:04:02.8297118Z remote: Counting objects:  43% (7/16)        
post_art	Checkout code	2026-02-21T15:04:02.8297830Z remote: Counting objects:  50% (8/16)        
post_art	Checkout code	2026-02-21T15:04:02.8298612Z remote: Counting objects:  56% (9/16)        
post_art	Checkout code	2026-02-21T15:04:02.8299332Z remote: Counting objects:  62% (10/16)        
post_art	Checkout code	2026-02-21T15:04:02.8300086Z remote: Counting objects:  68% (11/16)        
post_art	Checkout code	2026-02-21T15:04:02.8300744Z remote: Counting objects:  75% (12/16)        
post_art	Checkout code	2026-02-21T15:04:02.8301390Z remote: Counting objects:  81% (13/16)        
post_art	Checkout code	2026-02-21T15:04:02.8302262Z remote: Counting objects:  87% (14/16)        
post_art	Checkout code	2026-02-21T15:04:02.8302919Z remote: Counting objects:  93% (15/16)        
post_art	Checkout code	2026-02-21T15:04:02.8303559Z remote: Counting objects: 100% (16/16)        
post_art	Checkout code	2026-02-21T15:04:02.8304241Z remote: Counting objects: 100% (16/16), done.        
post_art	Checkout code	2026-02-21T15:04:02.8348963Z remote: Compressing objects:   8% (1/12)        
post_art	Checkout code	2026-02-21T15:04:02.8350236Z remote: Compressing objects:  16% (2/12)        
post_art	Checkout code	2026-02-21T15:04:02.8350999Z remote: Compressing objects:  25% (3/12)        
post_art	Checkout code	2026-02-21T15:04:02.8351681Z remote: Compressing objects:  33% (4/12)        
post_art	Checkout code	2026-02-21T15:04:02.8352644Z remote: Compressing objects:  41% (5/12)        
post_art	Checkout code	2026-02-21T15:04:02.8353638Z remote: Compressing objects:  50% (6/12)        
post_art	Checkout code	2026-02-21T15:04:02.8354323Z remote: Compressing objects:  58% (7/12)        
post_art	Checkout code	2026-02-21T15:04:02.8355000Z remote: Compressing objects:  66% (8/12)        
post_art	Checkout code	2026-02-21T15:04:02.8355705Z remote: Compressing objects:  75% (9/12)        
post_art	Checkout code	2026-02-21T15:04:02.8356370Z remote: Compressing objects:  83% (10/12)        
post_art	Checkout code	2026-02-21T15:04:02.8357034Z remote: Compressing objects:  91% (11/12)        
post_art	Checkout code	2026-02-21T15:04:02.8357712Z remote: Compressing objects: 100% (12/12)        
post_art	Checkout code	2026-02-21T15:04:02.8358431Z remote: Compressing objects: 100% (12/12), done.        
post_art	Checkout code	2026-02-21T15:04:02.8860784Z remote: Total 16 (delta 4), reused 10 (delta 1), pack-reused 0 (from 0)        
post_art	Checkout code	2026-02-21T15:04:02.8973109Z From https://github.com/ksahis0900-dot/friendlee-ai-art-bot
post_art	Checkout code	2026-02-21T15:04:02.8974222Z  * [new ref]         975ae8b6a21e13fd2e046b53473211f382f3548e -> origin/master
post_art	Checkout code	2026-02-21T15:04:02.9005865Z ##[endgroup]
post_art	Checkout code	2026-02-21T15:04:02.9006699Z ##[group]Determining the checkout info
post_art	Checkout code	2026-02-21T15:04:02.9008210Z ##[endgroup]
post_art	Checkout code	2026-02-21T15:04:02.9008987Z ##[group]Checking out the ref
post_art	Checkout code	2026-02-21T15:04:02.9014056Z [command]/usr/bin/git checkout --progress --force -B master refs/remotes/origin/master
post_art	Checkout code	2026-02-21T15:04:02.9079740Z Reset branch 'master'
post_art	Checkout code	2026-02-21T15:04:02.9082908Z branch 'master' set up to track 'origin/master'.
post_art	Checkout code	2026-02-21T15:04:02.9089134Z ##[endgroup]
post_art	Checkout code	2026-02-21T15:04:02.9123542Z [command]/usr/bin/git log -1 --format='%H'
post_art	Checkout code	2026-02-21T15:04:02.9145361Z '975ae8b6a21e13fd2e046b53473211f382f3548e'
post_art	Set up Python	Ôªø2026-02-21T15:04:02.9388451Z ##[group]Run actions/setup-python@v4
post_art	Set up Python	2026-02-21T15:04:02.9389491Z with:
post_art	Set up Python	2026-02-21T15:04:02.9390196Z   python-version: 3.9
post_art	Set up Python	2026-02-21T15:04:02.9391057Z   check-latest: false
post_art	Set up Python	2026-02-21T15:04:02.9392325Z   token: ***
post_art	Set up Python	2026-02-21T15:04:02.9393175Z   update-environment: true
post_art	Set up Python	2026-02-21T15:04:02.9394117Z   allow-prereleases: false
post_art	Set up Python	2026-02-21T15:04:02.9395032Z ##[endgroup]
post_art	Set up Python	2026-02-21T15:04:03.1108733Z ##[group]Installed versions
post_art	Set up Python	2026-02-21T15:04:03.1222304Z Version 3.9 was not found in the local cache
post_art	Set up Python	2026-02-21T15:04:03.9437851Z Version 3.9 is available for downloading
post_art	Set up Python	2026-02-21T15:04:03.9438798Z Download from "https://github.com/actions/python-versions/releases/download/3.9.25-19039189640/python-3.9.25-linux-24.04-x64.tar.gz"
post_art	Set up Python	2026-02-21T15:04:04.7988123Z Extract downloaded archive
post_art	Set up Python	2026-02-21T15:04:04.8110304Z [command]/usr/bin/tar xz --warning=no-unknown-keyword -C /home/runner/work/_temp/c9014e05-75e0-4cf8-bdf7-01f07b657561 -f /home/runner/work/_temp/af82ee18-abd9-437d-ab57-1b85d733e104
post_art	Set up Python	2026-02-21T15:04:06.1794871Z Execute installation script
post_art	Set up Python	2026-02-21T15:04:06.1890168Z Check if Python hostedtoolcache folder exist...
post_art	Set up Python	2026-02-21T15:04:06.1891012Z Create Python 3.9.25 folder
post_art	Set up Python	2026-02-21T15:04:06.1904681Z Copy Python binaries to hostedtoolcache folder
post_art	Set up Python	2026-02-21T15:04:06.6861816Z Create additional symlinks (Required for the UsePythonVersion Azure Pipelines task and the setup-python GitHub Action)
post_art	Set up Python	2026-02-21T15:04:06.6903091Z Upgrading pip...
post_art	Set up Python	2026-02-21T15:04:08.9367470Z Looking in links: /tmp/tmp56p1btp3
post_art	Set up Python	2026-02-21T15:04:08.9372730Z Requirement already satisfied: setuptools in /opt/hostedtoolcache/Python/3.9.25/x64/lib/python3.9/site-packages (79.0.1)
post_art	Set up Python	2026-02-21T15:04:08.9377654Z Requirement already satisfied: pip in /opt/hostedtoolcache/Python/3.9.25/x64/lib/python3.9/site-packages (23.0.1)
post_art	Set up Python	2026-02-21T15:04:10.2065847Z Collecting pip
post_art	Set up Python	2026-02-21T15:04:10.3051157Z Downloading pip-26.0.1-py3-none-any.whl (1.8 MB)
post_art	Set up Python	2026-02-21T15:04:10.4064432Z ‚îÅ‚îÅ‚îÅ‚îÅ‚îÅ‚îÅ‚îÅ‚îÅ‚îÅ‚îÅ‚îÅ‚îÅ‚îÅ‚îÅ‚îÅ‚îÅ‚îÅ‚îÅ‚îÅ‚îÅ‚îÅ‚îÅ‚îÅ‚îÅ‚îÅ‚îÅ‚îÅ‚îÅ‚îÅ‚îÅ‚îÅ‚îÅ‚îÅ‚îÅ‚îÅ‚îÅ‚îÅ‚îÅ‚îÅ‚îÅ 1.8/1.8 MB 18.1 MB/s eta 0:00:00
post_art	Set up Python	2026-02-21T15:04:10.4065620Z 
post_art	Set up Python	2026-02-21T15:04:10.4669399Z Installing collected packages: pip
post_art	Set up Python	2026-02-21T15:04:10.4670270Z Attempting uninstall: pip
post_art	Set up Python	2026-02-21T15:04:10.4675843Z Found existing installation: pip 23.0.1
post_art	Set up Python	2026-02-21T15:04:10.6445860Z Uninstalling pip-23.0.1:
post_art	Set up Python	2026-02-21T15:04:10.6517068Z Successfully uninstalled pip-23.0.1
post_art	Set up Python	2026-02-21T15:04:11.4754785Z Successfully installed pip-26.0.1
post_art	Set up Python	2026-02-21T15:04:11.5321222Z Create complete file
post_art	Set up Python	2026-02-21T15:04:11.5366100Z Successfully set up CPython (3.9.25)
post_art	Set up Python	2026-02-21T15:04:11.5366939Z ##[endgroup]
post_art	Install dependencies	Ôªø2026-02-21T15:04:11.5512368Z ##[group]Run pip install -r requirements.txt
post_art	Install dependencies	2026-02-21T15:04:11.5512889Z [36;1mpip install -r requirements.txt[0m
post_art	Install dependencies	2026-02-21T15:04:11.5551593Z shell: /usr/bin/bash -e {0}
post_art	Install dependencies	2026-02-21T15:04:11.5551935Z env:
post_art	Install dependencies	2026-02-21T15:04:11.5552525Z   pythonLocation: /opt/hostedtoolcache/Python/3.9.25/x64
post_art	Install dependencies	2026-02-21T15:04:11.5553014Z   PKG_CONFIG_PATH: /opt/hostedtoolcache/Python/3.9.25/x64/lib/pkgconfig
post_art	Install dependencies	2026-02-21T15:04:11.5553461Z   Python_ROOT_DIR: /opt/hostedtoolcache/Python/3.9.25/x64
post_art	Install dependencies	2026-02-21T15:04:11.5553862Z   Python2_ROOT_DIR: /opt/hostedtoolcache/Python/3.9.25/x64
post_art	Install dependencies	2026-02-21T15:04:11.5554258Z   Python3_ROOT_DIR: /opt/hostedtoolcache/Python/3.9.25/x64
post_art	Install dependencies	2026-02-21T15:04:11.5554663Z   LD_LIBRARY_PATH: /opt/hostedtoolcache/Python/3.9.25/x64/lib
post_art	Install dependencies	2026-02-21T15:04:11.5555007Z ##[endgroup]
post_art	Install dependencies	2026-02-21T15:04:12.0407572Z Collecting pyTelegramBotAPI (from -r requirements.txt (line 1))
post_art	Install dependencies	2026-02-21T15:04:12.1201407Z   Downloading pytelegrambotapi-4.31.0-py3-none-any.whl.metadata (48 kB)
post_art	Install dependencies	2026-02-21T15:04:12.1929588Z Collecting requests (from -r requirements.txt (line 2))
post_art	Install dependencies	2026-02-21T15:04:12.2127030Z   Downloading requests-2.32.5-py3-none-any.whl.metadata (4.9 kB)
post_art	Install dependencies	2026-02-21T15:04:12.4890773Z Collecting Pillow (from -r requirements.txt (line 3))
post_art	Install dependencies	2026-02-21T15:04:12.5090593Z   Downloading pillow-11.3.0-cp39-cp39-manylinux_2_27_x86_64.manylinux_2_28_x86_64.whl.metadata (9.0 kB)
post_art	Install dependencies	2026-02-21T15:04:12.5431254Z Collecting google-generativeai (from -r requirements.txt (line 4))
post_art	Install dependencies	2026-02-21T15:04:12.5640493Z   Downloading google_generativeai-0.8.6-py3-none-any.whl.metadata (3.9 kB)
post_art	Install dependencies	2026-02-21T15:04:12.5947252Z Collecting feedparser (from -r requirements.txt (line 5))
post_art	Install dependencies	2026-02-21T15:04:12.6143529Z   Downloading feedparser-6.0.12-py3-none-any.whl.metadata (2.7 kB)
post_art	Install dependencies	2026-02-21T15:04:12.7303375Z Collecting charset_normalizer<4,>=2 (from requests->-r requirements.txt (line 2))
post_art	Install dependencies	2026-02-21T15:04:12.7508541Z   Downloading charset_normalizer-3.4.4-cp39-cp39-manylinux2014_x86_64.manylinux_2_17_x86_64.manylinux_2_28_x86_64.whl.metadata (37 kB)
post_art	Install dependencies	2026-02-21T15:04:12.7862667Z Collecting idna<4,>=2.5 (from requests->-r requirements.txt (line 2))
post_art	Install dependencies	2026-02-21T15:04:12.8064485Z   Downloading idna-3.11-py3-none-any.whl.metadata (8.4 kB)
post_art	Install dependencies	2026-02-21T15:04:12.8511910Z Collecting urllib3<3,>=1.21.1 (from requests->-r requirements.txt (line 2))
post_art	Install dependencies	2026-02-21T15:04:12.8710189Z   Downloading urllib3-2.6.3-py3-none-any.whl.metadata (6.9 kB)
post_art	Install dependencies	2026-02-21T15:04:12.9101920Z Collecting certifi>=2017.4.17 (from requests->-r requirements.txt (line 2))
post_art	Install dependencies	2026-02-21T15:04:12.9304875Z   Downloading certifi-2026.1.4-py3-none-any.whl.metadata (2.5 kB)
post_art	Install dependencies	2026-02-21T15:04:12.9650282Z Collecting google-ai-generativelanguage==0.6.15 (from google-generativeai->-r requirements.txt (line 4))
post_art	Install dependencies	2026-02-21T15:04:12.9851439Z   Downloading google_ai_generativelanguage-0.6.15-py3-none-any.whl.metadata (5.7 kB)
post_art	Install dependencies	2026-02-21T15:04:13.0421285Z Collecting google-api-core (from google-generativeai->-r requirements.txt (line 4))
post_art	Install dependencies	2026-02-21T15:04:13.0621116Z   Downloading google_api_core-2.30.0-py3-none-any.whl.metadata (3.1 kB)
post_art	Install dependencies	2026-02-21T15:04:13.1405780Z Collecting google-api-python-client (from google-generativeai->-r requirements.txt (line 4))
post_art	Install dependencies	2026-02-21T15:04:13.1605653Z   Downloading google_api_python_client-2.190.0-py3-none-any.whl.metadata (7.0 kB)
post_art	Install dependencies	2026-02-21T15:04:13.2150798Z Collecting google-auth>=2.15.0 (from google-generativeai->-r requirements.txt (line 4))
post_art	Install dependencies	2026-02-21T15:04:13.2350462Z   Downloading google_auth-2.48.0-py3-none-any.whl.metadata (6.2 kB)
post_art	Install dependencies	2026-02-21T15:04:13.4730327Z Collecting protobuf (from google-generativeai->-r requirements.txt (line 4))
post_art	Install dependencies	2026-02-21T15:04:13.4929745Z   Downloading protobuf-6.33.5-cp39-abi3-manylinux2014_x86_64.whl.metadata (593 bytes)
post_art	Install dependencies	2026-02-21T15:04:13.6510594Z Collecting pydantic (from google-generativeai->-r requirements.txt (line 4))
post_art	Install dependencies	2026-02-21T15:04:13.6711308Z   Downloading pydantic-2.12.5-py3-none-any.whl.metadata (90 kB)
post_art	Install dependencies	2026-02-21T15:04:13.7353624Z Collecting tqdm (from google-generativeai->-r requirements.txt (line 4))
post_art	Install dependencies	2026-02-21T15:04:13.7550503Z   Downloading tqdm-4.67.3-py3-none-any.whl.metadata (57 kB)
post_art	Install dependencies	2026-02-21T15:04:13.7980029Z Collecting typing-extensions (from google-generativeai->-r requirements.txt (line 4))
post_art	Install dependencies	2026-02-21T15:04:13.8187823Z   Downloading typing_extensions-4.15.0-py3-none-any.whl.metadata (3.3 kB)
post_art	Install dependencies	2026-02-21T15:04:13.8804610Z Collecting google-auth>=2.15.0 (from google-generativeai->-r requirements.txt (line 4))
post_art	Install dependencies	2026-02-21T15:04:13.9008515Z   Downloading google_auth-2.49.0.dev0-py3-none-any.whl.metadata (6.0 kB)
post_art	Install dependencies	2026-02-21T15:04:13.9404219Z Collecting proto-plus<2.0.0dev,>=1.22.3 (from google-ai-generativelanguage==0.6.15->google-generativeai->-r requirements.txt (line 4))
post_art	Install dependencies	2026-02-21T15:04:13.9603212Z   Downloading proto_plus-1.27.1-py3-none-any.whl.metadata (2.2 kB)
post_art	Install dependencies	2026-02-21T15:04:14.0024224Z Collecting protobuf (from google-generativeai->-r requirements.txt (line 4))
post_art	Install dependencies	2026-02-21T15:04:14.0224569Z   Downloading protobuf-5.29.6-cp38-abi3-manylinux2014_x86_64.whl.metadata (592 bytes)
post_art	Install dependencies	2026-02-21T15:04:14.0586064Z Collecting googleapis-common-protos<2.0.0,>=1.56.3 (from google-api-core->google-generativeai->-r requirements.txt (line 4))
post_art	Install dependencies	2026-02-21T15:04:14.0783985Z   Downloading googleapis_common_protos-1.72.0-py3-none-any.whl.metadata (9.4 kB)
post_art	Install dependencies	2026-02-21T15:04:14.7824917Z Collecting grpcio<2.0.0,>=1.33.2 (from google-api-core[grpc]!=2.0.*,!=2.1.*,!=2.10.*,!=2.2.*,!=2.3.*,!=2.4.*,!=2.5.*,!=2.6.*,!=2.7.*,!=2.8.*,!=2.9.*,<3.0.0dev,>=1.34.1->google-ai-generativelanguage==0.6.15->google-generativeai->-r requirements.txt (line 4))
post_art	Install dependencies	2026-02-21T15:04:14.8030915Z   Downloading grpcio-1.78.1-cp39-cp39-manylinux2014_x86_64.manylinux_2_17_x86_64.whl.metadata (3.8 kB)
post_art	Install dependencies	2026-02-21T15:04:14.9083351Z Collecting grpcio-status<2.0.0,>=1.33.2 (from google-api-core[grpc]!=2.0.*,!=2.1.*,!=2.10.*,!=2.2.*,!=2.3.*,!=2.4.*,!=2.5.*,!=2.6.*,!=2.7.*,!=2.8.*,!=2.9.*,<3.0.0dev,>=1.34.1->google-ai-generativelanguage==0.6.15->google-generativeai->-r requirements.txt (line 4))
post_art	Install dependencies	2026-02-21T15:04:14.9282918Z   Downloading grpcio_status-1.78.1-py3-none-any.whl.metadata (1.3 kB)
post_art	Install dependencies	2026-02-21T15:04:14.9655272Z Collecting pyasn1-modules>=0.2.1 (from google-auth>=2.15.0->google-generativeai->-r requirements.txt (line 4))
post_art	Install dependencies	2026-02-21T15:04:14.9852552Z   Downloading pyasn1_modules-0.4.2-py3-none-any.whl.metadata (3.5 kB)
post_art	Install dependencies	2026-02-21T15:04:15.2126311Z Collecting cryptography>=38.0.3 (from google-auth>=2.15.0->google-generativeai->-r requirements.txt (line 4))
post_art	Install dependencies	2026-02-21T15:04:15.2327402Z   Downloading cryptography-46.0.5-cp38-abi3-manylinux_2_34_x86_64.whl.metadata (5.7 kB)
post_art	Install dependencies	2026-02-21T15:04:15.2732904Z INFO: pip is looking at multiple versions of grpcio-status to determine which version is compatible with other requirements. This could take a while.
post_art	Install dependencies	2026-02-21T15:04:15.2741666Z Collecting grpcio-status<2.0.0,>=1.33.2 (from google-api-core[grpc]!=2.0.*,!=2.1.*,!=2.10.*,!=2.2.*,!=2.3.*,!=2.4.*,!=2.5.*,!=2.6.*,!=2.7.*,!=2.8.*,!=2.9.*,<3.0.0dev,>=1.34.1->google-ai-generativelanguage==0.6.15->google-generativeai->-r requirements.txt (line 4))
post_art	Install dependencies	2026-02-21T15:04:15.2960025Z   Downloading grpcio_status-1.78.0-py3-none-any.whl.metadata (1.3 kB)
post_art	Install dependencies	2026-02-21T15:04:15.3205633Z   Downloading grpcio_status-1.76.0-py3-none-any.whl.metadata (1.1 kB)
post_art	Install dependencies	2026-02-21T15:04:15.3478317Z   Downloading grpcio_status-1.75.1-py3-none-any.whl.metadata (1.1 kB)
post_art	Install dependencies	2026-02-21T15:04:15.3733815Z   Downloading grpcio_status-1.75.0-py3-none-any.whl.metadata (1.1 kB)
post_art	Install dependencies	2026-02-21T15:04:15.3982633Z   Downloading grpcio_status-1.74.0-py3-none-any.whl.metadata (1.1 kB)
post_art	Install dependencies	2026-02-21T15:04:15.4223175Z   Downloading grpcio_status-1.73.1-py3-none-any.whl.metadata (1.1 kB)
post_art	Install dependencies	2026-02-21T15:04:15.4710668Z   Downloading grpcio_status-1.73.0-py3-none-any.whl.metadata (1.1 kB)
post_art	Install dependencies	2026-02-21T15:04:15.4752815Z INFO: pip is still looking at multiple versions of grpcio-status to determine which version is compatible with other requirements. This could take a while.
post_art	Install dependencies	2026-02-21T15:04:15.4966599Z   Downloading grpcio_status-1.72.2-py3-none-any.whl.metadata (1.1 kB)
post_art	Install dependencies	2026-02-21T15:04:15.5212256Z   Downloading grpcio_status-1.72.1-py3-none-any.whl.metadata (1.1 kB)
post_art	Install dependencies	2026-02-21T15:04:15.5453308Z   Downloading grpcio_status-1.71.2-py3-none-any.whl.metadata (1.1 kB)
post_art	Install dependencies	2026-02-21T15:04:15.6530838Z Collecting sgmllib3k (from feedparser->-r requirements.txt (line 5))
post_art	Install dependencies	2026-02-21T15:04:15.6729188Z   Downloading sgmllib3k-1.0.0.tar.gz (5.8 kB)
post_art	Install dependencies	2026-02-21T15:04:15.6806614Z   Installing build dependencies: started
post_art	Install dependencies	2026-02-21T15:04:16.6203410Z   Installing build dependencies: finished with status 'done'
post_art	Install dependencies	2026-02-21T15:04:16.6214049Z   Getting requirements to build wheel: started
post_art	Install dependencies	2026-02-21T15:04:16.9843554Z   Getting requirements to build wheel: finished with status 'done'
post_art	Install dependencies	2026-02-21T15:04:16.9860113Z   Preparing metadata (pyproject.toml): started
post_art	Install dependencies	2026-02-21T15:04:17.1655082Z   Preparing metadata (pyproject.toml): finished with status 'done'
post_art	Install dependencies	2026-02-21T15:04:17.3111977Z Collecting cffi>=2.0.0 (from cryptography>=38.0.3->google-auth>=2.15.0->google-generativeai->-r requirements.txt (line 4))
post_art	Install dependencies	2026-02-21T15:04:17.3346501Z   Downloading cffi-2.0.0-cp39-cp39-manylinux2014_x86_64.manylinux_2_17_x86_64.whl.metadata (2.6 kB)
post_art	Install dependencies	2026-02-21T15:04:17.3659731Z Collecting pycparser (from cffi>=2.0.0->cryptography>=38.0.3->google-auth>=2.15.0->google-generativeai->-r requirements.txt (line 4))
post_art	Install dependencies	2026-02-21T15:04:17.3866181Z   Downloading pycparser-2.23-py3-none-any.whl.metadata (993 bytes)
post_art	Install dependencies	2026-02-21T15:04:17.4259714Z Collecting pyasn1<0.7.0,>=0.6.1 (from pyasn1-modules>=0.2.1->google-auth>=2.15.0->google-generativeai->-r requirements.txt (line 4))
post_art	Install dependencies	2026-02-21T15:04:17.4458338Z   Downloading pyasn1-0.6.2-py3-none-any.whl.metadata (8.4 kB)
post_art	Install dependencies	2026-02-21T15:04:17.4785720Z Collecting httplib2<1.0.0,>=0.19.0 (from google-api-python-client->google-generativeai->-r requirements.txt (line 4))
post_art	Install dependencies	2026-02-21T15:04:17.4983705Z   Downloading httplib2-0.31.2-py3-none-any.whl.metadata (2.2 kB)
post_art	Install dependencies	2026-02-21T15:04:17.5382701Z Collecting google-auth-httplib2<1.0.0,>=0.2.0 (from google-api-python-client->google-generativeai->-r requirements.txt (line 4))
post_art	Install dependencies	2026-02-21T15:04:17.5580855Z   Downloading google_auth_httplib2-0.3.0-py3-none-any.whl.metadata (3.1 kB)
post_art	Install dependencies	2026-02-21T15:04:17.5864250Z Collecting uritemplate<5,>=3.0.1 (from google-api-python-client->google-generativeai->-r requirements.txt (line 4))
post_art	Install dependencies	2026-02-21T15:04:17.6062759Z   Downloading uritemplate-4.2.0-py3-none-any.whl.metadata (2.6 kB)
post_art	Install dependencies	2026-02-21T15:04:17.6520416Z Collecting pyparsing<4,>=3.1 (from httplib2<1.0.0,>=0.19.0->google-api-python-client->google-generativeai->-r requirements.txt (line 4))
post_art	Install dependencies	2026-02-21T15:04:17.6717263Z   Downloading pyparsing-3.3.2-py3-none-any.whl.metadata (5.8 kB)
post_art	Install dependencies	2026-02-21T15:04:17.7053386Z Collecting annotated-types>=0.6.0 (from pydantic->google-generativeai->-r requirements.txt (line 4))
post_art	Install dependencies	2026-02-21T15:04:17.7254134Z   Downloading annotated_types-0.7.0-py3-none-any.whl.metadata (15 kB)
post_art	Install dependencies	2026-02-21T15:04:18.6574919Z Collecting pydantic-core==2.41.5 (from pydantic->google-generativeai->-r requirements.txt (line 4))
post_art	Install dependencies	2026-02-21T15:04:18.6795790Z   Downloading pydantic_core-2.41.5-cp39-cp39-manylinux_2_17_x86_64.manylinux2014_x86_64.whl.metadata (7.3 kB)
post_art	Install dependencies	2026-02-21T15:04:18.7086878Z Collecting typing-inspection>=0.4.2 (from pydantic->google-generativeai->-r requirements.txt (line 4))
post_art	Install dependencies	2026-02-21T15:04:18.7285343Z   Downloading typing_inspection-0.4.2-py3-none-any.whl.metadata (2.6 kB)
post_art	Install dependencies	2026-02-21T15:04:18.7579091Z Downloading pytelegrambotapi-4.31.0-py3-none-any.whl (304 kB)
post_art	Install dependencies	2026-02-21T15:04:18.8009451Z Downloading requests-2.32.5-py3-none-any.whl (64 kB)
post_art	Install dependencies	2026-02-21T15:04:18.8233012Z Downloading charset_normalizer-3.4.4-cp39-cp39-manylinux2014_x86_64.manylinux_2_17_x86_64.manylinux_2_28_x86_64.whl (153 kB)
post_art	Install dependencies	2026-02-21T15:04:18.8463636Z Downloading idna-3.11-py3-none-any.whl (71 kB)
post_art	Install dependencies	2026-02-21T15:04:18.8684456Z Downloading urllib3-2.6.3-py3-none-any.whl (131 kB)
post_art	Install dependencies	2026-02-21T15:04:18.8921805Z Downloading pillow-11.3.0-cp39-cp39-manylinux_2_27_x86_64.manylinux_2_28_x86_64.whl (6.6 MB)
post_art	Install dependencies	2026-02-21T15:04:18.9670144Z    ‚îÅ‚îÅ‚îÅ‚îÅ‚îÅ‚îÅ‚îÅ‚îÅ‚îÅ‚îÅ‚îÅ‚îÅ‚îÅ‚îÅ‚îÅ‚îÅ‚îÅ‚îÅ‚îÅ‚îÅ‚îÅ‚îÅ‚îÅ‚îÅ‚îÅ‚îÅ‚îÅ‚îÅ‚îÅ‚îÅ‚îÅ‚îÅ‚îÅ‚îÅ‚îÅ‚îÅ‚îÅ‚îÅ‚îÅ‚îÅ 6.6/6.6 MB 91.4 MB/s  0:00:00
post_art	Install dependencies	2026-02-21T15:04:18.9872467Z Downloading google_generativeai-0.8.6-py3-none-any.whl (155 kB)
post_art	Install dependencies	2026-02-21T15:04:19.0114825Z Downloading google_ai_generativelanguage-0.6.15-py3-none-any.whl (1.3 MB)
post_art	Install dependencies	2026-02-21T15:04:19.0214396Z    ‚îÅ‚îÅ‚îÅ‚îÅ‚îÅ‚îÅ‚îÅ‚îÅ‚îÅ‚îÅ‚îÅ‚îÅ‚îÅ‚îÅ‚îÅ‚îÅ‚îÅ‚îÅ‚îÅ‚îÅ‚îÅ‚îÅ‚îÅ‚îÅ‚îÅ‚îÅ‚îÅ‚îÅ‚îÅ‚îÅ‚îÅ‚îÅ‚îÅ‚îÅ‚îÅ‚îÅ‚îÅ‚îÅ‚îÅ‚îÅ 1.3/1.3 MB 156.4 MB/s  0:00:00
post_art	Install dependencies	2026-02-21T15:04:19.0411950Z Downloading google_api_core-2.30.0-py3-none-any.whl (173 kB)
post_art	Install dependencies	2026-02-21T15:04:19.0644979Z Downloading google_auth-2.49.0.dev0-py3-none-any.whl (236 kB)
post_art	Install dependencies	2026-02-21T15:04:19.0909518Z Downloading googleapis_common_protos-1.72.0-py3-none-any.whl (297 kB)
post_art	Install dependencies	2026-02-21T15:04:19.1154117Z Downloading grpcio-1.78.1-cp39-cp39-manylinux2014_x86_64.manylinux_2_17_x86_64.whl (6.7 MB)
post_art	Install dependencies	2026-02-21T15:04:19.1528584Z    ‚îÅ‚îÅ‚îÅ‚îÅ‚îÅ‚îÅ‚îÅ‚îÅ‚îÅ‚îÅ‚îÅ‚îÅ‚îÅ‚îÅ‚îÅ‚îÅ‚îÅ‚îÅ‚îÅ‚îÅ‚îÅ‚îÅ‚îÅ‚îÅ‚îÅ‚îÅ‚îÅ‚îÅ‚îÅ‚îÅ‚îÅ‚îÅ‚îÅ‚îÅ‚îÅ‚îÅ‚îÅ‚îÅ‚îÅ‚îÅ 6.7/6.7 MB 188.3 MB/s  0:00:00
post_art	Install dependencies	2026-02-21T15:04:19.1739202Z Downloading grpcio_status-1.71.2-py3-none-any.whl (14 kB)
post_art	Install dependencies	2026-02-21T15:04:19.1965527Z Downloading proto_plus-1.27.1-py3-none-any.whl (50 kB)
post_art	Install dependencies	2026-02-21T15:04:19.2186686Z Downloading protobuf-5.29.6-cp38-abi3-manylinux2014_x86_64.whl (320 kB)
post_art	Install dependencies	2026-02-21T15:04:19.2415723Z Downloading typing_extensions-4.15.0-py3-none-any.whl (44 kB)
post_art	Install dependencies	2026-02-21T15:04:19.2636411Z Downloading feedparser-6.0.12-py3-none-any.whl (81 kB)
post_art	Install dependencies	2026-02-21T15:04:19.2859210Z Downloading certifi-2026.1.4-py3-none-any.whl (152 kB)
post_art	Install dependencies	2026-02-21T15:04:19.3089294Z Downloading cryptography-46.0.5-cp38-abi3-manylinux_2_34_x86_64.whl (4.5 MB)
post_art	Install dependencies	2026-02-21T15:04:19.3372745Z    ‚îÅ‚îÅ‚îÅ‚îÅ‚îÅ‚îÅ‚îÅ‚îÅ‚îÅ‚îÅ‚îÅ‚îÅ‚îÅ‚îÅ‚îÅ‚îÅ‚îÅ‚îÅ‚îÅ‚îÅ‚îÅ‚îÅ‚îÅ‚îÅ‚îÅ‚îÅ‚îÅ‚îÅ‚îÅ‚îÅ‚îÅ‚îÅ‚îÅ‚îÅ‚îÅ‚îÅ‚îÅ‚îÅ‚îÅ‚îÅ 4.5/4.5 MB 164.5 MB/s  0:00:00
post_art	Install dependencies	2026-02-21T15:04:19.3573025Z Downloading cffi-2.0.0-cp39-cp39-manylinux2014_x86_64.manylinux_2_17_x86_64.whl (216 kB)
post_art	Install dependencies	2026-02-21T15:04:19.3799951Z Downloading pyasn1_modules-0.4.2-py3-none-any.whl (181 kB)
post_art	Install dependencies	2026-02-21T15:04:19.4024201Z Downloading pyasn1-0.6.2-py3-none-any.whl (83 kB)
post_art	Install dependencies	2026-02-21T15:04:19.4244896Z Downloading google_api_python_client-2.190.0-py3-none-any.whl (14.7 MB)
post_art	Install dependencies	2026-02-21T15:04:19.5062636Z    ‚îÅ‚îÅ‚îÅ‚îÅ‚îÅ‚îÅ‚îÅ‚îÅ‚îÅ‚îÅ‚îÅ‚îÅ‚îÅ‚îÅ‚îÅ‚îÅ‚îÅ‚îÅ‚îÅ‚îÅ‚îÅ‚îÅ‚îÅ‚îÅ‚îÅ‚îÅ‚îÅ‚îÅ‚îÅ‚îÅ‚îÅ‚îÅ‚îÅ‚îÅ‚îÅ‚îÅ‚îÅ‚îÅ‚îÅ‚îÅ 14.7/14.7 MB 183.2 MB/s  0:00:00
post_art	Install dependencies	2026-02-21T15:04:19.5264350Z Downloading google_auth_httplib2-0.3.0-py3-none-any.whl (9.5 kB)
post_art	Install dependencies	2026-02-21T15:04:19.5485283Z Downloading httplib2-0.31.2-py3-none-any.whl (91 kB)
post_art	Install dependencies	2026-02-21T15:04:19.5711866Z Downloading pyparsing-3.3.2-py3-none-any.whl (122 kB)
post_art	Install dependencies	2026-02-21T15:04:19.5939194Z Downloading uritemplate-4.2.0-py3-none-any.whl (11 kB)
post_art	Install dependencies	2026-02-21T15:04:19.6162230Z Downloading pycparser-2.23-py3-none-any.whl (118 kB)
post_art	Install dependencies	2026-02-21T15:04:19.6390750Z Downloading pydantic-2.12.5-py3-none-any.whl (463 kB)
post_art	Install dependencies	2026-02-21T15:04:19.6638120Z Downloading pydantic_core-2.41.5-cp39-cp39-manylinux_2_17_x86_64.manylinux2014_x86_64.whl (2.1 MB)
post_art	Install dependencies	2026-02-21T15:04:19.6764683Z    ‚îÅ‚îÅ‚îÅ‚îÅ‚îÅ‚îÅ‚îÅ‚îÅ‚îÅ‚îÅ‚îÅ‚îÅ‚îÅ‚îÅ‚îÅ‚îÅ‚îÅ‚îÅ‚îÅ‚îÅ‚îÅ‚îÅ‚îÅ‚îÅ‚îÅ‚îÅ‚îÅ‚îÅ‚îÅ‚îÅ‚îÅ‚îÅ‚îÅ‚îÅ‚îÅ‚îÅ‚îÅ‚îÅ‚îÅ‚îÅ 2.1/2.1 MB 188.5 MB/s  0:00:00
post_art	Install dependencies	2026-02-21T15:04:19.6965602Z Downloading annotated_types-0.7.0-py3-none-any.whl (13 kB)
post_art	Install dependencies	2026-02-21T15:04:19.7203137Z Downloading typing_inspection-0.4.2-py3-none-any.whl (14 kB)
post_art	Install dependencies	2026-02-21T15:04:19.7433089Z Downloading tqdm-4.67.3-py3-none-any.whl (78 kB)
post_art	Install dependencies	2026-02-21T15:04:19.8090387Z Building wheels for collected packages: sgmllib3k
post_art	Install dependencies	2026-02-21T15:04:19.8100746Z   Building wheel for sgmllib3k (pyproject.toml): started
post_art	Install dependencies	2026-02-21T15:04:20.0208881Z   Building wheel for sgmllib3k (pyproject.toml): finished with status 'done'
post_art	Install dependencies	2026-02-21T15:04:20.0218274Z   Created wheel for sgmllib3k: filename=sgmllib3k-1.0.0-py3-none-any.whl size=6091 sha256=1f38a513eed8a70d56d30e93e3d412ef7ccc45b772ef3e194903ce9dfb224e12
post_art	Install dependencies	2026-02-21T15:04:20.0220276Z   Stored in directory: /home/runner/.cache/pip/wheels/65/7a/a7/78c287f64e401255dff4c13fdbc672fed5efbfd21c530114e1
post_art	Install dependencies	2026-02-21T15:04:20.0240713Z Successfully built sgmllib3k
post_art	Install dependencies	2026-02-21T15:04:20.1030675Z Installing collected packages: sgmllib3k, urllib3, uritemplate, typing-extensions, tqdm, pyparsing, pycparser, pyasn1, protobuf, Pillow, idna, feedparser, charset_normalizer, certifi, annotated-types, typing-inspection, requests, pydantic-core, pyasn1-modules, proto-plus, httplib2, grpcio, googleapis-common-protos, cffi, pyTelegramBotAPI, pydantic, grpcio-status, cryptography, google-auth, google-auth-httplib2, google-api-core, google-api-python-client, google-ai-generativelanguage, google-generativeai
post_art	Install dependencies	2026-02-21T15:04:23.4702508Z 
post_art	Install dependencies	2026-02-21T15:04:23.4764821Z Successfully installed Pillow-11.3.0 annotated-types-0.7.0 certifi-2026.1.4 cffi-2.0.0 charset_normalizer-3.4.4 cryptography-46.0.5 feedparser-6.0.12 google-ai-generativelanguage-0.6.15 google-api-core-2.30.0 google-api-python-client-2.190.0 google-auth-2.49.0.dev0 google-auth-httplib2-0.3.0 google-generativeai-0.8.6 googleapis-common-protos-1.72.0 grpcio-1.78.1 grpcio-status-1.71.2 httplib2-0.31.2 idna-3.11 proto-plus-1.27.1 protobuf-5.29.6 pyTelegramBotAPI-4.31.0 pyasn1-0.6.2 pyasn1-modules-0.4.2 pycparser-2.23 pydantic-2.12.5 pydantic-core-2.41.5 pyparsing-3.3.2 requests-2.32.5 sgmllib3k-1.0.0 tqdm-4.67.3 typing-extensions-4.15.0 typing-inspection-0.4.2 uritemplate-4.2.0 urllib3-2.6.3
post_art	List files	Ôªø2026-02-21T15:04:24.1801025Z ##[group]Run ls -la
post_art	List files	2026-02-21T15:04:24.1801337Z [36;1mls -la[0m
post_art	List files	2026-02-21T15:04:24.1835375Z shell: /usr/bin/bash -e {0}
post_art	List files	2026-02-21T15:04:24.1835647Z env:
post_art	List files	2026-02-21T15:04:24.1835929Z   pythonLocation: /opt/hostedtoolcache/Python/3.9.25/x64
post_art	List files	2026-02-21T15:04:24.1836393Z   PKG_CONFIG_PATH: /opt/hostedtoolcache/Python/3.9.25/x64/lib/pkgconfig
post_art	List files	2026-02-21T15:04:24.1836852Z   Python_ROOT_DIR: /opt/hostedtoolcache/Python/3.9.25/x64
post_art	List files	2026-02-21T15:04:24.1837249Z   Python2_ROOT_DIR: /opt/hostedtoolcache/Python/3.9.25/x64
post_art	List files	2026-02-21T15:04:24.1837632Z   Python3_ROOT_DIR: /opt/hostedtoolcache/Python/3.9.25/x64
post_art	List files	2026-02-21T15:04:24.1838057Z   LD_LIBRARY_PATH: /opt/hostedtoolcache/Python/3.9.25/x64/lib
post_art	List files	2026-02-21T15:04:24.1838387Z ##[endgroup]
post_art	List files	2026-02-21T15:04:24.1907927Z total 396
post_art	List files	2026-02-21T15:04:24.1908395Z drwxr-xr-x 4 runner runner  4096 Feb 21 15:04 .
post_art	List files	2026-02-21T15:04:24.1908989Z drwxr-xr-x 3 runner runner  4096 Feb 21 15:04 ..
post_art	List files	2026-02-21T15:04:24.1909577Z drwxr-xr-x 7 runner runner  4096 Feb 21 15:04 .git
post_art	List files	2026-02-21T15:04:24.1910215Z drwxr-xr-x 3 runner runner  4096 Feb 21 15:04 .github
post_art	List files	2026-02-21T15:04:24.1910880Z -rw-r--r-- 1 runner runner 38980 Feb 21 15:04 Roadmap_RUS.docx
post_art	List files	2026-02-21T15:04:24.1911779Z -rw-r--r-- 1 runner runner 47712 Feb 21 15:04 debug_log.txt
post_art	List files	2026-02-21T15:04:24.1912493Z -rw-r--r-- 1 runner runner 46797 Feb 21 15:04 error_log.txt
post_art	List files	2026-02-21T15:04:24.1912931Z -rw-r--r-- 1 runner runner 48234 Feb 21 15:04 final_debug.log
post_art	List files	2026-02-21T15:04:24.1913358Z -rw-r--r-- 1 runner runner 46797 Feb 21 15:04 full_error.log
post_art	List files	2026-02-21T15:04:24.1913759Z -rw-r--r-- 1 runner runner     0 Feb 21 15:04 full_log.txt
post_art	List files	2026-02-21T15:04:24.1914145Z -rw-r--r-- 1 runner runner  1636 Feb 21 15:04 gen_docx.py
post_art	List files	2026-02-21T15:04:24.1914532Z -rw-r--r-- 1 runner runner  2210 Feb 21 15:04 gen_pdf.py
post_art	List files	2026-02-21T15:04:24.1914899Z -rw-r--r-- 1 runner runner 35825 Feb 21 15:04 main.py
post_art	List files	2026-02-21T15:04:24.1915287Z -rw-r--r-- 1 runner runner    64 Feb 21 15:04 requirements.txt
post_art	List files	2026-02-21T15:04:24.1915685Z -rw-r--r-- 1 runner runner 47713 Feb 21 15:04 run_log.txt
post_art	List files	2026-02-21T15:04:24.1916094Z -rw-r--r-- 1 runner runner 51298 Feb 21 15:04 video_result.log
post_art	Run Art Bot	Ôªø2026-02-21T15:04:24.1969076Z ##[group]Run if [ "video" == "video" ]; then
post_art	Run Art Bot	2026-02-21T15:04:24.1969462Z [36;1mif [ "video" == "video" ]; then[0m
post_art	Run Art Bot	2026-02-21T15:04:24.1969850Z [36;1m  python3 -u main.py --video 2>&1 | tee bot_run.log[0m
post_art	Run Art Bot	2026-02-21T15:04:24.1970206Z [36;1melse[0m
post_art	Run Art Bot	2026-02-21T15:04:24.1970471Z [36;1m  python3 -u main.py 2>&1 | tee bot_run.log[0m
post_art	Run Art Bot	2026-02-21T15:04:24.1970769Z [36;1mfi[0m
post_art	Run Art Bot	2026-02-21T15:04:24.2002279Z shell: /usr/bin/bash -e {0}
post_art	Run Art Bot	2026-02-21T15:04:24.2002549Z env:
post_art	Run Art Bot	2026-02-21T15:04:24.2002835Z   pythonLocation: /opt/hostedtoolcache/Python/3.9.25/x64
post_art	Run Art Bot	2026-02-21T15:04:24.2003304Z   PKG_CONFIG_PATH: /opt/hostedtoolcache/Python/3.9.25/x64/lib/pkgconfig
post_art	Run Art Bot	2026-02-21T15:04:24.2003768Z   Python_ROOT_DIR: /opt/hostedtoolcache/Python/3.9.25/x64
post_art	Run Art Bot	2026-02-21T15:04:24.2004166Z   Python2_ROOT_DIR: /opt/hostedtoolcache/Python/3.9.25/x64
post_art	Run Art Bot	2026-02-21T15:04:24.2004550Z   Python3_ROOT_DIR: /opt/hostedtoolcache/Python/3.9.25/x64
post_art	Run Art Bot	2026-02-21T15:04:24.2005123Z   LD_LIBRARY_PATH: /opt/hostedtoolcache/Python/3.9.25/x64/lib
post_art	Run Art Bot	2026-02-21T15:04:24.2005828Z   BOT_TOKEN: ***
post_art	Run Art Bot	2026-02-21T15:04:24.2006078Z   CHANNEL_ID: ***
post_art	Run Art Bot	2026-02-21T15:04:24.2006364Z   GOOGLE_KEY: ***
post_art	Run Art Bot	2026-02-21T15:04:24.2006714Z   SILICONFLOW_KEY: ***
post_art	Run Art Bot	2026-02-21T15:04:24.2007007Z   RUNWARE_KEY: ***
post_art	Run Art Bot	2026-02-21T15:04:24.2007242Z   KIE_KEY: ***
post_art	Run Art Bot	2026-02-21T15:04:24.2007495Z   HF_KEY: ***
post_art	Run Art Bot	2026-02-21T15:04:24.2007736Z   CLOUDFLARE_ID: ***
post_art	Run Art Bot	2026-02-21T15:04:24.2008071Z   CLOUDFLARE_TOKEN: ***
post_art	Run Art Bot	2026-02-21T15:04:24.2008426Z   GROQ_KEY: ***
post_art	Run Art Bot	2026-02-21T15:04:24.2008833Z   OPENROUTER_KEY: ***
post_art	Run Art Bot	2026-02-21T15:04:24.2009191Z   LAOZHANG_KEY: ***
post_art	Run Art Bot	2026-02-21T15:04:24.2009418Z ##[endgroup]
post_art	Run Art Bot	2026-02-21T15:04:24.2323893Z üöÄ BOOTING FRIE-ND-LEE ART BOT...
post_art	Run Art Bot	2026-02-21T15:04:24.3446272Z üõ†Ô∏è DEBUG: sys.version: 3.9.25 (main, Nov  3 2025, 15:16:36) 
post_art	Run Art Bot	2026-02-21T15:04:24.3446995Z [GCC 13.3.0]
post_art	Run Art Bot	2026-02-21T15:04:24.3447541Z üõ†Ô∏è DEBUG: sys.argv: ['main.py', '--video']
post_art	Run Art Bot	2026-02-21T15:04:24.3448203Z üõ†Ô∏è DEBUG: TOKEN prefix: 85328...
post_art	Run Art Bot	2026-02-21T15:04:24.3449134Z üõ†Ô∏è DEBUG: CHANNEL_ID: '***' (Type: <class 'str'>)
post_art	Run Art Bot	2026-02-21T15:04:24.9158864Z ü§ñ –ë–æ—Ç –∞–≤—Ç–æ—Ä–∏–∑–æ–≤–∞–Ω: @Avatar2026_bot
post_art	Run Art Bot	2026-02-21T15:04:24.9452660Z --- FrieNDLee_FTP BOT (v2.0) üöÄ ---
post_art	Run Art Bot	2026-02-21T15:04:24.9453359Z üåç –ò—â—É –≤–¥–æ—Ö–Ω–æ–≤–µ–Ω–∏–µ –Ω–∞ Reddit...
post_art	Run Art Bot	2026-02-21T15:04:25.1083901Z üì∞ –ò—â—É —Å–≤–µ–∂–∏–µ –Ω–æ–≤–æ—Å—Ç–∏ –ø—Ä–æ –ò–ò...
post_art	Run Art Bot	2026-02-21T15:04:25.7261606Z üì∞ –¢–ï–ú–ê –ò–ó –ù–û–í–û–°–¢–ï–ô: News: India‚Äôs Sarvam launches Indus AI chat app as competition heats up
post_art	Run Art Bot	2026-02-21T15:04:25.7262750Z üìù –ì–µ–Ω–µ—Ä–∏—Ä—É—é —Ç–µ–∫—Å—Ç –ø–æ–¥ —Ç–µ–º—É...
post_art	Run Art Bot	2026-02-21T15:04:25.7263179Z üß† Groq API –ø–∏—à–µ—Ç —Ç–µ–∫—Å—Ç (Llama 3)...
post_art	Run Art Bot	2026-02-21T15:04:27.7430545Z üé¨ –†–ï–ñ–ò–ú –í–ò–î–ï–û –ê–ö–¢–ò–í–ò–†–û–í–ê–ù! –ú–æ–¥–µ–ª—å: Sora 2
post_art	Run Art Bot	2026-02-21T15:04:27.7431135Z üé¨ Kie.ai Video (sora-2-text-to-video) —Å–æ–∑–¥–∞–Ω–∏–µ –∑–∞–¥–∞—á–∏...
post_art	Run Art Bot	2026-02-21T15:04:28.0973204Z üì° API Create Status: 200
post_art	Run Art Bot	2026-02-21T15:04:28.0973715Z üì¶ API Message: No message
post_art	Run Art Bot	2026-02-21T15:04:28.0974287Z ‚è≥ –í–∏–¥–µ–æ –≤ –æ—á–µ—Ä–µ–¥–∏ (ID: e9ea9d70d4887cfdb1a17cc02d19f544). –û–∂–∏–¥–∞–Ω–∏–µ...
post_art	Run Art Bot	2026-02-21T15:04:48.2712482Z    [1] FULL RESPONSE: {"code": 200, "msg": "success", "data": {"taskId": "e9ea9d70d4887cfdb1a17cc02d19f544", "model": "sora-2-text-to-video", "state": "waiting", "param": "{\"input\":\"{\\\"remove_watermark\\\":true,\\\"aspect_ratio\\\":\\\"landscape\\\",\\\"n_frames\\\":\\\"10\\\",\\\"prompt\\\":\\\"Artistic interpretation of: News: India‚Äôs Sarvam launches Indus AI chat app as competition heats up, high realism, cinematic style, detailed, 4k\\\"}\",\"model\":\"sora-2-text-to-video\"}", "resultJson": "", "failCode": 
post_art	Run Art Bot	2026-02-21T15:04:48.2714925Z    [1] –°—Ç–∞—Ç—É—Å: 
post_art	Run Art Bot	2026-02-21T15:05:08.4376323Z    [2] –°—Ç–∞—Ç—É—Å: 
post_art	Run Art Bot	2026-02-21T15:05:28.6142648Z    [3] –°—Ç–∞—Ç—É—Å: 
post_art	Run Art Bot	2026-02-21T15:05:48.7861042Z    [4] –°—Ç–∞—Ç—É—Å: 
post_art	Run Art Bot	2026-02-21T15:06:08.9524375Z    [5] –°—Ç–∞—Ç—É—Å: 
post_art	Run Art Bot	2026-02-21T15:06:29.1266803Z    [6] FULL RESPONSE: {"code": 200, "msg": "success", "data": {"taskId": "e9ea9d70d4887cfdb1a17cc02d19f544", "model": "sora-2-text-to-video", "state": "waiting", "param": "{\"input\":\"{\\\"remove_watermark\\\":true,\\\"aspect_ratio\\\":\\\"landscape\\\",\\\"n_frames\\\":\\\"10\\\",\\\"prompt\\\":\\\"Artistic interpretation of: News: India‚Äôs Sarvam launches Indus AI chat app as competition heats up, high realism, cinematic style, detailed, 4k\\\"}\",\"model\":\"sora-2-text-to-video\"}", "resultJson": "", "failCode": 
post_art	Run Art Bot	2026-02-21T15:06:29.1269581Z    [6] –°—Ç–∞—Ç—É—Å: 
post_art	Run Art Bot	2026-02-21T15:06:49.2931378Z    [7] –°—Ç–∞—Ç—É—Å: 
post_art	Run Art Bot	2026-02-21T15:07:09.4477894Z    [8] –°—Ç–∞—Ç—É—Å: 
post_art	Run Art Bot	2026-02-21T15:07:29.6237072Z    [9] –°—Ç–∞—Ç—É—Å: 
post_art	Run Art Bot	2026-02-21T15:07:49.7947680Z    [10] –°—Ç–∞—Ç—É—Å: 
post_art	Run Art Bot	2026-02-21T15:08:09.9653658Z    [11] FULL RESPONSE: {"code": 200, "msg": "success", "data": {"taskId": "e9ea9d70d4887cfdb1a17cc02d19f544", "model": "sora-2-text-to-video", "state": "waiting", "param": "{\"input\":\"{\\\"remove_watermark\\\":true,\\\"aspect_ratio\\\":\\\"landscape\\\",\\\"n_frames\\\":\\\"10\\\",\\\"prompt\\\":\\\"Artistic interpretation of: News: India‚Äôs Sarvam launches Indus AI chat app as competition heats up, high realism, cinematic style, detailed, 4k\\\"}\",\"model\":\"sora-2-text-to-video\"}", "resultJson": "", "failCode": 
post_art	Run Art Bot	2026-02-21T15:08:09.9656278Z    [11] –°—Ç–∞—Ç—É—Å: 
post_art	Run Art Bot	2026-02-21T15:08:30.2964033Z    [12] –°—Ç–∞—Ç—É—Å: 
post_art	Run Art Bot	2026-02-21T15:08:50.4429794Z    [13] –°—Ç–∞—Ç—É—Å: 
post_art	Run Art Bot	2026-02-21T15:09:10.5907796Z    [14] –°—Ç–∞—Ç—É—Å: 
post_art	Run Art Bot	2026-02-21T15:09:30.9373835Z    [15] –°—Ç–∞—Ç—É—Å: 
post_art	Run Art Bot	2026-02-21T15:09:51.1036890Z    [16] FULL RESPONSE: {"code": 200, "msg": "success", "data": {"taskId": "e9ea9d70d4887cfdb1a17cc02d19f544", "model": "sora-2-text-to-video", "state": "success", "param": "{\"input\":\"{\\\"remove_watermark\\\":true,\\\"aspect_ratio\\\":\\\"landscape\\\",\\\"n_frames\\\":\\\"10\\\",\\\"prompt\\\":\\\"Artistic interpretation of: News: India‚Äôs Sarvam launches Indus AI chat app as competition heats up, high realism, cinematic style, detailed, 4k\\\"}\",\"model\":\"sora-2-text-to-video\"}", "resultJson": "{\"resultUrls\"
post_art	Run Art Bot	2026-02-21T15:09:51.1039332Z    [16] –°—Ç–∞—Ç—É—Å: 
post_art	Run Art Bot	2026-02-21T15:10:11.4363042Z    [17] –°—Ç–∞—Ç—É—Å: 
post_art	Run Art Bot	2026-02-21T15:10:31.6050877Z    [18] –°—Ç–∞—Ç—É—Å: 
post_art	Run Art Bot	2026-02-21T15:10:51.7729856Z    [19] –°—Ç–∞—Ç—É—Å: 
post_art	Run Art Bot	2026-02-21T15:11:11.9417362Z    [20] –°—Ç–∞—Ç—É—Å: 
post_art	Run Art Bot	2026-02-21T15:11:32.1131104Z    [21] FULL RESPONSE: {"code": 200, "msg": "success", "data": {"taskId": "e9ea9d70d4887cfdb1a17cc02d19f544", "model": "sora-2-text-to-video", "state": "success", "param": "{\"input\":\"{\\\"remove_watermark\\\":true,\\\"aspect_ratio\\\":\\\"landscape\\\",\\\"n_frames\\\":\\\"10\\\",\\\"prompt\\\":\\\"Artistic interpretation of: News: India‚Äôs Sarvam launches Indus AI chat app as competition heats up, high realism, cinematic style, detailed, 4k\\\"}\",\"model\":\"sora-2-text-to-video\"}", "resultJson": "{\"resultUrls\"
post_art	Run Art Bot	2026-02-21T15:11:32.1136100Z    [21] –°—Ç–∞—Ç—É—Å: 
post_art	Run Art Bot	2026-02-21T15:11:52.2599300Z    [22] –°—Ç–∞—Ç—É—Å: 
post_art	Run Art Bot	2026-02-21T15:12:12.4318168Z    [23] –°—Ç–∞—Ç—É—Å: 
post_art	Run Art Bot	2026-02-21T15:12:32.7620894Z    [24] –°—Ç–∞—Ç—É—Å: 
post_art	Run Art Bot	2026-02-21T15:12:52.9239690Z    [25] –°—Ç–∞—Ç—É—Å: 
post_art	Run Art Bot	2026-02-21T15:13:13.1065823Z    [26] FULL RESPONSE: {"code": 200, "msg": "success", "data": {"taskId": "e9ea9d70d4887cfdb1a17cc02d19f544", "model": "sora-2-text-to-video", "state": "success", "param": "{\"input\":\"{\\\"remove_watermark\\\":true,\\\"aspect_ratio\\\":\\\"landscape\\\",\\\"n_frames\\\":\\\"10\\\",\\\"prompt\\\":\\\"Artistic interpretation of: News: India‚Äôs Sarvam launches Indus AI chat app as competition heats up, high realism, cinematic style, detailed, 4k\\\"}\",\"model\":\"sora-2-text-to-video\"}", "resultJson": "{\"resultUrls\"
post_art	Run Art Bot	2026-02-21T15:13:13.1068137Z    [26] –°—Ç–∞—Ç—É—Å: 
post_art	Run Art Bot	2026-02-21T15:13:33.4340308Z    [27] –°—Ç–∞—Ç—É—Å: 
post_art	Run Art Bot	2026-02-21T15:13:53.6014509Z    [28] –°—Ç–∞—Ç—É—Å: 
post_art	Run Art Bot	2026-02-21T15:14:13.7716266Z    [29] –°—Ç–∞—Ç—É—Å: 
post_art	Run Art Bot	2026-02-21T15:14:34.1243296Z    [30] –°—Ç–∞—Ç—É—Å: 
post_art	Run Art Bot	2026-02-21T15:14:54.2894004Z    [31] FULL RESPONSE: {"code": 200, "msg": "success", "data": {"taskId": "e9ea9d70d4887cfdb1a17cc02d19f544", "model": "sora-2-text-to-video", "state": "success", "param": "{\"input\":\"{\\\"remove_watermark\\\":true,\\\"aspect_ratio\\\":\\\"landscape\\\",\\\"n_frames\\\":\\\"10\\\",\\\"prompt\\\":\\\"Artistic interpretation of: News: India‚Äôs Sarvam launches Indus AI chat app as competition heats up, high realism, cinematic style, detailed, 4k\\\"}\",\"model\":\"sora-2-text-to-video\"}", "resultJson": "{\"resultUrls\"
post_art	Run Art Bot	2026-02-21T15:14:54.2895927Z    [31] –°—Ç–∞—Ç—É—Å: 
post_art	Run Art Bot	2026-02-21T15:15:14.4460983Z    [32] –°—Ç–∞—Ç—É—Å: 
post_art	Run Art Bot	2026-02-21T15:15:34.6074487Z    [33] –°—Ç–∞—Ç—É—Å: 
post_art	Run Art Bot	2026-02-21T15:15:54.7733857Z    [34] –°—Ç–∞—Ç—É—Å: 
post_art	Run Art Bot	2026-02-21T15:16:15.1067464Z    [35] –°—Ç–∞—Ç—É—Å: 
post_art	Run Art Bot	2026-02-21T15:16:35.2735954Z    [36] FULL RESPONSE: {"code": 200, "msg": "success", "data": {"taskId": "e9ea9d70d4887cfdb1a17cc02d19f544", "model": "sora-2-text-to-video", "state": "success", "param": "{\"input\":\"{\\\"remove_watermark\\\":true,\\\"aspect_ratio\\\":\\\"landscape\\\",\\\"n_frames\\\":\\\"10\\\",\\\"prompt\\\":\\\"Artistic interpretation of: News: India‚Äôs Sarvam launches Indus AI chat app as competition heats up, high realism, cinematic style, detailed, 4k\\\"}\",\"model\":\"sora-2-text-to-video\"}", "resultJson": "{\"resultUrls\"
post_art	Run Art Bot	2026-02-21T15:16:35.2737808Z    [36] –°—Ç–∞—Ç—É—Å: 
post_art	Run Art Bot	2026-02-21T15:16:55.4411220Z    [37] –°—Ç–∞—Ç—É—Å: 
post_art	Run Art Bot	2026-02-21T15:17:15.6116851Z    [38] –°—Ç–∞—Ç—É—Å: 
post_art	Run Art Bot	2026-02-21T15:17:35.7726943Z    [39] –°—Ç–∞—Ç—É—Å: 
post_art	Run Art Bot	2026-02-21T15:17:55.9405526Z    [40] –°—Ç–∞—Ç—É—Å: 
post_art	Run Art Bot	2026-02-21T15:18:16.2745420Z    [41] FULL RESPONSE: {"code": 200, "msg": "success", "data": {"taskId": "e9ea9d70d4887cfdb1a17cc02d19f544", "model": "sora-2-text-to-video", "state": "success", "param": "{\"input\":\"{\\\"remove_watermark\\\":true,\\\"aspect_ratio\\\":\\\"landscape\\\",\\\"n_frames\\\":\\\"10\\\",\\\"prompt\\\":\\\"Artistic interpretation of: News: India‚Äôs Sarvam launches Indus AI chat app as competition heats up, high realism, cinematic style, detailed, 4k\\\"}\",\"model\":\"sora-2-text-to-video\"}", "resultJson": "{\"resultUrls\"
post_art	Run Art Bot	2026-02-21T15:18:16.2747716Z    [41] –°—Ç–∞—Ç—É—Å: 
post_art	Run Art Bot	2026-02-21T15:18:36.5998117Z    [42] –°—Ç–∞—Ç—É—Å: 
post_art	Run Art Bot	2026-02-21T15:18:56.7683666Z    [43] –°—Ç–∞—Ç—É—Å: 
post_art	Run Art Bot	2026-02-21T15:19:16.9375037Z    [44] –°—Ç–∞—Ç—É—Å: 
post_art	Run Art Bot	2026-02-21T15:19:37.2886363Z    [45] –°—Ç–∞—Ç—É—Å: 
post_art	Run Art Bot	2026-02-21T15:19:57.4614867Z    [46] FULL RESPONSE: {"code": 200, "msg": "success", "data": {"taskId": "e9ea9d70d4887cfdb1a17cc02d19f544", "model": "sora-2-text-to-video", "state": "success", "param": "{\"input\":\"{\\\"remove_watermark\\\":true,\\\"aspect_ratio\\\":\\\"landscape\\\",\\\"n_frames\\\":\\\"10\\\",\\\"prompt\\\":\\\"Artistic interpretation of: News: India‚Äôs Sarvam launches Indus AI chat app as competition heats up, high realism, cinematic style, detailed, 4k\\\"}\",\"model\":\"sora-2-text-to-video\"}", "resultJson": "{\"resultUrls\"
post_art	Run Art Bot	2026-02-21T15:19:57.4616776Z    [46] –°—Ç–∞—Ç—É—Å: 
post_art	Run Art Bot	2026-02-21T15:20:17.6279974Z    [47] –°—Ç–∞—Ç—É—Å: 
post_art	Run Art Bot	2026-02-21T15:20:37.7947355Z    [48] –°—Ç–∞—Ç—É—Å: 
post_art	Run Art Bot	2026-02-21T15:20:57.9692791Z    [49] –°—Ç–∞—Ç—É—Å: 
post_art	Run Art Bot	2026-02-21T15:21:18.1171130Z    [50] –°—Ç–∞—Ç—É—Å: 
post_art	Run Art Bot	2026-02-21T15:21:18.1171806Z üõë –ü—Ä–µ–≤—ã—à–µ–Ω–æ –≤—Ä–µ–º—è –æ–∂–∏–¥–∞–Ω–∏—è.
post_art	Run Art Bot	2026-02-21T15:21:18.1188415Z Traceback (most recent call last):
post_art	Run Art Bot	2026-02-21T15:21:18.1198371Z   File "/home/runner/work/friendlee-ai-art-bot/friendlee-ai-art-bot/main.py", line 706, in <module>
post_art	Run Art Bot	2026-02-21T15:21:18.1199110Z     run_final()
post_art	Run Art Bot	2026-02-21T15:21:18.1199755Z   File "/home/runner/work/friendlee-ai-art-bot/friendlee-ai-art-bot/main.py", line 521, in run_final
post_art	Run Art Bot	2026-02-21T15:21:18.1200851Z     raise Exception("üé¨ CRITICAL: Video generation failed and fallback is disabled.")
post_art	Run Art Bot	2026-02-21T15:21:18.1201665Z Exception: üé¨ CRITICAL: Video generation failed and fallback is disabled.
post_art	Post Set up Python	Ôªø2026-02-21T15:21:18.1473370Z Post job cleanup.
post_art	Post Checkout code	Ôªø2026-02-21T15:21:18.3132770Z Post job cleanup.
post_art	Post Checkout code	2026-02-21T15:21:18.3865149Z [command]/usr/bin/git version
post_art	Post Checkout code	2026-02-21T15:21:18.3914001Z git version 2.52.0
post_art	Post Checkout code	2026-02-21T15:21:18.3972458Z Temporarily overriding HOME='/home/runner/work/_temp/4d125164-7d38-4982-ba2b-04bd5067b556' before making global git config changes
post_art	Post Checkout code	2026-02-21T15:21:18.3973616Z Adding repository directory to the temporary git global config as a safe directory
post_art	Post Checkout code	2026-02-21T15:21:18.3978272Z [command]/usr/bin/git config --global --add safe.directory /home/runner/work/friendlee-ai-art-bot/friendlee-ai-art-bot
post_art	Post Checkout code	2026-02-21T15:21:18.4015006Z [command]/usr/bin/git config --local --name-only --get-regexp core\.sshCommand
post_art	Post Checkout code	2026-02-21T15:21:18.4047496Z [command]/usr/bin/git submodule foreach --recursive sh -c "git config --local --name-only --get-regexp 'core\.sshCommand' && git config --local --unset-all 'core.sshCommand' || :"
post_art	Post Checkout code	2026-02-21T15:21:18.4296827Z [command]/usr/bin/git config --local --name-only --get-regexp http\.https\:\/\/github\.com\/\.extraheader
post_art	Post Checkout code	2026-02-21T15:21:18.4320279Z http.https://github.com/.extraheader
post_art	Post Checkout code	2026-02-21T15:21:18.4332882Z [command]/usr/bin/git config --local --unset-all http.https://github.com/.extraheader
post_art	Post Checkout code	2026-02-21T15:21:18.4363261Z [command]/usr/bin/git submodule foreach --recursive sh -c "git config --local --name-only --get-regexp 'http\.https\:\/\/github\.com\/\.extraheader' && git config --local --unset-all 'http.https://github.com/.extraheader' || :"
post_art	Complete job	Ôªø2026-02-21T15:21:18.4735404Z Cleaning up orphan processes
